#
# There is insufficient memory for the Java Runtime Environment to continue.
# Native memory allocation (malloc) failed to allocate 1614256 bytes. Error detail: Chunk::new
# Possible reasons:
#   The system is out of physical RAM or swap space
#   This process is running with CompressedOops enabled, and the Java Heap may be blocking the growth of the native heap
# Possible solutions:
#   Reduce memory load on the system
#   Increase physical memory or swap space
#   Check if swap backing store is full
#   Decrease Java heap size (-Xmx/-Xms)
#   Decrease number of Java threads
#   Decrease Java thread stack sizes (-Xss)
#   Set larger code cache with -XX:ReservedCodeCacheSize=
#   JVM is running with Unscaled Compressed Oops mode in which the Java heap is
#     placed in the first 4GB address space. The Java Heap base address is the
#     maximum limit for the native heap growth. Please use -XX:HeapBaseMinAddress
#     to set the Java Heap base and to place the Java Heap above 4GB virtual address.
# This output file may be truncated or incomplete.
#
#  Out of Memory Error (arena.cpp:168), pid=53312, tid=49652
#
# JRE version: OpenJDK Runtime Environment Temurin-21.0.12.1+1 (21.0.12.1+1) (build 21.0.12.1+1-LTS)
# Java VM: OpenJDK 64-Bit Server VM Temurin-21.0.12.1+1 (21.0.12.1+1-LTS, mixed mode, sharing, tiered, compressed oops, compressed class ptrs, g1 gc, windows-amd64)
# No core dump will be written. Minidumps are not enabled by default on client versions of Windows
#

---------------  S U M M A R Y ------------

Command Line: --add-opens=java.base/java.lang=ALL-UNNAMED --add-opens=java.base/java.lang.invoke=ALL-UNNAMED --add-opens=java.base/java.util=ALL-UNNAMED --add-opens=java.prefs/java.util.prefs=ALL-UNNAMED --add-exports=jdk.compiler/com.sun.tools.javac.api=ALL-UNNAMED --add-exports=jdk.compiler/com.sun.tools.javac.util=ALL-UNNAMED --add-opens=java.base/java.nio.charset=ALL-UNNAMED --add-opens=java.base/java.net=ALL-UNNAMED --add-opens=java.base/java.util.concurrent=ALL-UNNAMED --add-opens=java.base/java.util.concurrent.atomic=ALL-UNNAMED --add-opens=java.xml/javax.xml.namespace=ALL-UNNAMED --add-opens=java.base/java.time=ALL-UNNAMED -XX:MaxMetaspaceSize=384m -XX:+HeapDumpOnOutOfMemoryError -Xms256m -Xmx512m -Dfile.encoding=UTF-8 -Duser.country=US -Duser.language=en -Duser.variant -javaagent:C:\Users\User\.gradle\wrapper\dists\gradle-9.7.1-bin\1w1c7tv4s851m17nbqdsro2tv\gradle-9.7.1\lib\agents\gradle-instrumentation-agent-9.7.1.jar org.gradle.launcher.daemon.bootstrap.GradleDaemon 9.7.1

Host: 11th Gen Intel(R) Core(TM) i5-1135G7 @ 2.40GHz, 8 cores, 7G,  Windows 11 , 64 bit Build 26100 (10.0.26100.9549)
Time: Sat Oct  3 09:03:59 2026 Bangladesh Standard Time elapsed time: 50.840401 seconds (0d 0h 0m 50s)

---------------  T H R E A D  ---------------

Current thread (0x000001c464007de0):  JavaThread "C2 CompilerThread0" daemon [_thread_in_native, id=49652, stack(0x000000701c700000,0x000000701c800000) (1024K)]


Current CompileTask:
C2:50840 5078   !   4       sun.reflect.annotation.AnnotationParser::parseAnnotations (37 bytes)

Stack: [0x000000701c700000,0x000000701c800000]
Native frames: (J=compiled Java code, j=interpreted, Vv=VM code, C=native code)
V  [jvm.dll+0x6d83e9]
V  [jvm.dll+0x8b5736]
V  [jvm.dll+0x8b7cee]
V  [jvm.dll+0x8b83d3]
V  [jvm.dll+0x284596]
V  [jvm.dll+0xc685d]
V  [jvm.dll+0xc6da1]
V  [jvm.dll+0x3bf151]
V  [jvm.dll+0x1e4149]
V  [jvm.dll+0x24c853]
V  [jvm.dll+0x24bce0]
V  [jvm.dll+0x1cb4ae]
V  [jvm.dll+0x25baad]
V  [jvm.dll+0x25a03a]
V  [jvm.dll+0x3f8aae]
V  [jvm.dll+0x8600cd]
V  [jvm.dll+0x6d6c1d]
C  [ucrtbase.dll+0x2cd30]
C  [KERNEL32.DLL+0x2cdf7]
C  [ntdll.dll+0x7ee4c]


---------------  P R O C E S S  ---------------

Threads class SMR info:
_java_thread_list=0x000001c4651ce110, length=36, elements={
0x000001c4352a0940, 0x000001c44ac42c50, 0x000001c44ac44b70, 0x000001c44ac4a7a0,
0x000001c44ac4d9b0, 0x000001c44ac4e670, 0x000001c464003270, 0x000001c464007de0,
0x000001c46400af60, 0x000001c464246610, 0x000001c4642bb400, 0x000001c464e0f090,
0x000001c466167640, 0x000001c4651e6b30, 0x000001c466197bc0, 0x000001c464c982a0,
0x000001c4661c6f90, 0x000001c4661ca410, 0x000001c4661c9d80, 0x000001c4661c7620,
0x000001c4661c7cb0, 0x000001c4661c89d0, 0x000001c4661c9060, 0x000001c4661c96f0,
0x000001c467c196d0, 0x000001c467c16f70, 0x000001c467c17c90, 0x000001c467c17600,
0x000001c467c1a3f0, 0x000001c467c189b0, 0x000001c46672fe60, 0x000001c46672f7d0,
0x000001c46672d070, 0x000001c4667304f0, 0x000001c466730b80, 0x000001c46672d700
}

Java Threads: ( => current thread )
  0x000001c4352a0940 JavaThread "main"                              [_thread_blocked, id=51048, stack(0x000000701b900000,0x000000701ba00000) (1024K)]
  0x000001c44ac42c50 JavaThread "Reference Handler"          daemon [_thread_blocked, id=13652, stack(0x000000701c100000,0x000000701c200000) (1024K)]
  0x000001c44ac44b70 JavaThread "Finalizer"                  daemon [_thread_blocked, id=54152, stack(0x000000701c200000,0x000000701c300000) (1024K)]
  0x000001c44ac4a7a0 JavaThread "Signal Dispatcher"          daemon [_thread_blocked, id=49176, stack(0x000000701c300000,0x000000701c400000) (1024K)]
  0x000001c44ac4d9b0 JavaThread "Attach Listener"            daemon [_thread_blocked, id=48772, stack(0x000000701c400000,0x000000701c500000) (1024K)]
  0x000001c44ac4e670 JavaThread "Service Thread"             daemon [_thread_blocked, id=53528, stack(0x000000701c500000,0x000000701c600000) (1024K)]
  0x000001c464003270 JavaThread "Monitor Deflation Thread"   daemon [_thread_blocked, id=52128, stack(0x000000701c600000,0x000000701c700000) (1024K)]
=>0x000001c464007de0 JavaThread "C2 CompilerThread0"         daemon [_thread_in_native, id=49652, stack(0x000000701c700000,0x000000701c800000) (1024K)]
  0x000001c46400af60 JavaThread "C1 CompilerThread0"         daemon [_thread_blocked, id=40596, stack(0x000000701c800000,0x000000701c900000) (1024K)]
  0x000001c464246610 JavaThread "Common-Cleaner"             daemon [_thread_blocked, id=48428, stack(0x000000701c900000,0x000000701ca00000) (1024K)]
  0x000001c4642bb400 JavaThread "Notification Thread"        daemon [_thread_blocked, id=51276, stack(0x000000701ca00000,0x000000701cb00000) (1024K)]
  0x000001c464e0f090 JavaThread "Daemon health stats"               [_thread_blocked, id=51692, stack(0x000000701d000000,0x000000701d100000) (1024K)]
  0x000001c466167640 JavaThread "Incoming local TCP Connector on port 53313"        [_thread_in_native, id=48692, stack(0x000000701d100000,0x000000701d200000) (1024K)]
  0x000001c4651e6b30 JavaThread "Daemon periodic checks"            [_thread_blocked, id=53032, stack(0x000000701d200000,0x000000701d300000) (1024K)]
  0x000001c466197bc0 JavaThread "Daemon"                            [_thread_blocked, id=53884, stack(0x000000701d300000,0x000000701d400000) (1024K)]
  0x000001c464c982a0 JavaThread "Daemon worker"                     [_thread_in_Java, id=53216, stack(0x000000701d600000,0x000000701d700000) (1024K)]
  0x000001c4661c6f90 JavaThread "Handler for socket connection from /127.0.0.1:53313 to /127.0.0.1:53315"        [_thread_in_native, id=48168, stack(0x000000701d400000,0x000000701d500000) (1024K)]
  0x000001c4661ca410 JavaThread "Cancel handler"                    [_thread_blocked, id=51504, stack(0x000000701d500000,0x000000701d600000) (1024K)]
  0x000001c4661c9d80 JavaThread "Asynchronous log dispatcher for DefaultDaemonConnection: socket connection from /127.0.0.1:53313 to /127.0.0.1:53315"        [_thread_blocked, id=51524, stack(0x000000701d700000,0x000000701d800000) (1024K)]
  0x000001c4661c7620 JavaThread "Stdin handler"                     [_thread_blocked, id=51040, stack(0x000000701d800000,0x000000701d900000) (1024K)]
  0x000001c4661c7cb0 JavaThread "Daemon client event forwarder"        [_thread_blocked, id=53056, stack(0x000000701d900000,0x000000701da00000) (1024K)]
  0x000001c4661c89d0 JavaThread "Cache worker for journal cache (C:\Users\User\.gradle\caches\journal-1)"        [_thread_blocked, id=48048, stack(0x000000701da00000,0x000000701db00000) (1024K)]
  0x000001c4661c9060 JavaThread "File lock request listener"        [_thread_in_native, id=54196, stack(0x000000701db00000,0x000000701dc00000) (1024K)]
  0x000001c4661c96f0 JavaThread "Cache worker for file hash cache (C:\Users\User\.gradle\caches\9.7.1\fileHashes)"        [_thread_blocked, id=52752, stack(0x000000701dc00000,0x000000701dd00000) (1024K)]
  0x000001c467c196d0 JavaThread "File lock release action executor"        [_thread_blocked, id=50804, stack(0x000000701e000000,0x000000701e100000) (1024K)]
  0x000001c467c16f70 JavaThread "Cache worker for file hash cache (E:\AOOP\TryOnBD\backend\.gradle\9.7.1\fileHashes)"        [_thread_blocked, id=50880, stack(0x000000701e100000,0x000000701e200000) (1024K)]
  0x000001c467c17c90 JavaThread "Cache worker for Build Output Cleanup Cache (E:\AOOP\TryOnBD\backend\.gradle\buildOutputCleanup)"        [_thread_blocked, id=46852, stack(0x000000701e200000,0x000000701e300000) (1024K)]
  0x000001c467c17600 JavaThread "File watcher server"        daemon [_thread_in_native, id=51860, stack(0x000000701e300000,0x000000701e400000) (1024K)]
  0x000001c467c1a3f0 JavaThread "File watcher consumer"      daemon [_thread_blocked, id=52916, stack(0x000000701e400000,0x000000701e500000) (1024K)]
  0x000001c467c189b0 JavaThread "Cache worker for file content cache (C:\Users\User\.gradle\caches\9.7.1\fileContent)"        [_thread_blocked, id=52124, stack(0x000000701e500000,0x000000701e600000) (1024K)]
  0x000001c46672fe60 JavaThread "Cache worker for checksums cache (E:\AOOP\TryOnBD\backend\.gradle\9.7.1\checksums)"        [_thread_blocked, id=52008, stack(0x000000701e600000,0x000000701e700000) (1024K)]
  0x000001c46672f7d0 JavaThread "Cache worker for cache directory md-supplier (C:\Users\User\.gradle\caches\9.7.1\md-supplier)"        [_thread_blocked, id=37124, stack(0x000000701e700000,0x000000701e800000) (1024K)]
  0x000001c46672d070 JavaThread "Cache worker for cache directory md-rule (C:\Users\User\.gradle\caches\9.7.1\md-rule)"        [_thread_blocked, id=50060, stack(0x000000701e800000,0x000000701e900000) (1024K)]
  0x000001c4667304f0 JavaThread "jar transforms"                    [_thread_blocked, id=52436, stack(0x000000701e900000,0x000000701ea00000) (1024K)]
  0x000001c466730b80 JavaThread "jar transforms Thread 2"           [_thread_blocked, id=53996, stack(0x000000701ea00000,0x000000701eb00000) (1024K)]
  0x000001c46672d700 JavaThread "jar transforms Thread 3"           [_thread_blocked, id=51088, stack(0x000000701eb00000,0x000000701ec00000) (1024K)]
Total: 36

Other Threads:
  0x000001c44ac24b40 VMThread "VM Thread"                           [id=53604, stack(0x000000701c000000,0x000000701c100000) (1024K)]
  0x000001c44ac15500 WatcherThread "VM Periodic Task Thread"        [id=49916, stack(0x000000701bf00000,0x000000701c000000) (1024K)]
  0x000001c4352cab00 WorkerThread "GC Thread#0"                     [id=50968, stack(0x000000701ba00000,0x000000701bb00000) (1024K)]
  0x000001c464c40a00 WorkerThread "GC Thread#1"                     [id=51572, stack(0x000000701cb00000,0x000000701cc00000) (1024K)]
  0x000001c464ed2010 WorkerThread "GC Thread#2"                     [id=53540, stack(0x000000701cc00000,0x000000701cd00000) (1024K)]
  0x000001c464ed23c0 WorkerThread "GC Thread#3"                     [id=51760, stack(0x000000701cd00000,0x000000701ce00000) (1024K)]
  0x000001c464ed2770 WorkerThread "GC Thread#4"                     [id=50324, stack(0x000000701ce00000,0x000000701cf00000) (1024K)]
  0x000001c464d5f430 WorkerThread "GC Thread#5"                     [id=52804, stack(0x000000701cf00000,0x000000701d000000) (1024K)]
  0x000001c466022210 WorkerThread "GC Thread#6"                     [id=53792, stack(0x000000701dd00000,0x000000701de00000) (1024K)]
  0x000001c466021e60 WorkerThread "GC Thread#7"                     [id=53012, stack(0x000000701de00000,0x000000701df00000) (1024K)]
  0x000001c4352d0210 ConcurrentGCThread "G1 Main Marker"            [id=53700, stack(0x000000701bb00000,0x000000701bc00000) (1024K)]
  0x000001c4352d0c30 WorkerThread "G1 Conc#0"                       [id=53624, stack(0x000000701bc00000,0x000000701bd00000) (1024K)]
  0x000001c466022970 WorkerThread "G1 Conc#1"                       [id=53760, stack(0x000000701df00000,0x000000701e000000) (1024K)]
  0x000001c44aae8600 ConcurrentGCThread "G1 Refine#0"               [id=48636, stack(0x000000701bd00000,0x000000701be00000) (1024K)]
  0x000001c44aae9f10 ConcurrentGCThread "G1 Service"                [id=37568, stack(0x000000701be00000,0x000000701bf00000) (1024K)]
Total: 15

Threads with active compile tasks:
C2 CompilerThread0  51121 5078   !   4       sun.reflect.annotation.AnnotationParser::parseAnnotations (37 bytes)
Total: 1

VM state: not at safepoint (normal execution)

VM Mutex/Monitor currently owned by a thread: None

Heap address: 0x00000000e0000000, size: 512 MB, Compressed Oops mode: 32-bit

CDS archive(s) mapped at: [0x000001c44b000000-0x000001c44bba0000-0x000001c44bba0000), size 12189696, SharedBaseAddress: 0x000001c44b000000, ArchiveRelocationMode: 1.
Compressed class space mapped at: 0x000001c44c000000-0x000001c460000000, reserved size: 335544320
Narrow klass base: 0x000001c44b000000, Narrow klass shift: 0, Narrow klass range: 0x100000000

GC Precious Log:
 CardTable entry size: 512
 Card Set container configuration: InlinePtr #cards 5 size 8 Array Of Cards #cards 12 size 40 Howl #buckets 4 coarsen threshold 1843 Howl Bitmap #cards 512 size 80 coarsen threshold 460 Card regions per heap region 1 cards per card region 2048
 CPUs: 8 total, 8 available
 Memory: 7932M
 Large Page Support: Disabled
 NUMA Support: Disabled
 Compressed Oops: Enabled (32-bit)
 Heap Region Size: 1M
 Heap Min Capacity: 256M
 Heap Initial Capacity: 256M
 Heap Max Capacity: 512M
 Pre-touch: Disabled
 Parallel Workers: 8
 Concurrent Workers: 2
 Concurrent Refinement Workers: 8
 Periodic GC: Disabled

Heap:
 garbage-first heap   total 262144K, used 139714K [0x00000000e0000000, 0x0000000100000000)
  region size 1024K, 115 young (117760K), 7 survivors (7168K)
 Metaspace       used 48087K, committed 50112K, reserved 393216K
  class space    used 7149K, committed 8128K, reserved 327680K

Heap Regions: E=young(eden), S=young(survivor), O=old, HS=humongous(starts), HC=humongous(continues), CS=collection set, F=free, TAMS=top-at-mark-start, PB=parsable bottom
|   0|0x00000000e0000000, 0x00000000e0100000, 0x00000000e0100000|100%|HS|  |TAMS 0x00000000e0000000| PB 0x00000000e0000000| Complete 
|   1|0x00000000e0100000, 0x00000000e0200000, 0x00000000e0200000|100%|HC|  |TAMS 0x00000000e0100000| PB 0x00000000e0100000| Complete 
|   2|0x00000000e0200000, 0x00000000e0300000, 0x00000000e0300000|100%|HC|  |TAMS 0x00000000e0200000| PB 0x00000000e0200000| Complete 
|   3|0x00000000e0300000, 0x00000000e0400000, 0x00000000e0400000|100%|HC|  |TAMS 0x00000000e0300000| PB 0x00000000e0300000| Complete 
|   4|0x00000000e0400000, 0x00000000e0500000, 0x00000000e0500000|100%| O|  |TAMS 0x00000000e0400000| PB 0x00000000e0400000| Untracked 
|   5|0x00000000e0500000, 0x00000000e0600000, 0x00000000e0600000|100%| O|  |TAMS 0x00000000e0500000| PB 0x00000000e0500000| Untracked 
|   6|0x00000000e0600000, 0x00000000e0700000, 0x00000000e0700000|100%| O|  |TAMS 0x00000000e0600000| PB 0x00000000e0600000| Untracked 
|   7|0x00000000e0700000, 0x00000000e0800000, 0x00000000e0800000|100%| O|  |TAMS 0x00000000e0700000| PB 0x00000000e0700000| Untracked 
|   8|0x00000000e0800000, 0x00000000e0900000, 0x00000000e0900000|100%| O|  |TAMS 0x00000000e0800000| PB 0x00000000e0800000| Untracked 
|   9|0x00000000e0900000, 0x00000000e0a00000, 0x00000000e0a00000|100%| O|  |TAMS 0x00000000e0900000| PB 0x00000000e0900000| Untracked 
|  10|0x00000000e0a00000, 0x00000000e0b00000, 0x00000000e0b00000|100%| O|  |TAMS 0x00000000e0a00000| PB 0x00000000e0a00000| Untracked 
|  11|0x00000000e0b00000, 0x00000000e0c00000, 0x00000000e0c00000|100%|HS|  |TAMS 0x00000000e0b00000| PB 0x00000000e0b00000| Complete 
|  12|0x00000000e0c00000, 0x00000000e0d00000, 0x00000000e0d00000|100%| O|  |TAMS 0x00000000e0c00000| PB 0x00000000e0c00000| Untracked 
|  13|0x00000000e0d00000, 0x00000000e0e00000, 0x00000000e0e00000|100%| O|  |TAMS 0x00000000e0d00000| PB 0x00000000e0d00000| Untracked 
|  14|0x00000000e0e00000, 0x00000000e0f00000, 0x00000000e0f00000|100%| O|  |TAMS 0x00000000e0e00000| PB 0x00000000e0e00000| Untracked 
|  15|0x00000000e0f00000, 0x00000000e1000000, 0x00000000e1000000|100%| O|  |TAMS 0x00000000e0f00000| PB 0x00000000e0f00000| Untracked 
|  16|0x00000000e1000000, 0x00000000e1100000, 0x00000000e1100000|100%| O|  |TAMS 0x00000000e1000000| PB 0x00000000e1000000| Untracked 
|  17|0x00000000e1100000, 0x00000000e1200000, 0x00000000e1200000|100%| O|  |TAMS 0x00000000e1100000| PB 0x00000000e1100000| Untracked 
|  18|0x00000000e1200000, 0x00000000e1300000, 0x00000000e1300000|100%| O|  |TAMS 0x00000000e1200000| PB 0x00000000e1200000| Untracked 
|  19|0x00000000e1300000, 0x00000000e1400000, 0x00000000e1400000|100%| O|  |TAMS 0x00000000e1300000| PB 0x00000000e1300000| Untracked 
|  20|0x00000000e1400000, 0x00000000e1500000, 0x00000000e1500000|100%| O|  |TAMS 0x00000000e1400000| PB 0x00000000e1400000| Untracked 
|  21|0x00000000e1500000, 0x00000000e1600000, 0x00000000e1600000|100%| O|  |TAMS 0x00000000e1500000| PB 0x00000000e1500000| Untracked 
|  22|0x00000000e1600000, 0x00000000e1700000, 0x00000000e1700000|100%| O|Cm|TAMS 0x00000000e1600000| PB 0x00000000e1600000| Complete 
|  23|0x00000000e1700000, 0x00000000e173a800, 0x00000000e1800000| 22%| O|  |TAMS 0x00000000e1700000| PB 0x00000000e1700000| Untracked 
|  24|0x00000000e1800000, 0x00000000e1800000, 0x00000000e1900000|  0%| F|  |TAMS 0x00000000e1800000| PB 0x00000000e1800000| Untracked 
|  25|0x00000000e1900000, 0x00000000e1900000, 0x00000000e1a00000|  0%| F|  |TAMS 0x00000000e1900000| PB 0x00000000e1900000| Untracked 
|  26|0x00000000e1a00000, 0x00000000e1a00000, 0x00000000e1b00000|  0%| F|  |TAMS 0x00000000e1a00000| PB 0x00000000e1a00000| Untracked 
|  27|0x00000000e1b00000, 0x00000000e1b00000, 0x00000000e1c00000|  0%| F|  |TAMS 0x00000000e1b00000| PB 0x00000000e1b00000| Untracked 
|  28|0x00000000e1c00000, 0x00000000e1c00000, 0x00000000e1d00000|  0%| F|  |TAMS 0x00000000e1c00000| PB 0x00000000e1c00000| Untracked 
|  29|0x00000000e1d00000, 0x00000000e1d00000, 0x00000000e1e00000|  0%| F|  |TAMS 0x00000000e1d00000| PB 0x00000000e1d00000| Untracked 
|  30|0x00000000e1e00000, 0x00000000e1e00000, 0x00000000e1f00000|  0%| F|  |TAMS 0x00000000e1e00000| PB 0x00000000e1e00000| Untracked 
|  31|0x00000000e1f00000, 0x00000000e1f00000, 0x00000000e2000000|  0%| F|  |TAMS 0x00000000e1f00000| PB 0x00000000e1f00000| Untracked 
|  32|0x00000000e2000000, 0x00000000e2000000, 0x00000000e2100000|  0%| F|  |TAMS 0x00000000e2000000| PB 0x00000000e2000000| Untracked 
|  33|0x00000000e2100000, 0x00000000e2100000, 0x00000000e2200000|  0%| F|  |TAMS 0x00000000e2100000| PB 0x00000000e2100000| Untracked 
|  34|0x00000000e2200000, 0x00000000e2200000, 0x00000000e2300000|  0%| F|  |TAMS 0x00000000e2200000| PB 0x00000000e2200000| Untracked 
|  35|0x00000000e2300000, 0x00000000e2300000, 0x00000000e2400000|  0%| F|  |TAMS 0x00000000e2300000| PB 0x00000000e2300000| Untracked 
|  36|0x00000000e2400000, 0x00000000e2400000, 0x00000000e2500000|  0%| F|  |TAMS 0x00000000e2400000| PB 0x00000000e2400000| Untracked 
|  37|0x00000000e2500000, 0x00000000e2500000, 0x00000000e2600000|  0%| F|  |TAMS 0x00000000e2500000| PB 0x00000000e2500000| Untracked 
|  38|0x00000000e2600000, 0x00000000e2600000, 0x00000000e2700000|  0%| F|  |TAMS 0x00000000e2600000| PB 0x00000000e2600000| Untracked 
|  39|0x00000000e2700000, 0x00000000e2700000, 0x00000000e2800000|  0%| F|  |TAMS 0x00000000e2700000| PB 0x00000000e2700000| Untracked 
|  40|0x00000000e2800000, 0x00000000e2800000, 0x00000000e2900000|  0%| F|  |TAMS 0x00000000e2800000| PB 0x00000000e2800000| Untracked 
|  41|0x00000000e2900000, 0x00000000e2900000, 0x00000000e2a00000|  0%| F|  |TAMS 0x00000000e2900000| PB 0x00000000e2900000| Untracked 
|  42|0x00000000e2a00000, 0x00000000e2a00000, 0x00000000e2b00000|  0%| F|  |TAMS 0x00000000e2a00000| PB 0x00000000e2a00000| Untracked 
|  43|0x00000000e2b00000, 0x00000000e2b00000, 0x00000000e2c00000|  0%| F|  |TAMS 0x00000000e2b00000| PB 0x00000000e2b00000| Untracked 
|  44|0x00000000e2c00000, 0x00000000e2c00000, 0x00000000e2d00000|  0%| F|  |TAMS 0x00000000e2c00000| PB 0x00000000e2c00000| Untracked 
|  45|0x00000000e2d00000, 0x00000000e2d00000, 0x00000000e2e00000|  0%| F|  |TAMS 0x00000000e2d00000| PB 0x00000000e2d00000| Untracked 
|  46|0x00000000e2e00000, 0x00000000e2e00000, 0x00000000e2f00000|  0%| F|  |TAMS 0x00000000e2e00000| PB 0x00000000e2e00000| Untracked 
|  47|0x00000000e2f00000, 0x00000000e2f00000, 0x00000000e3000000|  0%| F|  |TAMS 0x00000000e2f00000| PB 0x00000000e2f00000| Untracked 
|  48|0x00000000e3000000, 0x00000000e3000000, 0x00000000e3100000|  0%| F|  |TAMS 0x00000000e3000000| PB 0x00000000e3000000| Untracked 
|  49|0x00000000e3100000, 0x00000000e3100000, 0x00000000e3200000|  0%| F|  |TAMS 0x00000000e3100000| PB 0x00000000e3100000| Untracked 
|  50|0x00000000e3200000, 0x00000000e3200000, 0x00000000e3300000|  0%| F|  |TAMS 0x00000000e3200000| PB 0x00000000e3200000| Untracked 
|  51|0x00000000e3300000, 0x00000000e3300000, 0x00000000e3400000|  0%| F|  |TAMS 0x00000000e3300000| PB 0x00000000e3300000| Untracked 
|  52|0x00000000e3400000, 0x00000000e3400000, 0x00000000e3500000|  0%| F|  |TAMS 0x00000000e3400000| PB 0x00000000e3400000| Untracked 
|  53|0x00000000e3500000, 0x00000000e3500000, 0x00000000e3600000|  0%| F|  |TAMS 0x00000000e3500000| PB 0x00000000e3500000| Untracked 
|  54|0x00000000e3600000, 0x00000000e3600000, 0x00000000e3700000|  0%| F|  |TAMS 0x00000000e3600000| PB 0x00000000e3600000| Untracked 
|  55|0x00000000e3700000, 0x00000000e3700000, 0x00000000e3800000|  0%| F|  |TAMS 0x00000000e3700000| PB 0x00000000e3700000| Untracked 
|  56|0x00000000e3800000, 0x00000000e3800000, 0x00000000e3900000|  0%| F|  |TAMS 0x00000000e3800000| PB 0x00000000e3800000| Untracked 
|  57|0x00000000e3900000, 0x00000000e3900000, 0x00000000e3a00000|  0%| F|  |TAMS 0x00000000e3900000| PB 0x00000000e3900000| Untracked 
|  58|0x00000000e3a00000, 0x00000000e3a00000, 0x00000000e3b00000|  0%| F|  |TAMS 0x00000000e3a00000| PB 0x00000000e3a00000| Untracked 
|  59|0x00000000e3b00000, 0x00000000e3b00000, 0x00000000e3c00000|  0%| F|  |TAMS 0x00000000e3b00000| PB 0x00000000e3b00000| Untracked 
|  60|0x00000000e3c00000, 0x00000000e3c00000, 0x00000000e3d00000|  0%| F|  |TAMS 0x00000000e3c00000| PB 0x00000000e3c00000| Untracked 
|  61|0x00000000e3d00000, 0x00000000e3d00000, 0x00000000e3e00000|  0%| F|  |TAMS 0x00000000e3d00000| PB 0x00000000e3d00000| Untracked 
|  62|0x00000000e3e00000, 0x00000000e3e00000, 0x00000000e3f00000|  0%| F|  |TAMS 0x00000000e3e00000| PB 0x00000000e3e00000| Untracked 
|  63|0x00000000e3f00000, 0x00000000e3f00000, 0x00000000e4000000|  0%| F|  |TAMS 0x00000000e3f00000| PB 0x00000000e3f00000| Untracked 
|  64|0x00000000e4000000, 0x00000000e4000000, 0x00000000e4100000|  0%| F|  |TAMS 0x00000000e4000000| PB 0x00000000e4000000| Untracked 
|  65|0x00000000e4100000, 0x00000000e4100000, 0x00000000e4200000|  0%| F|  |TAMS 0x00000000e4100000| PB 0x00000000e4100000| Untracked 
|  66|0x00000000e4200000, 0x00000000e4200000, 0x00000000e4300000|  0%| F|  |TAMS 0x00000000e4200000| PB 0x00000000e4200000| Untracked 
|  67|0x00000000e4300000, 0x00000000e4300000, 0x00000000e4400000|  0%| F|  |TAMS 0x00000000e4300000| PB 0x00000000e4300000| Untracked 
|  68|0x00000000e4400000, 0x00000000e4400000, 0x00000000e4500000|  0%| F|  |TAMS 0x00000000e4400000| PB 0x00000000e4400000| Untracked 
|  69|0x00000000e4500000, 0x00000000e4500000, 0x00000000e4600000|  0%| F|  |TAMS 0x00000000e4500000| PB 0x00000000e4500000| Untracked 
|  70|0x00000000e4600000, 0x00000000e4600000, 0x00000000e4700000|  0%| F|  |TAMS 0x00000000e4600000| PB 0x00000000e4600000| Untracked 
|  71|0x00000000e4700000, 0x00000000e4700000, 0x00000000e4800000|  0%| F|  |TAMS 0x00000000e4700000| PB 0x00000000e4700000| Untracked 
|  72|0x00000000e4800000, 0x00000000e4800000, 0x00000000e4900000|  0%| F|  |TAMS 0x00000000e4800000| PB 0x00000000e4800000| Untracked 
|  73|0x00000000e4900000, 0x00000000e4900000, 0x00000000e4a00000|  0%| F|  |TAMS 0x00000000e4900000| PB 0x00000000e4900000| Untracked 
|  74|0x00000000e4a00000, 0x00000000e4a00000, 0x00000000e4b00000|  0%| F|  |TAMS 0x00000000e4a00000| PB 0x00000000e4a00000| Untracked 
|  75|0x00000000e4b00000, 0x00000000e4b00000, 0x00000000e4c00000|  0%| F|  |TAMS 0x00000000e4b00000| PB 0x00000000e4b00000| Untracked 
|  76|0x00000000e4c00000, 0x00000000e4c00000, 0x00000000e4d00000|  0%| F|  |TAMS 0x00000000e4c00000| PB 0x00000000e4c00000| Untracked 
|  77|0x00000000e4d00000, 0x00000000e4d00000, 0x00000000e4e00000|  0%| F|  |TAMS 0x00000000e4d00000| PB 0x00000000e4d00000| Untracked 
|  78|0x00000000e4e00000, 0x00000000e4e00000, 0x00000000e4f00000|  0%| F|  |TAMS 0x00000000e4e00000| PB 0x00000000e4e00000| Untracked 
|  79|0x00000000e4f00000, 0x00000000e4f00000, 0x00000000e5000000|  0%| F|  |TAMS 0x00000000e4f00000| PB 0x00000000e4f00000| Untracked 
|  80|0x00000000e5000000, 0x00000000e5000000, 0x00000000e5100000|  0%| F|  |TAMS 0x00000000e5000000| PB 0x00000000e5000000| Untracked 
|  81|0x00000000e5100000, 0x00000000e5100000, 0x00000000e5200000|  0%| F|  |TAMS 0x00000000e5100000| PB 0x00000000e5100000| Untracked 
|  82|0x00000000e5200000, 0x00000000e5200000, 0x00000000e5300000|  0%| F|  |TAMS 0x00000000e5200000| PB 0x00000000e5200000| Untracked 
|  83|0x00000000e5300000, 0x00000000e5300000, 0x00000000e5400000|  0%| F|  |TAMS 0x00000000e5300000| PB 0x00000000e5300000| Untracked 
|  84|0x00000000e5400000, 0x00000000e5400000, 0x00000000e5500000|  0%| F|  |TAMS 0x00000000e5400000| PB 0x00000000e5400000| Untracked 
|  85|0x00000000e5500000, 0x00000000e5500000, 0x00000000e5600000|  0%| F|  |TAMS 0x00000000e5500000| PB 0x00000000e5500000| Untracked 
|  86|0x00000000e5600000, 0x00000000e5600000, 0x00000000e5700000|  0%| F|  |TAMS 0x00000000e5600000| PB 0x00000000e5600000| Untracked 
|  87|0x00000000e5700000, 0x00000000e5700000, 0x00000000e5800000|  0%| F|  |TAMS 0x00000000e5700000| PB 0x00000000e5700000| Untracked 
|  88|0x00000000e5800000, 0x00000000e5800000, 0x00000000e5900000|  0%| F|  |TAMS 0x00000000e5800000| PB 0x00000000e5800000| Untracked 
|  89|0x00000000e5900000, 0x00000000e5900000, 0x00000000e5a00000|  0%| F|  |TAMS 0x00000000e5900000| PB 0x00000000e5900000| Untracked 
|  90|0x00000000e5a00000, 0x00000000e5a00000, 0x00000000e5b00000|  0%| F|  |TAMS 0x00000000e5a00000| PB 0x00000000e5a00000| Untracked 
|  91|0x00000000e5b00000, 0x00000000e5b00000, 0x00000000e5c00000|  0%| F|  |TAMS 0x00000000e5b00000| PB 0x00000000e5b00000| Untracked 
|  92|0x00000000e5c00000, 0x00000000e5c00000, 0x00000000e5d00000|  0%| F|  |TAMS 0x00000000e5c00000| PB 0x00000000e5c00000| Untracked 
|  93|0x00000000e5d00000, 0x00000000e5d00000, 0x00000000e5e00000|  0%| F|  |TAMS 0x00000000e5d00000| PB 0x00000000e5d00000| Untracked 
|  94|0x00000000e5e00000, 0x00000000e5e00000, 0x00000000e5f00000|  0%| F|  |TAMS 0x00000000e5e00000| PB 0x00000000e5e00000| Untracked 
|  95|0x00000000e5f00000, 0x00000000e5f00000, 0x00000000e6000000|  0%| F|  |TAMS 0x00000000e5f00000| PB 0x00000000e5f00000| Untracked 
|  96|0x00000000e6000000, 0x00000000e6000000, 0x00000000e6100000|  0%| F|  |TAMS 0x00000000e6000000| PB 0x00000000e6000000| Untracked 
|  97|0x00000000e6100000, 0x00000000e6100000, 0x00000000e6200000|  0%| F|  |TAMS 0x00000000e6100000| PB 0x00000000e6100000| Untracked 
|  98|0x00000000e6200000, 0x00000000e6200000, 0x00000000e6300000|  0%| F|  |TAMS 0x00000000e6200000| PB 0x00000000e6200000| Untracked 
|  99|0x00000000e6300000, 0x00000000e6300000, 0x00000000e6400000|  0%| F|  |TAMS 0x00000000e6300000| PB 0x00000000e6300000| Untracked 
| 100|0x00000000e6400000, 0x00000000e6400000, 0x00000000e6500000|  0%| F|  |TAMS 0x00000000e6400000| PB 0x00000000e6400000| Untracked 
| 101|0x00000000e6500000, 0x00000000e6500000, 0x00000000e6600000|  0%| F|  |TAMS 0x00000000e6500000| PB 0x00000000e6500000| Untracked 
| 102|0x00000000e6600000, 0x00000000e6600000, 0x00000000e6700000|  0%| F|  |TAMS 0x00000000e6600000| PB 0x00000000e6600000| Untracked 
| 103|0x00000000e6700000, 0x00000000e6700000, 0x00000000e6800000|  0%| F|  |TAMS 0x00000000e6700000| PB 0x00000000e6700000| Untracked 
| 104|0x00000000e6800000, 0x00000000e6800000, 0x00000000e6900000|  0%| F|  |TAMS 0x00000000e6800000| PB 0x00000000e6800000| Untracked 
| 105|0x00000000e6900000, 0x00000000e6900000, 0x00000000e6a00000|  0%| F|  |TAMS 0x00000000e6900000| PB 0x00000000e6900000| Untracked 
| 106|0x00000000e6a00000, 0x00000000e6a00000, 0x00000000e6b00000|  0%| F|  |TAMS 0x00000000e6a00000| PB 0x00000000e6a00000| Untracked 
| 107|0x00000000e6b00000, 0x00000000e6b00000, 0x00000000e6c00000|  0%| F|  |TAMS 0x00000000e6b00000| PB 0x00000000e6b00000| Untracked 
| 108|0x00000000e6c00000, 0x00000000e6c00000, 0x00000000e6d00000|  0%| F|  |TAMS 0x00000000e6c00000| PB 0x00000000e6c00000| Untracked 
| 109|0x00000000e6d00000, 0x00000000e6d00000, 0x00000000e6e00000|  0%| F|  |TAMS 0x00000000e6d00000| PB 0x00000000e6d00000| Untracked 
| 110|0x00000000e6e00000, 0x00000000e6e00000, 0x00000000e6f00000|  0%| F|  |TAMS 0x00000000e6e00000| PB 0x00000000e6e00000| Untracked 
| 111|0x00000000e6f00000, 0x00000000e6f00000, 0x00000000e7000000|  0%| F|  |TAMS 0x00000000e6f00000| PB 0x00000000e6f00000| Untracked 
| 112|0x00000000e7000000, 0x00000000e7000000, 0x00000000e7100000|  0%| F|  |TAMS 0x00000000e7000000| PB 0x00000000e7000000| Untracked 
| 113|0x00000000e7100000, 0x00000000e7100000, 0x00000000e7200000|  0%| F|  |TAMS 0x00000000e7100000| PB 0x00000000e7100000| Untracked 
| 114|0x00000000e7200000, 0x00000000e7200000, 0x00000000e7300000|  0%| F|  |TAMS 0x00000000e7200000| PB 0x00000000e7200000| Untracked 
| 115|0x00000000e7300000, 0x00000000e7300000, 0x00000000e7400000|  0%| F|  |TAMS 0x00000000e7300000| PB 0x00000000e7300000| Untracked 
| 116|0x00000000e7400000, 0x00000000e7400000, 0x00000000e7500000|  0%| F|  |TAMS 0x00000000e7400000| PB 0x00000000e7400000| Untracked 
| 117|0x00000000e7500000, 0x00000000e7500000, 0x00000000e7600000|  0%| F|  |TAMS 0x00000000e7500000| PB 0x00000000e7500000| Untracked 
| 118|0x00000000e7600000, 0x00000000e7600000, 0x00000000e7700000|  0%| F|  |TAMS 0x00000000e7600000| PB 0x00000000e7600000| Untracked 
| 119|0x00000000e7700000, 0x00000000e7700000, 0x00000000e7800000|  0%| F|  |TAMS 0x00000000e7700000| PB 0x00000000e7700000| Untracked 
| 120|0x00000000e7800000, 0x00000000e7800000, 0x00000000e7900000|  0%| F|  |TAMS 0x00000000e7800000| PB 0x00000000e7800000| Untracked 
| 121|0x00000000e7900000, 0x00000000e7900000, 0x00000000e7a00000|  0%| F|  |TAMS 0x00000000e7900000| PB 0x00000000e7900000| Untracked 
| 122|0x00000000e7a00000, 0x00000000e7a00000, 0x00000000e7b00000|  0%| F|  |TAMS 0x00000000e7a00000| PB 0x00000000e7a00000| Untracked 
| 123|0x00000000e7b00000, 0x00000000e7b00000, 0x00000000e7c00000|  0%| F|  |TAMS 0x00000000e7b00000| PB 0x00000000e7b00000| Untracked 
| 124|0x00000000e7c00000, 0x00000000e7c00000, 0x00000000e7d00000|  0%| F|  |TAMS 0x00000000e7c00000| PB 0x00000000e7c00000| Untracked 
| 125|0x00000000e7d00000, 0x00000000e7d00000, 0x00000000e7e00000|  0%| F|  |TAMS 0x00000000e7d00000| PB 0x00000000e7d00000| Untracked 
| 126|0x00000000e7e00000, 0x00000000e7e00000, 0x00000000e7f00000|  0%| F|  |TAMS 0x00000000e7e00000| PB 0x00000000e7e00000| Untracked 
| 127|0x00000000e7f00000, 0x00000000e7f00000, 0x00000000e8000000|  0%| F|  |TAMS 0x00000000e7f00000| PB 0x00000000e7f00000| Untracked 
| 128|0x00000000e8000000, 0x00000000e8000000, 0x00000000e8100000|  0%| F|  |TAMS 0x00000000e8000000| PB 0x00000000e8000000| Untracked 
| 129|0x00000000e8100000, 0x00000000e8100000, 0x00000000e8200000|  0%| F|  |TAMS 0x00000000e8100000| PB 0x00000000e8100000| Untracked 
| 130|0x00000000e8200000, 0x00000000e8200000, 0x00000000e8300000|  0%| F|  |TAMS 0x00000000e8200000| PB 0x00000000e8200000| Untracked 
| 131|0x00000000e8300000, 0x00000000e8300000, 0x00000000e8400000|  0%| F|  |TAMS 0x00000000e8300000| PB 0x00000000e8300000| Untracked 
| 132|0x00000000e8400000, 0x00000000e8400000, 0x00000000e8500000|  0%| F|  |TAMS 0x00000000e8400000| PB 0x00000000e8400000| Untracked 
| 133|0x00000000e8500000, 0x00000000e8500000, 0x00000000e8600000|  0%| F|  |TAMS 0x00000000e8500000| PB 0x00000000e8500000| Untracked 
| 134|0x00000000e8600000, 0x00000000e8600000, 0x00000000e8700000|  0%| F|  |TAMS 0x00000000e8600000| PB 0x00000000e8600000| Untracked 
| 135|0x00000000e8700000, 0x00000000e8700000, 0x00000000e8800000|  0%| F|  |TAMS 0x00000000e8700000| PB 0x00000000e8700000| Untracked 
| 136|0x00000000e8800000, 0x00000000e8800000, 0x00000000e8900000|  0%| F|  |TAMS 0x00000000e8800000| PB 0x00000000e8800000| Untracked 
| 137|0x00000000e8900000, 0x00000000e8900000, 0x00000000e8a00000|  0%| F|  |TAMS 0x00000000e8900000| PB 0x00000000e8900000| Untracked 
| 138|0x00000000e8a00000, 0x00000000e8a00000, 0x00000000e8b00000|  0%| F|  |TAMS 0x00000000e8a00000| PB 0x00000000e8a00000| Untracked 
| 139|0x00000000e8b00000, 0x00000000e8b00000, 0x00000000e8c00000|  0%| F|  |TAMS 0x00000000e8b00000| PB 0x00000000e8b00000| Untracked 
| 140|0x00000000e8c00000, 0x00000000e8c00000, 0x00000000e8d00000|  0%| F|  |TAMS 0x00000000e8c00000| PB 0x00000000e8c00000| Untracked 
| 141|0x00000000e8d00000, 0x00000000e8d80000, 0x00000000e8e00000| 50%| E|  |TAMS 0x00000000e8d00000| PB 0x00000000e8d00000| Complete 
| 142|0x00000000e8e00000, 0x00000000e8f00000, 0x00000000e8f00000|100%| E|CS|TAMS 0x00000000e8e00000| PB 0x00000000e8e00000| Complete 
| 143|0x00000000e8f00000, 0x00000000e9000000, 0x00000000e9000000|100%| E|CS|TAMS 0x00000000e8f00000| PB 0x00000000e8f00000| Complete 
| 144|0x00000000e9000000, 0x00000000e9036320, 0x00000000e9100000| 21%| S|CS|TAMS 0x00000000e9000000| PB 0x00000000e9000000| Complete 
| 145|0x00000000e9100000, 0x00000000e9200000, 0x00000000e9200000|100%| S|CS|TAMS 0x00000000e9100000| PB 0x00000000e9100000| Complete 
| 146|0x00000000e9200000, 0x00000000e9300000, 0x00000000e9300000|100%| S|CS|TAMS 0x00000000e9200000| PB 0x00000000e9200000| Complete 
| 147|0x00000000e9300000, 0x00000000e9400000, 0x00000000e9400000|100%| S|CS|TAMS 0x00000000e9300000| PB 0x00000000e9300000| Complete 
| 148|0x00000000e9400000, 0x00000000e9500000, 0x00000000e9500000|100%| S|CS|TAMS 0x00000000e9400000| PB 0x00000000e9400000| Complete 
| 149|0x00000000e9500000, 0x00000000e9600000, 0x00000000e9600000|100%| S|CS|TAMS 0x00000000e9500000| PB 0x00000000e9500000| Complete 
| 150|0x00000000e9600000, 0x00000000e9700000, 0x00000000e9700000|100%| S|CS|TAMS 0x00000000e9600000| PB 0x00000000e9600000| Complete 
| 151|0x00000000e9700000, 0x00000000e9800000, 0x00000000e9800000|100%| E|CS|TAMS 0x00000000e9700000| PB 0x00000000e9700000| Complete 
| 152|0x00000000e9800000, 0x00000000e9900000, 0x00000000e9900000|100%| E|CS|TAMS 0x00000000e9800000| PB 0x00000000e9800000| Complete 
| 153|0x00000000e9900000, 0x00000000e9a00000, 0x00000000e9a00000|100%| E|CS|TAMS 0x00000000e9900000| PB 0x00000000e9900000| Complete 
| 154|0x00000000e9a00000, 0x00000000e9b00000, 0x00000000e9b00000|100%| E|CS|TAMS 0x00000000e9a00000| PB 0x00000000e9a00000| Complete 
| 155|0x00000000e9b00000, 0x00000000e9c00000, 0x00000000e9c00000|100%| E|CS|TAMS 0x00000000e9b00000| PB 0x00000000e9b00000| Complete 
| 156|0x00000000e9c00000, 0x00000000e9d00000, 0x00000000e9d00000|100%| E|CS|TAMS 0x00000000e9c00000| PB 0x00000000e9c00000| Complete 
| 157|0x00000000e9d00000, 0x00000000e9e00000, 0x00000000e9e00000|100%| E|CS|TAMS 0x00000000e9d00000| PB 0x00000000e9d00000| Complete 
| 158|0x00000000e9e00000, 0x00000000e9f00000, 0x00000000e9f00000|100%| E|CS|TAMS 0x00000000e9e00000| PB 0x00000000e9e00000| Complete 
| 159|0x00000000e9f00000, 0x00000000ea000000, 0x00000000ea000000|100%| E|CS|TAMS 0x00000000e9f00000| PB 0x00000000e9f00000| Complete 
| 160|0x00000000ea000000, 0x00000000ea100000, 0x00000000ea100000|100%| E|CS|TAMS 0x00000000ea000000| PB 0x00000000ea000000| Complete 
| 161|0x00000000ea100000, 0x00000000ea200000, 0x00000000ea200000|100%| E|CS|TAMS 0x00000000ea100000| PB 0x00000000ea100000| Complete 
| 162|0x00000000ea200000, 0x00000000ea300000, 0x00000000ea300000|100%| E|CS|TAMS 0x00000000ea200000| PB 0x00000000ea200000| Complete 
| 163|0x00000000ea300000, 0x00000000ea400000, 0x00000000ea400000|100%| E|CS|TAMS 0x00000000ea300000| PB 0x00000000ea300000| Complete 
| 164|0x00000000ea400000, 0x00000000ea500000, 0x00000000ea500000|100%| E|CS|TAMS 0x00000000ea400000| PB 0x00000000ea400000| Complete 
| 165|0x00000000ea500000, 0x00000000ea600000, 0x00000000ea600000|100%| E|CS|TAMS 0x00000000ea500000| PB 0x00000000ea500000| Complete 
| 166|0x00000000ea600000, 0x00000000ea700000, 0x00000000ea700000|100%| E|CS|TAMS 0x00000000ea600000| PB 0x00000000ea600000| Complete 
| 167|0x00000000ea700000, 0x00000000ea800000, 0x00000000ea800000|100%| E|CS|TAMS 0x00000000ea700000| PB 0x00000000ea700000| Complete 
| 168|0x00000000ea800000, 0x00000000ea900000, 0x00000000ea900000|100%| E|CS|TAMS 0x00000000ea800000| PB 0x00000000ea800000| Complete 
| 169|0x00000000ea900000, 0x00000000eaa00000, 0x00000000eaa00000|100%| E|CS|TAMS 0x00000000ea900000| PB 0x00000000ea900000| Complete 
| 170|0x00000000eaa00000, 0x00000000eab00000, 0x00000000eab00000|100%| E|CS|TAMS 0x00000000eaa00000| PB 0x00000000eaa00000| Complete 
| 171|0x00000000eab00000, 0x00000000eac00000, 0x00000000eac00000|100%| E|CS|TAMS 0x00000000eab00000| PB 0x00000000eab00000| Complete 
| 172|0x00000000eac00000, 0x00000000ead00000, 0x00000000ead00000|100%| E|CS|TAMS 0x00000000eac00000| PB 0x00000000eac00000| Complete 
| 173|0x00000000ead00000, 0x00000000eae00000, 0x00000000eae00000|100%| E|CS|TAMS 0x00000000ead00000| PB 0x00000000ead00000| Complete 
| 174|0x00000000eae00000, 0x00000000eaf00000, 0x00000000eaf00000|100%| E|CS|TAMS 0x00000000eae00000| PB 0x00000000eae00000| Complete 
| 175|0x00000000eaf00000, 0x00000000eb000000, 0x00000000eb000000|100%| E|CS|TAMS 0x00000000eaf00000| PB 0x00000000eaf00000| Complete 
| 176|0x00000000eb000000, 0x00000000eb100000, 0x00000000eb100000|100%| E|CS|TAMS 0x00000000eb000000| PB 0x00000000eb000000| Complete 
| 177|0x00000000eb100000, 0x00000000eb200000, 0x00000000eb200000|100%| E|CS|TAMS 0x00000000eb100000| PB 0x00000000eb100000| Complete 
| 178|0x00000000eb200000, 0x00000000eb300000, 0x00000000eb300000|100%| E|CS|TAMS 0x00000000eb200000| PB 0x00000000eb200000| Complete 
| 179|0x00000000eb300000, 0x00000000eb400000, 0x00000000eb400000|100%| E|CS|TAMS 0x00000000eb300000| PB 0x00000000eb300000| Complete 
| 180|0x00000000eb400000, 0x00000000eb500000, 0x00000000eb500000|100%| E|CS|TAMS 0x00000000eb400000| PB 0x00000000eb400000| Complete 
| 181|0x00000000eb500000, 0x00000000eb600000, 0x00000000eb600000|100%| E|CS|TAMS 0x00000000eb500000| PB 0x00000000eb500000| Complete 
| 182|0x00000000eb600000, 0x00000000eb700000, 0x00000000eb700000|100%| E|CS|TAMS 0x00000000eb600000| PB 0x00000000eb600000| Complete 
| 183|0x00000000eb700000, 0x00000000eb800000, 0x00000000eb800000|100%| E|CS|TAMS 0x00000000eb700000| PB 0x00000000eb700000| Complete 
| 184|0x00000000eb800000, 0x00000000eb900000, 0x00000000eb900000|100%| E|CS|TAMS 0x00000000eb800000| PB 0x00000000eb800000| Complete 
| 185|0x00000000eb900000, 0x00000000eba00000, 0x00000000eba00000|100%| E|CS|TAMS 0x00000000eb900000| PB 0x00000000eb900000| Complete 
| 186|0x00000000eba00000, 0x00000000ebb00000, 0x00000000ebb00000|100%| E|CS|TAMS 0x00000000eba00000| PB 0x00000000eba00000| Complete 
| 187|0x00000000ebb00000, 0x00000000ebc00000, 0x00000000ebc00000|100%| E|CS|TAMS 0x00000000ebb00000| PB 0x00000000ebb00000| Complete 
| 188|0x00000000ebc00000, 0x00000000ebd00000, 0x00000000ebd00000|100%| E|CS|TAMS 0x00000000ebc00000| PB 0x00000000ebc00000| Complete 
| 189|0x00000000ebd00000, 0x00000000ebe00000, 0x00000000ebe00000|100%| E|CS|TAMS 0x00000000ebd00000| PB 0x00000000ebd00000| Complete 
| 190|0x00000000ebe00000, 0x00000000ebf00000, 0x00000000ebf00000|100%| E|CS|TAMS 0x00000000ebe00000| PB 0x00000000ebe00000| Complete 
| 191|0x00000000ebf00000, 0x00000000ec000000, 0x00000000ec000000|100%| E|CS|TAMS 0x00000000ebf00000| PB 0x00000000ebf00000| Complete 
| 192|0x00000000ec000000, 0x00000000ec100000, 0x00000000ec100000|100%| E|CS|TAMS 0x00000000ec000000| PB 0x00000000ec000000| Complete 
| 193|0x00000000ec100000, 0x00000000ec200000, 0x00000000ec200000|100%| E|CS|TAMS 0x00000000ec100000| PB 0x00000000ec100000| Complete 
| 194|0x00000000ec200000, 0x00000000ec300000, 0x00000000ec300000|100%| E|CS|TAMS 0x00000000ec200000| PB 0x00000000ec200000| Complete 
| 195|0x00000000ec300000, 0x00000000ec400000, 0x00000000ec400000|100%| E|CS|TAMS 0x00000000ec300000| PB 0x00000000ec300000| Complete 
| 196|0x00000000ec400000, 0x00000000ec500000, 0x00000000ec500000|100%| E|CS|TAMS 0x00000000ec400000| PB 0x00000000ec400000| Complete 
| 197|0x00000000ec500000, 0x00000000ec600000, 0x00000000ec600000|100%| E|CS|TAMS 0x00000000ec500000| PB 0x00000000ec500000| Complete 
| 198|0x00000000ec600000, 0x00000000ec700000, 0x00000000ec700000|100%| E|CS|TAMS 0x00000000ec600000| PB 0x00000000ec600000| Complete 
| 199|0x00000000ec700000, 0x00000000ec800000, 0x00000000ec800000|100%| E|CS|TAMS 0x00000000ec700000| PB 0x00000000ec700000| Complete 
| 200|0x00000000ec800000, 0x00000000ec900000, 0x00000000ec900000|100%| E|CS|TAMS 0x00000000ec800000| PB 0x00000000ec800000| Complete 
| 201|0x00000000ec900000, 0x00000000eca00000, 0x00000000eca00000|100%| E|CS|TAMS 0x00000000ec900000| PB 0x00000000ec900000| Complete 
| 202|0x00000000eca00000, 0x00000000ecb00000, 0x00000000ecb00000|100%| E|CS|TAMS 0x00000000eca00000| PB 0x00000000eca00000| Complete 
| 203|0x00000000ecb00000, 0x00000000ecc00000, 0x00000000ecc00000|100%| E|CS|TAMS 0x00000000ecb00000| PB 0x00000000ecb00000| Complete 
| 204|0x00000000ecc00000, 0x00000000ecd00000, 0x00000000ecd00000|100%| E|CS|TAMS 0x00000000ecc00000| PB 0x00000000ecc00000| Complete 
| 205|0x00000000ecd00000, 0x00000000ece00000, 0x00000000ece00000|100%| E|CS|TAMS 0x00000000ecd00000| PB 0x00000000ecd00000| Complete 
| 206|0x00000000ece00000, 0x00000000ecf00000, 0x00000000ecf00000|100%| E|CS|TAMS 0x00000000ece00000| PB 0x00000000ece00000| Complete 
| 207|0x00000000ecf00000, 0x00000000ed000000, 0x00000000ed000000|100%| E|CS|TAMS 0x00000000ecf00000| PB 0x00000000ecf00000| Complete 
| 208|0x00000000ed000000, 0x00000000ed100000, 0x00000000ed100000|100%| E|CS|TAMS 0x00000000ed000000| PB 0x00000000ed000000| Complete 
| 209|0x00000000ed100000, 0x00000000ed200000, 0x00000000ed200000|100%| E|CS|TAMS 0x00000000ed100000| PB 0x00000000ed100000| Complete 
| 210|0x00000000ed200000, 0x00000000ed300000, 0x00000000ed300000|100%| E|CS|TAMS 0x00000000ed200000| PB 0x00000000ed200000| Complete 
| 211|0x00000000ed300000, 0x00000000ed400000, 0x00000000ed400000|100%| E|CS|TAMS 0x00000000ed300000| PB 0x00000000ed300000| Complete 
| 212|0x00000000ed400000, 0x00000000ed500000, 0x00000000ed500000|100%| E|CS|TAMS 0x00000000ed400000| PB 0x00000000ed400000| Complete 
| 213|0x00000000ed500000, 0x00000000ed600000, 0x00000000ed600000|100%| E|CS|TAMS 0x00000000ed500000| PB 0x00000000ed500000| Complete 
| 214|0x00000000ed600000, 0x00000000ed700000, 0x00000000ed700000|100%| E|CS|TAMS 0x00000000ed600000| PB 0x00000000ed600000| Complete 
| 215|0x00000000ed700000, 0x00000000ed800000, 0x00000000ed800000|100%| E|CS|TAMS 0x00000000ed700000| PB 0x00000000ed700000| Complete 
| 216|0x00000000ed800000, 0x00000000ed900000, 0x00000000ed900000|100%| E|CS|TAMS 0x00000000ed800000| PB 0x00000000ed800000| Complete 
| 217|0x00000000ed900000, 0x00000000eda00000, 0x00000000eda00000|100%| E|CS|TAMS 0x00000000ed900000| PB 0x00000000ed900000| Complete 
| 218|0x00000000eda00000, 0x00000000edb00000, 0x00000000edb00000|100%| E|CS|TAMS 0x00000000eda00000| PB 0x00000000eda00000| Complete 
| 219|0x00000000edb00000, 0x00000000edc00000, 0x00000000edc00000|100%| E|CS|TAMS 0x00000000edb00000| PB 0x00000000edb00000| Complete 
| 220|0x00000000edc00000, 0x00000000edd00000, 0x00000000edd00000|100%| E|CS|TAMS 0x00000000edc00000| PB 0x00000000edc00000| Complete 
| 221|0x00000000edd00000, 0x00000000ede00000, 0x00000000ede00000|100%| E|CS|TAMS 0x00000000edd00000| PB 0x00000000edd00000| Complete 
| 222|0x00000000ede00000, 0x00000000edf00000, 0x00000000edf00000|100%| E|CS|TAMS 0x00000000ede00000| PB 0x00000000ede00000| Complete 
| 223|0x00000000edf00000, 0x00000000ee000000, 0x00000000ee000000|100%| E|CS|TAMS 0x00000000edf00000| PB 0x00000000edf00000| Complete 
| 224|0x00000000ee000000, 0x00000000ee100000, 0x00000000ee100000|100%| E|CS|TAMS 0x00000000ee000000| PB 0x00000000ee000000| Complete 
| 225|0x00000000ee100000, 0x00000000ee200000, 0x00000000ee200000|100%| E|CS|TAMS 0x00000000ee100000| PB 0x00000000ee100000| Complete 
| 226|0x00000000ee200000, 0x00000000ee300000, 0x00000000ee300000|100%| E|CS|TAMS 0x00000000ee200000| PB 0x00000000ee200000| Complete 
| 227|0x00000000ee300000, 0x00000000ee400000, 0x00000000ee400000|100%| E|CS|TAMS 0x00000000ee300000| PB 0x00000000ee300000| Complete 
| 228|0x00000000ee400000, 0x00000000ee500000, 0x00000000ee500000|100%| E|CS|TAMS 0x00000000ee400000| PB 0x00000000ee400000| Complete 
| 229|0x00000000ee500000, 0x00000000ee600000, 0x00000000ee600000|100%| E|CS|TAMS 0x00000000ee500000| PB 0x00000000ee500000| Complete 
| 230|0x00000000ee600000, 0x00000000ee700000, 0x00000000ee700000|100%| E|CS|TAMS 0x00000000ee600000| PB 0x00000000ee600000| Complete 
| 231|0x00000000ee700000, 0x00000000ee800000, 0x00000000ee800000|100%| E|CS|TAMS 0x00000000ee700000| PB 0x00000000ee700000| Complete 
| 232|0x00000000ee800000, 0x00000000ee900000, 0x00000000ee900000|100%| E|CS|TAMS 0x00000000ee800000| PB 0x00000000ee800000| Complete 
| 233|0x00000000ee900000, 0x00000000eea00000, 0x00000000eea00000|100%| E|CS|TAMS 0x00000000ee900000| PB 0x00000000ee900000| Complete 
| 234|0x00000000eea00000, 0x00000000eeb00000, 0x00000000eeb00000|100%| E|CS|TAMS 0x00000000eea00000| PB 0x00000000eea00000| Complete 
| 235|0x00000000eeb00000, 0x00000000eec00000, 0x00000000eec00000|100%| E|CS|TAMS 0x00000000eeb00000| PB 0x00000000eeb00000| Complete 
| 236|0x00000000eec00000, 0x00000000eed00000, 0x00000000eed00000|100%| E|CS|TAMS 0x00000000eec00000| PB 0x00000000eec00000| Complete 
| 237|0x00000000eed00000, 0x00000000eee00000, 0x00000000eee00000|100%| E|CS|TAMS 0x00000000eed00000| PB 0x00000000eed00000| Complete 
| 238|0x00000000eee00000, 0x00000000eef00000, 0x00000000eef00000|100%| E|CS|TAMS 0x00000000eee00000| PB 0x00000000eee00000| Complete 
| 239|0x00000000eef00000, 0x00000000ef000000, 0x00000000ef000000|100%| E|CS|TAMS 0x00000000eef00000| PB 0x00000000eef00000| Complete 
| 240|0x00000000ef000000, 0x00000000ef100000, 0x00000000ef100000|100%| E|CS|TAMS 0x00000000ef000000| PB 0x00000000ef000000| Complete 
| 241|0x00000000ef100000, 0x00000000ef200000, 0x00000000ef200000|100%| E|CS|TAMS 0x00000000ef100000| PB 0x00000000ef100000| Complete 
| 242|0x00000000ef200000, 0x00000000ef300000, 0x00000000ef300000|100%| E|CS|TAMS 0x00000000ef200000| PB 0x00000000ef200000| Complete 
| 243|0x00000000ef300000, 0x00000000ef400000, 0x00000000ef400000|100%| E|CS|TAMS 0x00000000ef300000| PB 0x00000000ef300000| Complete 
| 244|0x00000000ef400000, 0x00000000ef500000, 0x00000000ef500000|100%| E|CS|TAMS 0x00000000ef400000| PB 0x00000000ef400000| Complete 
| 245|0x00000000ef500000, 0x00000000ef600000, 0x00000000ef600000|100%| E|CS|TAMS 0x00000000ef500000| PB 0x00000000ef500000| Complete 
| 246|0x00000000ef600000, 0x00000000ef700000, 0x00000000ef700000|100%| E|CS|TAMS 0x00000000ef600000| PB 0x00000000ef600000| Complete 
| 247|0x00000000ef700000, 0x00000000ef800000, 0x00000000ef800000|100%| E|CS|TAMS 0x00000000ef700000| PB 0x00000000ef700000| Complete 
| 248|0x00000000ef800000, 0x00000000ef900000, 0x00000000ef900000|100%| E|CS|TAMS 0x00000000ef800000| PB 0x00000000ef800000| Complete 
| 249|0x00000000ef900000, 0x00000000efa00000, 0x00000000efa00000|100%| E|CS|TAMS 0x00000000ef900000| PB 0x00000000ef900000| Complete 
| 250|0x00000000efa00000, 0x00000000efb00000, 0x00000000efb00000|100%| E|CS|TAMS 0x00000000efa00000| PB 0x00000000efa00000| Complete 
| 251|0x00000000efb00000, 0x00000000efc00000, 0x00000000efc00000|100%| E|CS|TAMS 0x00000000efb00000| PB 0x00000000efb00000| Complete 
| 252|0x00000000efc00000, 0x00000000efd00000, 0x00000000efd00000|100%| E|CS|TAMS 0x00000000efc00000| PB 0x00000000efc00000| Complete 
| 253|0x00000000efd00000, 0x00000000efe00000, 0x00000000efe00000|100%| E|CS|TAMS 0x00000000efd00000| PB 0x00000000efd00000| Complete 
| 254|0x00000000efe00000, 0x00000000eff00000, 0x00000000eff00000|100%| E|CS|TAMS 0x00000000efe00000| PB 0x00000000efe00000| Complete 
| 255|0x00000000eff00000, 0x00000000f0000000, 0x00000000f0000000|100%| E|CS|TAMS 0x00000000eff00000| PB 0x00000000eff00000| Complete 

Card table byte_map: [0x000001c4478d0000,0x000001c4479d0000] _byte_map_base: 0x000001c4471d0000

Marking Bits: (CMBitMap*) 0x000001c4352cb930
 Bits: [0x000001c4479d0000, 0x000001c4481d0000)

Polling page: 0x000001c433240000

Metaspace:

Usage:
  Non-class:     39.98 MB used.
      Class:      6.98 MB used.
       Both:     46.96 MB used.

Virtual space:
  Non-class space:       64.00 MB reserved,      41.00 MB ( 64%) committed,  1 nodes.
      Class space:      320.00 MB reserved,       7.94 MB (  2%) committed,  1 nodes.
             Both:      384.00 MB reserved,      48.94 MB ( 13%) committed. 

Chunk freelists:
   Non-Class:  7.05 MB
       Class:  8.11 MB
        Both:  15.16 MB

MaxMetaspaceSize: 384.00 MB
CompressedClassSpaceSize: 320.00 MB
Initial GC threshold: 21.00 MB
Current GC threshold: 59.19 MB
CDS: on
 - commit_granule_bytes: 65536.
 - commit_granule_words: 8192.
 - virtual_space_node_default_size: 8388608.
 - enlarge_chunks_in_place: 1.
 - use_allocation_guard: 0.


Internal statistics:

num_allocs_failed_limit: 6.
num_arena_births: 3504.
num_arena_deaths: 0.
num_vsnodes_births: 2.
num_vsnodes_deaths: 0.
num_space_committed: 783.
num_space_uncommitted: 0.
num_chunks_returned_to_freelist: 6.
num_chunks_taken_from_freelist: 5930.
num_chunk_merges: 6.
num_chunk_splits: 3806.
num_chunks_enlarged: 2232.
num_inconsistent_stats: 0.

CodeHeap 'non-profiled nmethods': size=120000Kb used=2942Kb max_used=2942Kb free=117057Kb
 bounds [0x000001c43ff70000, 0x000001c440250000, 0x000001c4474a0000]
CodeHeap 'profiled nmethods': size=120000Kb used=9226Kb max_used=9226Kb free=110773Kb
 bounds [0x000001c4384a0000, 0x000001c438db0000, 0x000001c43f9d0000]
CodeHeap 'non-nmethods': size=5760Kb used=2069Kb max_used=2089Kb free=3690Kb
 bounds [0x000001c43f9d0000, 0x000001c43fc40000, 0x000001c43ff70000]
CodeCache: size=245760Kb, used=14237Kb, max_used=14257Kb, free=231520Kb
 total_blobs=5522, nmethods=4766, adapters=659, full_count=0
Compilation: enabled, stopped_count=0, restarted_count=0

Compilation events (20 events):
Event: 50.344 Thread 0x000001c46400af60 5142       3       org.gradle.api.attributes.Attribute::equals (57 bytes)
Event: 50.344 Thread 0x000001c46400af60 nmethod 5142 0x000001c438d84190 code [0x000001c438d84380, 0x000001c438d848c0]
Event: 50.344 Thread 0x000001c46400af60 5143       3       com.google.common.collect.ImmutableMap$Builder::build (179 bytes)
Event: 50.347 Thread 0x000001c46400af60 nmethod 5143 0x000001c438d84a10 code [0x000001c438d84dc0, 0x000001c438d86840]
Event: 50.347 Thread 0x000001c46400af60 5144       1       org.gradle.api.internal.attributes.DefaultImmutableAttributesContainer::getHead (5 bytes)
Event: 50.347 Thread 0x000001c46400af60 nmethod 5144 0x000001c440244b90 code [0x000001c440244d20, 0x000001c440244de8]
Event: 50.516 Thread 0x000001c46400af60 5145       1       java.lang.invoke.MethodHandle::isInvokeSpecial (2 bytes)
Event: 50.517 Thread 0x000001c46400af60 nmethod 5145 0x000001c440244e90 code [0x000001c440245020, 0x000001c4402450e8]
Event: 50.525 Thread 0x000001c46400af60 5146       3       jdk.internal.reflect.ClassFileAssembler::emitConstantPoolMethodref (28 bytes)
Event: 50.525 Thread 0x000001c46400af60 nmethod 5146 0x000001c438d87090 code [0x000001c438d872e0, 0x000001c438d879b0]
Event: 50.623 Thread 0x000001c46400af60 5147       3       org.gradle.internal.instantiation.generator.AsmBackedClassGenerator$ClassBuilderImpl::access$6900 (4 bytes)
Event: 50.623 Thread 0x000001c46400af60 nmethod 5147 0x000001c438d87d10 code [0x000001c438d87ea0, 0x000001c438d87f98]
Event: 50.634 Thread 0x000001c46400af60 5148       3       java.lang.invoke.MethodHandles::constant (88 bytes)
Event: 50.636 Thread 0x000001c46400af60 nmethod 5148 0x000001c438d88010 code [0x000001c438d88320, 0x000001c438d89240]
Event: 50.638 Thread 0x000001c46400af60 5150       3       org.objectweb.asm.SymbolTable::addConstantIntegerOrFloat (100 bytes)
Event: 50.639 Thread 0x000001c46400af60 nmethod 5150 0x000001c438d89710 code [0x000001c438d89920, 0x000001c438d89e50]
Event: 50.640 Thread 0x000001c46400af60 5151       3       org.objectweb.asm.Frame::addInitializedType (77 bytes)
Event: 50.640 Thread 0x000001c46400af60 nmethod 5151 0x000001c438d8a110 code [0x000001c438d8a2e0, 0x000001c438d8a7e0]
Event: 50.640 Thread 0x000001c46400af60 5152       3       org.objectweb.asm.Frame::getInitializedType (163 bytes)
Event: 50.641 Thread 0x000001c46400af60 nmethod 5152 0x000001c438d8a990 code [0x000001c438d8aba0, 0x000001c438d8b0e8]

GC Heap History (10 events):
Event: 5.757 GC heap before
{Heap before GC invocations=0 (full 0):
 garbage-first heap   total 262144K, used 26624K [0x00000000e0000000, 0x0000000100000000)
  region size 1024K, 23 young (23552K), 0 survivors (0K)
 Metaspace       used 2626K, committed 2752K, reserved 393216K
  class space    used 307K, committed 384K, reserved 327680K
}
Event: 5.857 GC heap after
{Heap after GC invocations=1 (full 0):
 garbage-first heap   total 262144K, used 10751K [0x00000000e0000000, 0x0000000100000000)
  region size 1024K, 3 young (3072K), 3 survivors (3072K)
 Metaspace       used 2626K, committed 2752K, reserved 393216K
  class space    used 307K, committed 384K, reserved 327680K
}
Event: 8.892 GC heap before
{Heap before GC invocations=1 (full 0):
 garbage-first heap   total 262144K, used 39423K [0x00000000e0000000, 0x0000000100000000)
  region size 1024K, 31 young (31744K), 3 survivors (3072K)
 Metaspace       used 4629K, committed 4800K, reserved 393216K
  class space    used 593K, committed 704K, reserved 327680K
}
Event: 8.896 GC heap after
{Heap after GC invocations=2 (full 0):
 garbage-first heap   total 262144K, used 12740K [0x00000000e0000000, 0x0000000100000000)
  region size 1024K, 2 young (2048K), 2 survivors (2048K)
 Metaspace       used 4629K, committed 4800K, reserved 393216K
  class space    used 593K, committed 704K, reserved 327680K
}
Event: 32.898 GC heap before
{Heap before GC invocations=2 (full 0):
 garbage-first heap   total 262144K, used 121284K [0x00000000e0000000, 0x0000000100000000)
  region size 1024K, 106 young (108544K), 2 survivors (2048K)
 Metaspace       used 19977K, committed 20608K, reserved 393216K
  class space    used 2813K, committed 3136K, reserved 327680K
}
Event: 32.922 GC heap after
{Heap after GC invocations=3 (full 0):
 garbage-first heap   total 262144K, used 23918K [0x00000000e0000000, 0x0000000100000000)
  region size 1024K, 12 young (12288K), 12 survivors (12288K)
 Metaspace       used 19977K, committed 20608K, reserved 393216K
  class space    used 2813K, committed 3136K, reserved 327680K
}
Event: 33.598 GC heap before
{Heap before GC invocations=3 (full 0):
 garbage-first heap   total 262144K, used 31086K [0x00000000e0000000, 0x0000000100000000)
  region size 1024K, 20 young (20480K), 12 survivors (12288K)
 Metaspace       used 20908K, committed 21504K, reserved 393216K
  class space    used 2975K, committed 3264K, reserved 327680K
}
Event: 33.613 GC heap after
{Heap after GC invocations=4 (full 0):
 garbage-first heap   total 262144K, used 25361K [0x00000000e0000000, 0x0000000100000000)
  region size 1024K, 2 young (2048K), 2 survivors (2048K)
 Metaspace       used 20908K, committed 21504K, reserved 393216K
  class space    used 2975K, committed 3264K, reserved 327680K
}
Event: 39.741 GC heap before
{Heap before GC invocations=5 (full 0):
 garbage-first heap   total 262144K, used 130833K [0x00000000e0000000, 0x0000000100000000)
  region size 1024K, 105 young (107520K), 2 survivors (2048K)
 Metaspace       used 34794K, committed 36160K, reserved 393216K
  class space    used 5022K, committed 5696K, reserved 327680K
}
Event: 39.753 GC heap after
{Heap after GC invocations=6 (full 0):
 garbage-first heap   total 262144K, used 30146K [0x00000000e0000000, 0x0000000100000000)
  region size 1024K, 7 young (7168K), 7 survivors (7168K)
 Metaspace       used 34794K, committed 36160K, reserved 393216K
  class space    used 5022K, committed 5696K, reserved 327680K
}

Dll operation events (20 events):
Event: 0.498 Attempting to load shared library C:\Users\User\.vscode\extensions\redhat.java-1.56.0-win32-x64\jre\21.0.12.1-win32-x86_64\bin\nio.dll
Event: 0.499 Loaded shared library C:\Users\User\.vscode\extensions\redhat.java-1.56.0-win32-x64\jre\21.0.12.1-win32-x86_64\bin\nio.dll
Event: 0.504 Attempting to load shared library C:\Users\User\.vscode\extensions\redhat.java-1.56.0-win32-x64\jre\21.0.12.1-win32-x86_64\bin\zip.dll
Event: 0.504 Loaded shared library C:\Users\User\.vscode\extensions\redhat.java-1.56.0-win32-x64\jre\21.0.12.1-win32-x86_64\bin\zip.dll
Event: 1.997 Attempting to load shared library C:\Users\User\.vscode\extensions\redhat.java-1.56.0-win32-x64\jre\21.0.12.1-win32-x86_64\bin\jimage.dll
Event: 1.997 Loaded shared library C:\Users\User\.vscode\extensions\redhat.java-1.56.0-win32-x64\jre\21.0.12.1-win32-x86_64\bin\jimage.dll
Event: 4.695 Attempting to load shared library C:\Users\User\.vscode\extensions\redhat.java-1.56.0-win32-x64\jre\21.0.12.1-win32-x86_64\bin\verify.dll
Event: 4.720 Loaded shared library C:\Users\User\.vscode\extensions\redhat.java-1.56.0-win32-x64\jre\21.0.12.1-win32-x86_64\bin\verify.dll
Event: 4.950 Attempting to load shared library C:\Users\User\.gradle\native\660c5614fbf4a5f2a75b1949f50a0caf5cd603558e7d8a26e50b933a0cfb79d1\windows-amd64\native-platform.dll
Event: 5.000 Loaded shared library C:\Users\User\.gradle\native\660c5614fbf4a5f2a75b1949f50a0caf5cd603558e7d8a26e50b933a0cfb79d1\windows-amd64\native-platform.dll
Event: 5.222 Attempting to load shared library C:\Users\User\.gradle\native\0.2.8\x86_64-windows-gnu\gradle-fileevents.dll
Event: 5.223 Loaded shared library C:\Users\User\.gradle\native\0.2.8\x86_64-windows-gnu\gradle-fileevents.dll
Event: 13.579 Attempting to load shared library C:\Users\User\.vscode\extensions\redhat.java-1.56.0-win32-x64\jre\21.0.12.1-win32-x86_64\bin\management.dll
Event: 13.603 Loaded shared library C:\Users\User\.vscode\extensions\redhat.java-1.56.0-win32-x64\jre\21.0.12.1-win32-x86_64\bin\management.dll
Event: 13.638 Attempting to load shared library C:\Users\User\.vscode\extensions\redhat.java-1.56.0-win32-x64\jre\21.0.12.1-win32-x86_64\bin\management_ext.dll
Event: 13.654 Loaded shared library C:\Users\User\.vscode\extensions\redhat.java-1.56.0-win32-x64\jre\21.0.12.1-win32-x86_64\bin\management_ext.dll
Event: 16.173 Attempting to load shared library C:\Users\User\.vscode\extensions\redhat.java-1.56.0-win32-x64\jre\21.0.12.1-win32-x86_64\bin\extnet.dll
Event: 16.177 Loaded shared library C:\Users\User\.vscode\extensions\redhat.java-1.56.0-win32-x64\jre\21.0.12.1-win32-x86_64\bin\extnet.dll
Event: 17.760 Attempting to load shared library C:\Users\User\.vscode\extensions\redhat.java-1.56.0-win32-x64\jre\21.0.12.1-win32-x86_64\bin\sunmscapi.dll
Event: 17.775 Loaded shared library C:\Users\User\.vscode\extensions\redhat.java-1.56.0-win32-x64\jre\21.0.12.1-win32-x86_64\bin\sunmscapi.dll

Deoptimization events (20 events):
Event: 49.982 Thread 0x000001c464c982a0 Uncommon trap: trap_request=0xffffffde fr.pc=0x000001c44020e4fc relative=0x0000000000000ebc
Event: 49.983 Thread 0x000001c464c982a0 Uncommon trap: reason=class_check action=maybe_recompile pc=0x000001c44020e4fc method=org.gradle.internal.instantiation.generator.AbstractClassGenerator$InjectionAnnotationValidator.validateMethod(Ljava/lang/reflect/Method;Lorg/gradle/internal/reflect/Pro
Event: 49.983 Thread 0x000001c464c982a0 DEOPT PACKING pc=0x000001c44020e4fc sp=0x000000701d6f7280
Event: 49.983 Thread 0x000001c464c982a0 DEOPT UNPACKING pc=0x000001c43fa27ba2 sp=0x000000701d6f7280 mode 2
Event: 50.153 Thread 0x000001c464c982a0 Uncommon trap: trap_request=0xffffffde fr.pc=0x000001c44020e4fc relative=0x0000000000000ebc
Event: 50.153 Thread 0x000001c464c982a0 Uncommon trap: reason=class_check action=maybe_recompile pc=0x000001c44020e4fc method=org.gradle.internal.instantiation.generator.AbstractClassGenerator$InjectionAnnotationValidator.validateMethod(Ljava/lang/reflect/Method;Lorg/gradle/internal/reflect/Pro
Event: 50.153 Thread 0x000001c464c982a0 DEOPT PACKING pc=0x000001c44020e4fc sp=0x000000701d6f7270
Event: 50.153 Thread 0x000001c464c982a0 DEOPT UNPACKING pc=0x000001c43fa27ba2 sp=0x000000701d6f7270 mode 2
Event: 50.194 Thread 0x000001c464c982a0 Uncommon trap: trap_request=0xffffffde fr.pc=0x000001c44020e4fc relative=0x0000000000000ebc
Event: 50.194 Thread 0x000001c464c982a0 Uncommon trap: reason=class_check action=maybe_recompile pc=0x000001c44020e4fc method=org.gradle.internal.instantiation.generator.AbstractClassGenerator$InjectionAnnotationValidator.validateMethod(Ljava/lang/reflect/Method;Lorg/gradle/internal/reflect/Pro
Event: 50.194 Thread 0x000001c464c982a0 DEOPT PACKING pc=0x000001c44020e4fc sp=0x000000701d6f71d0
Event: 50.194 Thread 0x000001c464c982a0 DEOPT UNPACKING pc=0x000001c43fa27ba2 sp=0x000000701d6f71d0 mode 2
Event: 50.237 Thread 0x000001c464c982a0 Uncommon trap: trap_request=0xffffffde fr.pc=0x000001c44020e4fc relative=0x0000000000000ebc
Event: 50.237 Thread 0x000001c464c982a0 Uncommon trap: reason=class_check action=maybe_recompile pc=0x000001c44020e4fc method=org.gradle.internal.instantiation.generator.AbstractClassGenerator$InjectionAnnotationValidator.validateMethod(Ljava/lang/reflect/Method;Lorg/gradle/internal/reflect/Pro
Event: 50.237 Thread 0x000001c464c982a0 DEOPT PACKING pc=0x000001c44020e4fc sp=0x000000701d6f71c0
Event: 50.237 Thread 0x000001c464c982a0 DEOPT UNPACKING pc=0x000001c43fa27ba2 sp=0x000000701d6f7198 mode 2
Event: 50.263 Thread 0x000001c464c982a0 Uncommon trap: trap_request=0xffffff45 fr.pc=0x000001c4401849d0 relative=0x0000000000000130
Event: 50.263 Thread 0x000001c464c982a0 Uncommon trap: reason=unstable_if action=reinterpret pc=0x000001c4401849d0 method=java.util.Arrays.hashCode([Ljava/lang/Object;)I @ 34 c2
Event: 50.263 Thread 0x000001c464c982a0 DEOPT PACKING pc=0x000001c4401849d0 sp=0x000000701d6f8190
Event: 50.263 Thread 0x000001c464c982a0 DEOPT UNPACKING pc=0x000001c43fa27ba2 sp=0x000000701d6f8108 mode 2

Classes loaded (20 events):
Event: 50.539 Loading class jdk/internal/logger/LazyLoggers$LazyLoggerFactories
Event: 50.540 Loading class jdk/internal/logger/LazyLoggers$LazyLoggerFactories done
Event: 50.544 Loading class jdk/internal/logger/LoggerFinderLoader
Event: 50.544 Loading class jdk/internal/logger/LoggerFinderLoader done
Event: 50.601 Loading class jdk/internal/logger/LoggerFinderLoader$TemporaryLoggerFinder
Event: 50.602 Loading class jdk/internal/logger/LoggerFinderLoader$TemporaryLoggerFinder done
Event: 50.603 Loading class sun/util/logging/internal/LoggingProviderImpl$JULWrapper
Event: 50.604 Loading class sun/util/logging/PlatformLogger$ConfigurableBridge$LoggerConfiguration
Event: 50.604 Loading class sun/util/logging/PlatformLogger$ConfigurableBridge$LoggerConfiguration done
Event: 50.604 Loading class sun/util/logging/internal/LoggingProviderImpl$JULWrapper done
Event: 50.606 Loading class java/io/ObjectInputFilter$Config$BuiltinFilterFactory
Event: 50.606 Loading class java/io/ObjectInputFilter$Config$BuiltinFilterFactory done
Event: 50.606 Loading class jdk/internal/access/JavaObjectInputFilterAccess
Event: 50.606 Loading class jdk/internal/access/JavaObjectInputFilterAccess done
Event: 50.607 Loading class jdk/internal/event/DeserializationEvent
Event: 50.610 Loading class jdk/internal/event/DeserializationEvent done
Event: 50.610 Loading class java/io/ObjectInputStream$FieldValues
Event: 50.611 Loading class java/io/ObjectInputStream$GetField
Event: 50.611 Loading class java/io/ObjectInputStream$GetField done
Event: 50.611 Loading class java/io/ObjectInputStream$FieldValues done

Classes unloaded (0 events):
No events

Classes redefined (0 events):
No events

Internal exceptions (20 events):
Event: 46.564 Thread 0x000001c464c982a0 Exception <a 'java/lang/NoSuchMethodError'{0x00000000ebf996b0}: 'java.lang.Object java.lang.invoke.DelegatingMethodHandle$Holder.reinvoke_L(java.lang.Object, java.lang.Object, java.lang.Object, java.lang.Object, java.lang.Object, java.lang.Object, java.lang.Object, java.lang.Object, java.lang.Object, java.lang.Object, java.lang.Object, java.lang.Object, java.lang.Object, java.lang.Object, java.lang.Object, java.lang.Object, java.lang.Object, java.lang.Object, java.lang.Object)'> (0x00000000ebf996b0) 
throw
Event: 47.220 Thread 0x000001c464c982a0 Exception <a 'java/lang/NoSuchMethodError'{0x00000000eb91ab70}: 'java.lang.Object java.lang.invoke.DelegatingMethodHandle$Holder.reinvoke_L(java.lang.Object, java.lang.Object, java.lang.Object, java.lang.Object, int, java.lang.Object, java.lang.Object, java.lang.Object, java.lang.Object, java.lang.Object, java.lang.Object, java.lang.Object, java.lang.Object)'> (0x00000000eb91ab70) 
thrown [s\src\hotspot\share\interpreter\linkResolver.cpp, line 773]
Event: 47.471 Thread 0x000001c464c982a0 Exception <a 'java/lang/NoSuchMethodError'{0x00000000eb78a1a0}: 'java.lang.Object java.lang.invoke.DirectMethodHandle$Holder.newInvokeSpecial(java.lang.Object, java.lang.Object, java.lang.Object, int, java.lang.Object)'> (0x00000000eb78a1a0) 
thrown [s\src\hotspot\share\interpreter\linkResolver.cpp, line 773]
Event: 47.472 Thread 0x000001c464c982a0 Exception <a 'java/lang/NoSuchMethodError'{0x00000000eb78e968}: 'java.lang.Object java.lang.invoke.Invokers$Holder.linkToTargetMethod(java.lang.Object, java.lang.Object, int, java.lang.Object, java.lang.Object)'> (0x00000000eb78e968) 
thrown [s\src\hotspot\share\interpreter\linkResolver.cpp, line 773]
Event: 47.634 Thread 0x000001c464c982a0 Exception <a 'java/lang/NoSuchMethodError'{0x00000000eb5e8938}: 'java.lang.Object java.lang.invoke.DirectMethodHandle$Holder.newInvokeSpecial(java.lang.Object, int, java.lang.Object)'> (0x00000000eb5e8938) 
thrown [s\src\hotspot\share\interpreter\linkResolver.cpp, line 773]
Event: 47.748 Thread 0x000001c464c982a0 Exception <a 'java/lang/NoSuchMethodError'{0x00000000eb227c10}: 'java.lang.Object java.lang.invoke.DirectMethodHandle$Holder.invokeSpecial(java.lang.Object, java.lang.Object, long, int)'> (0x00000000eb227c10) 
thrown [s\src\hotspot\share\interpreter\linkResolver.cpp, line 773]
Event: 48.627 Thread 0x000001c464c982a0 Exception <a 'java/lang/NoSuchMethodError'{0x00000000ea974af8}: 'int java.lang.invoke.DirectMethodHandle$Holder.invokeSpecialIFC(java.lang.Object, java.lang.Object, java.lang.Object)'> (0x00000000ea974af8) 
thrown [s\src\hotspot\share\interpreter\linkResolver.cpp, line 773]
Event: 49.213 Thread 0x000001c464c982a0 Exception <a 'java/lang/NoSuchMethodError'{0x00000000ea2281c0}: 'int java.lang.invoke.DirectMethodHandle$Holder.invokeInterface(java.lang.Object, java.lang.Object, java.lang.Object, java.lang.Object, java.lang.Object)'> (0x00000000ea2281c0) 
thrown [s\src\hotspot\share\interpreter\linkResolver.cpp, line 773]
Event: 49.832 Thread 0x000001c464c982a0 Exception <a 'java/lang/NoSuchMethodError'{0x00000000e9d8c568}: 'int java.lang.invoke.DirectMethodHandle$Holder.invokeInterface(java.lang.Object, java.lang.Object, java.lang.Object, java.lang.Object)'> (0x00000000e9d8c568) 
thrown [s\src\hotspot\share\interpreter\linkResolver.cpp, line 773]
Event: 50.057 Thread 0x000001c464c982a0 Exception <a 'java/lang/NoSuchMethodError'{0x00000000e9b76bc0}: 'java.lang.Object java.lang.invoke.DirectMethodHandle$Holder.invokeStatic(java.lang.Object, long, java.lang.Object)'> (0x00000000e9b76bc0) 
thrown [s\src\hotspot\share\interpreter\linkResolver.cpp, line 773]
Event: 50.058 Thread 0x000001c464c982a0 Exception <a 'java/lang/NoSuchMethodError'{0x00000000e9b7e388}: 'java.lang.Object java.lang.invoke.DirectMethodHandle$Holder.newInvokeSpecial(java.lang.Object, long)'> (0x00000000e9b7e388) 
thrown [s\src\hotspot\share\interpreter\linkResolver.cpp, line 773]
Event: 50.176 Thread 0x000001c464c982a0 Exception <a 'java/lang/NoSuchMethodError'{0x00000000e9bdf588}: 'java.lang.Object java.lang.invoke.DirectMethodHandle$Holder.newInvokeSpecial(java.lang.Object, java.lang.Object, java.lang.Object, java.lang.Object, java.lang.Object, long, java.lang.Object)'> (0x00000000e9bdf588) 
thrown [s\src\hotspot\share\interpreter\linkResolver.cpp, line 773]
Event: 50.176 Thread 0x000001c464c982a0 Exception <a 'java/lang/NoSuchMethodError'{0x00000000e9be8360}: 'java.lang.Object java.lang.invoke.Invokers$Holder.linkToTargetMethod(java.lang.Object, java.lang.Object, java.lang.Object, java.lang.Object, long, java.lang.Object, java.lang.Object)'> (0x00000000e9be8360) 
thrown [s\src\hotspot\share\interpreter\linkResolver.cpp, line 773]
Event: 50.184 Thread 0x000001c464c982a0 Exception <a 'java/lang/NoSuchMethodError'{0x00000000e9a28700}: 'java.lang.Object java.lang.invoke.DirectMethodHandle$Holder.newInvokeSpecial(java.lang.Object, java.lang.Object, java.lang.Object, long, java.lang.Object)'> (0x00000000e9a28700) 
thrown [s\src\hotspot\share\interpreter\linkResolver.cpp, line 773]
Event: 50.184 Thread 0x000001c464c982a0 Exception <a 'java/lang/NoSuchMethodError'{0x00000000e9a2d8d0}: 'java.lang.Object java.lang.invoke.DirectMethodHandle$Holder.invokeSpecial(java.lang.Object, java.lang.Object, java.lang.Object, java.lang.Object, long, java.lang.Object)'> (0x00000000e9a2d8d0) 
thrown [s\src\hotspot\share\interpreter\linkResolver.cpp, line 773]
Event: 50.185 Thread 0x000001c464c982a0 Exception <a 'java/lang/NoSuchMethodError'{0x00000000e9a32170}: 'java.lang.Object java.lang.invoke.Invokers$Holder.linkToTargetMethod(java.lang.Object, java.lang.Object, long, java.lang.Object, java.lang.Object)'> (0x00000000e9a32170) 
thrown [s\src\hotspot\share\interpreter\linkResolver.cpp, line 773]
Event: 50.263 Thread 0x000001c464c982a0 Implicit null exception at 0x000001c4401848fc to 0x000001c4401849b4
Event: 50.526 Thread 0x000001c464c982a0 Exception <a 'java/lang/NoSuchMethodError'{0x00000000e97da438}: static Lorg/gradle/api/services/BuildServiceParameters$None;.<clinit>()V> (0x00000000e97da438) 
thrown [s\src\hotspot\share\prims\jni.cpp, line 1111]
Event: 50.530 Thread 0x000001c464c982a0 Exception <a 'java/lang/NoSuchMethodError'{0x00000000e97e2188}: 'void java.lang.invoke.DirectMethodHandle$Holder.invokeSpecial(java.lang.Object, java.lang.Object, java.lang.Object, int)'> (0x00000000e97e2188) 
thrown [s\src\hotspot\share\interpreter\linkResolver.cpp, line 773]
Event: 50.635 Thread 0x000001c464c982a0 Exception <a 'java/lang/NoSuchMethodError'{0x00000000e8f479b0}: 'java.lang.Object java.lang.invoke.DirectMethodHandle$Holder.invokeSpecial(java.lang.Object, java.lang.Object, long, java.lang.Object, java.lang.Object)'> (0x00000000e8f479b0) 
thrown [s\src\hotspot\share\interpreter\linkResolver.cpp, line 773]

ZGC Phase Switch (0 events):
No events

VM Operations (20 events):
Event: 42.918 Executing non-safepoint VM operation: HandshakeAllThreads (Deoptimize)
Event: 42.918 Executing non-safepoint VM operation: HandshakeAllThreads (Deoptimize) done
Event: 43.923 Executing safepoint VM operation: Cleanup
Event: 43.924 Executing safepoint VM operation: Cleanup done
Event: 44.643 Executing non-safepoint VM operation: HandshakeAllThreads (Deoptimize)
Event: 44.643 Executing non-safepoint VM operation: HandshakeAllThreads (Deoptimize) done
Event: 45.652 Executing safepoint VM operation: Cleanup
Event: 45.653 Executing safepoint VM operation: Cleanup done
Event: 46.656 Executing safepoint VM operation: Cleanup
Event: 46.672 Executing safepoint VM operation: Cleanup done
Event: 47.674 Executing safepoint VM operation: Cleanup
Event: 47.690 Executing safepoint VM operation: Cleanup done
Event: 48.693 Executing safepoint VM operation: Cleanup
Event: 48.693 Executing safepoint VM operation: Cleanup done
Event: 49.695 Executing safepoint VM operation: Cleanup
Event: 49.711 Executing safepoint VM operation: Cleanup done
Event: 49.761 Executing non-safepoint VM operation: HandshakeAllThreads (Deoptimize)
Event: 49.762 Executing non-safepoint VM operation: HandshakeAllThreads (Deoptimize) done
Event: 49.814 Executing non-safepoint VM operation: HandshakeAllThreads (Deoptimize)
Event: 49.814 Executing non-safepoint VM operation: HandshakeAllThreads (Deoptimize) done

Memory protections (0 events):
No events

Nmethod flushes (20 events):
Event: 39.792 Thread 0x000001c44ac24b40 flushing  nmethod 0x000001c4386b8990
Event: 39.792 Thread 0x000001c44ac24b40 flushing  nmethod 0x000001c4386bd210
Event: 39.792 Thread 0x000001c44ac24b40 flushing  nmethod 0x000001c4386bd810
Event: 39.792 Thread 0x000001c44ac24b40 flushing  nmethod 0x000001c438700590
Event: 39.792 Thread 0x000001c44ac24b40 flushing  nmethod 0x000001c438700d90
Event: 39.792 Thread 0x000001c44ac24b40 flushing  nmethod 0x000001c438781e10
Event: 39.792 Thread 0x000001c44ac24b40 flushing  nmethod 0x000001c4387ba690
Event: 39.792 Thread 0x000001c44ac24b40 flushing  nmethod 0x000001c4387bad10
Event: 39.792 Thread 0x000001c44ac24b40 flushing  nmethod 0x000001c4387bda90
Event: 39.792 Thread 0x000001c44ac24b40 flushing  nmethod 0x000001c4387be490
Event: 39.792 Thread 0x000001c44ac24b40 flushing  nmethod 0x000001c4387bf810
Event: 39.792 Thread 0x000001c44ac24b40 flushing  nmethod 0x000001c4387c0890
Event: 39.792 Thread 0x000001c44ac24b40 flushing  nmethod 0x000001c4387c1510
Event: 39.792 Thread 0x000001c44ac24b40 flushing  nmethod 0x000001c438801710
Event: 39.792 Thread 0x000001c44ac24b40 flushing  nmethod 0x000001c438801b10
Event: 39.792 Thread 0x000001c44ac24b40 flushing  nmethod 0x000001c438847890
Event: 39.792 Thread 0x000001c44ac24b40 flushing  nmethod 0x000001c43884aa90
Event: 39.792 Thread 0x000001c44ac24b40 flushing  nmethod 0x000001c43884cf10
Event: 39.792 Thread 0x000001c44ac24b40 flushing  nmethod 0x000001c438854a10
Event: 39.792 Thread 0x000001c44ac24b40 flushing  nmethod 0x000001c438929690

Events (20 events):
Event: 35.618 Thread 0x000001c464c982a0 Thread added: 0x000001c467c17c90
Event: 36.598 Thread 0x000001c464c982a0 Thread added: 0x000001c467c17600
Event: 36.616 Thread 0x000001c464c982a0 Thread added: 0x000001c467c1a3f0
Event: 37.511 Thread 0x000001c464c982a0 Thread added: 0x000001c467c189b0
Event: 37.808 Thread 0x000001c464c982a0 Thread added: 0x000001c46672fe60
Event: 38.682 Thread 0x000001c464c982a0 Thread added: 0x000001c46672f7d0
Event: 38.833 Thread 0x000001c464c982a0 Thread added: 0x000001c46672d070
Event: 39.572 Thread 0x000001c464007de0 Thread added: 0x000001c466726580
Event: 40.668 Thread 0x000001c466726580 Thread exited: 0x000001c466726580
Event: 41.311 Thread 0x000001c464c982a0 Thread added: 0x000001c4667304f0
Event: 41.448 Thread 0x000001c464c982a0 Thread added: 0x000001c466730b80
Event: 41.624 Thread 0x000001c46400af60 Thread added: 0x000001c4662afb50
Event: 41.935 Thread 0x000001c4662afb50 Thread exited: 0x000001c4662afb50
Event: 42.773 Thread 0x000001c46400af60 Thread added: 0x000001c464f7aa40
Event: 43.440 Thread 0x000001c464f7aa40 Thread exited: 0x000001c464f7aa40
Event: 45.698 Thread 0x000001c464c982a0 Thread added: 0x000001c46672d700
Event: 46.405 Thread 0x000001c46400af60 Thread added: 0x000001c46655ef10
Event: 47.950 Thread 0x000001c46655ef10 Thread exited: 0x000001c46655ef10
Event: 50.040 Thread 0x000001c46400af60 Thread added: 0x000001c469b36e80
Event: 50.178 Thread 0x000001c469b36e80 Thread exited: 0x000001c469b36e80


Dynamic libraries:
0x00007ff62c3a0000 - 0x00007ff62c3ae000 	C:\Users\User\.vscode\extensions\redhat.java-1.56.0-win32-x64\jre\21.0.12.1-win32-x86_64\bin\java.exe
0x00007ffc208e0000 - 0x00007ffc20b47000 	C:\WINDOWS\SYSTEM32\ntdll.dll
0x00007ffc1f3e0000 - 0x00007ffc1f4ab000 	C:\WINDOWS\System32\KERNEL32.DLL
0x00007ffc1dae0000 - 0x00007ffc1dee1000 	C:\WINDOWS\System32\KERNELBASE.dll
0x00007ffc1def0000 - 0x00007ffc1e03c000 	C:\WINDOWS\System32\ucrtbase.dll
0x00007ffbf8e30000 - 0x00007ffbf8e48000 	C:\Users\User\.vscode\extensions\redhat.java-1.56.0-win32-x64\jre\21.0.12.1-win32-x86_64\bin\jli.dll
0x00007ffc1ef90000 - 0x00007ffc1f167000 	C:\WINDOWS\System32\USER32.dll
0x00007ffbf72a0000 - 0x00007ffbf72be000 	C:\Users\User\.vscode\extensions\redhat.java-1.56.0-win32-x64\jre\21.0.12.1-win32-x86_64\bin\VCRUNTIME140.dll
0x00007ffc1e480000 - 0x00007ffc1e4a7000 	C:\WINDOWS\System32\win32u.dll
0x00007ffc1fb10000 - 0x00007ffc1fb3b000 	C:\WINDOWS\System32\GDI32.dll
0x00007ffc1e350000 - 0x00007ffc1e478000 	C:\WINDOWS\System32\gdi32full.dll
0x00007ffc1e110000 - 0x00007ffc1e1b3000 	C:\WINDOWS\System32\msvcp_win.dll
0x00007ffbfe1c0000 - 0x00007ffbfe450000 	C:\WINDOWS\WinSxS\amd64_microsoft.windows.common-controls_6595b64144ccf1df_6.0.26100.9549_none_3e0a0396e3330090\COMCTL32.dll
0x00007ffc1e600000 - 0x00007ffc1e6a9000 	C:\WINDOWS\System32\msvcrt.dll
0x00007ffc1ecd0000 - 0x00007ffc1ed01000 	C:\WINDOWS\System32\IMM32.DLL
0x00007ffc16830000 - 0x00007ffc1683c000 	C:\Users\User\.vscode\extensions\redhat.java-1.56.0-win32-x64\jre\21.0.12.1-win32-x86_64\bin\vcruntime140_1.dll
0x00007ffbf70c0000 - 0x00007ffbf714d000 	C:\Users\User\.vscode\extensions\redhat.java-1.56.0-win32-x64\jre\21.0.12.1-win32-x86_64\bin\msvcp140.dll
0x00007ffb90f40000 - 0x00007ffb91ce2000 	C:\Users\User\.vscode\extensions\redhat.java-1.56.0-win32-x64\jre\21.0.12.1-win32-x86_64\bin\server\jvm.dll
0x00007ffc1e6b0000 - 0x00007ffc1e76b000 	C:\WINDOWS\System32\ADVAPI32.dll
0x00007ffc1fc40000 - 0x00007ffc1fce8000 	C:\WINDOWS\System32\sechost.dll
0x00007ffc1ffd0000 - 0x00007ffc200e8000 	C:\WINDOWS\System32\RPCRT4.dll
0x00007ffc1ef00000 - 0x00007ffc1ef81000 	C:\WINDOWS\System32\WS2_32.dll
0x00007ffc1d930000 - 0x00007ffc1d98e000 	C:\WINDOWS\SYSTEM32\POWRPROF.dll
0x00007ffc13bb0000 - 0x00007ffc13be7000 	C:\WINDOWS\SYSTEM32\WINMM.dll
0x00007ffc139b0000 - 0x00007ffc139bb000 	C:\WINDOWS\SYSTEM32\VERSION.dll
0x00007ffc1d910000 - 0x00007ffc1d925000 	C:\WINDOWS\SYSTEM32\UMPDC.dll
0x00007ffc1c780000 - 0x00007ffc1c79b000 	C:\WINDOWS\SYSTEM32\kernel.appcore.dll
0x00007ffbf7290000 - 0x00007ffbf729a000 	C:\Users\User\.vscode\extensions\redhat.java-1.56.0-win32-x64\jre\21.0.12.1-win32-x86_64\bin\jimage.dll
0x00007ffc1a9d0000 - 0x00007ffc1ac1c000 	C:\WINDOWS\SYSTEM32\DBGHELP.DLL
0x00007ffc1e930000 - 0x00007ffc1ecba000 	C:\WINDOWS\System32\combase.dll
0x00007ffc1e840000 - 0x00007ffc1e919000 	C:\WINDOWS\System32\OLEAUT32.dll
0x00007ffbf7730000 - 0x00007ffbf776b000 	C:\WINDOWS\SYSTEM32\dbgcore.DLL
0x00007ffc1e4b0000 - 0x00007ffc1e55c000 	C:\WINDOWS\System32\bcryptPrimitives.dll
0x00007ffbf70b0000 - 0x00007ffbf70bf000 	C:\Users\User\.vscode\extensions\redhat.java-1.56.0-win32-x64\jre\21.0.12.1-win32-x86_64\bin\instrument.dll
0x00007ffbf7090000 - 0x00007ffbf70b0000 	C:\Users\User\.vscode\extensions\redhat.java-1.56.0-win32-x64\jre\21.0.12.1-win32-x86_64\bin\java.dll
0x00007ffc200f0000 - 0x00007ffc2088c000 	C:\WINDOWS\System32\SHELL32.dll
0x00007ffc1b4f0000 - 0x00007ffc1bd9d000 	C:\WINDOWS\SYSTEM32\windows.storage.dll
0x00007ffc1fcf0000 - 0x00007ffc1fde9000 	C:\WINDOWS\System32\SHCORE.dll
0x00007ffc1fbd0000 - 0x00007ffc1fc36000 	C:\WINDOWS\System32\shlwapi.dll
0x00007ffc1d9f0000 - 0x00007ffc1da19000 	C:\WINDOWS\SYSTEM32\profapi.dll
0x00007ffbf7070000 - 0x00007ffbf7088000 	C:\Users\User\.vscode\extensions\redhat.java-1.56.0-win32-x64\jre\21.0.12.1-win32-x86_64\bin\zip.dll
0x00007ffbf7060000 - 0x00007ffbf7070000 	C:\Users\User\.vscode\extensions\redhat.java-1.56.0-win32-x64\jre\21.0.12.1-win32-x86_64\bin\net.dll
0x00007ffc17e70000 - 0x00007ffc17f9a000 	C:\WINDOWS\SYSTEM32\WINHTTP.dll
0x00007ffc1cd40000 - 0x00007ffc1cdac000 	C:\WINDOWS\system32\mswsock.dll
0x00007ffbf7040000 - 0x00007ffbf7056000 	C:\Users\User\.vscode\extensions\redhat.java-1.56.0-win32-x64\jre\21.0.12.1-win32-x86_64\bin\nio.dll
0x00007ffbf7030000 - 0x00007ffbf7040000 	C:\Users\User\.vscode\extensions\redhat.java-1.56.0-win32-x64\jre\21.0.12.1-win32-x86_64\bin\verify.dll
0x00007ffc03bf0000 - 0x00007ffc03c17000 	C:\Users\User\.gradle\native\660c5614fbf4a5f2a75b1949f50a0caf5cd603558e7d8a26e50b933a0cfb79d1\windows-amd64\native-platform.dll
0x00007ffbcdff0000 - 0x00007ffbce067000 	C:\Users\User\.gradle\native\0.2.8\x86_64-windows-gnu\gradle-fileevents.dll
0x00007ffc03be0000 - 0x00007ffc03bea000 	C:\Users\User\.vscode\extensions\redhat.java-1.56.0-win32-x64\jre\21.0.12.1-win32-x86_64\bin\management.dll
0x00007ffc03bd0000 - 0x00007ffc03bdc000 	C:\Users\User\.vscode\extensions\redhat.java-1.56.0-win32-x64\jre\21.0.12.1-win32-x86_64\bin\management_ext.dll
0x00007ffc1f2d0000 - 0x00007ffc1f2d8000 	C:\WINDOWS\System32\PSAPI.DLL
0x00007ffc1c160000 - 0x00007ffc1c193000 	C:\WINDOWS\SYSTEM32\IPHLPAPI.DLL
0x00007ffc1e920000 - 0x00007ffc1e92a000 	C:\WINDOWS\System32\NSI.dll
0x00007ffc0d200000 - 0x00007ffc0d209000 	C:\Users\User\.vscode\extensions\redhat.java-1.56.0-win32-x64\jre\21.0.12.1-win32-x86_64\bin\extnet.dll
0x00007ffc1d030000 - 0x00007ffc1d04b000 	C:\WINDOWS\SYSTEM32\CRYPTSP.dll
0x00007ffc1c6e0000 - 0x00007ffc1c719000 	C:\WINDOWS\system32\rsaenh.dll
0x00007ffc1cdf0000 - 0x00007ffc1ce24000 	C:\WINDOWS\SYSTEM32\USERENV.dll
0x00007ffc1d9c0000 - 0x00007ffc1d9ea000 	C:\WINDOWS\SYSTEM32\bcrypt.dll
0x00007ffc1d050000 - 0x00007ffc1d05c000 	C:\WINDOWS\SYSTEM32\CRYPTBASE.dll
0x00007ffc0d210000 - 0x00007ffc0d21e000 	C:\Users\User\.vscode\extensions\redhat.java-1.56.0-win32-x64\jre\21.0.12.1-win32-x86_64\bin\sunmscapi.dll
0x00007ffc1e1c0000 - 0x00007ffc1e33f000 	C:\WINDOWS\System32\CRYPT32.dll
0x00007ffc1d290000 - 0x00007ffc1d2c0000 	C:\WINDOWS\SYSTEM32\ncrypt.dll
0x00007ffc1d240000 - 0x00007ffc1d27f000 	C:\WINDOWS\SYSTEM32\NTASN1.dll
0x00007ffbfa8d0000 - 0x00007ffbfa8d8000 	C:\WINDOWS\system32\wshunix.dll

JVMTI agents:
C:\Users\User\.gradle\wrapper\dists\gradle-9.7.1-bin\1w1c7tv4s851m17nbqdsro2tv\gradle-9.7.1\lib\agents\gradle-instrumentation-agent-9.7.1.jar path:C:\Users\User\.vscode\extensions\redhat.java-1.56.0-win32-x64\jre\21.0.12.1-win32-x86_64\bin\instrument.dll, loaded, initialized, instrumentlib options:none

dbghelp: loaded successfully - version: 4.0.5 - missing functions: none
symbol engine: initialized successfully - sym options: 0x614 - pdb path: .;C:\Users\User\.vscode\extensions\redhat.java-1.56.0-win32-x64\jre\21.0.12.1-win32-x86_64\bin;C:\WINDOWS\SYSTEM32;C:\WINDOWS\WinSxS\amd64_microsoft.windows.common-controls_6595b64144ccf1df_6.0.26100.9549_none_3e0a0396e3330090;C:\Users\User\.vscode\extensions\redhat.java-1.56.0-win32-x64\jre\21.0.12.1-win32-x86_64\bin\server;C:\Users\User\.gradle\native\660c5614fbf4a5f2a75b1949f50a0caf5cd603558e7d8a26e50b933a0cfb79d1\windows-amd64;C:\Users\User\.gradle\native\0.2.8\x86_64-windows-gnu

VM Arguments:
jvm_args: --add-opens=java.base/java.lang=ALL-UNNAMED --add-opens=java.base/java.lang.invoke=ALL-UNNAMED --add-opens=java.base/java.util=ALL-UNNAMED --add-opens=java.prefs/java.util.prefs=ALL-UNNAMED --add-exports=jdk.compiler/com.sun.tools.javac.api=ALL-UNNAMED --add-exports=jdk.compiler/com.sun.tools.javac.util=ALL-UNNAMED --add-opens=java.base/java.nio.charset=ALL-UNNAMED --add-opens=java.base/java.net=ALL-UNNAMED --add-opens=java.base/java.util.concurrent=ALL-UNNAMED --add-opens=java.base/java.util.concurrent.atomic=ALL-UNNAMED --add-opens=java.xml/javax.xml.namespace=ALL-UNNAMED --add-opens=java.base/java.time=ALL-UNNAMED -XX:MaxMetaspaceSize=384m -XX:+HeapDumpOnOutOfMemoryError -Xms256m -Xmx512m -Dfile.encoding=UTF-8 -Duser.country=US -Duser.language=en -Duser.variant -javaagent:C:\Users\User\.gradle\wrapper\dists\gradle-9.7.1-bin\1w1c7tv4s851m17nbqdsro2tv\gradle-9.7.1\lib\agents\gradle-instrumentation-agent-9.7.1.jar 
java_command: org.gradle.launcher.daemon.bootstrap.GradleDaemon 9.7.1
java_class_path (initial): C:\Users\User\.gradle\wrapper\dists\gradle-9.7.1-bin\1w1c7tv4s851m17nbqdsro2tv\gradle-9.7.1\lib\gradle-daemon-main-9.7.1.jar
Launcher Type: SUN_STANDARD

[Global flags]
     intx CICompilerCount                          = 4                                         {product} {ergonomic}
   size_t CompressedClassSpaceSize                 = 335544320                                 {product} {ergonomic}
     uint ConcGCThreads                            = 2                                         {product} {ergonomic}
     uint G1ConcRefinementThreads                  = 8                                         {product} {ergonomic}
   size_t G1HeapRegionSize                         = 1048576                                   {product} {ergonomic}
    uintx GCDrainStackTargetSize                   = 64                                        {product} {ergonomic}
     bool HeapDumpOnOutOfMemoryError               = true                                   {manageable} {command line}
   size_t InitialHeapSize                          = 268435456                                 {product} {command line}
   size_t MarkStackSize                            = 4194304                                   {product} {ergonomic}
   size_t MaxHeapSize                              = 536870912                                 {product} {command line}
   size_t MaxMetaspaceSize                         = 402653184                                 {product} {command line}
   size_t MaxNewSize                               = 321912832                                 {product} {ergonomic}
   size_t MinHeapDeltaBytes                        = 1048576                                   {product} {ergonomic}
   size_t MinHeapSize                              = 268435456                                 {product} {command line}
    uintx NonNMethodCodeHeapSize                   = 5839372                                {pd product} {ergonomic}
    uintx NonProfiledCodeHeapSize                  = 122909434                              {pd product} {ergonomic}
    uintx ProfiledCodeHeapSize                     = 122909434                              {pd product} {ergonomic}
    uintx ReservedCodeCacheSize                    = 251658240                              {pd product} {ergonomic}
     bool SegmentedCodeCache                       = true                                      {product} {ergonomic}
   size_t SoftMaxHeapSize                          = 536870912                              {manageable} {ergonomic}
     bool UseCompressedOops                        = true                           {product lp64_product} {ergonomic}
     bool UseG1GC                                  = true                                      {product} {ergonomic}
     bool UseLargePagesIndividualAllocation        = false                                  {pd product} {ergonomic}

Logging:
Log output configuration:
 #0: stdout all=warning uptime,level,tags foldmultilines=false
 #1: stderr all=off uptime,level,tags foldmultilines=false

Release file:
JAVA_VERSION="21.0.12.1" 
MODULES="java.base java.compiler java.datatransfer java.xml java.prefs java.desktop java.instrument java.logging java.management java.security.sasl java.naming java.rmi java.management.rmi java.net.http java.scripting java.security.jgss java.transaction.xa java.sql java.sql.rowset java.xml.crypto java.se java.smartcardio jdk.accessibility jdk.internal.jvmstat jdk.attach jdk.charsets jdk.internal.opt jdk.zipfs jdk.compiler jdk.crypto.ec jdk.crypto.cryptoki jdk.crypto.mscapi jdk.dynalink jdk.internal.ed jdk.editpad jdk.hotspot.agent jdk.httpserver jdk.internal.le jdk.internal.vm.ci jdk.internal.vm.compiler jdk.internal.vm.compiler.management jdk.jartool jdk.javadoc jdk.jcmd jdk.management jdk.management.agent jdk.jconsole jdk.jdeps jdk.jdwp.agent jdk.jdi jdk.jfr jdk.jshell jdk.jsobject jdk.jstatd jdk.localedata jdk.management.jfr jdk.naming.dns jdk.naming.rmi jdk.net jdk.nio.mapmode jdk.random jdk.sctp jdk.security.auth jdk.security.jgss jdk.unsupported jdk.unsupported.desktop jdk.xml.dom" 

Environment Variables:
PATH=C:\Program Files\Eclipse Adoptium\jdk-21.0.12.101-hotspot\bin;C:\WINDOWS\system32;C:\WINDOWS;C:\WINDOWS\System32\Wbem;C:\WINDOWS\System32\WindowsPowerShell\v1.0;C:\WINDOWS\System32\OpenSSH;C:\Program Files\Microsoft SQL Server\150\Tools\Binn;C:\Program Files\Microsoft SQL Server\Client SDK\ODBC\170\Tools\Binn;C:\Program Files\dotnet;C:\Program Files (x86)\Microsoft SQL Server\150\Tools\Binn;C:\Program Files (x86)\Microsoft SQL Server\150\DTS\Binn;C:\Program Files\Microsoft SQL Server\150\DTS\Binn;C:\Program Files\nodejs;D:\Git\cmd;C:\Program Files\GitHub CLI;C:\Program Files (x86)\AOMEI Partition Assistant;C:\Users\User\AppData\Local\Programs\Python\Python313\Scripts\;C:\Users\User\AppData\Local\Programs\Python\Python313\;C:\Users\User\AppData\Local\Programs\Python\Launcher\;C:\Users\User\.local\bin;C:\Users\User\AppData\Local\Microsoft\WindowsApps;H:\Microsoft VS Code\bin;C:\Users\User\.dotnet\tools;C:\Program Files\Azure Data Studio\bin;C:\Users\User\AppData\Roaming\npm
USERNAME=User
OS=Windows_NT
PROCESSOR_IDENTIFIER=Intel64 Family 6 Model 140 Stepping 1, GenuineIntel
TMP=C:\Users\User\AppData\Local\Temp
TEMP=C:\Users\User\AppData\Local\Temp




Periodic native trim disabled

---------------  S Y S T E M  ---------------

OS:
 Windows 11 , 64 bit Build 26100 (10.0.26100.9549)
OS uptime: 0 days 1:52 hours
Hyper-V role detected

CPU: total 8 (initial active 8) (4 cores per cpu, 2 threads per core) family 6 model 140 stepping 1 microcode 0xac, cx8, cmov, fxsr, ht, mmx, 3dnowpref, sse, sse2, sse3, ssse3, sse4.1, sse4.2, popcnt, lzcnt, tsc, tscinvbit, avx, avx2, aes, erms, clmul, bmi1, bmi2, adx, avx512f, avx512dq, avx512cd, avx512bw, avx512vl, sha, fma, vzeroupper, avx512_vpopcntdq, avx512_vpclmulqdq, avx512_vaes, avx512_vnni, clflush, clflushopt, clwb, avx512_vbmi2, avx512_vbmi, hv, rdtscp, rdpid, fsrm, gfni, avx512_bitalg, f16c, cet_ibt, cet_ss, avx512_ifma
Processor Information for the first 8 processors :
  Max Mhz: 2419, Current Mhz: 2419, Mhz Limit: 2419

Memory: 4k page, system-wide physical 7932M (733M free)
TotalPageFile size 32508M (AvailPageFile size 4M)
current process WorkingSet (physical memory assigned to process): 242M, peak: 242M
current process commit charge ("private bytes"): 488M, peak: 489M

vm_info: OpenJDK 64-Bit Server VM (21.0.12.1+1-LTS) for windows-amd64 JRE (21.0.12.1+1-LTS), built on 2026-08-18T00:00:00Z by "admin" with MS VC++ 17.12 (VS2022)

END.
