#
# There is insufficient memory for the Java Runtime Environment to continue.
# Native memory allocation (malloc) failed to allocate 1317136 bytes. Error detail: Chunk::new
# Possible reasons:
#   The system is out of physical RAM or swap space
#   This process is running with CompressedOops enabled, and the Java Heap may be blocking the growth of the native heap
# Possible solutions:
#   Reduce memory load on the system
#   Increase physical memory or swap space
#   Check if swap backing store is full
#   Decrease Java heap size (-Xmx/-Xms)
#   Decrease number of Java threads
#   Decrease Java thread stack sizes (-Xss)
#   Set larger code cache with -XX:ReservedCodeCacheSize=
#   JVM is running with Unscaled Compressed Oops mode in which the Java heap is
#     placed in the first 4GB address space. The Java Heap base address is the
#     maximum limit for the native heap growth. Please use -XX:HeapBaseMinAddress
#     to set the Java Heap base and to place the Java Heap above 4GB virtual address.
# This output file may be truncated or incomplete.
#
#  Out of Memory Error (arena.cpp:168), pid=11456, tid=30916
#
# JRE version: OpenJDK Runtime Environment Temurin-21.0.12.1+1 (21.0.12.1+1) (build 21.0.12.1+1-LTS)
# Java VM: OpenJDK 64-Bit Server VM Temurin-21.0.12.1+1 (21.0.12.1+1-LTS, mixed mode, sharing, tiered, compressed oops, compressed class ptrs, g1 gc, windows-amd64)
# No core dump will be written. Minidumps are not enabled by default on client versions of Windows
#

---------------  S U M M A R Y ------------

Command Line: --add-opens=java.base/java.lang=ALL-UNNAMED --add-opens=java.base/java.lang.invoke=ALL-UNNAMED --add-opens=java.base/java.util=ALL-UNNAMED --add-opens=java.prefs/java.util.prefs=ALL-UNNAMED --add-exports=jdk.compiler/com.sun.tools.javac.api=ALL-UNNAMED --add-exports=jdk.compiler/com.sun.tools.javac.util=ALL-UNNAMED --add-opens=java.base/java.nio.charset=ALL-UNNAMED --add-opens=java.base/java.net=ALL-UNNAMED --add-opens=java.base/java.util.concurrent=ALL-UNNAMED --add-opens=java.base/java.util.concurrent.atomic=ALL-UNNAMED --add-opens=java.xml/javax.xml.namespace=ALL-UNNAMED --add-opens=java.base/java.time=ALL-UNNAMED -XX:MaxMetaspaceSize=384m -XX:+HeapDumpOnOutOfMemoryError -Xms256m -Xmx512m -Dfile.encoding=UTF-8 -Duser.country=US -Duser.language=en -Duser.variant -javaagent:C:\Users\User\.gradle\wrapper\dists\gradle-9.7.1-bin\1w1c7tv4s851m17nbqdsro2tv\gradle-9.7.1\lib\agents\gradle-instrumentation-agent-9.7.1.jar org.gradle.launcher.daemon.bootstrap.GradleDaemon 9.7.1

Host: 11th Gen Intel(R) Core(TM) i5-1135G7 @ 2.40GHz, 8 cores, 7G,  Windows 11 , 64 bit Build 26100 (10.0.26100.9444)
Time: Sat Sep 26 12:10:10 2026 Bangladesh Standard Time elapsed time: 24.747665 seconds (0d 0h 0m 24s)

---------------  T H R E A D  ---------------

Current thread (0x000001f1b9612af0):  JavaThread "C2 CompilerThread0" daemon [_thread_in_native, id=30916, stack(0x000000d541d00000,0x000000d541e00000) (1024K)]


Current CompileTask:
C2:24747 3936   !   4       java.net.URLClassLoader$1::run (81 bytes)

Stack: [0x000000d541d00000,0x000000d541e00000]
Native frames: (J=compiled Java code, j=interpreted, Vv=VM code, C=native code)
V  [jvm.dll+0x6d83e9]
V  [jvm.dll+0x8b5736]
V  [jvm.dll+0x8b7cee]
V  [jvm.dll+0x8b83d3]
V  [jvm.dll+0x284596]
V  [jvm.dll+0xc685d]
V  [jvm.dll+0xc6da1]
V  [jvm.dll+0x3bf151]
V  [jvm.dll+0x1e3f42]
V  [jvm.dll+0x24c853]
V  [jvm.dll+0x24bce0]
V  [jvm.dll+0x1cb4ae]
V  [jvm.dll+0x25baad]
V  [jvm.dll+0x25a03a]
V  [jvm.dll+0x3f8aae]
V  [jvm.dll+0x8600cd]
V  [jvm.dll+0x6d6c1d]
C  [ucrtbase.dll+0x2cd30]
C  [KERNEL32.DLL+0x2cd87]
C  [ntdll.dll+0xacaec]


---------------  P R O C E S S  ---------------

Threads class SMR info:
_java_thread_list=0x000001f1d5596eb0, length=35, elements={
0x000001f1a3c5ddb0, 0x000001f1b9605e90, 0x000001f1b9607660, 0x000001f1b960cd50,
0x000001f1b960d7b0, 0x000001f1b960e210, 0x000001f1b9612090, 0x000001f1b9612af0,
0x000001f1b96157e0, 0x000001f1b97fb830, 0x000001f1b9878d10, 0x000001f1d4b7a0d0,
0x000001f1d4bb8200, 0x000001f1d4d233a0, 0x000001f1d4160a20, 0x000001f1d4d3aeb0,
0x000001f1d4dbf3b0, 0x000001f1d51e5990, 0x000001f1b96aae90, 0x000001f1b96adc80,
0x000001f1b96acf60, 0x000001f1b96ac240, 0x000001f1b96aa800, 0x000001f1b96ab520,
0x000001f1b96abbb0, 0x000001f1d5c27870, 0x000001f1d5c271e0, 0x000001f1d5c29fd0,
0x000001f1d5c27f00, 0x000001f1d5c28590, 0x000001f1d5c28c20, 0x000001f1d5c292b0,
0x000001f1d5c2a660, 0x000001f1d6e60410, 0x000001f1d6e61e50
}

Java Threads: ( => current thread )
  0x000001f1a3c5ddb0 JavaThread "main"                              [_thread_blocked, id=45380, stack(0x000000d540f00000,0x000000d541000000) (1024K)]
  0x000001f1b9605e90 JavaThread "Reference Handler"          daemon [_thread_blocked, id=24100, stack(0x000000d541700000,0x000000d541800000) (1024K)]
  0x000001f1b9607660 JavaThread "Finalizer"                  daemon [_thread_blocked, id=56456, stack(0x000000d541800000,0x000000d541900000) (1024K)]
  0x000001f1b960cd50 JavaThread "Signal Dispatcher"          daemon [_thread_blocked, id=9372, stack(0x000000d541900000,0x000000d541a00000) (1024K)]
  0x000001f1b960d7b0 JavaThread "Attach Listener"            daemon [_thread_blocked, id=43248, stack(0x000000d541a00000,0x000000d541b00000) (1024K)]
  0x000001f1b960e210 JavaThread "Service Thread"             daemon [_thread_blocked, id=56672, stack(0x000000d541b00000,0x000000d541c00000) (1024K)]
  0x000001f1b9612090 JavaThread "Monitor Deflation Thread"   daemon [_thread_blocked, id=55616, stack(0x000000d541c00000,0x000000d541d00000) (1024K)]
=>0x000001f1b9612af0 JavaThread "C2 CompilerThread0"         daemon [_thread_in_native, id=30916, stack(0x000000d541d00000,0x000000d541e00000) (1024K)]
  0x000001f1b96157e0 JavaThread "C1 CompilerThread0"         daemon [_thread_blocked, id=42460, stack(0x000000d541e00000,0x000000d541f00000) (1024K)]
  0x000001f1b97fb830 JavaThread "Common-Cleaner"             daemon [_thread_blocked, id=24980, stack(0x000000d541f00000,0x000000d542000000) (1024K)]
  0x000001f1b9878d10 JavaThread "Notification Thread"        daemon [_thread_blocked, id=47244, stack(0x000000d542000000,0x000000d542100000) (1024K)]
  0x000001f1d4b7a0d0 JavaThread "Daemon health stats"               [_thread_blocked, id=38112, stack(0x000000d542600000,0x000000d542700000) (1024K)]
  0x000001f1d4bb8200 JavaThread "Incoming local TCP Connector on port 58778"        [_thread_in_native, id=59208, stack(0x000000d542700000,0x000000d542800000) (1024K)]
  0x000001f1d4d233a0 JavaThread "Daemon periodic checks"            [_thread_blocked, id=46400, stack(0x000000d542800000,0x000000d542900000) (1024K)]
  0x000001f1d4160a20 JavaThread "Daemon"                            [_thread_blocked, id=48912, stack(0x000000d542900000,0x000000d542a00000) (1024K)]
  0x000001f1d4d3aeb0 JavaThread "Handler for socket connection from /127.0.0.1:58778 to /127.0.0.1:58780"        [_thread_in_native, id=48584, stack(0x000000d542a00000,0x000000d542b00000) (1024K)]
  0x000001f1d4dbf3b0 JavaThread "Cancel handler"                    [_thread_blocked, id=48676, stack(0x000000d542b00000,0x000000d542c00000) (1024K)]
  0x000001f1d51e5990 JavaThread "Daemon worker"                     [_thread_in_vm, id=28488, stack(0x000000d542c00000,0x000000d542d00000) (1024K)]
  0x000001f1b96aae90 JavaThread "Asynchronous log dispatcher for DefaultDaemonConnection: socket connection from /127.0.0.1:58778 to /127.0.0.1:58780"        [_thread_blocked, id=33880, stack(0x000000d542d00000,0x000000d542e00000) (1024K)]
  0x000001f1b96adc80 JavaThread "Stdin handler"                     [_thread_blocked, id=46252, stack(0x000000d542e00000,0x000000d542f00000) (1024K)]
  0x000001f1b96acf60 JavaThread "Daemon client event forwarder"        [_thread_blocked, id=29560, stack(0x000000d542f00000,0x000000d543000000) (1024K)]
  0x000001f1b96ac240 JavaThread "Cache worker for journal cache (C:\Users\User\.gradle\caches\journal-1)"        [_thread_blocked, id=13096, stack(0x000000d543000000,0x000000d543100000) (1024K)]
  0x000001f1b96aa800 JavaThread "File lock request listener"        [_thread_in_native, id=55224, stack(0x000000d543100000,0x000000d543200000) (1024K)]
  0x000001f1b96ab520 JavaThread "Cache worker for file hash cache (C:\Users\User\.gradle\caches\9.7.1\fileHashes)"        [_thread_blocked, id=8196, stack(0x000000d543200000,0x000000d543300000) (1024K)]
  0x000001f1b96abbb0 JavaThread "File lock release action executor"        [_thread_blocked, id=52880, stack(0x000000d543300000,0x000000d543400000) (1024K)]
  0x000001f1d5c27870 JavaThread "Cache worker for file hash cache (E:\AOOP\TryOnBD\backend\.gradle\9.7.1\fileHashes)"        [_thread_blocked, id=21916, stack(0x000000d543700000,0x000000d543800000) (1024K)]
  0x000001f1d5c271e0 JavaThread "Cache worker for Build Output Cleanup Cache (E:\AOOP\TryOnBD\backend\.gradle\buildOutputCleanup)"        [_thread_blocked, id=10664, stack(0x000000d543800000,0x000000d543900000) (1024K)]
  0x000001f1d5c29fd0 JavaThread "File watcher server"        daemon [_thread_in_native, id=36820, stack(0x000000d543900000,0x000000d543a00000) (1024K)]
  0x000001f1d5c27f00 JavaThread "File watcher consumer"      daemon [_thread_blocked, id=48512, stack(0x000000d543a00000,0x000000d543b00000) (1024K)]
  0x000001f1d5c28590 JavaThread "Cache worker for file content cache (C:\Users\User\.gradle\caches\9.7.1\fileContent)"        [_thread_blocked, id=43136, stack(0x000000d543b00000,0x000000d543c00000) (1024K)]
  0x000001f1d5c28c20 JavaThread "Cache worker for checksums cache (E:\AOOP\TryOnBD\backend\.gradle\9.7.1\checksums)"        [_thread_blocked, id=24744, stack(0x000000d543c00000,0x000000d543d00000) (1024K)]
  0x000001f1d5c292b0 JavaThread "Cache worker for cache directory md-supplier (C:\Users\User\.gradle\caches\9.7.1\md-supplier)"        [_thread_blocked, id=62092, stack(0x000000d543d00000,0x000000d543e00000) (1024K)]
  0x000001f1d5c2a660 JavaThread "Cache worker for cache directory md-rule (C:\Users\User\.gradle\caches\9.7.1\md-rule)"        [_thread_blocked, id=35160, stack(0x000000d543e00000,0x000000d543f00000) (1024K)]
  0x000001f1d6e60410 JavaThread "jar transforms"                    [_thread_blocked, id=39416, stack(0x000000d543f00000,0x000000d544000000) (1024K)]
  0x000001f1d6e61e50 JavaThread "jar transforms Thread 2"           [_thread_blocked, id=55372, stack(0x000000d544000000,0x000000d544100000) (1024K)]
Total: 35

Other Threads:
  0x000001f1b95e7920 VMThread "VM Thread"                           [id=55044, stack(0x000000d541600000,0x000000d541700000) (1024K)]
  0x000001f1b95d6c20 WatcherThread "VM Periodic Task Thread"        [id=44756, stack(0x000000d541500000,0x000000d541600000) (1024K)]
  0x000001f1a3c89170 WorkerThread "GC Thread#0"                     [id=10504, stack(0x000000d541000000,0x000000d541100000) (1024K)]
  0x000001f1d3bc8580 WorkerThread "GC Thread#1"                     [id=14504, stack(0x000000d542100000,0x000000d542200000) (1024K)]
  0x000001f1d3953830 WorkerThread "GC Thread#2"                     [id=20960, stack(0x000000d542200000,0x000000d542300000) (1024K)]
  0x000001f1d3953be0 WorkerThread "GC Thread#3"                     [id=48552, stack(0x000000d542300000,0x000000d542400000) (1024K)]
  0x000001f1d3953f90 WorkerThread "GC Thread#4"                     [id=30828, stack(0x000000d542400000,0x000000d542500000) (1024K)]
  0x000001f1d3954340 WorkerThread "GC Thread#5"                     [id=35976, stack(0x000000d542500000,0x000000d542600000) (1024K)]
  0x000001f1d51d0070 WorkerThread "GC Thread#6"                     [id=57004, stack(0x000000d543400000,0x000000d543500000) (1024K)]
  0x000001f1d51d1a40 WorkerThread "GC Thread#7"                     [id=33952, stack(0x000000d543500000,0x000000d543600000) (1024K)]
  0x000001f1a3c8e070 ConcurrentGCThread "G1 Main Marker"            [id=47140, stack(0x000000d541100000,0x000000d541200000) (1024K)]
  0x000001f1a3c8f2a0 WorkerThread "G1 Conc#0"                       [id=47232, stack(0x000000d541200000,0x000000d541300000) (1024K)]
  0x000001f1d62ea7e0 WorkerThread "G1 Conc#1"                       [id=35304, stack(0x000000d543600000,0x000000d543700000) (1024K)]
  0x000001f1a3d1e8b0 ConcurrentGCThread "G1 Refine#0"               [id=61244, stack(0x000000d541300000,0x000000d541400000) (1024K)]
  0x000001f1b94ab610 ConcurrentGCThread "G1 Service"                [id=22588, stack(0x000000d541400000,0x000000d541500000) (1024K)]
Total: 15

Threads with active compile tasks:
C2 CompilerThread0  24798 3936   !   4       java.net.URLClassLoader$1::run (81 bytes)
Total: 1

VM state: not at safepoint (normal execution)

VM Mutex/Monitor currently owned by a thread:  ([mutex/lock_event])
[0x00007ffee8e9fc30] SystemDictionary_lock - owner thread: 0x0000000000000000

Heap address: 0x00000000e0000000, size: 512 MB, Compressed Oops mode: 32-bit

CDS archive(s) mapped at: [0x000001f1ba000000-0x000001f1baba0000-0x000001f1baba0000), size 12189696, SharedBaseAddress: 0x000001f1ba000000, ArchiveRelocationMode: 1.
Compressed class space mapped at: 0x000001f1bb000000-0x000001f1cf000000, reserved size: 335544320
Narrow klass base: 0x000001f1ba000000, Narrow klass shift: 0, Narrow klass range: 0x100000000

GC Precious Log:
 CardTable entry size: 512
 Card Set container configuration: InlinePtr #cards 5 size 8 Array Of Cards #cards 12 size 40 Howl #buckets 4 coarsen threshold 1843 Howl Bitmap #cards 512 size 80 coarsen threshold 460 Card regions per heap region 1 cards per card region 2048
 CPUs: 8 total, 8 available
 Memory: 7932M
 Large Page Support: Disabled
 NUMA Support: Disabled
 Compressed Oops: Enabled (32-bit)
 Heap Region Size: 1M
 Heap Min Capacity: 256M
 Heap Initial Capacity: 256M
 Heap Max Capacity: 512M
 Pre-touch: Disabled
 Parallel Workers: 8
 Concurrent Workers: 2
 Concurrent Refinement Workers: 8
 Periodic GC: Disabled

Heap:
 garbage-first heap   total 262144K, used 46386K [0x00000000e0000000, 0x0000000100000000)
  region size 1024K, 24 young (24576K), 9 survivors (9216K)
 Metaspace       used 36729K, committed 38208K, reserved 393216K
  class space    used 5458K, committed 6208K, reserved 327680K

Heap Regions: E=young(eden), S=young(survivor), O=old, HS=humongous(starts), HC=humongous(continues), CS=collection set, F=free, TAMS=top-at-mark-start, PB=parsable bottom
|   0|0x00000000e0000000, 0x00000000e0100000, 0x00000000e0100000|100%|HS|  |TAMS 0x00000000e0000000| PB 0x00000000e0000000| Complete 
|   1|0x00000000e0100000, 0x00000000e0200000, 0x00000000e0200000|100%|HC|  |TAMS 0x00000000e0100000| PB 0x00000000e0100000| Complete 
|   2|0x00000000e0200000, 0x00000000e0300000, 0x00000000e0300000|100%|HC|  |TAMS 0x00000000e0200000| PB 0x00000000e0200000| Complete 
|   3|0x00000000e0300000, 0x00000000e0400000, 0x00000000e0400000|100%|HC|  |TAMS 0x00000000e0300000| PB 0x00000000e0300000| Complete 
|   4|0x00000000e0400000, 0x00000000e0500000, 0x00000000e0500000|100%| O|  |TAMS 0x00000000e0400000| PB 0x00000000e0400000| Untracked 
|   5|0x00000000e0500000, 0x00000000e0600000, 0x00000000e0600000|100%| O|  |TAMS 0x00000000e0500000| PB 0x00000000e0500000| Untracked 
|   6|0x00000000e0600000, 0x00000000e0700000, 0x00000000e0700000|100%| O|  |TAMS 0x00000000e0600000| PB 0x00000000e0600000| Untracked 
|   7|0x00000000e0700000, 0x00000000e0800000, 0x00000000e0800000|100%| O|  |TAMS 0x00000000e0700000| PB 0x00000000e0700000| Untracked 
|   8|0x00000000e0800000, 0x00000000e0800000, 0x00000000e0900000|  0%| F|  |TAMS 0x00000000e0800000| PB 0x00000000e0800000| Untracked 
|   9|0x00000000e0900000, 0x00000000e0a00000, 0x00000000e0a00000|100%| O|  |TAMS 0x00000000e0900000| PB 0x00000000e0900000| Untracked 
|  10|0x00000000e0a00000, 0x00000000e0b00000, 0x00000000e0b00000|100%| O|  |TAMS 0x00000000e0a00000| PB 0x00000000e0a00000| Untracked 
|  11|0x00000000e0b00000, 0x00000000e0c00000, 0x00000000e0c00000|100%| O|  |TAMS 0x00000000e0b00000| PB 0x00000000e0b00000| Untracked 
|  12|0x00000000e0c00000, 0x00000000e0d00000, 0x00000000e0d00000|100%|HS|  |TAMS 0x00000000e0c00000| PB 0x00000000e0c00000| Complete 
|  13|0x00000000e0d00000, 0x00000000e0e00000, 0x00000000e0e00000|100%| O|  |TAMS 0x00000000e0d00000| PB 0x00000000e0d00000| Untracked 
|  14|0x00000000e0e00000, 0x00000000e0f00000, 0x00000000e0f00000|100%| O|  |TAMS 0x00000000e0e00000| PB 0x00000000e0e00000| Untracked 
|  15|0x00000000e0f00000, 0x00000000e1000000, 0x00000000e1000000|100%| O|  |TAMS 0x00000000e0f00000| PB 0x00000000e0f00000| Untracked 
|  16|0x00000000e1000000, 0x00000000e1100000, 0x00000000e1100000|100%| O|  |TAMS 0x00000000e1000000| PB 0x00000000e1000000| Untracked 
|  17|0x00000000e1100000, 0x00000000e1200000, 0x00000000e1200000|100%| O|  |TAMS 0x00000000e1100000| PB 0x00000000e1100000| Untracked 
|  18|0x00000000e1200000, 0x00000000e1300000, 0x00000000e1300000|100%| O|  |TAMS 0x00000000e1200000| PB 0x00000000e1200000| Untracked 
|  19|0x00000000e1300000, 0x00000000e1400000, 0x00000000e1400000|100%| O|  |TAMS 0x00000000e1300000| PB 0x00000000e1300000| Untracked 
|  20|0x00000000e1400000, 0x00000000e1500000, 0x00000000e1500000|100%| O|  |TAMS 0x00000000e1400000| PB 0x00000000e1400000| Untracked 
|  21|0x00000000e1500000, 0x00000000e1600000, 0x00000000e1600000|100%| O|  |TAMS 0x00000000e1500000| PB 0x00000000e1500000| Untracked 
|  22|0x00000000e1600000, 0x00000000e1700000, 0x00000000e1700000|100%| O|Cm|TAMS 0x00000000e1600000| PB 0x00000000e1600000| Complete 
|  23|0x00000000e1700000, 0x00000000e17c4668, 0x00000000e1800000| 76%| O|  |TAMS 0x00000000e1700000| PB 0x00000000e1700000| Untracked 
|  24|0x00000000e1800000, 0x00000000e1800000, 0x00000000e1900000|  0%| F|  |TAMS 0x00000000e1800000| PB 0x00000000e1800000| Untracked 
|  25|0x00000000e1900000, 0x00000000e1900000, 0x00000000e1a00000|  0%| F|  |TAMS 0x00000000e1900000| PB 0x00000000e1900000| Untracked 
|  26|0x00000000e1a00000, 0x00000000e1a00000, 0x00000000e1b00000|  0%| F|  |TAMS 0x00000000e1a00000| PB 0x00000000e1a00000| Untracked 
|  27|0x00000000e1b00000, 0x00000000e1b00000, 0x00000000e1c00000|  0%| F|  |TAMS 0x00000000e1b00000| PB 0x00000000e1b00000| Untracked 
|  28|0x00000000e1c00000, 0x00000000e1c00000, 0x00000000e1d00000|  0%| F|  |TAMS 0x00000000e1c00000| PB 0x00000000e1c00000| Untracked 
|  29|0x00000000e1d00000, 0x00000000e1d00000, 0x00000000e1e00000|  0%| F|  |TAMS 0x00000000e1d00000| PB 0x00000000e1d00000| Untracked 
|  30|0x00000000e1e00000, 0x00000000e1e00000, 0x00000000e1f00000|  0%| F|  |TAMS 0x00000000e1e00000| PB 0x00000000e1e00000| Untracked 
|  31|0x00000000e1f00000, 0x00000000e1f00000, 0x00000000e2000000|  0%| F|  |TAMS 0x00000000e1f00000| PB 0x00000000e1f00000| Untracked 
|  32|0x00000000e2000000, 0x00000000e2000000, 0x00000000e2100000|  0%| F|  |TAMS 0x00000000e2000000| PB 0x00000000e2000000| Untracked 
|  33|0x00000000e2100000, 0x00000000e2100000, 0x00000000e2200000|  0%| F|  |TAMS 0x00000000e2100000| PB 0x00000000e2100000| Untracked 
|  34|0x00000000e2200000, 0x00000000e2200000, 0x00000000e2300000|  0%| F|  |TAMS 0x00000000e2200000| PB 0x00000000e2200000| Untracked 
|  35|0x00000000e2300000, 0x00000000e2300000, 0x00000000e2400000|  0%| F|  |TAMS 0x00000000e2300000| PB 0x00000000e2300000| Untracked 
|  36|0x00000000e2400000, 0x00000000e2400000, 0x00000000e2500000|  0%| F|  |TAMS 0x00000000e2400000| PB 0x00000000e2400000| Untracked 
|  37|0x00000000e2500000, 0x00000000e2500000, 0x00000000e2600000|  0%| F|  |TAMS 0x00000000e2500000| PB 0x00000000e2500000| Untracked 
|  38|0x00000000e2600000, 0x00000000e2600000, 0x00000000e2700000|  0%| F|  |TAMS 0x00000000e2600000| PB 0x00000000e2600000| Untracked 
|  39|0x00000000e2700000, 0x00000000e2700000, 0x00000000e2800000|  0%| F|  |TAMS 0x00000000e2700000| PB 0x00000000e2700000| Untracked 
|  40|0x00000000e2800000, 0x00000000e2800000, 0x00000000e2900000|  0%| F|  |TAMS 0x00000000e2800000| PB 0x00000000e2800000| Untracked 
|  41|0x00000000e2900000, 0x00000000e2900000, 0x00000000e2a00000|  0%| F|  |TAMS 0x00000000e2900000| PB 0x00000000e2900000| Untracked 
|  42|0x00000000e2a00000, 0x00000000e2a00000, 0x00000000e2b00000|  0%| F|  |TAMS 0x00000000e2a00000| PB 0x00000000e2a00000| Untracked 
|  43|0x00000000e2b00000, 0x00000000e2b00000, 0x00000000e2c00000|  0%| F|  |TAMS 0x00000000e2b00000| PB 0x00000000e2b00000| Untracked 
|  44|0x00000000e2c00000, 0x00000000e2c00000, 0x00000000e2d00000|  0%| F|  |TAMS 0x00000000e2c00000| PB 0x00000000e2c00000| Untracked 
|  45|0x00000000e2d00000, 0x00000000e2d00000, 0x00000000e2e00000|  0%| F|  |TAMS 0x00000000e2d00000| PB 0x00000000e2d00000| Untracked 
|  46|0x00000000e2e00000, 0x00000000e2e00000, 0x00000000e2f00000|  0%| F|  |TAMS 0x00000000e2e00000| PB 0x00000000e2e00000| Untracked 
|  47|0x00000000e2f00000, 0x00000000e2f00000, 0x00000000e3000000|  0%| F|  |TAMS 0x00000000e2f00000| PB 0x00000000e2f00000| Untracked 
|  48|0x00000000e3000000, 0x00000000e3000000, 0x00000000e3100000|  0%| F|  |TAMS 0x00000000e3000000| PB 0x00000000e3000000| Untracked 
|  49|0x00000000e3100000, 0x00000000e3100000, 0x00000000e3200000|  0%| F|  |TAMS 0x00000000e3100000| PB 0x00000000e3100000| Untracked 
|  50|0x00000000e3200000, 0x00000000e3200000, 0x00000000e3300000|  0%| F|  |TAMS 0x00000000e3200000| PB 0x00000000e3200000| Untracked 
|  51|0x00000000e3300000, 0x00000000e3300000, 0x00000000e3400000|  0%| F|  |TAMS 0x00000000e3300000| PB 0x00000000e3300000| Untracked 
|  52|0x00000000e3400000, 0x00000000e3400000, 0x00000000e3500000|  0%| F|  |TAMS 0x00000000e3400000| PB 0x00000000e3400000| Untracked 
|  53|0x00000000e3500000, 0x00000000e3500000, 0x00000000e3600000|  0%| F|  |TAMS 0x00000000e3500000| PB 0x00000000e3500000| Untracked 
|  54|0x00000000e3600000, 0x00000000e3600000, 0x00000000e3700000|  0%| F|  |TAMS 0x00000000e3600000| PB 0x00000000e3600000| Untracked 
|  55|0x00000000e3700000, 0x00000000e3700000, 0x00000000e3800000|  0%| F|  |TAMS 0x00000000e3700000| PB 0x00000000e3700000| Untracked 
|  56|0x00000000e3800000, 0x00000000e3800000, 0x00000000e3900000|  0%| F|  |TAMS 0x00000000e3800000| PB 0x00000000e3800000| Untracked 
|  57|0x00000000e3900000, 0x00000000e3900000, 0x00000000e3a00000|  0%| F|  |TAMS 0x00000000e3900000| PB 0x00000000e3900000| Untracked 
|  58|0x00000000e3a00000, 0x00000000e3a00000, 0x00000000e3b00000|  0%| F|  |TAMS 0x00000000e3a00000| PB 0x00000000e3a00000| Untracked 
|  59|0x00000000e3b00000, 0x00000000e3b00000, 0x00000000e3c00000|  0%| F|  |TAMS 0x00000000e3b00000| PB 0x00000000e3b00000| Untracked 
|  60|0x00000000e3c00000, 0x00000000e3c00000, 0x00000000e3d00000|  0%| F|  |TAMS 0x00000000e3c00000| PB 0x00000000e3c00000| Untracked 
|  61|0x00000000e3d00000, 0x00000000e3d00000, 0x00000000e3e00000|  0%| F|  |TAMS 0x00000000e3d00000| PB 0x00000000e3d00000| Untracked 
|  62|0x00000000e3e00000, 0x00000000e3e00000, 0x00000000e3f00000|  0%| F|  |TAMS 0x00000000e3e00000| PB 0x00000000e3e00000| Untracked 
|  63|0x00000000e3f00000, 0x00000000e3f00000, 0x00000000e4000000|  0%| F|  |TAMS 0x00000000e3f00000| PB 0x00000000e3f00000| Untracked 
|  64|0x00000000e4000000, 0x00000000e4000000, 0x00000000e4100000|  0%| F|  |TAMS 0x00000000e4000000| PB 0x00000000e4000000| Untracked 
|  65|0x00000000e4100000, 0x00000000e4100000, 0x00000000e4200000|  0%| F|  |TAMS 0x00000000e4100000| PB 0x00000000e4100000| Untracked 
|  66|0x00000000e4200000, 0x00000000e4200000, 0x00000000e4300000|  0%| F|  |TAMS 0x00000000e4200000| PB 0x00000000e4200000| Untracked 
|  67|0x00000000e4300000, 0x00000000e4300000, 0x00000000e4400000|  0%| F|  |TAMS 0x00000000e4300000| PB 0x00000000e4300000| Untracked 
|  68|0x00000000e4400000, 0x00000000e4400000, 0x00000000e4500000|  0%| F|  |TAMS 0x00000000e4400000| PB 0x00000000e4400000| Untracked 
|  69|0x00000000e4500000, 0x00000000e4500000, 0x00000000e4600000|  0%| F|  |TAMS 0x00000000e4500000| PB 0x00000000e4500000| Untracked 
|  70|0x00000000e4600000, 0x00000000e4600000, 0x00000000e4700000|  0%| F|  |TAMS 0x00000000e4600000| PB 0x00000000e4600000| Untracked 
|  71|0x00000000e4700000, 0x00000000e4700000, 0x00000000e4800000|  0%| F|  |TAMS 0x00000000e4700000| PB 0x00000000e4700000| Untracked 
|  72|0x00000000e4800000, 0x00000000e4800000, 0x00000000e4900000|  0%| F|  |TAMS 0x00000000e4800000| PB 0x00000000e4800000| Untracked 
|  73|0x00000000e4900000, 0x00000000e4900000, 0x00000000e4a00000|  0%| F|  |TAMS 0x00000000e4900000| PB 0x00000000e4900000| Untracked 
|  74|0x00000000e4a00000, 0x00000000e4a00000, 0x00000000e4b00000|  0%| F|  |TAMS 0x00000000e4a00000| PB 0x00000000e4a00000| Untracked 
|  75|0x00000000e4b00000, 0x00000000e4b00000, 0x00000000e4c00000|  0%| F|  |TAMS 0x00000000e4b00000| PB 0x00000000e4b00000| Untracked 
|  76|0x00000000e4c00000, 0x00000000e4c00000, 0x00000000e4d00000|  0%| F|  |TAMS 0x00000000e4c00000| PB 0x00000000e4c00000| Untracked 
|  77|0x00000000e4d00000, 0x00000000e4d00000, 0x00000000e4e00000|  0%| F|  |TAMS 0x00000000e4d00000| PB 0x00000000e4d00000| Untracked 
|  78|0x00000000e4e00000, 0x00000000e4e00000, 0x00000000e4f00000|  0%| F|  |TAMS 0x00000000e4e00000| PB 0x00000000e4e00000| Untracked 
|  79|0x00000000e4f00000, 0x00000000e4f00000, 0x00000000e5000000|  0%| F|  |TAMS 0x00000000e4f00000| PB 0x00000000e4f00000| Untracked 
|  80|0x00000000e5000000, 0x00000000e5000000, 0x00000000e5100000|  0%| F|  |TAMS 0x00000000e5000000| PB 0x00000000e5000000| Untracked 
|  81|0x00000000e5100000, 0x00000000e5100000, 0x00000000e5200000|  0%| F|  |TAMS 0x00000000e5100000| PB 0x00000000e5100000| Untracked 
|  82|0x00000000e5200000, 0x00000000e5200000, 0x00000000e5300000|  0%| F|  |TAMS 0x00000000e5200000| PB 0x00000000e5200000| Untracked 
|  83|0x00000000e5300000, 0x00000000e5300000, 0x00000000e5400000|  0%| F|  |TAMS 0x00000000e5300000| PB 0x00000000e5300000| Untracked 
|  84|0x00000000e5400000, 0x00000000e5400000, 0x00000000e5500000|  0%| F|  |TAMS 0x00000000e5400000| PB 0x00000000e5400000| Untracked 
|  85|0x00000000e5500000, 0x00000000e5500000, 0x00000000e5600000|  0%| F|  |TAMS 0x00000000e5500000| PB 0x00000000e5500000| Untracked 
|  86|0x00000000e5600000, 0x00000000e5600000, 0x00000000e5700000|  0%| F|  |TAMS 0x00000000e5600000| PB 0x00000000e5600000| Untracked 
|  87|0x00000000e5700000, 0x00000000e5700000, 0x00000000e5800000|  0%| F|  |TAMS 0x00000000e5700000| PB 0x00000000e5700000| Untracked 
|  88|0x00000000e5800000, 0x00000000e5800000, 0x00000000e5900000|  0%| F|  |TAMS 0x00000000e5800000| PB 0x00000000e5800000| Untracked 
|  89|0x00000000e5900000, 0x00000000e5900000, 0x00000000e5a00000|  0%| F|  |TAMS 0x00000000e5900000| PB 0x00000000e5900000| Untracked 
|  90|0x00000000e5a00000, 0x00000000e5a00000, 0x00000000e5b00000|  0%| F|  |TAMS 0x00000000e5a00000| PB 0x00000000e5a00000| Untracked 
|  91|0x00000000e5b00000, 0x00000000e5b00000, 0x00000000e5c00000|  0%| F|  |TAMS 0x00000000e5b00000| PB 0x00000000e5b00000| Untracked 
|  92|0x00000000e5c00000, 0x00000000e5c00000, 0x00000000e5d00000|  0%| F|  |TAMS 0x00000000e5c00000| PB 0x00000000e5c00000| Untracked 
|  93|0x00000000e5d00000, 0x00000000e5d00000, 0x00000000e5e00000|  0%| F|  |TAMS 0x00000000e5d00000| PB 0x00000000e5d00000| Untracked 
|  94|0x00000000e5e00000, 0x00000000e5e00000, 0x00000000e5f00000|  0%| F|  |TAMS 0x00000000e5e00000| PB 0x00000000e5e00000| Untracked 
|  95|0x00000000e5f00000, 0x00000000e5f00000, 0x00000000e6000000|  0%| F|  |TAMS 0x00000000e5f00000| PB 0x00000000e5f00000| Untracked 
|  96|0x00000000e6000000, 0x00000000e6000000, 0x00000000e6100000|  0%| F|  |TAMS 0x00000000e6000000| PB 0x00000000e6000000| Untracked 
|  97|0x00000000e6100000, 0x00000000e6100000, 0x00000000e6200000|  0%| F|  |TAMS 0x00000000e6100000| PB 0x00000000e6100000| Untracked 
|  98|0x00000000e6200000, 0x00000000e6200000, 0x00000000e6300000|  0%| F|  |TAMS 0x00000000e6200000| PB 0x00000000e6200000| Untracked 
|  99|0x00000000e6300000, 0x00000000e6300000, 0x00000000e6400000|  0%| F|  |TAMS 0x00000000e6300000| PB 0x00000000e6300000| Untracked 
| 100|0x00000000e6400000, 0x00000000e6400000, 0x00000000e6500000|  0%| F|  |TAMS 0x00000000e6400000| PB 0x00000000e6400000| Untracked 
| 101|0x00000000e6500000, 0x00000000e6500000, 0x00000000e6600000|  0%| F|  |TAMS 0x00000000e6500000| PB 0x00000000e6500000| Untracked 
| 102|0x00000000e6600000, 0x00000000e6600000, 0x00000000e6700000|  0%| F|  |TAMS 0x00000000e6600000| PB 0x00000000e6600000| Untracked 
| 103|0x00000000e6700000, 0x00000000e6700000, 0x00000000e6800000|  0%| F|  |TAMS 0x00000000e6700000| PB 0x00000000e6700000| Untracked 
| 104|0x00000000e6800000, 0x00000000e6800000, 0x00000000e6900000|  0%| F|  |TAMS 0x00000000e6800000| PB 0x00000000e6800000| Untracked 
| 105|0x00000000e6900000, 0x00000000e6900000, 0x00000000e6a00000|  0%| F|  |TAMS 0x00000000e6900000| PB 0x00000000e6900000| Untracked 
| 106|0x00000000e6a00000, 0x00000000e6a00000, 0x00000000e6b00000|  0%| F|  |TAMS 0x00000000e6a00000| PB 0x00000000e6a00000| Untracked 
| 107|0x00000000e6b00000, 0x00000000e6b00000, 0x00000000e6c00000|  0%| F|  |TAMS 0x00000000e6b00000| PB 0x00000000e6b00000| Untracked 
| 108|0x00000000e6c00000, 0x00000000e6c00000, 0x00000000e6d00000|  0%| F|  |TAMS 0x00000000e6c00000| PB 0x00000000e6c00000| Untracked 
| 109|0x00000000e6d00000, 0x00000000e6d00000, 0x00000000e6e00000|  0%| F|  |TAMS 0x00000000e6d00000| PB 0x00000000e6d00000| Untracked 
| 110|0x00000000e6e00000, 0x00000000e6e00000, 0x00000000e6f00000|  0%| F|  |TAMS 0x00000000e6e00000| PB 0x00000000e6e00000| Untracked 
| 111|0x00000000e6f00000, 0x00000000e6f00000, 0x00000000e7000000|  0%| F|  |TAMS 0x00000000e6f00000| PB 0x00000000e6f00000| Untracked 
| 112|0x00000000e7000000, 0x00000000e7000000, 0x00000000e7100000|  0%| F|  |TAMS 0x00000000e7000000| PB 0x00000000e7000000| Untracked 
| 113|0x00000000e7100000, 0x00000000e7100000, 0x00000000e7200000|  0%| F|  |TAMS 0x00000000e7100000| PB 0x00000000e7100000| Untracked 
| 114|0x00000000e7200000, 0x00000000e7200000, 0x00000000e7300000|  0%| F|  |TAMS 0x00000000e7200000| PB 0x00000000e7200000| Untracked 
| 115|0x00000000e7300000, 0x00000000e7300000, 0x00000000e7400000|  0%| F|  |TAMS 0x00000000e7300000| PB 0x00000000e7300000| Untracked 
| 116|0x00000000e7400000, 0x00000000e7400000, 0x00000000e7500000|  0%| F|  |TAMS 0x00000000e7400000| PB 0x00000000e7400000| Untracked 
| 117|0x00000000e7500000, 0x00000000e7500000, 0x00000000e7600000|  0%| F|  |TAMS 0x00000000e7500000| PB 0x00000000e7500000| Untracked 
| 118|0x00000000e7600000, 0x00000000e7600000, 0x00000000e7700000|  0%| F|  |TAMS 0x00000000e7600000| PB 0x00000000e7600000| Untracked 
| 119|0x00000000e7700000, 0x00000000e7700000, 0x00000000e7800000|  0%| F|  |TAMS 0x00000000e7700000| PB 0x00000000e7700000| Untracked 
| 120|0x00000000e7800000, 0x00000000e7800000, 0x00000000e7900000|  0%| F|  |TAMS 0x00000000e7800000| PB 0x00000000e7800000| Untracked 
| 121|0x00000000e7900000, 0x00000000e7900000, 0x00000000e7a00000|  0%| F|  |TAMS 0x00000000e7900000| PB 0x00000000e7900000| Untracked 
| 122|0x00000000e7a00000, 0x00000000e7a00000, 0x00000000e7b00000|  0%| F|  |TAMS 0x00000000e7a00000| PB 0x00000000e7a00000| Untracked 
| 123|0x00000000e7b00000, 0x00000000e7b00000, 0x00000000e7c00000|  0%| F|  |TAMS 0x00000000e7b00000| PB 0x00000000e7b00000| Untracked 
| 124|0x00000000e7c00000, 0x00000000e7c00000, 0x00000000e7d00000|  0%| F|  |TAMS 0x00000000e7c00000| PB 0x00000000e7c00000| Untracked 
| 125|0x00000000e7d00000, 0x00000000e7d00000, 0x00000000e7e00000|  0%| F|  |TAMS 0x00000000e7d00000| PB 0x00000000e7d00000| Untracked 
| 126|0x00000000e7e00000, 0x00000000e7e00000, 0x00000000e7f00000|  0%| F|  |TAMS 0x00000000e7e00000| PB 0x00000000e7e00000| Untracked 
| 127|0x00000000e7f00000, 0x00000000e7f00000, 0x00000000e8000000|  0%| F|  |TAMS 0x00000000e7f00000| PB 0x00000000e7f00000| Untracked 
| 128|0x00000000e8000000, 0x00000000e8000000, 0x00000000e8100000|  0%| F|  |TAMS 0x00000000e8000000| PB 0x00000000e8000000| Untracked 
| 129|0x00000000e8100000, 0x00000000e8100000, 0x00000000e8200000|  0%| F|  |TAMS 0x00000000e8100000| PB 0x00000000e8100000| Untracked 
| 130|0x00000000e8200000, 0x00000000e8200000, 0x00000000e8300000|  0%| F|  |TAMS 0x00000000e8200000| PB 0x00000000e8200000| Untracked 
| 131|0x00000000e8300000, 0x00000000e8300000, 0x00000000e8400000|  0%| F|  |TAMS 0x00000000e8300000| PB 0x00000000e8300000| Untracked 
| 132|0x00000000e8400000, 0x00000000e8400000, 0x00000000e8500000|  0%| F|  |TAMS 0x00000000e8400000| PB 0x00000000e8400000| Untracked 
| 133|0x00000000e8500000, 0x00000000e8500000, 0x00000000e8600000|  0%| F|  |TAMS 0x00000000e8500000| PB 0x00000000e8500000| Untracked 
| 134|0x00000000e8600000, 0x00000000e8600000, 0x00000000e8700000|  0%| F|  |TAMS 0x00000000e8600000| PB 0x00000000e8600000| Untracked 
| 135|0x00000000e8700000, 0x00000000e8700000, 0x00000000e8800000|  0%| F|  |TAMS 0x00000000e8700000| PB 0x00000000e8700000| Untracked 
| 136|0x00000000e8800000, 0x00000000e8800000, 0x00000000e8900000|  0%| F|  |TAMS 0x00000000e8800000| PB 0x00000000e8800000| Untracked 
| 137|0x00000000e8900000, 0x00000000e8900000, 0x00000000e8a00000|  0%| F|  |TAMS 0x00000000e8900000| PB 0x00000000e8900000| Untracked 
| 138|0x00000000e8a00000, 0x00000000e8a00000, 0x00000000e8b00000|  0%| F|  |TAMS 0x00000000e8a00000| PB 0x00000000e8a00000| Untracked 
| 139|0x00000000e8b00000, 0x00000000e8b00000, 0x00000000e8c00000|  0%| F|  |TAMS 0x00000000e8b00000| PB 0x00000000e8b00000| Untracked 
| 140|0x00000000e8c00000, 0x00000000e8c00000, 0x00000000e8d00000|  0%| F|  |TAMS 0x00000000e8c00000| PB 0x00000000e8c00000| Untracked 
| 141|0x00000000e8d00000, 0x00000000e8d00000, 0x00000000e8e00000|  0%| F|  |TAMS 0x00000000e8d00000| PB 0x00000000e8d00000| Untracked 
| 142|0x00000000e8e00000, 0x00000000e8e00000, 0x00000000e8f00000|  0%| F|  |TAMS 0x00000000e8e00000| PB 0x00000000e8e00000| Untracked 
| 143|0x00000000e8f00000, 0x00000000e8f00000, 0x00000000e9000000|  0%| F|  |TAMS 0x00000000e8f00000| PB 0x00000000e8f00000| Untracked 
| 144|0x00000000e9000000, 0x00000000e9000000, 0x00000000e9100000|  0%| F|  |TAMS 0x00000000e9000000| PB 0x00000000e9000000| Untracked 
| 145|0x00000000e9100000, 0x00000000e9100000, 0x00000000e9200000|  0%| F|  |TAMS 0x00000000e9100000| PB 0x00000000e9100000| Untracked 
| 146|0x00000000e9200000, 0x00000000e9200000, 0x00000000e9300000|  0%| F|  |TAMS 0x00000000e9200000| PB 0x00000000e9200000| Untracked 
| 147|0x00000000e9300000, 0x00000000e9300000, 0x00000000e9400000|  0%| F|  |TAMS 0x00000000e9300000| PB 0x00000000e9300000| Untracked 
| 148|0x00000000e9400000, 0x00000000e9400000, 0x00000000e9500000|  0%| F|  |TAMS 0x00000000e9400000| PB 0x00000000e9400000| Untracked 
| 149|0x00000000e9500000, 0x00000000e9500000, 0x00000000e9600000|  0%| F|  |TAMS 0x00000000e9500000| PB 0x00000000e9500000| Untracked 
| 150|0x00000000e9600000, 0x00000000e9600000, 0x00000000e9700000|  0%| F|  |TAMS 0x00000000e9600000| PB 0x00000000e9600000| Untracked 
| 151|0x00000000e9700000, 0x00000000e9700000, 0x00000000e9800000|  0%| F|  |TAMS 0x00000000e9700000| PB 0x00000000e9700000| Untracked 
| 152|0x00000000e9800000, 0x00000000e9800000, 0x00000000e9900000|  0%| F|  |TAMS 0x00000000e9800000| PB 0x00000000e9800000| Untracked 
| 153|0x00000000e9900000, 0x00000000e9900000, 0x00000000e9a00000|  0%| F|  |TAMS 0x00000000e9900000| PB 0x00000000e9900000| Untracked 
| 154|0x00000000e9a00000, 0x00000000e9a00000, 0x00000000e9b00000|  0%| F|  |TAMS 0x00000000e9a00000| PB 0x00000000e9a00000| Untracked 
| 155|0x00000000e9b00000, 0x00000000e9b00000, 0x00000000e9c00000|  0%| F|  |TAMS 0x00000000e9b00000| PB 0x00000000e9b00000| Untracked 
| 156|0x00000000e9c00000, 0x00000000e9c00000, 0x00000000e9d00000|  0%| F|  |TAMS 0x00000000e9c00000| PB 0x00000000e9c00000| Untracked 
| 157|0x00000000e9d00000, 0x00000000e9d00000, 0x00000000e9e00000|  0%| F|  |TAMS 0x00000000e9d00000| PB 0x00000000e9d00000| Untracked 
| 158|0x00000000e9e00000, 0x00000000e9e00000, 0x00000000e9f00000|  0%| F|  |TAMS 0x00000000e9e00000| PB 0x00000000e9e00000| Untracked 
| 159|0x00000000e9f00000, 0x00000000e9f00000, 0x00000000ea000000|  0%| F|  |TAMS 0x00000000e9f00000| PB 0x00000000e9f00000| Untracked 
| 160|0x00000000ea000000, 0x00000000ea000000, 0x00000000ea100000|  0%| F|  |TAMS 0x00000000ea000000| PB 0x00000000ea000000| Untracked 
| 161|0x00000000ea100000, 0x00000000ea100000, 0x00000000ea200000|  0%| F|  |TAMS 0x00000000ea100000| PB 0x00000000ea100000| Untracked 
| 162|0x00000000ea200000, 0x00000000ea200000, 0x00000000ea300000|  0%| F|  |TAMS 0x00000000ea200000| PB 0x00000000ea200000| Untracked 
| 163|0x00000000ea300000, 0x00000000ea300000, 0x00000000ea400000|  0%| F|  |TAMS 0x00000000ea300000| PB 0x00000000ea300000| Untracked 
| 164|0x00000000ea400000, 0x00000000ea400000, 0x00000000ea500000|  0%| F|  |TAMS 0x00000000ea400000| PB 0x00000000ea400000| Untracked 
| 165|0x00000000ea500000, 0x00000000ea500000, 0x00000000ea600000|  0%| F|  |TAMS 0x00000000ea500000| PB 0x00000000ea500000| Untracked 
| 166|0x00000000ea600000, 0x00000000ea600000, 0x00000000ea700000|  0%| F|  |TAMS 0x00000000ea600000| PB 0x00000000ea600000| Untracked 
| 167|0x00000000ea700000, 0x00000000ea700000, 0x00000000ea800000|  0%| F|  |TAMS 0x00000000ea700000| PB 0x00000000ea700000| Untracked 
| 168|0x00000000ea800000, 0x00000000ea800000, 0x00000000ea900000|  0%| F|  |TAMS 0x00000000ea800000| PB 0x00000000ea800000| Untracked 
| 169|0x00000000ea900000, 0x00000000ea900000, 0x00000000eaa00000|  0%| F|  |TAMS 0x00000000ea900000| PB 0x00000000ea900000| Untracked 
| 170|0x00000000eaa00000, 0x00000000eaa00000, 0x00000000eab00000|  0%| F|  |TAMS 0x00000000eaa00000| PB 0x00000000eaa00000| Untracked 
| 171|0x00000000eab00000, 0x00000000eab00000, 0x00000000eac00000|  0%| F|  |TAMS 0x00000000eab00000| PB 0x00000000eab00000| Untracked 
| 172|0x00000000eac00000, 0x00000000eac00000, 0x00000000ead00000|  0%| F|  |TAMS 0x00000000eac00000| PB 0x00000000eac00000| Untracked 
| 173|0x00000000ead00000, 0x00000000ead00000, 0x00000000eae00000|  0%| F|  |TAMS 0x00000000ead00000| PB 0x00000000ead00000| Untracked 
| 174|0x00000000eae00000, 0x00000000eae00000, 0x00000000eaf00000|  0%| F|  |TAMS 0x00000000eae00000| PB 0x00000000eae00000| Untracked 
| 175|0x00000000eaf00000, 0x00000000eaf00000, 0x00000000eb000000|  0%| F|  |TAMS 0x00000000eaf00000| PB 0x00000000eaf00000| Untracked 
| 176|0x00000000eb000000, 0x00000000eb000000, 0x00000000eb100000|  0%| F|  |TAMS 0x00000000eb000000| PB 0x00000000eb000000| Untracked 
| 177|0x00000000eb100000, 0x00000000eb100000, 0x00000000eb200000|  0%| F|  |TAMS 0x00000000eb100000| PB 0x00000000eb100000| Untracked 
| 178|0x00000000eb200000, 0x00000000eb200000, 0x00000000eb300000|  0%| F|  |TAMS 0x00000000eb200000| PB 0x00000000eb200000| Untracked 
| 179|0x00000000eb300000, 0x00000000eb300000, 0x00000000eb400000|  0%| F|  |TAMS 0x00000000eb300000| PB 0x00000000eb300000| Untracked 
| 180|0x00000000eb400000, 0x00000000eb400000, 0x00000000eb500000|  0%| F|  |TAMS 0x00000000eb400000| PB 0x00000000eb400000| Untracked 
| 181|0x00000000eb500000, 0x00000000eb500000, 0x00000000eb600000|  0%| F|  |TAMS 0x00000000eb500000| PB 0x00000000eb500000| Untracked 
| 182|0x00000000eb600000, 0x00000000eb600000, 0x00000000eb700000|  0%| F|  |TAMS 0x00000000eb600000| PB 0x00000000eb600000| Untracked 
| 183|0x00000000eb700000, 0x00000000eb700000, 0x00000000eb800000|  0%| F|  |TAMS 0x00000000eb700000| PB 0x00000000eb700000| Untracked 
| 184|0x00000000eb800000, 0x00000000eb800000, 0x00000000eb900000|  0%| F|  |TAMS 0x00000000eb800000| PB 0x00000000eb800000| Untracked 
| 185|0x00000000eb900000, 0x00000000eb900000, 0x00000000eba00000|  0%| F|  |TAMS 0x00000000eb900000| PB 0x00000000eb900000| Untracked 
| 186|0x00000000eba00000, 0x00000000eba00000, 0x00000000ebb00000|  0%| F|  |TAMS 0x00000000eba00000| PB 0x00000000eba00000| Untracked 
| 187|0x00000000ebb00000, 0x00000000ebb00000, 0x00000000ebc00000|  0%| F|  |TAMS 0x00000000ebb00000| PB 0x00000000ebb00000| Untracked 
| 188|0x00000000ebc00000, 0x00000000ebc00000, 0x00000000ebd00000|  0%| F|  |TAMS 0x00000000ebc00000| PB 0x00000000ebc00000| Untracked 
| 189|0x00000000ebd00000, 0x00000000ebd00000, 0x00000000ebe00000|  0%| F|  |TAMS 0x00000000ebd00000| PB 0x00000000ebd00000| Untracked 
| 190|0x00000000ebe00000, 0x00000000ebe00000, 0x00000000ebf00000|  0%| F|  |TAMS 0x00000000ebe00000| PB 0x00000000ebe00000| Untracked 
| 191|0x00000000ebf00000, 0x00000000ebf00000, 0x00000000ec000000|  0%| F|  |TAMS 0x00000000ebf00000| PB 0x00000000ebf00000| Untracked 
| 192|0x00000000ec000000, 0x00000000ec000000, 0x00000000ec100000|  0%| F|  |TAMS 0x00000000ec000000| PB 0x00000000ec000000| Untracked 
| 193|0x00000000ec100000, 0x00000000ec100000, 0x00000000ec200000|  0%| F|  |TAMS 0x00000000ec100000| PB 0x00000000ec100000| Untracked 
| 194|0x00000000ec200000, 0x00000000ec200000, 0x00000000ec300000|  0%| F|  |TAMS 0x00000000ec200000| PB 0x00000000ec200000| Untracked 
| 195|0x00000000ec300000, 0x00000000ec300000, 0x00000000ec400000|  0%| F|  |TAMS 0x00000000ec300000| PB 0x00000000ec300000| Untracked 
| 196|0x00000000ec400000, 0x00000000ec400000, 0x00000000ec500000|  0%| F|  |TAMS 0x00000000ec400000| PB 0x00000000ec400000| Untracked 
| 197|0x00000000ec500000, 0x00000000ec500000, 0x00000000ec600000|  0%| F|  |TAMS 0x00000000ec500000| PB 0x00000000ec500000| Untracked 
| 198|0x00000000ec600000, 0x00000000ec600000, 0x00000000ec700000|  0%| F|  |TAMS 0x00000000ec600000| PB 0x00000000ec600000| Untracked 
| 199|0x00000000ec700000, 0x00000000ec700000, 0x00000000ec800000|  0%| F|  |TAMS 0x00000000ec700000| PB 0x00000000ec700000| Untracked 
| 200|0x00000000ec800000, 0x00000000ec800000, 0x00000000ec900000|  0%| F|  |TAMS 0x00000000ec800000| PB 0x00000000ec800000| Untracked 
| 201|0x00000000ec900000, 0x00000000ec900000, 0x00000000eca00000|  0%| F|  |TAMS 0x00000000ec900000| PB 0x00000000ec900000| Untracked 
| 202|0x00000000eca00000, 0x00000000eca00000, 0x00000000ecb00000|  0%| F|  |TAMS 0x00000000eca00000| PB 0x00000000eca00000| Untracked 
| 203|0x00000000ecb00000, 0x00000000ecb00000, 0x00000000ecc00000|  0%| F|  |TAMS 0x00000000ecb00000| PB 0x00000000ecb00000| Untracked 
| 204|0x00000000ecc00000, 0x00000000ecc00000, 0x00000000ecd00000|  0%| F|  |TAMS 0x00000000ecc00000| PB 0x00000000ecc00000| Untracked 
| 205|0x00000000ecd00000, 0x00000000ecd00000, 0x00000000ece00000|  0%| F|  |TAMS 0x00000000ecd00000| PB 0x00000000ecd00000| Untracked 
| 206|0x00000000ece00000, 0x00000000ece00000, 0x00000000ecf00000|  0%| F|  |TAMS 0x00000000ece00000| PB 0x00000000ece00000| Untracked 
| 207|0x00000000ecf00000, 0x00000000ecf00000, 0x00000000ed000000|  0%| F|  |TAMS 0x00000000ecf00000| PB 0x00000000ecf00000| Untracked 
| 208|0x00000000ed000000, 0x00000000ed000000, 0x00000000ed100000|  0%| F|  |TAMS 0x00000000ed000000| PB 0x00000000ed000000| Untracked 
| 209|0x00000000ed100000, 0x00000000ed100000, 0x00000000ed200000|  0%| F|  |TAMS 0x00000000ed100000| PB 0x00000000ed100000| Untracked 
| 210|0x00000000ed200000, 0x00000000ed200000, 0x00000000ed300000|  0%| F|  |TAMS 0x00000000ed200000| PB 0x00000000ed200000| Untracked 
| 211|0x00000000ed300000, 0x00000000ed300000, 0x00000000ed400000|  0%| F|  |TAMS 0x00000000ed300000| PB 0x00000000ed300000| Untracked 
| 212|0x00000000ed400000, 0x00000000ed400000, 0x00000000ed500000|  0%| F|  |TAMS 0x00000000ed400000| PB 0x00000000ed400000| Untracked 
| 213|0x00000000ed500000, 0x00000000ed500000, 0x00000000ed600000|  0%| F|  |TAMS 0x00000000ed500000| PB 0x00000000ed500000| Untracked 
| 214|0x00000000ed600000, 0x00000000ed600000, 0x00000000ed700000|  0%| F|  |TAMS 0x00000000ed600000| PB 0x00000000ed600000| Untracked 
| 215|0x00000000ed700000, 0x00000000ed700000, 0x00000000ed800000|  0%| F|  |TAMS 0x00000000ed700000| PB 0x00000000ed700000| Untracked 
| 216|0x00000000ed800000, 0x00000000ed800000, 0x00000000ed900000|  0%| F|  |TAMS 0x00000000ed800000| PB 0x00000000ed800000| Untracked 
| 217|0x00000000ed900000, 0x00000000ed900000, 0x00000000eda00000|  0%| F|  |TAMS 0x00000000ed900000| PB 0x00000000ed900000| Untracked 
| 218|0x00000000eda00000, 0x00000000eda00000, 0x00000000edb00000|  0%| F|  |TAMS 0x00000000eda00000| PB 0x00000000eda00000| Untracked 
| 219|0x00000000edb00000, 0x00000000edb00000, 0x00000000edc00000|  0%| F|  |TAMS 0x00000000edb00000| PB 0x00000000edb00000| Untracked 
| 220|0x00000000edc00000, 0x00000000edc00000, 0x00000000edd00000|  0%| F|  |TAMS 0x00000000edc00000| PB 0x00000000edc00000| Untracked 
| 221|0x00000000edd00000, 0x00000000edd00000, 0x00000000ede00000|  0%| F|  |TAMS 0x00000000edd00000| PB 0x00000000edd00000| Untracked 
| 222|0x00000000ede00000, 0x00000000ede00000, 0x00000000edf00000|  0%| F|  |TAMS 0x00000000ede00000| PB 0x00000000ede00000| Untracked 
| 223|0x00000000edf00000, 0x00000000edf00000, 0x00000000ee000000|  0%| F|  |TAMS 0x00000000edf00000| PB 0x00000000edf00000| Untracked 
| 224|0x00000000ee000000, 0x00000000ee000000, 0x00000000ee100000|  0%| F|  |TAMS 0x00000000ee000000| PB 0x00000000ee000000| Untracked 
| 225|0x00000000ee100000, 0x00000000ee100000, 0x00000000ee200000|  0%| F|  |TAMS 0x00000000ee100000| PB 0x00000000ee100000| Untracked 
| 226|0x00000000ee200000, 0x00000000ee200000, 0x00000000ee300000|  0%| F|  |TAMS 0x00000000ee200000| PB 0x00000000ee200000| Untracked 
| 227|0x00000000ee300000, 0x00000000ee300000, 0x00000000ee400000|  0%| F|  |TAMS 0x00000000ee300000| PB 0x00000000ee300000| Untracked 
| 228|0x00000000ee400000, 0x00000000ee400000, 0x00000000ee500000|  0%| F|  |TAMS 0x00000000ee400000| PB 0x00000000ee400000| Untracked 
| 229|0x00000000ee500000, 0x00000000ee500000, 0x00000000ee600000|  0%| F|  |TAMS 0x00000000ee500000| PB 0x00000000ee500000| Untracked 
| 230|0x00000000ee600000, 0x00000000ee600000, 0x00000000ee700000|  0%| F|  |TAMS 0x00000000ee600000| PB 0x00000000ee600000| Untracked 
| 231|0x00000000ee700000, 0x00000000ee700000, 0x00000000ee800000|  0%| F|  |TAMS 0x00000000ee700000| PB 0x00000000ee700000| Untracked 
| 232|0x00000000ee800000, 0x00000000ee8c11d8, 0x00000000ee900000| 75%| E|  |TAMS 0x00000000ee800000| PB 0x00000000ee800000| Complete 
| 233|0x00000000ee900000, 0x00000000eea00000, 0x00000000eea00000|100%| E|CS|TAMS 0x00000000ee900000| PB 0x00000000ee900000| Complete 
| 234|0x00000000eea00000, 0x00000000eeb00000, 0x00000000eeb00000|100%| E|CS|TAMS 0x00000000eea00000| PB 0x00000000eea00000| Complete 
| 235|0x00000000eeb00000, 0x00000000eec00000, 0x00000000eec00000|100%| E|CS|TAMS 0x00000000eeb00000| PB 0x00000000eeb00000| Complete 
| 236|0x00000000eec00000, 0x00000000eec88518, 0x00000000eed00000| 53%| S|CS|TAMS 0x00000000eec00000| PB 0x00000000eec00000| Complete 
| 237|0x00000000eed00000, 0x00000000eee00000, 0x00000000eee00000|100%| S|CS|TAMS 0x00000000eed00000| PB 0x00000000eed00000| Complete 
| 238|0x00000000eee00000, 0x00000000eef00000, 0x00000000eef00000|100%| S|CS|TAMS 0x00000000eee00000| PB 0x00000000eee00000| Complete 
| 239|0x00000000eef00000, 0x00000000ef000000, 0x00000000ef000000|100%| S|CS|TAMS 0x00000000eef00000| PB 0x00000000eef00000| Complete 
| 240|0x00000000ef000000, 0x00000000ef100000, 0x00000000ef100000|100%| S|CS|TAMS 0x00000000ef000000| PB 0x00000000ef000000| Complete 
| 241|0x00000000ef100000, 0x00000000ef200000, 0x00000000ef200000|100%| S|CS|TAMS 0x00000000ef100000| PB 0x00000000ef100000| Complete 
| 242|0x00000000ef200000, 0x00000000ef300000, 0x00000000ef300000|100%| S|CS|TAMS 0x00000000ef200000| PB 0x00000000ef200000| Complete 
| 243|0x00000000ef300000, 0x00000000ef400000, 0x00000000ef400000|100%| S|CS|TAMS 0x00000000ef300000| PB 0x00000000ef300000| Complete 
| 244|0x00000000ef400000, 0x00000000ef500000, 0x00000000ef500000|100%| S|CS|TAMS 0x00000000ef400000| PB 0x00000000ef400000| Complete 
| 245|0x00000000ef500000, 0x00000000ef600000, 0x00000000ef600000|100%| E|CS|TAMS 0x00000000ef500000| PB 0x00000000ef500000| Complete 
| 246|0x00000000ef600000, 0x00000000ef700000, 0x00000000ef700000|100%| E|CS|TAMS 0x00000000ef600000| PB 0x00000000ef600000| Complete 
| 247|0x00000000ef700000, 0x00000000ef800000, 0x00000000ef800000|100%| E|CS|TAMS 0x00000000ef700000| PB 0x00000000ef700000| Complete 
| 248|0x00000000ef800000, 0x00000000ef900000, 0x00000000ef900000|100%| E|CS|TAMS 0x00000000ef800000| PB 0x00000000ef800000| Complete 
| 249|0x00000000ef900000, 0x00000000efa00000, 0x00000000efa00000|100%| E|CS|TAMS 0x00000000ef900000| PB 0x00000000ef900000| Complete 
| 250|0x00000000efa00000, 0x00000000efb00000, 0x00000000efb00000|100%| E|CS|TAMS 0x00000000efa00000| PB 0x00000000efa00000| Complete 
| 251|0x00000000efb00000, 0x00000000efc00000, 0x00000000efc00000|100%| E|CS|TAMS 0x00000000efb00000| PB 0x00000000efb00000| Complete 
| 252|0x00000000efc00000, 0x00000000efd00000, 0x00000000efd00000|100%| E|CS|TAMS 0x00000000efc00000| PB 0x00000000efc00000| Complete 
| 253|0x00000000efd00000, 0x00000000efe00000, 0x00000000efe00000|100%| E|CS|TAMS 0x00000000efd00000| PB 0x00000000efd00000| Complete 
| 254|0x00000000efe00000, 0x00000000eff00000, 0x00000000eff00000|100%| E|CS|TAMS 0x00000000efe00000| PB 0x00000000efe00000| Complete 
| 255|0x00000000eff00000, 0x00000000f0000000, 0x00000000f0000000|100%| E|CS|TAMS 0x00000000eff00000| PB 0x00000000eff00000| Complete 

Card table byte_map: [0x000001f1b6290000,0x000001f1b6390000] _byte_map_base: 0x000001f1b5b90000

Marking Bits: (CMBitMap*) 0x000001f1a3c89790
 Bits: [0x000001f1b6390000, 0x000001f1b6b90000)

Polling page: 0x000001f1a1a70000

Metaspace:

Usage:
  Non-class:     30.57 MB used.
      Class:      5.33 MB used.
       Both:     35.90 MB used.

Virtual space:
  Non-class space:       64.00 MB reserved,      31.31 MB ( 49%) committed,  1 nodes.
      Class space:      320.00 MB reserved,       6.06 MB (  2%) committed,  1 nodes.
             Both:      384.00 MB reserved,      37.38 MB ( 10%) committed. 

Chunk freelists:
   Non-Class:  672.00 KB
       Class:  9.83 MB
        Both:  10.48 MB

MaxMetaspaceSize: 384.00 MB
CompressedClassSpaceSize: 320.00 MB
Initial GC threshold: 21.00 MB
Current GC threshold: 59.81 MB
CDS: on
 - commit_granule_bytes: 65536.
 - commit_granule_words: 8192.
 - virtual_space_node_default_size: 8388608.
 - enlarge_chunks_in_place: 1.
 - use_allocation_guard: 0.


Internal statistics:

num_allocs_failed_limit: 12.
num_arena_births: 2536.
num_arena_deaths: 0.
num_vsnodes_births: 2.
num_vsnodes_deaths: 0.
num_space_committed: 598.
num_space_uncommitted: 0.
num_chunks_returned_to_freelist: 12.
num_chunks_taken_from_freelist: 4293.
num_chunk_merges: 9.
num_chunk_splits: 2789.
num_chunks_enlarged: 1696.
num_inconsistent_stats: 0.

CodeHeap 'non-profiled nmethods': size=120000Kb used=2117Kb max_used=2329Kb free=117882Kb
 bounds [0x000001f1ae930000, 0x000001f1aeba0000, 0x000001f1b5e60000]
CodeHeap 'profiled nmethods': size=120000Kb used=7494Kb max_used=8248Kb free=112506Kb
 bounds [0x000001f1a6e60000, 0x000001f1a7670000, 0x000001f1ae390000]
CodeHeap 'non-nmethods': size=5760Kb used=2000Kb max_used=2018Kb free=3759Kb
 bounds [0x000001f1ae390000, 0x000001f1ae600000, 0x000001f1ae930000]
CodeCache: size=245760Kb, used=11611Kb, max_used=12595Kb, free=234147Kb
 total_blobs=4610, nmethods=3906, adapters=608, full_count=0
Compilation: enabled, stopped_count=0, restarted_count=0

Compilation events (20 events):
Event: 24.117 Thread 0x000001f1b96157e0 4208       2       java.lang.Class::getEnclosingClass (70 bytes)
Event: 24.118 Thread 0x000001f1b96157e0 nmethod 4208 0x000001f1a6e88110 code [0x000001f1a6e882e0, 0x000001f1a6e88598]
Event: 24.119 Thread 0x000001f1b96157e0 4209       2       sun.reflect.generics.parser.SignatureParser::parseZeroOrMoreFormalTypeParameters (19 bytes)
Event: 24.120 Thread 0x000001f1b96157e0 nmethod 4209 0x000001f1a6ef7090 code [0x000001f1a6ef7260, 0x000001f1a6ef7478]
Event: 24.120 Thread 0x000001f1b96157e0 4210       3       sun.reflect.generics.scope.ClassScope::make (9 bytes)
Event: 24.120 Thread 0x000001f1b96157e0 nmethod 4210 0x000001f1a6ff4f10 code [0x000001f1a6ff50c0, 0x000001f1a6ff5380]
Event: 24.120 Thread 0x000001f1b96157e0 4211       3       sun.reflect.generics.scope.ClassScope::<init> (6 bytes)
Event: 24.120 Thread 0x000001f1b96157e0 nmethod 4211 0x000001f1a6fef710 code [0x000001f1a6fef8c0, 0x000001f1a6fefae0]
Event: 24.120 Thread 0x000001f1b96157e0 4212       1       java.util.Hashtable$Entry::getKey (5 bytes)
Event: 24.121 Thread 0x000001f1b96157e0 nmethod 4212 0x000001f1ae9eac90 code [0x000001f1ae9eae20, 0x000001f1ae9eaee8]
Event: 24.121 Thread 0x000001f1b96157e0 4213       1       java.util.Hashtable$Entry::getValue (5 bytes)
Event: 24.121 Thread 0x000001f1b96157e0 nmethod 4213 0x000001f1ae960b90 code [0x000001f1ae960d20, 0x000001f1ae960de8]
Event: 24.124 Thread 0x000001f1b96157e0 4214   !   2       java.lang.reflect.Executable::sharedToGenericString (255 bytes)
Event: 24.126 Thread 0x000001f1b96157e0 nmethod 4214 0x000001f1a6e83090 code [0x000001f1a6e83480, 0x000001f1a6e841a8]
Event: 24.126 Thread 0x000001f1b96157e0 4215       2       java.beans.FeatureDescriptor::getTable (23 bytes)
Event: 24.127 Thread 0x000001f1b96157e0 nmethod 4215 0x000001f1a6e81690 code [0x000001f1a6e81860, 0x000001f1a6e81a68]
Event: 24.131 Thread 0x000001f1b96157e0 4216       2       java.util.Hashtable::addEntry (87 bytes)
Event: 24.132 Thread 0x000001f1b96157e0 nmethod 4216 0x000001f1a6e88b10 code [0x000001f1a6e88ce0, 0x000001f1a6e89160]
Event: 24.132 Thread 0x000001f1b96157e0 4217  s!   2       java.beans.PropertyDescriptor::getWriteMethod (152 bytes)
Event: 24.134 Thread 0x000001f1b96157e0 nmethod 4217 0x000001f1a71fb490 code [0x000001f1a71fb760, 0x000001f1a71fc3f0]

GC Heap History (14 events):
Event: 2.116 GC heap before
{Heap before GC invocations=0 (full 0):
 garbage-first heap   total 262144K, used 26624K [0x00000000e0000000, 0x0000000100000000)
  region size 1024K, 23 young (23552K), 0 survivors (0K)
 Metaspace       used 2761K, committed 2880K, reserved 393216K
  class space    used 319K, committed 384K, reserved 327680K
}
Event: 2.146 GC heap after
{Heap after GC invocations=1 (full 0):
 garbage-first heap   total 262144K, used 11071K [0x00000000e0000000, 0x0000000100000000)
  region size 1024K, 3 young (3072K), 3 survivors (3072K)
 Metaspace       used 2761K, committed 2880K, reserved 393216K
  class space    used 319K, committed 384K, reserved 327680K
}
Event: 3.152 GC heap before
{Heap before GC invocations=1 (full 0):
 garbage-first heap   total 262144K, used 38719K [0x00000000e0000000, 0x0000000100000000)
  region size 1024K, 30 young (30720K), 3 survivors (3072K)
 Metaspace       used 4628K, committed 4800K, reserved 393216K
  class space    used 592K, committed 704K, reserved 327680K
}
Event: 3.157 GC heap after
{Heap after GC invocations=2 (full 0):
 garbage-first heap   total 262144K, used 12894K [0x00000000e0000000, 0x0000000100000000)
  region size 1024K, 2 young (2048K), 2 survivors (2048K)
 Metaspace       used 4628K, committed 4800K, reserved 393216K
  class space    used 592K, committed 704K, reserved 327680K
}
Event: 9.138 GC heap before
{Heap before GC invocations=2 (full 0):
 garbage-first heap   total 262144K, used 109150K [0x00000000e0000000, 0x0000000100000000)
  region size 1024K, 94 young (96256K), 2 survivors (2048K)
 Metaspace       used 18159K, committed 18752K, reserved 393216K
  class space    used 2536K, committed 2816K, reserved 327680K
}
Event: 9.174 GC heap after
{Heap after GC invocations=3 (full 0):
 garbage-first heap   total 262144K, used 23402K [0x00000000e0000000, 0x0000000100000000)
  region size 1024K, 11 young (11264K), 11 survivors (11264K)
 Metaspace       used 18159K, committed 18752K, reserved 393216K
  class space    used 2536K, committed 2816K, reserved 327680K
}
Event: 11.216 GC heap before
{Heap before GC invocations=3 (full 0):
 garbage-first heap   total 262144K, used 43882K [0x00000000e0000000, 0x0000000100000000)
  region size 1024K, 32 young (32768K), 11 survivors (11264K)
 Metaspace       used 20832K, committed 21504K, reserved 393216K
  class space    used 2984K, committed 3328K, reserved 327680K
}
Event: 11.230 GC heap after
{Heap after GC invocations=4 (full 0):
 garbage-first heap   total 262144K, used 25532K [0x00000000e0000000, 0x0000000100000000)
  region size 1024K, 2 young (2048K), 2 survivors (2048K)
 Metaspace       used 20832K, committed 21504K, reserved 393216K
  class space    used 2984K, committed 3328K, reserved 327680K
}
Event: 23.411 GC heap before
{Heap before GC invocations=5 (full 0):
 garbage-first heap   total 262144K, used 128956K [0x00000000e0000000, 0x0000000100000000)
  region size 1024K, 104 young (106496K), 2 survivors (2048K)
 Metaspace       used 34581K, committed 35968K, reserved 393216K
  class space    used 5138K, committed 5824K, reserved 327680K
}
Event: 23.438 GC heap after
{Heap after GC invocations=6 (full 0):
 garbage-first heap   total 262144K, used 31574K [0x00000000e0000000, 0x0000000100000000)
  region size 1024K, 8 young (8192K), 8 survivors (8192K)
 Metaspace       used 34581K, committed 35968K, reserved 393216K
  class space    used 5138K, committed 5824K, reserved 327680K
}
Event: 23.733 GC heap before
{Heap before GC invocations=6 (full 0):
 garbage-first heap   total 262144K, used 32598K [0x00000000e0000000, 0x0000000100000000)
  region size 1024K, 10 young (10240K), 8 survivors (8192K)
 Metaspace       used 34858K, committed 36288K, reserved 393216K
  class space    used 5159K, committed 5888K, reserved 327680K
}
Event: 23.749 GC heap after
{Heap after GC invocations=7 (full 0):
 garbage-first heap   total 262144K, used 31505K [0x00000000e0000000, 0x0000000100000000)
  region size 1024K, 8 young (8192K), 8 survivors (8192K)
 Metaspace       used 34858K, committed 36288K, reserved 393216K
  class space    used 5159K, committed 5888K, reserved 327680K
}
Event: 23.906 GC heap before
{Heap before GC invocations=7 (full 0):
 garbage-first heap   total 262144K, used 33553K [0x00000000e0000000, 0x0000000100000000)
  region size 1024K, 11 young (11264K), 8 survivors (8192K)
 Metaspace       used 35293K, committed 36608K, reserved 393216K
  class space    used 5227K, committed 5888K, reserved 327680K
}
Event: 23.923 GC heap after
{Heap after GC invocations=8 (full 0):
 garbage-first heap   total 262144K, used 32050K [0x00000000e0000000, 0x0000000100000000)
  region size 1024K, 9 young (9216K), 9 survivors (9216K)
 Metaspace       used 35293K, committed 36608K, reserved 393216K
  class space    used 5227K, committed 5888K, reserved 327680K
}

Dll operation events (20 events):
Event: 0.346 Attempting to load shared library C:\Users\User\.vscode\extensions\redhat.java-1.56.0-win32-x64\jre\21.0.12.1-win32-x86_64\bin\nio.dll
Event: 0.347 Loaded shared library C:\Users\User\.vscode\extensions\redhat.java-1.56.0-win32-x64\jre\21.0.12.1-win32-x86_64\bin\nio.dll
Event: 0.355 Attempting to load shared library C:\Users\User\.vscode\extensions\redhat.java-1.56.0-win32-x64\jre\21.0.12.1-win32-x86_64\bin\zip.dll
Event: 0.355 Loaded shared library C:\Users\User\.vscode\extensions\redhat.java-1.56.0-win32-x64\jre\21.0.12.1-win32-x86_64\bin\zip.dll
Event: 1.136 Attempting to load shared library C:\Users\User\.vscode\extensions\redhat.java-1.56.0-win32-x64\jre\21.0.12.1-win32-x86_64\bin\jimage.dll
Event: 1.136 Loaded shared library C:\Users\User\.vscode\extensions\redhat.java-1.56.0-win32-x64\jre\21.0.12.1-win32-x86_64\bin\jimage.dll
Event: 1.833 Attempting to load shared library C:\Users\User\.vscode\extensions\redhat.java-1.56.0-win32-x64\jre\21.0.12.1-win32-x86_64\bin\verify.dll
Event: 1.834 Loaded shared library C:\Users\User\.vscode\extensions\redhat.java-1.56.0-win32-x64\jre\21.0.12.1-win32-x86_64\bin\verify.dll
Event: 1.928 Attempting to load shared library C:\Users\User\.gradle\native\660c5614fbf4a5f2a75b1949f50a0caf5cd603558e7d8a26e50b933a0cfb79d1\windows-amd64\native-platform.dll
Event: 1.930 Loaded shared library C:\Users\User\.gradle\native\660c5614fbf4a5f2a75b1949f50a0caf5cd603558e7d8a26e50b933a0cfb79d1\windows-amd64\native-platform.dll
Event: 1.962 Attempting to load shared library C:\Users\User\.gradle\native\0.2.8\x86_64-windows-gnu\gradle-fileevents.dll
Event: 1.967 Loaded shared library C:\Users\User\.gradle\native\0.2.8\x86_64-windows-gnu\gradle-fileevents.dll
Event: 4.531 Attempting to load shared library C:\Users\User\.vscode\extensions\redhat.java-1.56.0-win32-x64\jre\21.0.12.1-win32-x86_64\bin\management.dll
Event: 4.533 Loaded shared library C:\Users\User\.vscode\extensions\redhat.java-1.56.0-win32-x64\jre\21.0.12.1-win32-x86_64\bin\management.dll
Event: 4.549 Attempting to load shared library C:\Users\User\.vscode\extensions\redhat.java-1.56.0-win32-x64\jre\21.0.12.1-win32-x86_64\bin\management_ext.dll
Event: 4.551 Loaded shared library C:\Users\User\.vscode\extensions\redhat.java-1.56.0-win32-x64\jre\21.0.12.1-win32-x86_64\bin\management_ext.dll
Event: 5.269 Attempting to load shared library C:\Users\User\.vscode\extensions\redhat.java-1.56.0-win32-x64\jre\21.0.12.1-win32-x86_64\bin\extnet.dll
Event: 5.270 Loaded shared library C:\Users\User\.vscode\extensions\redhat.java-1.56.0-win32-x64\jre\21.0.12.1-win32-x86_64\bin\extnet.dll
Event: 6.054 Attempting to load shared library C:\Users\User\.vscode\extensions\redhat.java-1.56.0-win32-x64\jre\21.0.12.1-win32-x86_64\bin\sunmscapi.dll
Event: 6.059 Loaded shared library C:\Users\User\.vscode\extensions\redhat.java-1.56.0-win32-x64\jre\21.0.12.1-win32-x86_64\bin\sunmscapi.dll

Deoptimization events (20 events):
Event: 23.292 Thread 0x000001f1d51e5990 Uncommon trap: trap_request=0xffffffde fr.pc=0x000001f1aeb05ce8 relative=0x0000000000000208
Event: 23.292 Thread 0x000001f1d51e5990 Uncommon trap: reason=class_check action=maybe_recompile pc=0x000001f1aeb05ce8 method=java.util.regex.Pattern$BmpCharProperty.match(Ljava/util/regex/Matcher;ILjava/lang/CharSequence;)Z @ 19 c2
Event: 23.292 Thread 0x000001f1d51e5990 DEOPT PACKING pc=0x000001f1aeb05ce8 sp=0x000000d542cf8440
Event: 23.292 Thread 0x000001f1d51e5990 DEOPT UNPACKING pc=0x000001f1ae3e7ba2 sp=0x000000d542cf83d8 mode 2
Event: 23.292 Thread 0x000001f1d51e5990 Uncommon trap: trap_request=0xffffffde fr.pc=0x000001f1aeb05ce8 relative=0x0000000000000208
Event: 23.292 Thread 0x000001f1d51e5990 Uncommon trap: reason=class_check action=maybe_recompile pc=0x000001f1aeb05ce8 method=java.util.regex.Pattern$BmpCharProperty.match(Ljava/util/regex/Matcher;ILjava/lang/CharSequence;)Z @ 19 c2
Event: 23.292 Thread 0x000001f1d51e5990 DEOPT PACKING pc=0x000001f1aeb05ce8 sp=0x000000d542cf8440
Event: 23.292 Thread 0x000001f1d51e5990 DEOPT UNPACKING pc=0x000001f1ae3e7ba2 sp=0x000000d542cf83d8 mode 2
Event: 23.292 Thread 0x000001f1d51e5990 Uncommon trap: trap_request=0xffffffde fr.pc=0x000001f1aeb05ce8 relative=0x0000000000000208
Event: 23.292 Thread 0x000001f1d51e5990 Uncommon trap: reason=class_check action=maybe_recompile pc=0x000001f1aeb05ce8 method=java.util.regex.Pattern$BmpCharProperty.match(Ljava/util/regex/Matcher;ILjava/lang/CharSequence;)Z @ 19 c2
Event: 23.292 Thread 0x000001f1d51e5990 DEOPT PACKING pc=0x000001f1aeb05ce8 sp=0x000000d542cf8440
Event: 23.292 Thread 0x000001f1d51e5990 DEOPT UNPACKING pc=0x000001f1ae3e7ba2 sp=0x000000d542cf83d8 mode 2
Event: 23.292 Thread 0x000001f1d51e5990 Uncommon trap: trap_request=0xffffffde fr.pc=0x000001f1aeb05ce8 relative=0x0000000000000208
Event: 23.292 Thread 0x000001f1d51e5990 Uncommon trap: reason=class_check action=maybe_recompile pc=0x000001f1aeb05ce8 method=java.util.regex.Pattern$BmpCharProperty.match(Ljava/util/regex/Matcher;ILjava/lang/CharSequence;)Z @ 19 c2
Event: 23.292 Thread 0x000001f1d51e5990 DEOPT PACKING pc=0x000001f1aeb05ce8 sp=0x000000d542cf8440
Event: 23.292 Thread 0x000001f1d51e5990 DEOPT UNPACKING pc=0x000001f1ae3e7ba2 sp=0x000000d542cf83d8 mode 2
Event: 23.335 Thread 0x000001f1d51e5990 Uncommon trap: trap_request=0xffffff45 fr.pc=0x000001f1ae9b6e7c relative=0x000000000000053c
Event: 23.335 Thread 0x000001f1d51e5990 Uncommon trap: reason=unstable_if action=reinterpret pc=0x000001f1ae9b6e7c method=java.util.Properties$LineReader.readLine()I @ 95 c2
Event: 23.335 Thread 0x000001f1d51e5990 DEOPT PACKING pc=0x000001f1ae9b6e7c sp=0x000000d542cf8760
Event: 23.335 Thread 0x000001f1d51e5990 DEOPT UNPACKING pc=0x000001f1ae3e7ba2 sp=0x000000d542cf86f8 mode 2

Classes loaded (20 events):
Event: 23.925 Loading class java/util/concurrent/locks/ReentrantReadWriteLock$Sync done
Event: 23.925 Loading class java/util/concurrent/locks/ReentrantReadWriteLock$NonfairSync done
Event: 23.925 Loading class java/util/concurrent/locks/ReentrantReadWriteLock$Sync$ThreadLocalHoldCounter
Event: 23.925 Loading class java/util/concurrent/locks/ReentrantReadWriteLock$Sync$ThreadLocalHoldCounter done
Event: 23.925 Loading class java/util/concurrent/locks/ReentrantReadWriteLock$ReadLock
Event: 23.925 Loading class java/util/concurrent/locks/ReentrantReadWriteLock$ReadLock done
Event: 23.925 Loading class java/util/concurrent/locks/ReentrantReadWriteLock$WriteLock
Event: 23.925 Loading class java/util/concurrent/locks/ReentrantReadWriteLock$WriteLock done
Event: 24.021 Loading class java/lang/IllegalAccessError
Event: 24.021 Loading class java/lang/IllegalAccessError done
Event: 24.114 Loading class sun/reflect/generics/reflectiveObjects/GenericArrayTypeImpl
Event: 24.115 Loading class sun/reflect/generics/reflectiveObjects/GenericArrayTypeImpl done
Event: 24.128 Loading class com/sun/beans/finder/MethodFinder
Event: 24.129 Loading class com/sun/beans/finder/AbstractFinder
Event: 24.129 Loading class com/sun/beans/finder/AbstractFinder done
Event: 24.129 Loading class com/sun/beans/finder/MethodFinder done
Event: 24.129 Loading class com/sun/beans/finder/MethodFinder$1
Event: 24.129 Loading class com/sun/beans/finder/MethodFinder$1 done
Event: 24.129 Loading class com/sun/beans/finder/FinderUtils
Event: 24.130 Loading class com/sun/beans/finder/FinderUtils done

Classes unloaded (0 events):
No events

Classes redefined (0 events):
No events

Internal exceptions (20 events):
Event: 23.930 Thread 0x000001f1d51e5990 Exception <a 'java/lang/ClassNotFoundException'{0x00000000eff69c08}: groovy/lang/GroovyObjectSupportCustomizer> (0x00000000eff69c08) 
thrown [s\src\hotspot\share\classfile\systemDictionary.cpp, line 313]
Event: 23.933 Thread 0x000001f1d51e5990 Exception <a 'java/lang/ClassNotFoundException'{0x00000000eff76f00}: groovy/lang/BindingCustomizer> (0x00000000eff76f00) 
thrown [s\src\hotspot\share\classfile\systemDictionary.cpp, line 313]
Event: 23.981 Thread 0x000001f1d51e5990 Exception <a 'java/lang/ClassNotFoundException'{0x00000000efe3cad0}: javals_3vvizspnjy87c2ohvl7yknwcgBeanInfo> (0x00000000efe3cad0) 
thrown [s\src\hotspot\share\classfile\systemDictionary.cpp, line 313]
Event: 23.983 Thread 0x000001f1d51e5990 Exception <a 'java/lang/ClassNotFoundException'{0x00000000efe460a8}: org/gradle/initialization/InitScriptBeanInfo> (0x00000000efe460a8) 
thrown [s\src\hotspot\share\classfile\systemDictionary.cpp, line 313]
Event: 23.984 Thread 0x000001f1d51e5990 Exception <a 'java/lang/ClassNotFoundException'{0x00000000efe50340}: org/gradle/groovy/scripts/DefaultScriptBeanInfo> (0x00000000efe50340) 
thrown [s\src\hotspot\share\classfile\systemDictionary.cpp, line 313]
Event: 23.985 Thread 0x000001f1d51e5990 Exception <a 'java/lang/ClassNotFoundException'{0x00000000efe5a418}: org/gradle/groovy/scripts/BasicScriptBeanInfo> (0x00000000efe5a418) 
thrown [s\src\hotspot\share\classfile\systemDictionary.cpp, line 313]
Event: 23.986 Thread 0x000001f1d51e5990 Exception <a 'java/lang/ClassNotFoundException'{0x00000000efe64740}: org/gradle/groovy/scripts/ScriptBeanInfo> (0x00000000efe64740) 
thrown [s\src\hotspot\share\classfile\systemDictionary.cpp, line 313]
Event: 23.988 Thread 0x000001f1d51e5990 Exception <a 'java/lang/ClassNotFoundException'{0x00000000efe6e640}: groovy/lang/ScriptBeanInfo> (0x00000000efe6e640) 
thrown [s\src\hotspot\share\classfile\systemDictionary.cpp, line 313]
Event: 23.990 Thread 0x000001f1d51e5990 Exception <a 'java/lang/ClassNotFoundException'{0x00000000efe78530}: groovy/lang/ScriptCustomizer> (0x00000000efe78530) 
thrown [s\src\hotspot\share\classfile\systemDictionary.cpp, line 313]
Event: 23.993 Thread 0x000001f1d51e5990 Exception <a 'java/lang/ClassNotFoundException'{0x00000000efe8b1d8}: org/gradle/groovy/scripts/ScriptCustomizer> (0x00000000efe8b1d8) 
thrown [s\src\hotspot\share\classfile\systemDictionary.cpp, line 313]
Event: 23.996 Thread 0x000001f1d51e5990 Exception <a 'java/lang/ClassNotFoundException'{0x00000000efe9c378}: org/gradle/groovy/scripts/BasicScriptCustomizer> (0x00000000efe9c378) 
thrown [s\src\hotspot\share\classfile\systemDictionary.cpp, line 313]
Event: 24.001 Thread 0x000001f1d51e5990 Exception <a 'java/lang/ClassNotFoundException'{0x00000000efeb3b28}: org/gradle/groovy/scripts/DefaultScriptCustomizer> (0x00000000efeb3b28) 
thrown [s\src\hotspot\share\classfile\systemDictionary.cpp, line 313]
Event: 24.008 Thread 0x000001f1d51e5990 Exception <a 'java/lang/ClassNotFoundException'{0x00000000efed6698}: org/gradle/initialization/InitScriptCustomizer> (0x00000000efed6698) 
thrown [s\src\hotspot\share\classfile\systemDictionary.cpp, line 313]
Event: 24.010 Thread 0x000001f1d51e5990 Exception <a 'java/lang/ClassNotFoundException'{0x00000000efee4a58}: javals_3vvizspnjy87c2ohvl7yknwcgCustomizer> (0x00000000efee4a58) 
thrown [s\src\hotspot\share\classfile\systemDictionary.cpp, line 313]
Event: 24.067 Thread 0x000001f1d51e5990 Exception <a 'java/lang/ClassNotFoundException'{0x00000000efdaac70}: org/gradle/internal/extensibility/DefaultExtraPropertiesExtensionBeanInfo> (0x00000000efdaac70) 
thrown [s\src\hotspot\share\classfile\systemDictionary.cpp, line 313]
Event: 24.068 Thread 0x000001f1d51e5990 Exception <a 'java/lang/ClassNotFoundException'{0x00000000efdb4598}: org/gradle/internal/extensibility/DefaultExtraPropertiesExtensionCustomizer> (0x00000000efdb4598) 
thrown [s\src\hotspot\share\classfile\systemDictionary.cpp, line 313]
Event: 24.107 Thread 0x000001f1d51e5990 Exception <a 'java/lang/ClassNotFoundException'{0x00000000efc424f8}: groovy/lang/Closure$1BeanInfo> (0x00000000efc424f8) 
thrown [s\src\hotspot\share\classfile\systemDictionary.cpp, line 313]
Event: 24.110 Thread 0x000001f1d51e5990 Exception <a 'java/lang/ClassNotFoundException'{0x00000000efc4f3b0}: groovy/lang/ClosureBeanInfo> (0x00000000efc4f3b0) 
thrown [s\src\hotspot\share\classfile\systemDictionary.cpp, line 313]
Event: 24.111 Thread 0x000001f1d51e5990 Exception <a 'java/lang/ClassNotFoundException'{0x00000000efc5c2a0}: groovy/lang/ClosureCustomizer> (0x00000000efc5c2a0) 
thrown [s\src\hotspot\share\classfile\systemDictionary.cpp, line 313]
Event: 24.128 Thread 0x000001f1d51e5990 Exception <a 'java/lang/ClassNotFoundException'{0x00000000efc8e740}: groovy/lang/Closure$1Customizer> (0x00000000efc8e740) 
thrown [s\src\hotspot\share\classfile\systemDictionary.cpp, line 313]

ZGC Phase Switch (0 events):
No events

VM Operations (20 events):
Event: 21.749 Executing safepoint VM operation: Cleanup
Event: 21.824 Executing safepoint VM operation: Cleanup done
Event: 21.922 Executing non-safepoint VM operation: HandshakeAllThreads (Deoptimize)
Event: 21.922 Executing non-safepoint VM operation: HandshakeAllThreads (Deoptimize) done
Event: 21.935 Executing non-safepoint VM operation: HandshakeAllThreads (Deoptimize)
Event: 21.935 Executing non-safepoint VM operation: HandshakeAllThreads (Deoptimize) done
Event: 22.609 Executing non-safepoint VM operation: HandshakeAllThreads (Deoptimize)
Event: 22.609 Executing non-safepoint VM operation: HandshakeAllThreads (Deoptimize) done
Event: 23.410 Executing safepoint VM operation: CollectForMetadataAllocation (Metadata GC Threshold)
Event: 23.438 Executing safepoint VM operation: CollectForMetadataAllocation (Metadata GC Threshold) done
Event: 23.546 Executing non-safepoint VM operation: HandshakeAllThreads (Deoptimize)
Event: 23.546 Executing non-safepoint VM operation: HandshakeAllThreads (Deoptimize) done
Event: 23.733 Executing safepoint VM operation: CollectForMetadataAllocation (Metadata GC Threshold)
Event: 23.749 Executing safepoint VM operation: CollectForMetadataAllocation (Metadata GC Threshold) done
Event: 23.906 Executing safepoint VM operation: CollectForMetadataAllocation (Metadata GC Threshold)
Event: 23.923 Executing safepoint VM operation: CollectForMetadataAllocation (Metadata GC Threshold) done
Event: 23.955 Executing safepoint VM operation: G1PauseRemark
Event: 23.968 Executing safepoint VM operation: G1PauseRemark done
Event: 23.979 Executing safepoint VM operation: G1PauseCleanup
Event: 23.979 Executing safepoint VM operation: G1PauseCleanup done

Memory protections (0 events):
No events

Nmethod flushes (20 events):
Event: 23.964 Thread 0x000001f1b95e7920 flushing  nmethod 0x000001f1a72aa410
Event: 23.964 Thread 0x000001f1b95e7920 flushing  nmethod 0x000001f1a72aad90
Event: 23.964 Thread 0x000001f1b95e7920 flushing  nmethod 0x000001f1a72adb90
Event: 23.964 Thread 0x000001f1b95e7920 flushing  nmethod 0x000001f1a72b5410
Event: 23.964 Thread 0x000001f1b95e7920 flushing  nmethod 0x000001f1a72cb410
Event: 23.964 Thread 0x000001f1b95e7920 flushing  nmethod 0x000001f1a70b8010
Event: 23.964 Thread 0x000001f1b95e7920 flushing  nmethod 0x000001f1a70f1610
Event: 23.964 Thread 0x000001f1b95e7920 flushing  nmethod 0x000001f1a70f1d10
Event: 23.964 Thread 0x000001f1b95e7920 flushing  nmethod 0x000001f1a70f2390
Event: 23.964 Thread 0x000001f1b95e7920 flushing  nmethod 0x000001f1a70fa090
Event: 23.964 Thread 0x000001f1b95e7920 flushing  nmethod 0x000001f1a7171590
Event: 23.964 Thread 0x000001f1b95e7920 flushing  nmethod 0x000001f1a71d8310
Event: 23.964 Thread 0x000001f1b95e7920 flushing  nmethod 0x000001f1a71d9e10
Event: 23.964 Thread 0x000001f1b95e7920 flushing  nmethod 0x000001f1a71f7590
Event: 23.964 Thread 0x000001f1b95e7920 flushing  nmethod 0x000001f1a71f8510
Event: 23.964 Thread 0x000001f1b95e7920 flushing  nmethod 0x000001f1a71f8a10
Event: 23.964 Thread 0x000001f1b95e7920 flushing  nmethod 0x000001f1a724ed10
Event: 23.964 Thread 0x000001f1b95e7920 flushing  nmethod 0x000001f1a7264b90
Event: 23.964 Thread 0x000001f1b95e7920 flushing  nmethod 0x000001f1a7271090
Event: 23.964 Thread 0x000001f1b95e7920 flushing  nmethod 0x000001f1a7271990

Events (20 events):
Event: 6.121 Thread 0x000001f1d4160a20 Thread added: 0x000001f1d4d3aeb0
Event: 6.212 Thread 0x000001f1d4160a20 Thread added: 0x000001f1d4dbf3b0
Event: 6.281 Thread 0x000001f1d4160a20 Thread added: 0x000001f1d51e5990
Event: 6.290 Thread 0x000001f1d51e5990 Thread added: 0x000001f1b96aae90
Event: 6.315 Thread 0x000001f1d51e5990 Thread added: 0x000001f1b96adc80
Event: 6.332 Thread 0x000001f1d51e5990 Thread added: 0x000001f1b96acf60
Event: 7.311 Thread 0x000001f1d51e5990 Thread added: 0x000001f1b96ac240
Event: 7.358 Thread 0x000001f1d51e5990 Thread added: 0x000001f1b96aa800
Event: 8.265 Thread 0x000001f1d51e5990 Thread added: 0x000001f1b96ab520
Event: 8.280 Thread 0x000001f1b96aa800 Thread added: 0x000001f1b96abbb0
Event: 12.075 Thread 0x000001f1d51e5990 Thread added: 0x000001f1d5c27870
Event: 12.129 Thread 0x000001f1d51e5990 Thread added: 0x000001f1d5c271e0
Event: 12.697 Thread 0x000001f1d51e5990 Thread added: 0x000001f1d5c29fd0
Event: 12.714 Thread 0x000001f1d51e5990 Thread added: 0x000001f1d5c27f00
Event: 13.339 Thread 0x000001f1d51e5990 Thread added: 0x000001f1d5c28590
Event: 14.126 Thread 0x000001f1d51e5990 Thread added: 0x000001f1d5c28c20
Event: 15.079 Thread 0x000001f1d51e5990 Thread added: 0x000001f1d5c292b0
Event: 15.372 Thread 0x000001f1d51e5990 Thread added: 0x000001f1d5c2a660
Event: 19.451 Thread 0x000001f1d51e5990 Thread added: 0x000001f1d6e60410
Event: 20.486 Thread 0x000001f1d51e5990 Thread added: 0x000001f1d6e61e50


Dynamic libraries:
0x00007ff7c3ea0000 - 0x00007ff7c3eae000 	C:\Users\User\.vscode\extensions\redhat.java-1.56.0-win32-x64\jre\21.0.12.1-win32-x86_64\bin\java.exe
0x00007fff70ce0000 - 0x00007fff70f47000 	C:\WINDOWS\SYSTEM32\ntdll.dll
0x00007fff6f600000 - 0x00007fff6f6cb000 	C:\WINDOWS\System32\KERNEL32.DLL
0x00007fff6dee0000 - 0x00007fff6e2e2000 	C:\WINDOWS\System32\KERNELBASE.dll
0x00007fff6e8a0000 - 0x00007fff6e9ec000 	C:\WINDOWS\System32\ucrtbase.dll
0x00007fff36f70000 - 0x00007fff36f88000 	C:\Users\User\.vscode\extensions\redhat.java-1.56.0-win32-x64\jre\21.0.12.1-win32-x86_64\bin\jli.dll
0x00007fff700f0000 - 0x00007fff702bf000 	C:\WINDOWS\System32\USER32.dll
0x00007fff6e7b0000 - 0x00007fff6e7d7000 	C:\WINDOWS\System32\win32u.dll
0x00007fff70000000 - 0x00007fff7002b000 	C:\WINDOWS\System32\GDI32.dll
0x00007fff6e440000 - 0x00007fff6e569000 	C:\WINDOWS\System32\gdi32full.dll
0x00007fff6e570000 - 0x00007fff6e613000 	C:\WINDOWS\System32\msvcp_win.dll
0x00007fff4bbb0000 - 0x00007fff4be40000 	C:\WINDOWS\WinSxS\amd64_microsoft.windows.common-controls_6595b64144ccf1df_6.0.26100.9278_none_3e0d1ba8e3303201\COMCTL32.dll
0x00007fff250d0000 - 0x00007fff250ee000 	C:\Users\User\.vscode\extensions\redhat.java-1.56.0-win32-x64\jre\21.0.12.1-win32-x86_64\bin\VCRUNTIME140.dll
0x00007fff70450000 - 0x00007fff704f9000 	C:\WINDOWS\System32\msvcrt.dll
0x00007fff6f5c0000 - 0x00007fff6f5f1000 	C:\WINDOWS\System32\IMM32.DLL
0x00007fff58fe0000 - 0x00007fff58fec000 	C:\Users\User\.vscode\extensions\redhat.java-1.56.0-win32-x64\jre\21.0.12.1-win32-x86_64\bin\vcruntime140_1.dll
0x00007fff09640000 - 0x00007fff096cd000 	C:\Users\User\.vscode\extensions\redhat.java-1.56.0-win32-x64\jre\21.0.12.1-win32-x86_64\bin\msvcp140.dll
0x00007ffee81e0000 - 0x00007ffee8f82000 	C:\Users\User\.vscode\extensions\redhat.java-1.56.0-win32-x64\jre\21.0.12.1-win32-x86_64\bin\server\jvm.dll
0x00007fff70380000 - 0x00007fff7043c000 	C:\WINDOWS\System32\ADVAPI32.dll
0x00007fff6f6d0000 - 0x00007fff6f779000 	C:\WINDOWS\System32\sechost.dll
0x00007fff6f920000 - 0x00007fff6fa38000 	C:\WINDOWS\System32\RPCRT4.dll
0x00007fff6efa0000 - 0x00007fff6f020000 	C:\WINDOWS\System32\WS2_32.dll
0x00007fff6dd40000 - 0x00007fff6dd9e000 	C:\WINDOWS\SYSTEM32\POWRPROF.dll
0x00007fff638e0000 - 0x00007fff63916000 	C:\WINDOWS\SYSTEM32\WINMM.dll
0x00007fff5db80000 - 0x00007fff5db8b000 	C:\WINDOWS\SYSTEM32\VERSION.dll
0x00007fff6dc70000 - 0x00007fff6dc85000 	C:\WINDOWS\SYSTEM32\UMPDC.dll
0x00007fff6cbb0000 - 0x00007fff6cbcb000 	C:\WINDOWS\SYSTEM32\kernel.appcore.dll
0x00007fff57f60000 - 0x00007fff57f6a000 	C:\Users\User\.vscode\extensions\redhat.java-1.56.0-win32-x64\jre\21.0.12.1-win32-x86_64\bin\jimage.dll
0x00007fff6ae60000 - 0x00007fff6b0ac000 	C:\WINDOWS\SYSTEM32\DBGHELP.DLL
0x00007fff6fa60000 - 0x00007fff6fde5000 	C:\WINDOWS\System32\combase.dll
0x00007fff6ed20000 - 0x00007fff6edf9000 	C:\WINDOWS\System32\OLEAUT32.dll
0x00007fff4b200000 - 0x00007fff4b23b000 	C:\WINDOWS\SYSTEM32\dbgcore.DLL
0x00007fff6e7e0000 - 0x00007fff6e88c000 	C:\WINDOWS\System32\bcryptPrimitives.dll
0x00007fff3b900000 - 0x00007fff3b90f000 	C:\Users\User\.vscode\extensions\redhat.java-1.56.0-win32-x64\jre\21.0.12.1-win32-x86_64\bin\instrument.dll
0x00007fff237c0000 - 0x00007fff237e0000 	C:\Users\User\.vscode\extensions\redhat.java-1.56.0-win32-x64\jre\21.0.12.1-win32-x86_64\bin\java.dll
0x00007fff70500000 - 0x00007fff70c98000 	C:\WINDOWS\System32\SHELL32.dll
0x00007fff6b920000 - 0x00007fff6c1ce000 	C:\WINDOWS\SYSTEM32\windows.storage.dll
0x00007fff6f030000 - 0x00007fff6f12b000 	C:\WINDOWS\System32\SHCORE.dll
0x00007fff6ea00000 - 0x00007fff6ea66000 	C:\WINDOWS\System32\shlwapi.dll
0x00007fff6de00000 - 0x00007fff6de29000 	C:\WINDOWS\SYSTEM32\profapi.dll
0x00007fff237a0000 - 0x00007fff237b8000 	C:\Users\User\.vscode\extensions\redhat.java-1.56.0-win32-x64\jre\21.0.12.1-win32-x86_64\bin\zip.dll
0x00007fff4f470000 - 0x00007fff4f480000 	C:\Users\User\.vscode\extensions\redhat.java-1.56.0-win32-x64\jre\21.0.12.1-win32-x86_64\bin\net.dll
0x00007fff66c00000 - 0x00007fff66d2a000 	C:\WINDOWS\SYSTEM32\WINHTTP.dll
0x00007fff6d170000 - 0x00007fff6d1dc000 	C:\WINDOWS\system32\mswsock.dll
0x00007fff1e970000 - 0x00007fff1e986000 	C:\Users\User\.vscode\extensions\redhat.java-1.56.0-win32-x64\jre\21.0.12.1-win32-x86_64\bin\nio.dll
0x00007fff39ff0000 - 0x00007fff3a000000 	C:\Users\User\.vscode\extensions\redhat.java-1.56.0-win32-x64\jre\21.0.12.1-win32-x86_64\bin\verify.dll
0x00007fff0fce0000 - 0x00007fff0fd07000 	C:\Users\User\.gradle\native\660c5614fbf4a5f2a75b1949f50a0caf5cd603558e7d8a26e50b933a0cfb79d1\windows-amd64\native-platform.dll
0x00007fff01e30000 - 0x00007fff01ea7000 	C:\Users\User\.gradle\native\0.2.8\x86_64-windows-gnu\gradle-fileevents.dll
0x00007fff39e80000 - 0x00007fff39e8a000 	C:\Users\User\.vscode\extensions\redhat.java-1.56.0-win32-x64\jre\21.0.12.1-win32-x86_64\bin\management.dll
0x00007fff37e30000 - 0x00007fff37e3c000 	C:\Users\User\.vscode\extensions\redhat.java-1.56.0-win32-x64\jre\21.0.12.1-win32-x86_64\bin\management_ext.dll
0x00007fff6ef90000 - 0x00007fff6ef98000 	C:\WINDOWS\System32\PSAPI.DLL
0x00007fff6c610000 - 0x00007fff6c643000 	C:\WINDOWS\SYSTEM32\IPHLPAPI.DLL
0x00007fff6ed10000 - 0x00007fff6ed1a000 	C:\WINDOWS\System32\NSI.dll
0x00007fff2a040000 - 0x00007fff2a049000 	C:\Users\User\.vscode\extensions\redhat.java-1.56.0-win32-x64\jre\21.0.12.1-win32-x86_64\bin\extnet.dll
0x00007fff6d480000 - 0x00007fff6d49b000 	C:\WINDOWS\SYSTEM32\CRYPTSP.dll
0x00007fff6cb10000 - 0x00007fff6cb49000 	C:\WINDOWS\system32\rsaenh.dll
0x00007fff6d220000 - 0x00007fff6d254000 	C:\WINDOWS\SYSTEM32\USERENV.dll
0x00007fff6ddd0000 - 0x00007fff6ddfa000 	C:\WINDOWS\SYSTEM32\bcrypt.dll
0x00007fff6d460000 - 0x00007fff6d46c000 	C:\WINDOWS\SYSTEM32\CRYPTBASE.dll
0x00007fff40840000 - 0x00007fff4084e000 	C:\Users\User\.vscode\extensions\redhat.java-1.56.0-win32-x64\jre\21.0.12.1-win32-x86_64\bin\sunmscapi.dll
0x00007fff6e620000 - 0x00007fff6e79e000 	C:\WINDOWS\System32\CRYPT32.dll
0x00007fff6d6a0000 - 0x00007fff6d6d0000 	C:\WINDOWS\SYSTEM32\ncrypt.dll
0x00007fff6d650000 - 0x00007fff6d68f000 	C:\WINDOWS\SYSTEM32\NTASN1.dll
0x00007fff269b0000 - 0x00007fff269b8000 	C:\WINDOWS\system32\wshunix.dll

JVMTI agents:
C:\Users\User\.gradle\wrapper\dists\gradle-9.7.1-bin\1w1c7tv4s851m17nbqdsro2tv\gradle-9.7.1\lib\agents\gradle-instrumentation-agent-9.7.1.jar path:C:\Users\User\.vscode\extensions\redhat.java-1.56.0-win32-x64\jre\21.0.12.1-win32-x86_64\bin\instrument.dll, loaded, initialized, instrumentlib options:none

dbghelp: loaded successfully - version: 4.0.5 - missing functions: none
symbol engine: initialized successfully - sym options: 0x614 - pdb path: .;C:\Users\User\.vscode\extensions\redhat.java-1.56.0-win32-x64\jre\21.0.12.1-win32-x86_64\bin;C:\WINDOWS\SYSTEM32;C:\WINDOWS\WinSxS\amd64_microsoft.windows.common-controls_6595b64144ccf1df_6.0.26100.9278_none_3e0d1ba8e3303201;C:\Users\User\.vscode\extensions\redhat.java-1.56.0-win32-x64\jre\21.0.12.1-win32-x86_64\bin\server;C:\Users\User\.gradle\native\660c5614fbf4a5f2a75b1949f50a0caf5cd603558e7d8a26e50b933a0cfb79d1\windows-amd64;C:\Users\User\.gradle\native\0.2.8\x86_64-windows-gnu

VM Arguments:
jvm_args: --add-opens=java.base/java.lang=ALL-UNNAMED --add-opens=java.base/java.lang.invoke=ALL-UNNAMED --add-opens=java.base/java.util=ALL-UNNAMED --add-opens=java.prefs/java.util.prefs=ALL-UNNAMED --add-exports=jdk.compiler/com.sun.tools.javac.api=ALL-UNNAMED --add-exports=jdk.compiler/com.sun.tools.javac.util=ALL-UNNAMED --add-opens=java.base/java.nio.charset=ALL-UNNAMED --add-opens=java.base/java.net=ALL-UNNAMED --add-opens=java.base/java.util.concurrent=ALL-UNNAMED --add-opens=java.base/java.util.concurrent.atomic=ALL-UNNAMED --add-opens=java.xml/javax.xml.namespace=ALL-UNNAMED --add-opens=java.base/java.time=ALL-UNNAMED -XX:MaxMetaspaceSize=384m -XX:+HeapDumpOnOutOfMemoryError -Xms256m -Xmx512m -Dfile.encoding=UTF-8 -Duser.country=US -Duser.language=en -Duser.variant -javaagent:C:\Users\User\.gradle\wrapper\dists\gradle-9.7.1-bin\1w1c7tv4s851m17nbqdsro2tv\gradle-9.7.1\lib\agents\gradle-instrumentation-agent-9.7.1.jar 
java_command: org.gradle.launcher.daemon.bootstrap.GradleDaemon 9.7.1
java_class_path (initial): C:\Users\User\.gradle\wrapper\dists\gradle-9.7.1-bin\1w1c7tv4s851m17nbqdsro2tv\gradle-9.7.1\lib\gradle-daemon-main-9.7.1.jar
Launcher Type: SUN_STANDARD

[Global flags]
     intx CICompilerCount                          = 4                                         {product} {ergonomic}
   size_t CompressedClassSpaceSize                 = 335544320                                 {product} {ergonomic}
     uint ConcGCThreads                            = 2                                         {product} {ergonomic}
     uint G1ConcRefinementThreads                  = 8                                         {product} {ergonomic}
   size_t G1HeapRegionSize                         = 1048576                                   {product} {ergonomic}
    uintx GCDrainStackTargetSize                   = 64                                        {product} {ergonomic}
     bool HeapDumpOnOutOfMemoryError               = true                                   {manageable} {command line}
   size_t InitialHeapSize                          = 268435456                                 {product} {command line}
   size_t MarkStackSize                            = 4194304                                   {product} {ergonomic}
   size_t MaxHeapSize                              = 536870912                                 {product} {command line}
   size_t MaxMetaspaceSize                         = 402653184                                 {product} {command line}
   size_t MaxNewSize                               = 321912832                                 {product} {ergonomic}
   size_t MinHeapDeltaBytes                        = 1048576                                   {product} {ergonomic}
   size_t MinHeapSize                              = 268435456                                 {product} {command line}
    uintx NonNMethodCodeHeapSize                   = 5839372                                {pd product} {ergonomic}
    uintx NonProfiledCodeHeapSize                  = 122909434                              {pd product} {ergonomic}
    uintx ProfiledCodeHeapSize                     = 122909434                              {pd product} {ergonomic}
    uintx ReservedCodeCacheSize                    = 251658240                              {pd product} {ergonomic}
     bool SegmentedCodeCache                       = true                                      {product} {ergonomic}
   size_t SoftMaxHeapSize                          = 536870912                              {manageable} {ergonomic}
     bool UseCompressedOops                        = true                           {product lp64_product} {ergonomic}
     bool UseG1GC                                  = true                                      {product} {ergonomic}
     bool UseLargePagesIndividualAllocation        = false                                  {pd product} {ergonomic}

Logging:
Log output configuration:
 #0: stdout all=warning uptime,level,tags foldmultilines=false
 #1: stderr all=off uptime,level,tags foldmultilines=false

Release file:
JAVA_VERSION="21.0.12.1" 
MODULES="java.base java.compiler java.datatransfer java.xml java.prefs java.desktop java.instrument java.logging java.management java.security.sasl java.naming java.rmi java.management.rmi java.net.http java.scripting java.security.jgss java.transaction.xa java.sql java.sql.rowset java.xml.crypto java.se java.smartcardio jdk.accessibility jdk.internal.jvmstat jdk.attach jdk.charsets jdk.internal.opt jdk.zipfs jdk.compiler jdk.crypto.ec jdk.crypto.cryptoki jdk.crypto.mscapi jdk.dynalink jdk.internal.ed jdk.editpad jdk.hotspot.agent jdk.httpserver jdk.internal.le jdk.internal.vm.ci jdk.internal.vm.compiler jdk.internal.vm.compiler.management jdk.jartool jdk.javadoc jdk.jcmd jdk.management jdk.management.agent jdk.jconsole jdk.jdeps jdk.jdwp.agent jdk.jdi jdk.jfr jdk.jshell jdk.jsobject jdk.jstatd jdk.localedata jdk.management.jfr jdk.naming.dns jdk.naming.rmi jdk.net jdk.nio.mapmode jdk.random jdk.sctp jdk.security.auth jdk.security.jgss jdk.unsupported jdk.unsupported.desktop jdk.xml.dom" 

Environment Variables:
PATH=C:\Program Files\Eclipse Adoptium\jdk-21.0.12.101-hotspot\bin;C:\WINDOWS\system32;C:\WINDOWS;C:\WINDOWS\System32\Wbem;C:\WINDOWS\System32\WindowsPowerShell\v1.0\;C:\WINDOWS\System32\OpenSSH\;C:\Program Files\Microsoft SQL Server\150\Tools\Binn\;C:\Program Files\Microsoft SQL Server\Client SDK\ODBC\170\Tools\Binn\;C:\Program Files\dotnet\;C:\Program Files (x86)\Microsoft SQL Server\150\Tools\Binn\;C:\Program Files (x86)\Microsoft SQL Server\150\DTS\Binn\;C:\Program Files\Microsoft SQL Server\150\DTS\Binn\;C:\Program Files\nodejs\;D:\Git\cmd;C:\Program Files\GitHub CLI\;C:\Users\User\AppData\Local\Programs\Python\Python313\Scripts\;C:\Users\User\AppData\Local\Programs\Python\Python313\;C:\Users\User\AppData\Local\Programs\Python\Launcher\;C:\Users\User\.local\bin;C:\Users\User\AppData\Local\Microsoft\WindowsApps;H:\Microsoft VS Code\bin;C:\Users\User\.dotnet\tools;C:\Program Files\Azure Data Studio\bin;C:\Users\User\AppData\Roaming\npm
USERNAME=User
OS=Windows_NT
PROCESSOR_IDENTIFIER=Intel64 Family 6 Model 140 Stepping 1, GenuineIntel
TMP=C:\Users\User\AppData\Local\Temp
TEMP=C:\Users\User\AppData\Local\Temp




Periodic native trim disabled

---------------  S Y S T E M  ---------------

OS:
 Windows 11 , 64 bit Build 26100 (10.0.26100.9444)
OS uptime: 12 days 20:04 hours
Hyper-V role detected

CPU: total 8 (initial active 8) (4 cores per cpu, 2 threads per core) family 6 model 140 stepping 1 microcode 0xac, cx8, cmov, fxsr, ht, mmx, 3dnowpref, sse, sse2, sse3, ssse3, sse4.1, sse4.2, popcnt, lzcnt, tsc, tscinvbit, avx, avx2, aes, erms, clmul, bmi1, bmi2, adx, avx512f, avx512dq, avx512cd, avx512bw, avx512vl, sha, fma, vzeroupper, avx512_vpopcntdq, avx512_vpclmulqdq, avx512_vaes, avx512_vnni, clflush, clflushopt, clwb, avx512_vbmi2, avx512_vbmi, hv, rdtscp, rdpid, fsrm, gfni, avx512_bitalg, f16c, cet_ibt, cet_ss, avx512_ifma
Processor Information for the first 8 processors :
  Max Mhz: 2419, Current Mhz: 2419, Mhz Limit: 2419

Memory: 4k page, system-wide physical 7932M (75M free)
TotalPageFile size 31252M (AvailPageFile size 21M)
current process WorkingSet (physical memory assigned to process): 212M, peak: 269M
current process commit charge ("private bytes"): 455M, peak: 456M

vm_info: OpenJDK 64-Bit Server VM (21.0.12.1+1-LTS) for windows-amd64 JRE (21.0.12.1+1-LTS), built on 2026-08-18T00:00:00Z by "admin" with MS VC++ 17.12 (VS2022)

END.
