#
# There is insufficient memory for the Java Runtime Environment to continue.
# Native memory allocation (malloc) failed to allocate 745536 bytes. Error detail: Chunk::new
# Possible reasons:
#   The system is out of physical RAM or swap space
#   This process is running with CompressedOops enabled, and the Java Heap may be blocking the growth of the native heap
# Possible solutions:
#   Reduce memory load on the system
#   Increase physical memory or swap space
#   Check if swap backing store is full
#   Decrease Java heap size (-Xmx/-Xms)
#   Decrease number of Java threads
#   Decrease Java thread stack sizes (-Xss)
#   Set larger code cache with -XX:ReservedCodeCacheSize=
#   JVM is running with Unscaled Compressed Oops mode in which the Java heap is
#     placed in the first 4GB address space. The Java Heap base address is the
#     maximum limit for the native heap growth. Please use -XX:HeapBaseMinAddress
#     to set the Java Heap base and to place the Java Heap above 4GB virtual address.
# This output file may be truncated or incomplete.
#
#  Out of Memory Error (arena.cpp:168), pid=17072, tid=39760
#
# JRE version: OpenJDK Runtime Environment Temurin-21.0.12.1+1 (21.0.12.1+1) (build 21.0.12.1+1-LTS)
# Java VM: OpenJDK 64-Bit Server VM Temurin-21.0.12.1+1 (21.0.12.1+1-LTS, mixed mode, sharing, tiered, compressed oops, compressed class ptrs, g1 gc, windows-amd64)
# No core dump will be written. Minidumps are not enabled by default on client versions of Windows
#

---------------  S U M M A R Y ------------

Command Line: --add-opens=java.base/java.lang=ALL-UNNAMED --add-opens=java.base/java.lang.invoke=ALL-UNNAMED --add-opens=java.base/java.util=ALL-UNNAMED --add-opens=java.prefs/java.util.prefs=ALL-UNNAMED --add-exports=jdk.compiler/com.sun.tools.javac.api=ALL-UNNAMED --add-exports=jdk.compiler/com.sun.tools.javac.util=ALL-UNNAMED --add-opens=java.base/java.nio.charset=ALL-UNNAMED --add-opens=java.base/java.net=ALL-UNNAMED --add-opens=java.base/java.util.concurrent=ALL-UNNAMED --add-opens=java.base/java.util.concurrent.atomic=ALL-UNNAMED --add-opens=java.xml/javax.xml.namespace=ALL-UNNAMED --add-opens=java.base/java.time=ALL-UNNAMED -XX:MaxMetaspaceSize=384m -XX:+HeapDumpOnOutOfMemoryError -Xms256m -Xmx512m -Dfile.encoding=UTF-8 -Duser.country=US -Duser.language=en -Duser.variant -javaagent:C:\Users\User\.gradle\wrapper\dists\gradle-9.7.1-bin\1w1c7tv4s851m17nbqdsro2tv\gradle-9.7.1\lib\agents\gradle-instrumentation-agent-9.7.1.jar org.gradle.launcher.daemon.bootstrap.GradleDaemon 9.7.1

Host: 11th Gen Intel(R) Core(TM) i5-1135G7 @ 2.40GHz, 8 cores, 7G,  Windows 11 , 64 bit Build 26100 (10.0.26100.9549)
Time: Sat Oct  3 10:33:27 2026 Bangladesh Standard Time elapsed time: 82.987410 seconds (0d 0h 1m 22s)

---------------  T H R E A D  ---------------

Current thread (0x000001cd6038df40):  JavaThread "C2 CompilerThread0" daemon [_thread_in_native, id=39760, stack(0x000000139a200000,0x000000139a300000) (1024K)]


Current CompileTask:
C2:82987 4294       4       java.net.URLClassLoader$1::run (5 bytes)

Stack: [0x000000139a200000,0x000000139a300000]
Native frames: (J=compiled Java code, j=interpreted, Vv=VM code, C=native code)
V  [jvm.dll+0x6d83e9]
V  [jvm.dll+0x8b5736]
V  [jvm.dll+0x8b7cee]
V  [jvm.dll+0x8b83d3]
V  [jvm.dll+0x284596]
V  [jvm.dll+0xc685d]
V  [jvm.dll+0xc6da1]
V  [jvm.dll+0x2fb5ae]
V  [jvm.dll+0x5fee94]
V  [jvm.dll+0x255d67]
V  [jvm.dll+0x24e2ca]
V  [jvm.dll+0x24bbe6]
V  [jvm.dll+0x1cb4ae]
V  [jvm.dll+0x25baad]
V  [jvm.dll+0x25a03a]
V  [jvm.dll+0x3f8aae]
V  [jvm.dll+0x8600cd]
V  [jvm.dll+0x6d6c1d]
C  [ucrtbase.dll+0x2cd30]
C  [KERNEL32.DLL+0x2cdf7]
C  [ntdll.dll+0x7ee4c]


---------------  P R O C E S S  ---------------

Threads class SMR info:
_java_thread_list=0x000001cd60503770, length=36, elements={
0x000001cd4a9e0900, 0x000001cd60380050, 0x000001cd603859f0, 0x000001cd60389280,
0x000001cd6038bcf0, 0x000001cd6038c750, 0x000001cd6038d1b0, 0x000001cd6038df40,
0x000001cd603922d0, 0x000001cd605f2c70, 0x000001cd606cd590, 0x000001cd60a316b0,
0x000001cd7b51d420, 0x000001cd7b22f0b0, 0x000001cd7b3b8f10, 0x000001cd7b3b9580,
0x000001cd7b68dbe0, 0x000001cd7b38de70, 0x000001cd7b9a7f70, 0x000001cd7b9a6530,
0x000001cd7b9a78e0, 0x000001cd7b9a9320, 0x000001cd7b9a6bc0, 0x000001cd7b9a7250,
0x000001cd7b9a99b0, 0x000001cd7f064470, 0x000001cd7f065eb0, 0x000001cd7f065820,
0x000001cd7f063de0, 0x000001cd7f066540, 0x000001cd7f0630c0, 0x000001cd7f066bd0,
0x000001cd7f063750, 0x000001cd7f065190, 0x000001cd7f069330, 0x000001cd7f0b6a20
}

Java Threads: ( => current thread )
  0x000001cd4a9e0900 JavaThread "main"                              [_thread_blocked, id=42580, stack(0x0000001399300000,0x0000001399400000) (1024K)]
  0x000001cd60380050 JavaThread "Reference Handler"          daemon [_thread_blocked, id=29660, stack(0x0000001399c00000,0x0000001399d00000) (1024K)]
  0x000001cd603859f0 JavaThread "Finalizer"                  daemon [_thread_blocked, id=40312, stack(0x0000001399d00000,0x0000001399e00000) (1024K)]
  0x000001cd60389280 JavaThread "Signal Dispatcher"          daemon [_thread_blocked, id=39148, stack(0x0000001399e00000,0x0000001399f00000) (1024K)]
  0x000001cd6038bcf0 JavaThread "Attach Listener"            daemon [_thread_blocked, id=24532, stack(0x0000001399f00000,0x000000139a000000) (1024K)]
  0x000001cd6038c750 JavaThread "Service Thread"             daemon [_thread_blocked, id=35136, stack(0x000000139a000000,0x000000139a100000) (1024K)]
  0x000001cd6038d1b0 JavaThread "Monitor Deflation Thread"   daemon [_thread_blocked, id=33476, stack(0x000000139a100000,0x000000139a200000) (1024K)]
=>0x000001cd6038df40 JavaThread "C2 CompilerThread0"         daemon [_thread_in_native, id=39760, stack(0x000000139a200000,0x000000139a300000) (1024K)]
  0x000001cd603922d0 JavaThread "C1 CompilerThread0"         daemon [_thread_blocked, id=15792, stack(0x000000139a300000,0x000000139a400000) (1024K)]
  0x000001cd605f2c70 JavaThread "Common-Cleaner"             daemon [_thread_blocked, id=55968, stack(0x000000139a400000,0x000000139a500000) (1024K)]
  0x000001cd606cd590 JavaThread "Notification Thread"        daemon [_thread_blocked, id=30484, stack(0x000000139a500000,0x000000139a600000) (1024K)]
  0x000001cd60a316b0 JavaThread "Daemon health stats"               [_thread_blocked, id=5392, stack(0x000000139ab00000,0x000000139ac00000) (1024K)]
  0x000001cd7b51d420 JavaThread "Incoming local TCP Connector on port 62879"        [_thread_in_native, id=11200, stack(0x000000139ac00000,0x000000139ad00000) (1024K)]
  0x000001cd7b22f0b0 JavaThread "Daemon periodic checks"            [_thread_blocked, id=20420, stack(0x000000139ad00000,0x000000139ae00000) (1024K)]
  0x000001cd7b3b8f10 JavaThread "Daemon"                            [_thread_blocked, id=49384, stack(0x000000139ae00000,0x000000139af00000) (1024K)]
  0x000001cd7b3b9580 JavaThread "Handler for socket connection from /127.0.0.1:62879 to /127.0.0.1:62881"        [_thread_in_native, id=47616, stack(0x000000139af00000,0x000000139b000000) (1024K)]
  0x000001cd7b68dbe0 JavaThread "Cancel handler"                    [_thread_blocked, id=2712, stack(0x000000139b000000,0x000000139b100000) (1024K)]
  0x000001cd7b38de70 JavaThread "Daemon worker"                     [_thread_in_vm, id=21020, stack(0x000000139b100000,0x000000139b200000) (1024K)]
  0x000001cd7b9a7f70 JavaThread "Asynchronous log dispatcher for DefaultDaemonConnection: socket connection from /127.0.0.1:62879 to /127.0.0.1:62881"        [_thread_blocked, id=20980, stack(0x000000139b200000,0x000000139b300000) (1024K)]
  0x000001cd7b9a6530 JavaThread "Stdin handler"                     [_thread_blocked, id=25544, stack(0x000000139b300000,0x000000139b400000) (1024K)]
  0x000001cd7b9a78e0 JavaThread "Daemon client event forwarder"        [_thread_blocked, id=20116, stack(0x000000139b400000,0x000000139b500000) (1024K)]
  0x000001cd7b9a9320 JavaThread "Cache worker for journal cache (C:\Users\User\.gradle\caches\journal-1)"        [_thread_blocked, id=34480, stack(0x000000139b500000,0x000000139b600000) (1024K)]
  0x000001cd7b9a6bc0 JavaThread "File lock request listener"        [_thread_in_native, id=52492, stack(0x000000139b600000,0x000000139b700000) (1024K)]
  0x000001cd7b9a7250 JavaThread "File lock release action executor"        [_thread_blocked, id=51804, stack(0x000000139b700000,0x000000139b800000) (1024K)]
  0x000001cd7b9a99b0 JavaThread "Cache worker for file hash cache (C:\Users\User\.gradle\caches\9.7.1\fileHashes)"        [_thread_blocked, id=32852, stack(0x000000139b800000,0x000000139b900000) (1024K)]
  0x000001cd7f064470 JavaThread "Cache worker for file hash cache (E:\AOOP\TryOnBD\backend\.gradle\9.7.1\fileHashes)"        [_thread_blocked, id=2996, stack(0x000000139bd00000,0x000000139be00000) (1024K)]
  0x000001cd7f065eb0 JavaThread "Cache worker for Build Output Cleanup Cache (E:\AOOP\TryOnBD\backend\.gradle\buildOutputCleanup)"        [_thread_blocked, id=33852, stack(0x000000139be00000,0x000000139bf00000) (1024K)]
  0x000001cd7f065820 JavaThread "File watcher server"        daemon [_thread_in_native, id=4224, stack(0x000000139bb00000,0x000000139bc00000) (1024K)]
  0x000001cd7f063de0 JavaThread "File watcher consumer"      daemon [_thread_blocked, id=29968, stack(0x000000139bf00000,0x000000139c000000) (1024K)]
  0x000001cd7f066540 JavaThread "Cache worker for file content cache (C:\Users\User\.gradle\caches\9.7.1\fileContent)"        [_thread_blocked, id=50508, stack(0x000000139c000000,0x000000139c100000) (1024K)]
  0x000001cd7f0630c0 JavaThread "Cache worker for checksums cache (E:\AOOP\TryOnBD\backend\.gradle\9.7.1\checksums)"        [_thread_blocked, id=32136, stack(0x000000139c100000,0x000000139c200000) (1024K)]
  0x000001cd7f066bd0 JavaThread "Cache worker for cache directory md-supplier (C:\Users\User\.gradle\caches\9.7.1\md-supplier)"        [_thread_blocked, id=14832, stack(0x000000139c300000,0x000000139c400000) (1024K)]
  0x000001cd7f063750 JavaThread "Cache worker for cache directory md-rule (C:\Users\User\.gradle\caches\9.7.1\md-rule)"        [_thread_blocked, id=11556, stack(0x000000139c200000,0x000000139c300000) (1024K)]
  0x000001cd7f065190 JavaThread "jar transforms"                    [_thread_blocked, id=44296, stack(0x000000139c400000,0x000000139c500000) (1024K)]
  0x000001cd7f069330 JavaThread "jar transforms Thread 2"           [_thread_blocked, id=42988, stack(0x000000139c500000,0x000000139c600000) (1024K)]
  0x000001cd7f0b6a20 JavaThread "C2 CompilerThread1"         daemon [_thread_in_vm, id=10752, stack(0x000000139c600000,0x000000139c700000) (1024K)]
Total: 36

Other Threads:
  0x000001cd60360c30 VMThread "VM Thread"                           [id=50116, stack(0x0000001399b00000,0x0000001399c00000) (1024K)]
  0x000001cd6034fd80 WatcherThread "VM Periodic Task Thread"        [id=29412, stack(0x0000001399a00000,0x0000001399b00000) (1024K)]
  0x000001cd4aa0ab20 WorkerThread "GC Thread#0"                     [id=43548, stack(0x0000001399500000,0x0000001399600000) (1024K)]
  0x000001cd607aef70 WorkerThread "GC Thread#1"                     [id=15404, stack(0x000000139a600000,0x000000139a700000) (1024K)]
  0x000001cd60dc7d60 WorkerThread "GC Thread#2"                     [id=38244, stack(0x000000139a700000,0x000000139a800000) (1024K)]
  0x000001cd60dc8110 WorkerThread "GC Thread#3"                     [id=47012, stack(0x000000139a800000,0x000000139a900000) (1024K)]
  0x000001cd60dc84c0 WorkerThread "GC Thread#4"                     [id=41988, stack(0x000000139a900000,0x000000139aa00000) (1024K)]
  0x000001cd60dc8870 WorkerThread "GC Thread#5"                     [id=55532, stack(0x000000139aa00000,0x000000139ab00000) (1024K)]
  0x000001cd7b63ca30 WorkerThread "GC Thread#6"                     [id=6684, stack(0x000000139b900000,0x000000139ba00000) (1024K)]
  0x000001cd7b63b410 WorkerThread "GC Thread#7"                     [id=19392, stack(0x000000139ba00000,0x000000139bb00000) (1024K)]
  0x000001cd4aa10230 ConcurrentGCThread "G1 Main Marker"            [id=42636, stack(0x0000001399600000,0x0000001399700000) (1024K)]
  0x000001cd4aa10c50 WorkerThread "G1 Conc#0"                       [id=50944, stack(0x0000001399700000,0x0000001399800000) (1024K)]
  0x000001cd7d3bb130 WorkerThread "G1 Conc#1"                       [id=15336, stack(0x000000139bc00000,0x000000139bd00000) (1024K)]
  0x000001cd602235d0 ConcurrentGCThread "G1 Refine#0"               [id=52692, stack(0x0000001399800000,0x0000001399900000) (1024K)]
  0x000001cd60223e00 ConcurrentGCThread "G1 Service"                [id=39064, stack(0x0000001399900000,0x0000001399a00000) (1024K)]
Total: 15

Threads with active compile tasks:
C2 CompilerThread0  83186 4294       4       java.net.URLClassLoader$1::run (5 bytes)
C2 CompilerThread1  83186 4298   !   4       java.net.URLClassLoader::findClass (47 bytes)
Total: 2

VM state: not at safepoint (normal execution)

VM Mutex/Monitor currently owned by a thread: None

Heap address: 0x00000000e0000000, size: 512 MB, Compressed Oops mode: 32-bit

CDS archive(s) mapped at: [0x000001cd61000000-0x000001cd61ba0000-0x000001cd61ba0000), size 12189696, SharedBaseAddress: 0x000001cd61000000, ArchiveRelocationMode: 1.
Compressed class space mapped at: 0x000001cd62000000-0x000001cd76000000, reserved size: 335544320
Narrow klass base: 0x000001cd61000000, Narrow klass shift: 0, Narrow klass range: 0x100000000

GC Precious Log:
 CardTable entry size: 512
 Card Set container configuration: InlinePtr #cards 5 size 8 Array Of Cards #cards 12 size 40 Howl #buckets 4 coarsen threshold 1843 Howl Bitmap #cards 512 size 80 coarsen threshold 460 Card regions per heap region 1 cards per card region 2048
 CPUs: 8 total, 8 available
 Memory: 7932M
 Large Page Support: Disabled
 NUMA Support: Disabled
 Compressed Oops: Enabled (32-bit)
 Heap Region Size: 1M
 Heap Min Capacity: 256M
 Heap Initial Capacity: 256M
 Heap Max Capacity: 512M
 Pre-touch: Disabled
 Parallel Workers: 8
 Concurrent Workers: 2
 Concurrent Refinement Workers: 8
 Periodic GC: Disabled

Heap:
 garbage-first heap   total 262144K, used 50491K [0x00000000e0000000, 0x0000000100000000)
  region size 1024K, 28 young (28672K), 9 survivors (9216K)
 Metaspace       used 37592K, committed 39040K, reserved 393216K
  class space    used 5441K, committed 6144K, reserved 327680K

Heap Regions: E=young(eden), S=young(survivor), O=old, HS=humongous(starts), HC=humongous(continues), CS=collection set, F=free, TAMS=top-at-mark-start, PB=parsable bottom
|   0|0x00000000e0000000, 0x00000000e0100000, 0x00000000e0100000|100%|HS|  |TAMS 0x00000000e0000000| PB 0x00000000e0000000| Complete 
|   1|0x00000000e0100000, 0x00000000e0200000, 0x00000000e0200000|100%|HC|  |TAMS 0x00000000e0100000| PB 0x00000000e0100000| Complete 
|   2|0x00000000e0200000, 0x00000000e0300000, 0x00000000e0300000|100%|HC|  |TAMS 0x00000000e0200000| PB 0x00000000e0200000| Complete 
|   3|0x00000000e0300000, 0x00000000e0400000, 0x00000000e0400000|100%|HC|  |TAMS 0x00000000e0300000| PB 0x00000000e0300000| Complete 
|   4|0x00000000e0400000, 0x00000000e0500000, 0x00000000e0500000|100%| O|  |TAMS 0x00000000e0400000| PB 0x00000000e0400000| Untracked 
|   5|0x00000000e0500000, 0x00000000e0600000, 0x00000000e0600000|100%| O|  |TAMS 0x00000000e0500000| PB 0x00000000e0500000| Untracked 
|   6|0x00000000e0600000, 0x00000000e0600000, 0x00000000e0700000|  0%| F|  |TAMS 0x00000000e0600000| PB 0x00000000e0600000| Untracked 
|   7|0x00000000e0700000, 0x00000000e0800000, 0x00000000e0800000|100%| O|  |TAMS 0x00000000e0700000| PB 0x00000000e0700000| Untracked 
|   8|0x00000000e0800000, 0x00000000e0900000, 0x00000000e0900000|100%| O|  |TAMS 0x00000000e0800000| PB 0x00000000e0800000| Untracked 
|   9|0x00000000e0900000, 0x00000000e0a00000, 0x00000000e0a00000|100%|HS|  |TAMS 0x00000000e0900000| PB 0x00000000e0900000| Complete 
|  10|0x00000000e0a00000, 0x00000000e0b00000, 0x00000000e0b00000|100%| O|  |TAMS 0x00000000e0a00000| PB 0x00000000e0a00000| Untracked 
|  11|0x00000000e0b00000, 0x00000000e0c00000, 0x00000000e0c00000|100%| O|  |TAMS 0x00000000e0b00000| PB 0x00000000e0b00000| Untracked 
|  12|0x00000000e0c00000, 0x00000000e0d00000, 0x00000000e0d00000|100%| O|  |TAMS 0x00000000e0c00000| PB 0x00000000e0c00000| Untracked 
|  13|0x00000000e0d00000, 0x00000000e0e00000, 0x00000000e0e00000|100%| O|  |TAMS 0x00000000e0d00000| PB 0x00000000e0d00000| Untracked 
|  14|0x00000000e0e00000, 0x00000000e0ef1dd8, 0x00000000e0f00000| 94%| O|  |TAMS 0x00000000e0e00000| PB 0x00000000e0e00000| Untracked 
|  15|0x00000000e0f00000, 0x00000000e0f00000, 0x00000000e1000000|  0%| F|  |TAMS 0x00000000e0f00000| PB 0x00000000e0f00000| Untracked 
|  16|0x00000000e1000000, 0x00000000e1100000, 0x00000000e1100000|100%| O|  |TAMS 0x00000000e1000000| PB 0x00000000e1000000| Untracked 
|  17|0x00000000e1100000, 0x00000000e1200000, 0x00000000e1200000|100%| O|  |TAMS 0x00000000e1100000| PB 0x00000000e1100000| Untracked 
|  18|0x00000000e1200000, 0x00000000e1300000, 0x00000000e1300000|100%| O|  |TAMS 0x00000000e1200000| PB 0x00000000e1200000| Untracked 
|  19|0x00000000e1300000, 0x00000000e1400000, 0x00000000e1400000|100%| O|  |TAMS 0x00000000e1300000| PB 0x00000000e1300000| Untracked 
|  20|0x00000000e1400000, 0x00000000e1500000, 0x00000000e1500000|100%| O|  |TAMS 0x00000000e1400000| PB 0x00000000e1400000| Untracked 
|  21|0x00000000e1500000, 0x00000000e1600000, 0x00000000e1600000|100%| O|  |TAMS 0x00000000e1500000| PB 0x00000000e1500000| Untracked 
|  22|0x00000000e1600000, 0x00000000e1700000, 0x00000000e1700000|100%| O|  |TAMS 0x00000000e1600000| PB 0x00000000e1600000| Untracked 
|  23|0x00000000e1700000, 0x00000000e1800000, 0x00000000e1800000|100%| O|  |TAMS 0x00000000e1700000| PB 0x00000000e1700000| Untracked 
|  24|0x00000000e1800000, 0x00000000e1900000, 0x00000000e1900000|100%| O|Cm|TAMS 0x00000000e1800000| PB 0x00000000e1800000| Complete 
|  25|0x00000000e1900000, 0x00000000e1900000, 0x00000000e1a00000|  0%| F|  |TAMS 0x00000000e1900000| PB 0x00000000e1900000| Untracked 
|  26|0x00000000e1a00000, 0x00000000e1a00000, 0x00000000e1b00000|  0%| F|  |TAMS 0x00000000e1a00000| PB 0x00000000e1a00000| Untracked 
|  27|0x00000000e1b00000, 0x00000000e1b00000, 0x00000000e1c00000|  0%| F|  |TAMS 0x00000000e1b00000| PB 0x00000000e1b00000| Untracked 
|  28|0x00000000e1c00000, 0x00000000e1c00000, 0x00000000e1d00000|  0%| F|  |TAMS 0x00000000e1c00000| PB 0x00000000e1c00000| Untracked 
|  29|0x00000000e1d00000, 0x00000000e1d00000, 0x00000000e1e00000|  0%| F|  |TAMS 0x00000000e1d00000| PB 0x00000000e1d00000| Untracked 
|  30|0x00000000e1e00000, 0x00000000e1e00000, 0x00000000e1f00000|  0%| F|  |TAMS 0x00000000e1e00000| PB 0x00000000e1e00000| Untracked 
|  31|0x00000000e1f00000, 0x00000000e1f00000, 0x00000000e2000000|  0%| F|  |TAMS 0x00000000e1f00000| PB 0x00000000e1f00000| Untracked 
|  32|0x00000000e2000000, 0x00000000e2000000, 0x00000000e2100000|  0%| F|  |TAMS 0x00000000e2000000| PB 0x00000000e2000000| Untracked 
|  33|0x00000000e2100000, 0x00000000e2100000, 0x00000000e2200000|  0%| F|  |TAMS 0x00000000e2100000| PB 0x00000000e2100000| Untracked 
|  34|0x00000000e2200000, 0x00000000e2200000, 0x00000000e2300000|  0%| F|  |TAMS 0x00000000e2200000| PB 0x00000000e2200000| Untracked 
|  35|0x00000000e2300000, 0x00000000e2300000, 0x00000000e2400000|  0%| F|  |TAMS 0x00000000e2300000| PB 0x00000000e2300000| Untracked 
|  36|0x00000000e2400000, 0x00000000e2400000, 0x00000000e2500000|  0%| F|  |TAMS 0x00000000e2400000| PB 0x00000000e2400000| Untracked 
|  37|0x00000000e2500000, 0x00000000e2500000, 0x00000000e2600000|  0%| F|  |TAMS 0x00000000e2500000| PB 0x00000000e2500000| Untracked 
|  38|0x00000000e2600000, 0x00000000e2600000, 0x00000000e2700000|  0%| F|  |TAMS 0x00000000e2600000| PB 0x00000000e2600000| Untracked 
|  39|0x00000000e2700000, 0x00000000e2700000, 0x00000000e2800000|  0%| F|  |TAMS 0x00000000e2700000| PB 0x00000000e2700000| Untracked 
|  40|0x00000000e2800000, 0x00000000e2800000, 0x00000000e2900000|  0%| F|  |TAMS 0x00000000e2800000| PB 0x00000000e2800000| Untracked 
|  41|0x00000000e2900000, 0x00000000e2900000, 0x00000000e2a00000|  0%| F|  |TAMS 0x00000000e2900000| PB 0x00000000e2900000| Untracked 
|  42|0x00000000e2a00000, 0x00000000e2a00000, 0x00000000e2b00000|  0%| F|  |TAMS 0x00000000e2a00000| PB 0x00000000e2a00000| Untracked 
|  43|0x00000000e2b00000, 0x00000000e2b00000, 0x00000000e2c00000|  0%| F|  |TAMS 0x00000000e2b00000| PB 0x00000000e2b00000| Untracked 
|  44|0x00000000e2c00000, 0x00000000e2c00000, 0x00000000e2d00000|  0%| F|  |TAMS 0x00000000e2c00000| PB 0x00000000e2c00000| Untracked 
|  45|0x00000000e2d00000, 0x00000000e2d00000, 0x00000000e2e00000|  0%| F|  |TAMS 0x00000000e2d00000| PB 0x00000000e2d00000| Untracked 
|  46|0x00000000e2e00000, 0x00000000e2e00000, 0x00000000e2f00000|  0%| F|  |TAMS 0x00000000e2e00000| PB 0x00000000e2e00000| Untracked 
|  47|0x00000000e2f00000, 0x00000000e2f00000, 0x00000000e3000000|  0%| F|  |TAMS 0x00000000e2f00000| PB 0x00000000e2f00000| Untracked 
|  48|0x00000000e3000000, 0x00000000e3000000, 0x00000000e3100000|  0%| F|  |TAMS 0x00000000e3000000| PB 0x00000000e3000000| Untracked 
|  49|0x00000000e3100000, 0x00000000e3100000, 0x00000000e3200000|  0%| F|  |TAMS 0x00000000e3100000| PB 0x00000000e3100000| Untracked 
|  50|0x00000000e3200000, 0x00000000e3200000, 0x00000000e3300000|  0%| F|  |TAMS 0x00000000e3200000| PB 0x00000000e3200000| Untracked 
|  51|0x00000000e3300000, 0x00000000e3300000, 0x00000000e3400000|  0%| F|  |TAMS 0x00000000e3300000| PB 0x00000000e3300000| Untracked 
|  52|0x00000000e3400000, 0x00000000e3400000, 0x00000000e3500000|  0%| F|  |TAMS 0x00000000e3400000| PB 0x00000000e3400000| Untracked 
|  53|0x00000000e3500000, 0x00000000e3500000, 0x00000000e3600000|  0%| F|  |TAMS 0x00000000e3500000| PB 0x00000000e3500000| Untracked 
|  54|0x00000000e3600000, 0x00000000e3600000, 0x00000000e3700000|  0%| F|  |TAMS 0x00000000e3600000| PB 0x00000000e3600000| Untracked 
|  55|0x00000000e3700000, 0x00000000e3700000, 0x00000000e3800000|  0%| F|  |TAMS 0x00000000e3700000| PB 0x00000000e3700000| Untracked 
|  56|0x00000000e3800000, 0x00000000e3800000, 0x00000000e3900000|  0%| F|  |TAMS 0x00000000e3800000| PB 0x00000000e3800000| Untracked 
|  57|0x00000000e3900000, 0x00000000e3900000, 0x00000000e3a00000|  0%| F|  |TAMS 0x00000000e3900000| PB 0x00000000e3900000| Untracked 
|  58|0x00000000e3a00000, 0x00000000e3a00000, 0x00000000e3b00000|  0%| F|  |TAMS 0x00000000e3a00000| PB 0x00000000e3a00000| Untracked 
|  59|0x00000000e3b00000, 0x00000000e3b00000, 0x00000000e3c00000|  0%| F|  |TAMS 0x00000000e3b00000| PB 0x00000000e3b00000| Untracked 
|  60|0x00000000e3c00000, 0x00000000e3c00000, 0x00000000e3d00000|  0%| F|  |TAMS 0x00000000e3c00000| PB 0x00000000e3c00000| Untracked 
|  61|0x00000000e3d00000, 0x00000000e3d00000, 0x00000000e3e00000|  0%| F|  |TAMS 0x00000000e3d00000| PB 0x00000000e3d00000| Untracked 
|  62|0x00000000e3e00000, 0x00000000e3e00000, 0x00000000e3f00000|  0%| F|  |TAMS 0x00000000e3e00000| PB 0x00000000e3e00000| Untracked 
|  63|0x00000000e3f00000, 0x00000000e3f00000, 0x00000000e4000000|  0%| F|  |TAMS 0x00000000e3f00000| PB 0x00000000e3f00000| Untracked 
|  64|0x00000000e4000000, 0x00000000e4000000, 0x00000000e4100000|  0%| F|  |TAMS 0x00000000e4000000| PB 0x00000000e4000000| Untracked 
|  65|0x00000000e4100000, 0x00000000e4100000, 0x00000000e4200000|  0%| F|  |TAMS 0x00000000e4100000| PB 0x00000000e4100000| Untracked 
|  66|0x00000000e4200000, 0x00000000e4200000, 0x00000000e4300000|  0%| F|  |TAMS 0x00000000e4200000| PB 0x00000000e4200000| Untracked 
|  67|0x00000000e4300000, 0x00000000e4300000, 0x00000000e4400000|  0%| F|  |TAMS 0x00000000e4300000| PB 0x00000000e4300000| Untracked 
|  68|0x00000000e4400000, 0x00000000e4400000, 0x00000000e4500000|  0%| F|  |TAMS 0x00000000e4400000| PB 0x00000000e4400000| Untracked 
|  69|0x00000000e4500000, 0x00000000e4500000, 0x00000000e4600000|  0%| F|  |TAMS 0x00000000e4500000| PB 0x00000000e4500000| Untracked 
|  70|0x00000000e4600000, 0x00000000e4600000, 0x00000000e4700000|  0%| F|  |TAMS 0x00000000e4600000| PB 0x00000000e4600000| Untracked 
|  71|0x00000000e4700000, 0x00000000e4700000, 0x00000000e4800000|  0%| F|  |TAMS 0x00000000e4700000| PB 0x00000000e4700000| Untracked 
|  72|0x00000000e4800000, 0x00000000e4800000, 0x00000000e4900000|  0%| F|  |TAMS 0x00000000e4800000| PB 0x00000000e4800000| Untracked 
|  73|0x00000000e4900000, 0x00000000e4900000, 0x00000000e4a00000|  0%| F|  |TAMS 0x00000000e4900000| PB 0x00000000e4900000| Untracked 
|  74|0x00000000e4a00000, 0x00000000e4a00000, 0x00000000e4b00000|  0%| F|  |TAMS 0x00000000e4a00000| PB 0x00000000e4a00000| Untracked 
|  75|0x00000000e4b00000, 0x00000000e4b00000, 0x00000000e4c00000|  0%| F|  |TAMS 0x00000000e4b00000| PB 0x00000000e4b00000| Untracked 
|  76|0x00000000e4c00000, 0x00000000e4c00000, 0x00000000e4d00000|  0%| F|  |TAMS 0x00000000e4c00000| PB 0x00000000e4c00000| Untracked 
|  77|0x00000000e4d00000, 0x00000000e4d00000, 0x00000000e4e00000|  0%| F|  |TAMS 0x00000000e4d00000| PB 0x00000000e4d00000| Untracked 
|  78|0x00000000e4e00000, 0x00000000e4e00000, 0x00000000e4f00000|  0%| F|  |TAMS 0x00000000e4e00000| PB 0x00000000e4e00000| Untracked 
|  79|0x00000000e4f00000, 0x00000000e4f00000, 0x00000000e5000000|  0%| F|  |TAMS 0x00000000e4f00000| PB 0x00000000e4f00000| Untracked 
|  80|0x00000000e5000000, 0x00000000e5000000, 0x00000000e5100000|  0%| F|  |TAMS 0x00000000e5000000| PB 0x00000000e5000000| Untracked 
|  81|0x00000000e5100000, 0x00000000e5100000, 0x00000000e5200000|  0%| F|  |TAMS 0x00000000e5100000| PB 0x00000000e5100000| Untracked 
|  82|0x00000000e5200000, 0x00000000e5200000, 0x00000000e5300000|  0%| F|  |TAMS 0x00000000e5200000| PB 0x00000000e5200000| Untracked 
|  83|0x00000000e5300000, 0x00000000e5300000, 0x00000000e5400000|  0%| F|  |TAMS 0x00000000e5300000| PB 0x00000000e5300000| Untracked 
|  84|0x00000000e5400000, 0x00000000e5400000, 0x00000000e5500000|  0%| F|  |TAMS 0x00000000e5400000| PB 0x00000000e5400000| Untracked 
|  85|0x00000000e5500000, 0x00000000e5500000, 0x00000000e5600000|  0%| F|  |TAMS 0x00000000e5500000| PB 0x00000000e5500000| Untracked 
|  86|0x00000000e5600000, 0x00000000e5600000, 0x00000000e5700000|  0%| F|  |TAMS 0x00000000e5600000| PB 0x00000000e5600000| Untracked 
|  87|0x00000000e5700000, 0x00000000e5700000, 0x00000000e5800000|  0%| F|  |TAMS 0x00000000e5700000| PB 0x00000000e5700000| Untracked 
|  88|0x00000000e5800000, 0x00000000e5800000, 0x00000000e5900000|  0%| F|  |TAMS 0x00000000e5800000| PB 0x00000000e5800000| Untracked 
|  89|0x00000000e5900000, 0x00000000e5900000, 0x00000000e5a00000|  0%| F|  |TAMS 0x00000000e5900000| PB 0x00000000e5900000| Untracked 
|  90|0x00000000e5a00000, 0x00000000e5a00000, 0x00000000e5b00000|  0%| F|  |TAMS 0x00000000e5a00000| PB 0x00000000e5a00000| Untracked 
|  91|0x00000000e5b00000, 0x00000000e5b00000, 0x00000000e5c00000|  0%| F|  |TAMS 0x00000000e5b00000| PB 0x00000000e5b00000| Untracked 
|  92|0x00000000e5c00000, 0x00000000e5c00000, 0x00000000e5d00000|  0%| F|  |TAMS 0x00000000e5c00000| PB 0x00000000e5c00000| Untracked 
|  93|0x00000000e5d00000, 0x00000000e5d00000, 0x00000000e5e00000|  0%| F|  |TAMS 0x00000000e5d00000| PB 0x00000000e5d00000| Untracked 
|  94|0x00000000e5e00000, 0x00000000e5e00000, 0x00000000e5f00000|  0%| F|  |TAMS 0x00000000e5e00000| PB 0x00000000e5e00000| Untracked 
|  95|0x00000000e5f00000, 0x00000000e5f00000, 0x00000000e6000000|  0%| F|  |TAMS 0x00000000e5f00000| PB 0x00000000e5f00000| Untracked 
|  96|0x00000000e6000000, 0x00000000e6000000, 0x00000000e6100000|  0%| F|  |TAMS 0x00000000e6000000| PB 0x00000000e6000000| Untracked 
|  97|0x00000000e6100000, 0x00000000e6100000, 0x00000000e6200000|  0%| F|  |TAMS 0x00000000e6100000| PB 0x00000000e6100000| Untracked 
|  98|0x00000000e6200000, 0x00000000e6200000, 0x00000000e6300000|  0%| F|  |TAMS 0x00000000e6200000| PB 0x00000000e6200000| Untracked 
|  99|0x00000000e6300000, 0x00000000e6300000, 0x00000000e6400000|  0%| F|  |TAMS 0x00000000e6300000| PB 0x00000000e6300000| Untracked 
| 100|0x00000000e6400000, 0x00000000e6400000, 0x00000000e6500000|  0%| F|  |TAMS 0x00000000e6400000| PB 0x00000000e6400000| Untracked 
| 101|0x00000000e6500000, 0x00000000e6500000, 0x00000000e6600000|  0%| F|  |TAMS 0x00000000e6500000| PB 0x00000000e6500000| Untracked 
| 102|0x00000000e6600000, 0x00000000e6600000, 0x00000000e6700000|  0%| F|  |TAMS 0x00000000e6600000| PB 0x00000000e6600000| Untracked 
| 103|0x00000000e6700000, 0x00000000e6700000, 0x00000000e6800000|  0%| F|  |TAMS 0x00000000e6700000| PB 0x00000000e6700000| Untracked 
| 104|0x00000000e6800000, 0x00000000e6800000, 0x00000000e6900000|  0%| F|  |TAMS 0x00000000e6800000| PB 0x00000000e6800000| Untracked 
| 105|0x00000000e6900000, 0x00000000e6900000, 0x00000000e6a00000|  0%| F|  |TAMS 0x00000000e6900000| PB 0x00000000e6900000| Untracked 
| 106|0x00000000e6a00000, 0x00000000e6a00000, 0x00000000e6b00000|  0%| F|  |TAMS 0x00000000e6a00000| PB 0x00000000e6a00000| Untracked 
| 107|0x00000000e6b00000, 0x00000000e6b00000, 0x00000000e6c00000|  0%| F|  |TAMS 0x00000000e6b00000| PB 0x00000000e6b00000| Untracked 
| 108|0x00000000e6c00000, 0x00000000e6c00000, 0x00000000e6d00000|  0%| F|  |TAMS 0x00000000e6c00000| PB 0x00000000e6c00000| Untracked 
| 109|0x00000000e6d00000, 0x00000000e6d00000, 0x00000000e6e00000|  0%| F|  |TAMS 0x00000000e6d00000| PB 0x00000000e6d00000| Untracked 
| 110|0x00000000e6e00000, 0x00000000e6e00000, 0x00000000e6f00000|  0%| F|  |TAMS 0x00000000e6e00000| PB 0x00000000e6e00000| Untracked 
| 111|0x00000000e6f00000, 0x00000000e6f00000, 0x00000000e7000000|  0%| F|  |TAMS 0x00000000e6f00000| PB 0x00000000e6f00000| Untracked 
| 112|0x00000000e7000000, 0x00000000e7000000, 0x00000000e7100000|  0%| F|  |TAMS 0x00000000e7000000| PB 0x00000000e7000000| Untracked 
| 113|0x00000000e7100000, 0x00000000e7100000, 0x00000000e7200000|  0%| F|  |TAMS 0x00000000e7100000| PB 0x00000000e7100000| Untracked 
| 114|0x00000000e7200000, 0x00000000e7200000, 0x00000000e7300000|  0%| F|  |TAMS 0x00000000e7200000| PB 0x00000000e7200000| Untracked 
| 115|0x00000000e7300000, 0x00000000e7300000, 0x00000000e7400000|  0%| F|  |TAMS 0x00000000e7300000| PB 0x00000000e7300000| Untracked 
| 116|0x00000000e7400000, 0x00000000e7400000, 0x00000000e7500000|  0%| F|  |TAMS 0x00000000e7400000| PB 0x00000000e7400000| Untracked 
| 117|0x00000000e7500000, 0x00000000e7500000, 0x00000000e7600000|  0%| F|  |TAMS 0x00000000e7500000| PB 0x00000000e7500000| Untracked 
| 118|0x00000000e7600000, 0x00000000e7600000, 0x00000000e7700000|  0%| F|  |TAMS 0x00000000e7600000| PB 0x00000000e7600000| Untracked 
| 119|0x00000000e7700000, 0x00000000e7700000, 0x00000000e7800000|  0%| F|  |TAMS 0x00000000e7700000| PB 0x00000000e7700000| Untracked 
| 120|0x00000000e7800000, 0x00000000e7800000, 0x00000000e7900000|  0%| F|  |TAMS 0x00000000e7800000| PB 0x00000000e7800000| Untracked 
| 121|0x00000000e7900000, 0x00000000e7900000, 0x00000000e7a00000|  0%| F|  |TAMS 0x00000000e7900000| PB 0x00000000e7900000| Untracked 
| 122|0x00000000e7a00000, 0x00000000e7a00000, 0x00000000e7b00000|  0%| F|  |TAMS 0x00000000e7a00000| PB 0x00000000e7a00000| Untracked 
| 123|0x00000000e7b00000, 0x00000000e7b00000, 0x00000000e7c00000|  0%| F|  |TAMS 0x00000000e7b00000| PB 0x00000000e7b00000| Untracked 
| 124|0x00000000e7c00000, 0x00000000e7c00000, 0x00000000e7d00000|  0%| F|  |TAMS 0x00000000e7c00000| PB 0x00000000e7c00000| Untracked 
| 125|0x00000000e7d00000, 0x00000000e7d00000, 0x00000000e7e00000|  0%| F|  |TAMS 0x00000000e7d00000| PB 0x00000000e7d00000| Untracked 
| 126|0x00000000e7e00000, 0x00000000e7e00000, 0x00000000e7f00000|  0%| F|  |TAMS 0x00000000e7e00000| PB 0x00000000e7e00000| Untracked 
| 127|0x00000000e7f00000, 0x00000000e7f00000, 0x00000000e8000000|  0%| F|  |TAMS 0x00000000e7f00000| PB 0x00000000e7f00000| Untracked 
| 128|0x00000000e8000000, 0x00000000e8000000, 0x00000000e8100000|  0%| F|  |TAMS 0x00000000e8000000| PB 0x00000000e8000000| Untracked 
| 129|0x00000000e8100000, 0x00000000e8100000, 0x00000000e8200000|  0%| F|  |TAMS 0x00000000e8100000| PB 0x00000000e8100000| Untracked 
| 130|0x00000000e8200000, 0x00000000e8200000, 0x00000000e8300000|  0%| F|  |TAMS 0x00000000e8200000| PB 0x00000000e8200000| Untracked 
| 131|0x00000000e8300000, 0x00000000e8300000, 0x00000000e8400000|  0%| F|  |TAMS 0x00000000e8300000| PB 0x00000000e8300000| Untracked 
| 132|0x00000000e8400000, 0x00000000e8400000, 0x00000000e8500000|  0%| F|  |TAMS 0x00000000e8400000| PB 0x00000000e8400000| Untracked 
| 133|0x00000000e8500000, 0x00000000e8500000, 0x00000000e8600000|  0%| F|  |TAMS 0x00000000e8500000| PB 0x00000000e8500000| Untracked 
| 134|0x00000000e8600000, 0x00000000e8600000, 0x00000000e8700000|  0%| F|  |TAMS 0x00000000e8600000| PB 0x00000000e8600000| Untracked 
| 135|0x00000000e8700000, 0x00000000e8700000, 0x00000000e8800000|  0%| F|  |TAMS 0x00000000e8700000| PB 0x00000000e8700000| Untracked 
| 136|0x00000000e8800000, 0x00000000e8800000, 0x00000000e8900000|  0%| F|  |TAMS 0x00000000e8800000| PB 0x00000000e8800000| Untracked 
| 137|0x00000000e8900000, 0x00000000e8900000, 0x00000000e8a00000|  0%| F|  |TAMS 0x00000000e8900000| PB 0x00000000e8900000| Untracked 
| 138|0x00000000e8a00000, 0x00000000e8a00000, 0x00000000e8b00000|  0%| F|  |TAMS 0x00000000e8a00000| PB 0x00000000e8a00000| Untracked 
| 139|0x00000000e8b00000, 0x00000000e8b00000, 0x00000000e8c00000|  0%| F|  |TAMS 0x00000000e8b00000| PB 0x00000000e8b00000| Untracked 
| 140|0x00000000e8c00000, 0x00000000e8c00000, 0x00000000e8d00000|  0%| F|  |TAMS 0x00000000e8c00000| PB 0x00000000e8c00000| Untracked 
| 141|0x00000000e8d00000, 0x00000000e8d00000, 0x00000000e8e00000|  0%| F|  |TAMS 0x00000000e8d00000| PB 0x00000000e8d00000| Untracked 
| 142|0x00000000e8e00000, 0x00000000e8e00000, 0x00000000e8f00000|  0%| F|  |TAMS 0x00000000e8e00000| PB 0x00000000e8e00000| Untracked 
| 143|0x00000000e8f00000, 0x00000000e8f00000, 0x00000000e9000000|  0%| F|  |TAMS 0x00000000e8f00000| PB 0x00000000e8f00000| Untracked 
| 144|0x00000000e9000000, 0x00000000e9000000, 0x00000000e9100000|  0%| F|  |TAMS 0x00000000e9000000| PB 0x00000000e9000000| Untracked 
| 145|0x00000000e9100000, 0x00000000e9100000, 0x00000000e9200000|  0%| F|  |TAMS 0x00000000e9100000| PB 0x00000000e9100000| Untracked 
| 146|0x00000000e9200000, 0x00000000e9200000, 0x00000000e9300000|  0%| F|  |TAMS 0x00000000e9200000| PB 0x00000000e9200000| Untracked 
| 147|0x00000000e9300000, 0x00000000e9300000, 0x00000000e9400000|  0%| F|  |TAMS 0x00000000e9300000| PB 0x00000000e9300000| Untracked 
| 148|0x00000000e9400000, 0x00000000e9400000, 0x00000000e9500000|  0%| F|  |TAMS 0x00000000e9400000| PB 0x00000000e9400000| Untracked 
| 149|0x00000000e9500000, 0x00000000e9500000, 0x00000000e9600000|  0%| F|  |TAMS 0x00000000e9500000| PB 0x00000000e9500000| Untracked 
| 150|0x00000000e9600000, 0x00000000e9600000, 0x00000000e9700000|  0%| F|  |TAMS 0x00000000e9600000| PB 0x00000000e9600000| Untracked 
| 151|0x00000000e9700000, 0x00000000e9700000, 0x00000000e9800000|  0%| F|  |TAMS 0x00000000e9700000| PB 0x00000000e9700000| Untracked 
| 152|0x00000000e9800000, 0x00000000e9800000, 0x00000000e9900000|  0%| F|  |TAMS 0x00000000e9800000| PB 0x00000000e9800000| Untracked 
| 153|0x00000000e9900000, 0x00000000e9900000, 0x00000000e9a00000|  0%| F|  |TAMS 0x00000000e9900000| PB 0x00000000e9900000| Untracked 
| 154|0x00000000e9a00000, 0x00000000e9a00000, 0x00000000e9b00000|  0%| F|  |TAMS 0x00000000e9a00000| PB 0x00000000e9a00000| Untracked 
| 155|0x00000000e9b00000, 0x00000000e9b00000, 0x00000000e9c00000|  0%| F|  |TAMS 0x00000000e9b00000| PB 0x00000000e9b00000| Untracked 
| 156|0x00000000e9c00000, 0x00000000e9c00000, 0x00000000e9d00000|  0%| F|  |TAMS 0x00000000e9c00000| PB 0x00000000e9c00000| Untracked 
| 157|0x00000000e9d00000, 0x00000000e9d00000, 0x00000000e9e00000|  0%| F|  |TAMS 0x00000000e9d00000| PB 0x00000000e9d00000| Untracked 
| 158|0x00000000e9e00000, 0x00000000e9e00000, 0x00000000e9f00000|  0%| F|  |TAMS 0x00000000e9e00000| PB 0x00000000e9e00000| Untracked 
| 159|0x00000000e9f00000, 0x00000000e9f00000, 0x00000000ea000000|  0%| F|  |TAMS 0x00000000e9f00000| PB 0x00000000e9f00000| Untracked 
| 160|0x00000000ea000000, 0x00000000ea000000, 0x00000000ea100000|  0%| F|  |TAMS 0x00000000ea000000| PB 0x00000000ea000000| Untracked 
| 161|0x00000000ea100000, 0x00000000ea100000, 0x00000000ea200000|  0%| F|  |TAMS 0x00000000ea100000| PB 0x00000000ea100000| Untracked 
| 162|0x00000000ea200000, 0x00000000ea200000, 0x00000000ea300000|  0%| F|  |TAMS 0x00000000ea200000| PB 0x00000000ea200000| Untracked 
| 163|0x00000000ea300000, 0x00000000ea300000, 0x00000000ea400000|  0%| F|  |TAMS 0x00000000ea300000| PB 0x00000000ea300000| Untracked 
| 164|0x00000000ea400000, 0x00000000ea400000, 0x00000000ea500000|  0%| F|  |TAMS 0x00000000ea400000| PB 0x00000000ea400000| Untracked 
| 165|0x00000000ea500000, 0x00000000ea500000, 0x00000000ea600000|  0%| F|  |TAMS 0x00000000ea500000| PB 0x00000000ea500000| Untracked 
| 166|0x00000000ea600000, 0x00000000ea600000, 0x00000000ea700000|  0%| F|  |TAMS 0x00000000ea600000| PB 0x00000000ea600000| Untracked 
| 167|0x00000000ea700000, 0x00000000ea700000, 0x00000000ea800000|  0%| F|  |TAMS 0x00000000ea700000| PB 0x00000000ea700000| Untracked 
| 168|0x00000000ea800000, 0x00000000ea800000, 0x00000000ea900000|  0%| F|  |TAMS 0x00000000ea800000| PB 0x00000000ea800000| Untracked 
| 169|0x00000000ea900000, 0x00000000ea900000, 0x00000000eaa00000|  0%| F|  |TAMS 0x00000000ea900000| PB 0x00000000ea900000| Untracked 
| 170|0x00000000eaa00000, 0x00000000eaa00000, 0x00000000eab00000|  0%| F|  |TAMS 0x00000000eaa00000| PB 0x00000000eaa00000| Untracked 
| 171|0x00000000eab00000, 0x00000000eab00000, 0x00000000eac00000|  0%| F|  |TAMS 0x00000000eab00000| PB 0x00000000eab00000| Untracked 
| 172|0x00000000eac00000, 0x00000000eac00000, 0x00000000ead00000|  0%| F|  |TAMS 0x00000000eac00000| PB 0x00000000eac00000| Untracked 
| 173|0x00000000ead00000, 0x00000000ead00000, 0x00000000eae00000|  0%| F|  |TAMS 0x00000000ead00000| PB 0x00000000ead00000| Untracked 
| 174|0x00000000eae00000, 0x00000000eae00000, 0x00000000eaf00000|  0%| F|  |TAMS 0x00000000eae00000| PB 0x00000000eae00000| Untracked 
| 175|0x00000000eaf00000, 0x00000000eaf00000, 0x00000000eb000000|  0%| F|  |TAMS 0x00000000eaf00000| PB 0x00000000eaf00000| Untracked 
| 176|0x00000000eb000000, 0x00000000eb000000, 0x00000000eb100000|  0%| F|  |TAMS 0x00000000eb000000| PB 0x00000000eb000000| Untracked 
| 177|0x00000000eb100000, 0x00000000eb100000, 0x00000000eb200000|  0%| F|  |TAMS 0x00000000eb100000| PB 0x00000000eb100000| Untracked 
| 178|0x00000000eb200000, 0x00000000eb200000, 0x00000000eb300000|  0%| F|  |TAMS 0x00000000eb200000| PB 0x00000000eb200000| Untracked 
| 179|0x00000000eb300000, 0x00000000eb300000, 0x00000000eb400000|  0%| F|  |TAMS 0x00000000eb300000| PB 0x00000000eb300000| Untracked 
| 180|0x00000000eb400000, 0x00000000eb400000, 0x00000000eb500000|  0%| F|  |TAMS 0x00000000eb400000| PB 0x00000000eb400000| Untracked 
| 181|0x00000000eb500000, 0x00000000eb500000, 0x00000000eb600000|  0%| F|  |TAMS 0x00000000eb500000| PB 0x00000000eb500000| Untracked 
| 182|0x00000000eb600000, 0x00000000eb600000, 0x00000000eb700000|  0%| F|  |TAMS 0x00000000eb600000| PB 0x00000000eb600000| Untracked 
| 183|0x00000000eb700000, 0x00000000eb700000, 0x00000000eb800000|  0%| F|  |TAMS 0x00000000eb700000| PB 0x00000000eb700000| Untracked 
| 184|0x00000000eb800000, 0x00000000eb800000, 0x00000000eb900000|  0%| F|  |TAMS 0x00000000eb800000| PB 0x00000000eb800000| Untracked 
| 185|0x00000000eb900000, 0x00000000eb900000, 0x00000000eba00000|  0%| F|  |TAMS 0x00000000eb900000| PB 0x00000000eb900000| Untracked 
| 186|0x00000000eba00000, 0x00000000eba00000, 0x00000000ebb00000|  0%| F|  |TAMS 0x00000000eba00000| PB 0x00000000eba00000| Untracked 
| 187|0x00000000ebb00000, 0x00000000ebb00000, 0x00000000ebc00000|  0%| F|  |TAMS 0x00000000ebb00000| PB 0x00000000ebb00000| Untracked 
| 188|0x00000000ebc00000, 0x00000000ebc00000, 0x00000000ebd00000|  0%| F|  |TAMS 0x00000000ebc00000| PB 0x00000000ebc00000| Untracked 
| 189|0x00000000ebd00000, 0x00000000ebd00000, 0x00000000ebe00000|  0%| F|  |TAMS 0x00000000ebd00000| PB 0x00000000ebd00000| Untracked 
| 190|0x00000000ebe00000, 0x00000000ebe00000, 0x00000000ebf00000|  0%| F|  |TAMS 0x00000000ebe00000| PB 0x00000000ebe00000| Untracked 
| 191|0x00000000ebf00000, 0x00000000ebf00000, 0x00000000ec000000|  0%| F|  |TAMS 0x00000000ebf00000| PB 0x00000000ebf00000| Untracked 
| 192|0x00000000ec000000, 0x00000000ec000000, 0x00000000ec100000|  0%| F|  |TAMS 0x00000000ec000000| PB 0x00000000ec000000| Untracked 
| 193|0x00000000ec100000, 0x00000000ec100000, 0x00000000ec200000|  0%| F|  |TAMS 0x00000000ec100000| PB 0x00000000ec100000| Untracked 
| 194|0x00000000ec200000, 0x00000000ec200000, 0x00000000ec300000|  0%| F|  |TAMS 0x00000000ec200000| PB 0x00000000ec200000| Untracked 
| 195|0x00000000ec300000, 0x00000000ec300000, 0x00000000ec400000|  0%| F|  |TAMS 0x00000000ec300000| PB 0x00000000ec300000| Untracked 
| 196|0x00000000ec400000, 0x00000000ec400000, 0x00000000ec500000|  0%| F|  |TAMS 0x00000000ec400000| PB 0x00000000ec400000| Untracked 
| 197|0x00000000ec500000, 0x00000000ec500000, 0x00000000ec600000|  0%| F|  |TAMS 0x00000000ec500000| PB 0x00000000ec500000| Untracked 
| 198|0x00000000ec600000, 0x00000000ec600000, 0x00000000ec700000|  0%| F|  |TAMS 0x00000000ec600000| PB 0x00000000ec600000| Untracked 
| 199|0x00000000ec700000, 0x00000000ec700000, 0x00000000ec800000|  0%| F|  |TAMS 0x00000000ec700000| PB 0x00000000ec700000| Untracked 
| 200|0x00000000ec800000, 0x00000000ec800000, 0x00000000ec900000|  0%| F|  |TAMS 0x00000000ec800000| PB 0x00000000ec800000| Untracked 
| 201|0x00000000ec900000, 0x00000000ec900000, 0x00000000eca00000|  0%| F|  |TAMS 0x00000000ec900000| PB 0x00000000ec900000| Untracked 
| 202|0x00000000eca00000, 0x00000000eca00000, 0x00000000ecb00000|  0%| F|  |TAMS 0x00000000eca00000| PB 0x00000000eca00000| Untracked 
| 203|0x00000000ecb00000, 0x00000000ecb00000, 0x00000000ecc00000|  0%| F|  |TAMS 0x00000000ecb00000| PB 0x00000000ecb00000| Untracked 
| 204|0x00000000ecc00000, 0x00000000ecc00000, 0x00000000ecd00000|  0%| F|  |TAMS 0x00000000ecc00000| PB 0x00000000ecc00000| Untracked 
| 205|0x00000000ecd00000, 0x00000000ecd00000, 0x00000000ece00000|  0%| F|  |TAMS 0x00000000ecd00000| PB 0x00000000ecd00000| Untracked 
| 206|0x00000000ece00000, 0x00000000ece00000, 0x00000000ecf00000|  0%| F|  |TAMS 0x00000000ece00000| PB 0x00000000ece00000| Untracked 
| 207|0x00000000ecf00000, 0x00000000ecf00000, 0x00000000ed000000|  0%| F|  |TAMS 0x00000000ecf00000| PB 0x00000000ecf00000| Untracked 
| 208|0x00000000ed000000, 0x00000000ed000000, 0x00000000ed100000|  0%| F|  |TAMS 0x00000000ed000000| PB 0x00000000ed000000| Untracked 
| 209|0x00000000ed100000, 0x00000000ed100000, 0x00000000ed200000|  0%| F|  |TAMS 0x00000000ed100000| PB 0x00000000ed100000| Untracked 
| 210|0x00000000ed200000, 0x00000000ed200000, 0x00000000ed300000|  0%| F|  |TAMS 0x00000000ed200000| PB 0x00000000ed200000| Untracked 
| 211|0x00000000ed300000, 0x00000000ed300000, 0x00000000ed400000|  0%| F|  |TAMS 0x00000000ed300000| PB 0x00000000ed300000| Untracked 
| 212|0x00000000ed400000, 0x00000000ed400000, 0x00000000ed500000|  0%| F|  |TAMS 0x00000000ed400000| PB 0x00000000ed400000| Untracked 
| 213|0x00000000ed500000, 0x00000000ed500000, 0x00000000ed600000|  0%| F|  |TAMS 0x00000000ed500000| PB 0x00000000ed500000| Untracked 
| 214|0x00000000ed600000, 0x00000000ed600000, 0x00000000ed700000|  0%| F|  |TAMS 0x00000000ed600000| PB 0x00000000ed600000| Untracked 
| 215|0x00000000ed700000, 0x00000000ed700000, 0x00000000ed800000|  0%| F|  |TAMS 0x00000000ed700000| PB 0x00000000ed700000| Untracked 
| 216|0x00000000ed800000, 0x00000000ed800000, 0x00000000ed900000|  0%| F|  |TAMS 0x00000000ed800000| PB 0x00000000ed800000| Untracked 
| 217|0x00000000ed900000, 0x00000000ed900000, 0x00000000eda00000|  0%| F|  |TAMS 0x00000000ed900000| PB 0x00000000ed900000| Untracked 
| 218|0x00000000eda00000, 0x00000000eda00000, 0x00000000edb00000|  0%| F|  |TAMS 0x00000000eda00000| PB 0x00000000eda00000| Untracked 
| 219|0x00000000edb00000, 0x00000000edb00000, 0x00000000edc00000|  0%| F|  |TAMS 0x00000000edb00000| PB 0x00000000edb00000| Untracked 
| 220|0x00000000edc00000, 0x00000000edc00000, 0x00000000edd00000|  0%| F|  |TAMS 0x00000000edc00000| PB 0x00000000edc00000| Untracked 
| 221|0x00000000edd00000, 0x00000000edd00000, 0x00000000ede00000|  0%| F|  |TAMS 0x00000000edd00000| PB 0x00000000edd00000| Untracked 
| 222|0x00000000ede00000, 0x00000000ede00000, 0x00000000edf00000|  0%| F|  |TAMS 0x00000000ede00000| PB 0x00000000ede00000| Untracked 
| 223|0x00000000edf00000, 0x00000000edf00000, 0x00000000ee000000|  0%| F|  |TAMS 0x00000000edf00000| PB 0x00000000edf00000| Untracked 
| 224|0x00000000ee000000, 0x00000000ee000000, 0x00000000ee100000|  0%| F|  |TAMS 0x00000000ee000000| PB 0x00000000ee000000| Untracked 
| 225|0x00000000ee100000, 0x00000000ee100000, 0x00000000ee200000|  0%| F|  |TAMS 0x00000000ee100000| PB 0x00000000ee100000| Untracked 
| 226|0x00000000ee200000, 0x00000000ee200000, 0x00000000ee300000|  0%| F|  |TAMS 0x00000000ee200000| PB 0x00000000ee200000| Untracked 
| 227|0x00000000ee300000, 0x00000000ee300000, 0x00000000ee400000|  0%| F|  |TAMS 0x00000000ee300000| PB 0x00000000ee300000| Untracked 
| 228|0x00000000ee400000, 0x00000000ee480000, 0x00000000ee500000| 50%| E|  |TAMS 0x00000000ee400000| PB 0x00000000ee400000| Complete 
| 229|0x00000000ee500000, 0x00000000ee600000, 0x00000000ee600000|100%| E|CS|TAMS 0x00000000ee500000| PB 0x00000000ee500000| Complete 
| 230|0x00000000ee600000, 0x00000000ee700000, 0x00000000ee700000|100%| E|CS|TAMS 0x00000000ee600000| PB 0x00000000ee600000| Complete 
| 231|0x00000000ee700000, 0x00000000ee800000, 0x00000000ee800000|100%| E|CS|TAMS 0x00000000ee700000| PB 0x00000000ee700000| Complete 
| 232|0x00000000ee800000, 0x00000000ee900000, 0x00000000ee900000|100%| E|CS|TAMS 0x00000000ee800000| PB 0x00000000ee800000| Complete 
| 233|0x00000000ee900000, 0x00000000eea00000, 0x00000000eea00000|100%| E|CS|TAMS 0x00000000ee900000| PB 0x00000000ee900000| Complete 
| 234|0x00000000eea00000, 0x00000000eeb00000, 0x00000000eeb00000|100%| E|CS|TAMS 0x00000000eea00000| PB 0x00000000eea00000| Complete 
| 235|0x00000000eeb00000, 0x00000000eec00000, 0x00000000eec00000|100%| E|CS|TAMS 0x00000000eeb00000| PB 0x00000000eeb00000| Complete 
| 236|0x00000000eec00000, 0x00000000eec5cf40, 0x00000000eed00000| 36%| S|CS|TAMS 0x00000000eec00000| PB 0x00000000eec00000| Complete 
| 237|0x00000000eed00000, 0x00000000eee00000, 0x00000000eee00000|100%| S|CS|TAMS 0x00000000eed00000| PB 0x00000000eed00000| Complete 
| 238|0x00000000eee00000, 0x00000000eef00000, 0x00000000eef00000|100%| S|CS|TAMS 0x00000000eee00000| PB 0x00000000eee00000| Complete 
| 239|0x00000000eef00000, 0x00000000ef000000, 0x00000000ef000000|100%| S|CS|TAMS 0x00000000eef00000| PB 0x00000000eef00000| Complete 
| 240|0x00000000ef000000, 0x00000000ef100000, 0x00000000ef100000|100%| S|CS|TAMS 0x00000000ef000000| PB 0x00000000ef000000| Complete 
| 241|0x00000000ef100000, 0x00000000ef200000, 0x00000000ef200000|100%| S|CS|TAMS 0x00000000ef100000| PB 0x00000000ef100000| Complete 
| 242|0x00000000ef200000, 0x00000000ef300000, 0x00000000ef300000|100%| S|CS|TAMS 0x00000000ef200000| PB 0x00000000ef200000| Complete 
| 243|0x00000000ef300000, 0x00000000ef400000, 0x00000000ef400000|100%| S|CS|TAMS 0x00000000ef300000| PB 0x00000000ef300000| Complete 
| 244|0x00000000ef400000, 0x00000000ef500000, 0x00000000ef500000|100%| S|CS|TAMS 0x00000000ef400000| PB 0x00000000ef400000| Complete 
| 245|0x00000000ef500000, 0x00000000ef600000, 0x00000000ef600000|100%| E|CS|TAMS 0x00000000ef500000| PB 0x00000000ef500000| Complete 
| 246|0x00000000ef600000, 0x00000000ef700000, 0x00000000ef700000|100%| E|CS|TAMS 0x00000000ef600000| PB 0x00000000ef600000| Complete 
| 247|0x00000000ef700000, 0x00000000ef800000, 0x00000000ef800000|100%| E|CS|TAMS 0x00000000ef700000| PB 0x00000000ef700000| Complete 
| 248|0x00000000ef800000, 0x00000000ef900000, 0x00000000ef900000|100%| E|CS|TAMS 0x00000000ef800000| PB 0x00000000ef800000| Complete 
| 249|0x00000000ef900000, 0x00000000efa00000, 0x00000000efa00000|100%| E|CS|TAMS 0x00000000ef900000| PB 0x00000000ef900000| Complete 
| 250|0x00000000efa00000, 0x00000000efb00000, 0x00000000efb00000|100%| E|CS|TAMS 0x00000000efa00000| PB 0x00000000efa00000| Complete 
| 251|0x00000000efb00000, 0x00000000efc00000, 0x00000000efc00000|100%| E|CS|TAMS 0x00000000efb00000| PB 0x00000000efb00000| Complete 
| 252|0x00000000efc00000, 0x00000000efd00000, 0x00000000efd00000|100%| E|CS|TAMS 0x00000000efc00000| PB 0x00000000efc00000| Complete 
| 253|0x00000000efd00000, 0x00000000efe00000, 0x00000000efe00000|100%| E|CS|TAMS 0x00000000efd00000| PB 0x00000000efd00000| Complete 
| 254|0x00000000efe00000, 0x00000000eff00000, 0x00000000eff00000|100%| E|CS|TAMS 0x00000000efe00000| PB 0x00000000efe00000| Complete 
| 255|0x00000000eff00000, 0x00000000f0000000, 0x00000000f0000000|100%| E|CS|TAMS 0x00000000eff00000| PB 0x00000000eff00000| Complete 

Card table byte_map: [0x000001cd5d010000,0x000001cd5d110000] _byte_map_base: 0x000001cd5c910000

Marking Bits: (CMBitMap*) 0x000001cd4aa0b140
 Bits: [0x000001cd5d110000, 0x000001cd5d910000)

Polling page: 0x000001cd48800000

Metaspace:

Usage:
  Non-class:     31.40 MB used.
      Class:      5.31 MB used.
       Both:     36.71 MB used.

Virtual space:
  Non-class space:       64.00 MB reserved,      32.12 MB ( 50%) committed,  1 nodes.
      Class space:      320.00 MB reserved,       6.00 MB (  2%) committed,  1 nodes.
             Both:      384.00 MB reserved,      38.12 MB ( 10%) committed. 

Chunk freelists:
   Non-Class:  15.33 MB
       Class:  10.01 MB
        Both:  25.33 MB

MaxMetaspaceSize: 384.00 MB
CompressedClassSpaceSize: 320.00 MB
Initial GC threshold: 21.00 MB
Current GC threshold: 60.31 MB
CDS: on
 - commit_granule_bytes: 65536.
 - commit_granule_words: 8192.
 - virtual_space_node_default_size: 8388608.
 - enlarge_chunks_in_place: 1.
 - use_allocation_guard: 0.


Internal statistics:

num_allocs_failed_limit: 12.
num_arena_births: 2530.
num_arena_deaths: 0.
num_vsnodes_births: 2.
num_vsnodes_deaths: 0.
num_space_committed: 610.
num_space_uncommitted: 0.
num_chunks_returned_to_freelist: 12.
num_chunks_taken_from_freelist: 4346.
num_chunk_merges: 9.
num_chunk_splits: 2791.
num_chunks_enlarged: 1664.
num_inconsistent_stats: 0.

CodeHeap 'non-profiled nmethods': size=120000Kb used=2151Kb max_used=2313Kb free=117849Kb
 bounds [0x000001cd556b0000, 0x000001cd55920000, 0x000001cd5cbe0000]
CodeHeap 'profiled nmethods': size=120000Kb used=7405Kb max_used=8034Kb free=112594Kb
 bounds [0x000001cd4dbe0000, 0x000001cd4e3c0000, 0x000001cd55110000]
CodeHeap 'non-nmethods': size=5760Kb used=1984Kb max_used=2016Kb free=3775Kb
 bounds [0x000001cd55110000, 0x000001cd55380000, 0x000001cd556b0000]
CodeCache: size=245760Kb, used=11540Kb, max_used=12363Kb, free=234218Kb
 total_blobs=4574, nmethods=3882, adapters=596, full_count=0
Compilation: enabled, stopped_count=0, restarted_count=0

Compilation events (20 events):
Event: 82.813 Thread 0x000001cd603922d0 4306       3       java.util.ImmutableCollections$AbstractImmutableList::iterator (13 bytes)
Event: 82.814 Thread 0x000001cd603922d0 nmethod 4306 0x000001cd4dff3090 code [0x000001cd4dff3260, 0x000001cd4dff35d0]
Event: 82.814 Thread 0x000001cd603922d0 4307       3       java.util.ImmutableCollections$ListItr::<init> (25 bytes)
Event: 82.814 Thread 0x000001cd603922d0 nmethod 4307 0x000001cd4dfe9a90 code [0x000001cd4dfe9c40, 0x000001cd4dfe9e18]
Event: 82.836 Thread 0x000001cd603922d0 4312   !   3       java.net.URLClassLoader::defineClass (224 bytes)
Event: 82.839 Thread 0x000001cd603922d0 nmethod 4312 0x000001cd4dbf3c90 code [0x000001cd4dbf40c0, 0x000001cd4dbf5c88]
Event: 82.842 Thread 0x000001cd603922d0 4313       3       java.lang.invoke.DelegatingMethodHandle::<init> (10 bytes)
Event: 82.843 Thread 0x000001cd603922d0 nmethod 4313 0x000001cd4dc60290 code [0x000001cd4dc60460, 0x000001cd4dc60820]
Event: 82.843 Thread 0x000001cd603922d0 4315       3       jdk.internal.loader.URLClassPath$JarLoader$2::getManifest (26 bytes)
Event: 82.844 Thread 0x000001cd603922d0 nmethod 4315 0x000001cd4dd27810 code [0x000001cd4dd27a60, 0x000001cd4dd281f8]
Event: 82.845 Thread 0x000001cd603922d0 4316       3       java.util.jar.JavaUtilJarAccessImpl::ensureInitialization (5 bytes)
Event: 82.845 Thread 0x000001cd603922d0 nmethod 4316 0x000001cd4dcc9510 code [0x000001cd4dcc96c0, 0x000001cd4dcc9890]
Event: 82.845 Thread 0x000001cd603922d0 4314       3       java.lang.invoke.DelegatingMethodHandle::chooseDelegatingForm (24 bytes)
Event: 82.845 Thread 0x000001cd603922d0 nmethod 4314 0x000001cd4dd05210 code [0x000001cd4dd053e0, 0x000001cd4dd05700]
Event: 82.864 Thread 0x000001cd603922d0 4317   !   3       java.net.URL::<init> (543 bytes)
Event: 82.870 Thread 0x000001cd603922d0 nmethod 4317 0x000001cd4de57110 code [0x000001cd4de57720, 0x000001cd4de5aa58]
Event: 82.870 Thread 0x000001cd603922d0 4318       3       java.lang.Class::getPackageName (81 bytes)
Event: 82.871 Thread 0x000001cd603922d0 nmethod 4318 0x000001cd4dcb8b90 code [0x000001cd4dcb8e40, 0x000001cd4dcb9888]
Event: 82.871 Thread 0x000001cd603922d0 4319       2       sun.invoke.util.VerifyType::isNullConversion (157 bytes)
Event: 82.874 Thread 0x000001cd603922d0 nmethod 4319 0x000001cd4deb0690 code [0x000001cd4deb08c0, 0x000001cd4deb0f40]

GC Heap History (14 events):
Event: 12.209 GC heap before
{Heap before GC invocations=0 (full 0):
 garbage-first heap   total 262144K, used 26624K [0x00000000e0000000, 0x0000000100000000)
  region size 1024K, 23 young (23552K), 0 survivors (0K)
 Metaspace       used 2928K, committed 3072K, reserved 393216K
  class space    used 349K, committed 384K, reserved 327680K
}
Event: 12.218 GC heap after
{Heap after GC invocations=1 (full 0):
 garbage-first heap   total 262144K, used 11306K [0x00000000e0000000, 0x0000000100000000)
  region size 1024K, 3 young (3072K), 3 survivors (3072K)
 Metaspace       used 2928K, committed 3072K, reserved 393216K
  class space    used 349K, committed 384K, reserved 327680K
}
Event: 22.315 GC heap before
{Heap before GC invocations=1 (full 0):
 garbage-first heap   total 262144K, used 39978K [0x00000000e0000000, 0x0000000100000000)
  region size 1024K, 30 young (30720K), 3 survivors (3072K)
 Metaspace       used 4642K, committed 4800K, reserved 393216K
  class space    used 595K, committed 704K, reserved 327680K
}
Event: 22.324 GC heap after
{Heap after GC invocations=2 (full 0):
 garbage-first heap   total 262144K, used 14051K [0x00000000e0000000, 0x0000000100000000)
  region size 1024K, 2 young (2048K), 2 survivors (2048K)
 Metaspace       used 4642K, committed 4800K, reserved 393216K
  class space    used 595K, committed 704K, reserved 327680K
}
Event: 68.325 GC heap before
{Heap before GC invocations=2 (full 0):
 garbage-first heap   total 262144K, used 107235K [0x00000000e0000000, 0x0000000100000000)
  region size 1024K, 92 young (94208K), 2 survivors (2048K)
 Metaspace       used 18106K, committed 18688K, reserved 393216K
  class space    used 2524K, committed 2816K, reserved 327680K
}
Event: 68.365 GC heap after
{Heap after GC invocations=3 (full 0):
 garbage-first heap   total 262144K, used 23130K [0x00000000e0000000, 0x0000000100000000)
  region size 1024K, 11 young (11264K), 11 survivors (11264K)
 Metaspace       used 18106K, committed 18688K, reserved 393216K
  class space    used 2524K, committed 2816K, reserved 327680K
}
Event: 69.346 GC heap before
{Heap before GC invocations=3 (full 0):
 garbage-first heap   total 262144K, used 44634K [0x00000000e0000000, 0x0000000100000000)
  region size 1024K, 33 young (33792K), 11 survivors (11264K)
 Metaspace       used 20845K, committed 21504K, reserved 393216K
  class space    used 2990K, committed 3328K, reserved 327680K
}
Event: 69.373 GC heap after
{Heap after GC invocations=4 (full 0):
 garbage-first heap   total 262144K, used 24910K [0x00000000e0000000, 0x0000000100000000)
  region size 1024K, 11 young (11264K), 11 survivors (11264K)
 Metaspace       used 20845K, committed 21504K, reserved 393216K
  class space    used 2990K, committed 3328K, reserved 327680K
}
Event: 75.770 GC heap before
{Heap before GC invocations=5 (full 0):
 garbage-first heap   total 262144K, used 128334K [0x00000000e0000000, 0x0000000100000000)
  region size 1024K, 112 young (114688K), 11 survivors (11264K)
 Metaspace       used 34811K, committed 36160K, reserved 393216K
  class space    used 5012K, committed 5696K, reserved 327680K
}
Event: 75.804 GC heap after
{Heap after GC invocations=6 (full 0):
 garbage-first heap   total 262144K, used 31036K [0x00000000e0000000, 0x0000000100000000)
  region size 1024K, 8 young (8192K), 8 survivors (8192K)
 Metaspace       used 34811K, committed 36160K, reserved 393216K
  class space    used 5012K, committed 5696K, reserved 327680K
}
Event: 75.907 GC heap before
{Heap before GC invocations=6 (full 0):
 garbage-first heap   total 262144K, used 32060K [0x00000000e0000000, 0x0000000100000000)
  region size 1024K, 10 young (10240K), 8 survivors (8192K)
 Metaspace       used 35147K, committed 36480K, reserved 393216K
  class space    used 5033K, committed 5696K, reserved 327680K
}
Event: 75.927 GC heap after
{Heap after GC invocations=7 (full 0):
 garbage-first heap   total 262144K, used 31873K [0x00000000e0000000, 0x0000000100000000)
  region size 1024K, 9 young (9216K), 9 survivors (9216K)
 Metaspace       used 35147K, committed 36480K, reserved 393216K
  class space    used 5033K, committed 5696K, reserved 327680K
}
Event: 76.054 GC heap before
{Heap before GC invocations=7 (full 0):
 garbage-first heap   total 262144K, used 32897K [0x00000000e0000000, 0x0000000100000000)
  region size 1024K, 11 young (11264K), 9 survivors (9216K)
 Metaspace       used 35441K, committed 36800K, reserved 393216K
  class space    used 5075K, committed 5760K, reserved 327680K
}
Event: 76.067 GC heap after
{Heap after GC invocations=8 (full 0):
 garbage-first heap   total 262144K, used 32059K [0x00000000e0000000, 0x0000000100000000)
  region size 1024K, 9 young (9216K), 9 survivors (9216K)
 Metaspace       used 35441K, committed 36800K, reserved 393216K
  class space    used 5075K, committed 5760K, reserved 327680K
}

Dll operation events (20 events):
Event: 1.904 Attempting to load shared library C:\Users\User\.vscode\extensions\redhat.java-1.56.0-win32-x64\jre\21.0.12.1-win32-x86_64\bin\nio.dll
Event: 1.912 Loaded shared library C:\Users\User\.vscode\extensions\redhat.java-1.56.0-win32-x64\jre\21.0.12.1-win32-x86_64\bin\nio.dll
Event: 1.921 Attempting to load shared library C:\Users\User\.vscode\extensions\redhat.java-1.56.0-win32-x64\jre\21.0.12.1-win32-x86_64\bin\zip.dll
Event: 1.921 Loaded shared library C:\Users\User\.vscode\extensions\redhat.java-1.56.0-win32-x64\jre\21.0.12.1-win32-x86_64\bin\zip.dll
Event: 4.552 Attempting to load shared library C:\Users\User\.vscode\extensions\redhat.java-1.56.0-win32-x64\jre\21.0.12.1-win32-x86_64\bin\jimage.dll
Event: 4.552 Loaded shared library C:\Users\User\.vscode\extensions\redhat.java-1.56.0-win32-x64\jre\21.0.12.1-win32-x86_64\bin\jimage.dll
Event: 11.196 Attempting to load shared library C:\Users\User\.vscode\extensions\redhat.java-1.56.0-win32-x64\jre\21.0.12.1-win32-x86_64\bin\verify.dll
Event: 11.196 Loaded shared library C:\Users\User\.vscode\extensions\redhat.java-1.56.0-win32-x64\jre\21.0.12.1-win32-x86_64\bin\verify.dll
Event: 11.954 Attempting to load shared library C:\Users\User\.gradle\native\660c5614fbf4a5f2a75b1949f50a0caf5cd603558e7d8a26e50b933a0cfb79d1\windows-amd64\native-platform.dll
Event: 11.956 Loaded shared library C:\Users\User\.gradle\native\660c5614fbf4a5f2a75b1949f50a0caf5cd603558e7d8a26e50b933a0cfb79d1\windows-amd64\native-platform.dll
Event: 12.038 Attempting to load shared library C:\Users\User\.gradle\native\0.2.8\x86_64-windows-gnu\gradle-fileevents.dll
Event: 12.042 Loaded shared library C:\Users\User\.gradle\native\0.2.8\x86_64-windows-gnu\gradle-fileevents.dll
Event: 44.144 Attempting to load shared library C:\Users\User\.vscode\extensions\redhat.java-1.56.0-win32-x64\jre\21.0.12.1-win32-x86_64\bin\management.dll
Event: 44.405 Loaded shared library C:\Users\User\.vscode\extensions\redhat.java-1.56.0-win32-x64\jre\21.0.12.1-win32-x86_64\bin\management.dll
Event: 44.503 Attempting to load shared library C:\Users\User\.vscode\extensions\redhat.java-1.56.0-win32-x64\jre\21.0.12.1-win32-x86_64\bin\management_ext.dll
Event: 44.509 Loaded shared library C:\Users\User\.vscode\extensions\redhat.java-1.56.0-win32-x64\jre\21.0.12.1-win32-x86_64\bin\management_ext.dll
Event: 47.870 Attempting to load shared library C:\Users\User\.vscode\extensions\redhat.java-1.56.0-win32-x64\jre\21.0.12.1-win32-x86_64\bin\extnet.dll
Event: 47.911 Loaded shared library C:\Users\User\.vscode\extensions\redhat.java-1.56.0-win32-x64\jre\21.0.12.1-win32-x86_64\bin\extnet.dll
Event: 60.257 Attempting to load shared library C:\Users\User\.vscode\extensions\redhat.java-1.56.0-win32-x64\jre\21.0.12.1-win32-x86_64\bin\sunmscapi.dll
Event: 60.275 Loaded shared library C:\Users\User\.vscode\extensions\redhat.java-1.56.0-win32-x64\jre\21.0.12.1-win32-x86_64\bin\sunmscapi.dll

Deoptimization events (20 events):
Event: 82.696 Thread 0x000001cd7b38de70 Uncommon trap: trap_request=0xffffffde fr.pc=0x000001cd558d6c60 relative=0x00000000000019c0
Event: 82.696 Thread 0x000001cd7b38de70 Uncommon trap: reason=class_check action=maybe_recompile pc=0x000001cd558d6c60 method=jdk.internal.loader.URLClassPath.getLoader(I)Ljdk/internal/loader/URLClassPath$Loader; @ 190 c2
Event: 82.696 Thread 0x000001cd7b38de70 DEOPT PACKING pc=0x000001cd558d6c60 sp=0x000000139b1f7bc0
Event: 82.696 Thread 0x000001cd7b38de70 DEOPT UNPACKING pc=0x000001cd55167ba2 sp=0x000000139b1f7ba0 mode 2
Event: 82.727 Thread 0x000001cd7b38de70 Uncommon trap: trap_request=0xffffffde fr.pc=0x000001cd558d6c60 relative=0x00000000000019c0
Event: 82.727 Thread 0x000001cd7b38de70 Uncommon trap: reason=class_check action=maybe_recompile pc=0x000001cd558d6c60 method=jdk.internal.loader.URLClassPath.getLoader(I)Ljdk/internal/loader/URLClassPath$Loader; @ 190 c2
Event: 82.727 Thread 0x000001cd7b38de70 DEOPT PACKING pc=0x000001cd558d6c60 sp=0x000000139b1f7cc0
Event: 82.727 Thread 0x000001cd7b38de70 DEOPT UNPACKING pc=0x000001cd55167ba2 sp=0x000000139b1f7ca0 mode 2
Event: 82.810 Thread 0x000001cd7b38de70 Uncommon trap: trap_request=0xfffffff4 fr.pc=0x000001cd557fd284 relative=0x0000000000000344
Event: 82.810 Thread 0x000001cd7b38de70 Uncommon trap: reason=null_check action=make_not_entrant pc=0x000001cd557fd284 method=sun.invoke.util.VerifyType.isNullConversion(Ljava/lang/Class;Ljava/lang/Class;Z)Z @ 67 c2
Event: 82.810 Thread 0x000001cd7b38de70 DEOPT PACKING pc=0x000001cd557fd284 sp=0x000000139b1f8870
Event: 82.810 Thread 0x000001cd7b38de70 DEOPT UNPACKING pc=0x000001cd55167ba2 sp=0x000000139b1f87f0 mode 2
Event: 82.815 Thread 0x000001cd7b38de70 Uncommon trap: trap_request=0xffffff45 fr.pc=0x000001cd5587b4d0 relative=0x0000000000000590
Event: 82.815 Thread 0x000001cd7b38de70 Uncommon trap: reason=unstable_if action=reinterpret pc=0x000001cd5587b4d0 method=java.lang.invoke.InvokerBytecodeGenerator.storeInsnOpcode(Ljava/lang/invoke/LambdaForm$BasicType;)I @ 8 c2
Event: 82.815 Thread 0x000001cd7b38de70 DEOPT PACKING pc=0x000001cd5587b4d0 sp=0x000000139b1f8000
Event: 82.815 Thread 0x000001cd7b38de70 DEOPT UNPACKING pc=0x000001cd55167ba2 sp=0x000000139b1f7f48 mode 2
Event: 82.817 Thread 0x000001cd7b38de70 Uncommon trap: trap_request=0xffffff45 fr.pc=0x000001cd55857f48 relative=0x00000000000000a8
Event: 82.817 Thread 0x000001cd7b38de70 Uncommon trap: reason=unstable_if action=reinterpret pc=0x000001cd55857f48 method=java.lang.invoke.InvokerBytecodeGenerator.storeInsnOpcode(Ljava/lang/invoke/LambdaForm$BasicType;)I @ 8 c2
Event: 82.817 Thread 0x000001cd7b38de70 DEOPT PACKING pc=0x000001cd55857f48 sp=0x000000139b1f8450
Event: 82.817 Thread 0x000001cd7b38de70 DEOPT UNPACKING pc=0x000001cd55167ba2 sp=0x000000139b1f83f0 mode 2

Classes loaded (20 events):
Event: 78.078 Loading class java/nio/file/Files$3
Event: 78.078 Loading class java/nio/file/Files$3 done
Event: 78.080 Loading class java/nio/charset/CharacterCodingException
Event: 78.080 Loading class java/nio/file/FileVisitResult
Event: 78.080 Loading class java/nio/charset/CharacterCodingException done
Event: 78.080 Loading class java/nio/file/FileVisitResult done
Event: 79.140 Loading class java/util/stream/Streams$RangeIntSpliterator
Event: 79.140 Loading class java/util/stream/Streams$RangeIntSpliterator done
Event: 82.610 Loading class jdk/internal/loader/URLClassPath$FileLoader
Event: 82.610 Loading class jdk/internal/loader/URLClassPath$FileLoader done
Event: 82.613 Loading class jdk/internal/loader/URLClassPath$FileLoader$1
Event: 82.613 Loading class jdk/internal/loader/URLClassPath$FileLoader$1 done
Event: 82.810 Loading class sun/invoke/util/ValueConversions$1
Event: 82.810 Loading class sun/invoke/util/ValueConversions$1 done
Event: 82.812 Loading class java/lang/invoke/BoundMethodHandle$Species_LI
Event: 82.812 Loading class java/lang/invoke/BoundMethodHandle$Species_LI done
Event: 82.859 Loading class java/lang/invoke/DirectMethodHandle$1
Event: 82.859 Loading class java/lang/invoke/DirectMethodHandle$1 done
Event: 82.880 Loading class java/lang/ProcessBuilder
Event: 82.881 Loading class java/lang/ProcessBuilder done

Classes unloaded (0 events):
No events

Classes redefined (0 events):
No events

Internal exceptions (20 events):
Event: 82.700 Thread 0x000001cd7b38de70 Exception <a 'java/lang/ClassNotFoundException'{0x00000000ee8c7030}: org/gradle/initialization/SettingsScriptBeanInfo> (0x00000000ee8c7030) 
thrown [s\src\hotspot\share\classfile\systemDictionary.cpp, line 313]
Event: 82.700 Thread 0x000001cd7b38de70 Exception <a 'java/lang/ClassNotFoundException'{0x00000000ee8d1838}: org/gradle/plugin/use/internal/PluginsAwareScriptBeanInfo> (0x00000000ee8d1838) 
thrown [s\src\hotspot\share\classfile\systemDictionary.cpp, line 313]
Event: 82.702 Thread 0x000001cd7b38de70 Exception <a 'java/lang/ClassNotFoundException'{0x00000000ee8dbde8}: org/gradle/groovy/scripts/DefaultScriptBeanInfo> (0x00000000ee8dbde8) 
thrown [s\src\hotspot\share\classfile\systemDictionary.cpp, line 313]
Event: 82.702 Thread 0x000001cd7b38de70 Exception <a 'java/lang/ClassNotFoundException'{0x00000000ee8e6730}: org/gradle/groovy/scripts/BasicScriptBeanInfo> (0x00000000ee8e6730) 
thrown [s\src\hotspot\share\classfile\systemDictionary.cpp, line 313]
Event: 82.703 Thread 0x000001cd7b38de70 Exception <a 'java/lang/ClassNotFoundException'{0x00000000ee8f1ad8}: org/gradle/groovy/scripts/ScriptBeanInfo> (0x00000000ee8f1ad8) 
thrown [s\src\hotspot\share\classfile\systemDictionary.cpp, line 313]
Event: 82.704 Thread 0x000001cd7b38de70 Exception <a 'java/lang/ClassNotFoundException'{0x00000000ee8fca58}: groovy/lang/ScriptBeanInfo> (0x00000000ee8fca58) 
thrown [s\src\hotspot\share\classfile\systemDictionary.cpp, line 313]
Event: 82.705 Thread 0x000001cd7b38de70 Exception <a 'java/lang/ClassNotFoundException'{0x00000000ee707ec8}: groovy/lang/ScriptCustomizer> (0x00000000ee707ec8) 
thrown [s\src\hotspot\share\classfile\systemDictionary.cpp, line 313]
Event: 82.707 Thread 0x000001cd7b38de70 Exception <a 'java/lang/ClassNotFoundException'{0x00000000ee71b940}: org/gradle/groovy/scripts/ScriptCustomizer> (0x00000000ee71b940) 
thrown [s\src\hotspot\share\classfile\systemDictionary.cpp, line 313]
Event: 82.710 Thread 0x000001cd7b38de70 Exception <a 'java/lang/ClassNotFoundException'{0x00000000ee72cb40}: org/gradle/groovy/scripts/BasicScriptCustomizer> (0x00000000ee72cb40) 
thrown [s\src\hotspot\share\classfile\systemDictionary.cpp, line 313]
Event: 82.715 Thread 0x000001cd7b38de70 Exception <a 'java/lang/ClassNotFoundException'{0x00000000ee744600}: org/gradle/groovy/scripts/DefaultScriptCustomizer> (0x00000000ee744600) 
thrown [s\src\hotspot\share\classfile\systemDictionary.cpp, line 313]
Event: 82.723 Thread 0x000001cd7b38de70 Exception <a 'java/lang/ClassNotFoundException'{0x00000000ee7688a0}: org/gradle/plugin/use/internal/PluginsAwareScriptCustomizer> (0x00000000ee7688a0) 
thrown [s\src\hotspot\share\classfile\systemDictionary.cpp, line 313]
Event: 82.726 Thread 0x000001cd7b38de70 Exception <a 'java/lang/ClassNotFoundException'{0x00000000ee77aa58}: org/gradle/initialization/SettingsScriptCustomizer> (0x00000000ee77aa58) 
thrown [s\src\hotspot\share\classfile\systemDictionary.cpp, line 313]
Event: 82.749 Thread 0x000001cd7b38de70 Exception <a 'java/lang/ClassNotFoundException'{0x00000000ee789008}: settings_8dw0mj2bnaxr0hcd9vousuw1qCustomizer> (0x00000000ee789008) 
thrown [s\src\hotspot\share\classfile\systemDictionary.cpp, line 313]
Event: 82.809 Thread 0x000001cd7b38de70 Exception <a 'java/lang/NoSuchMethodError'{0x00000000ee617ef0}: 'java.lang.Object java.lang.invoke.DirectMethodHandle$Holder.invokeStaticInit(java.lang.Object, java.lang.Object, java.lang.Object, java.lang.Object, java.lang.Object, int, java.lang.Object)'> (0x00000000ee617ef0) 
thrown [s\src\hotspot\share\interpreter\linkResolver.cpp, line 773]
Event: 82.810 Thread 0x000001cd7b38de70 Implicit null exception at 0x000001cd557fcff2 to 0x000001cd557fd270
Event: 82.811 Thread 0x000001cd7b38de70 Exception <a 'java/lang/NoSuchMethodError'{0x00000000ee61d310}: 'int java.lang.invoke.DirectMethodHandle$Holder.invokeSpecial(java.lang.Object, java.lang.Object, java.lang.Object, int)'> (0x00000000ee61d310) 
thrown [s\src\hotspot\share\interpreter\linkResolver.cpp, line 773]
Event: 82.814 Thread 0x000001cd7b38de70 Exception <a 'java/lang/NoSuchMethodError'{0x00000000ee62e228}: 'java.lang.Object java.lang.invoke.DirectMethodHandle$Holder.invokeStatic(java.lang.Object, java.lang.Object, java.lang.Object, java.lang.Object, int)'> (0x00000000ee62e228) 
thrown [s\src\hotspot\share\interpreter\linkResolver.cpp, line 773]
Event: 82.816 Thread 0x000001cd7b38de70 Exception <a 'java/lang/NoSuchMethodError'{0x00000000ee639db8}: 'java.lang.Object java.lang.invoke.DelegatingMethodHandle$Holder.reinvoke_L(java.lang.Object, java.lang.Object, java.lang.Object, java.lang.Object, java.lang.Object, int, java.lang.Object)'> (0x00000000ee639db8) 
thrown [s\src\hotspot\share\interpreter\linkResolver.cpp, line 773]
Event: 82.878 Thread 0x000001cd7b38de70 Exception <a 'java/lang/NoSuchMethodError'{0x00000000ee5599c0}: 'java.lang.Object java.lang.invoke.DirectMethodHandle$Holder.invokeStaticInit(java.lang.Object, java.lang.Object, java.lang.Object, java.lang.Object, java.lang.Object, java.lang.Object, java.lang.Object)'> (0x00000000ee5599c0) 
thrown [s\src\hotspot\share\interpreter\linkResolver.cpp, line 773]
Event: 82.917 Thread 0x000001cd7b38de70 Exception <a 'java/lang/NoSuchMethodError'{0x00000000ee580138}: 'java.lang.Object java.lang.invoke.DirectMethodHandle$Holder.invokeSpecial(java.lang.Object, java.lang.Object, java.lang.Object, int, java.lang.Object, java.lang.Object)'> (0x00000000ee580138) 
thrown [s\src\hotspot\share\interpreter\linkResolver.cpp, line 773]

ZGC Phase Switch (0 events):
No events

VM Operations (20 events):
Event: 76.345 Executing non-safepoint VM operation: HandshakeAllThreads (Deoptimize)
Event: 76.345 Executing non-safepoint VM operation: HandshakeAllThreads (Deoptimize) done
Event: 77.357 Executing safepoint VM operation: Cleanup
Event: 77.357 Executing safepoint VM operation: Cleanup done
Event: 78.034 Executing non-safepoint VM operation: HandshakeAllThreads (Deoptimize)
Event: 78.035 Executing non-safepoint VM operation: HandshakeAllThreads (Deoptimize) done
Event: 78.037 Executing non-safepoint VM operation: HandshakeAllThreads (Deoptimize)
Event: 78.037 Executing non-safepoint VM operation: HandshakeAllThreads (Deoptimize) done
Event: 79.052 Executing safepoint VM operation: Cleanup
Event: 79.052 Executing safepoint VM operation: Cleanup done
Event: 80.063 Executing safepoint VM operation: Cleanup
Event: 80.063 Executing safepoint VM operation: Cleanup done
Event: 81.075 Executing safepoint VM operation: Cleanup
Event: 81.075 Executing safepoint VM operation: Cleanup done
Event: 82.076 Executing safepoint VM operation: Cleanup
Event: 82.091 Executing safepoint VM operation: Cleanup done
Event: 82.615 Executing non-safepoint VM operation: HandshakeAllThreads (Deoptimize)
Event: 82.615 Executing non-safepoint VM operation: HandshakeAllThreads (Deoptimize) done
Event: 82.616 Executing non-safepoint VM operation: HandshakeAllThreads (Deoptimize)
Event: 82.617 Executing non-safepoint VM operation: HandshakeAllThreads (Deoptimize) done

Memory protections (0 events):
No events

Nmethod flushes (20 events):
Event: 76.217 Thread 0x000001cd60360c30 flushing  nmethod 0x000001cd4dda3e90
Event: 76.217 Thread 0x000001cd60360c30 flushing  nmethod 0x000001cd4ddca990
Event: 76.217 Thread 0x000001cd60360c30 flushing  nmethod 0x000001cd4deb0690
Event: 76.217 Thread 0x000001cd60360c30 flushing  nmethod 0x000001cd4ded3690
Event: 76.217 Thread 0x000001cd60360c30 flushing  nmethod 0x000001cd4defe010
Event: 76.217 Thread 0x000001cd60360c30 flushing  nmethod 0x000001cd4df43010
Event: 76.217 Thread 0x000001cd60360c30 flushing  nmethod 0x000001cd4df71a10
Event: 76.217 Thread 0x000001cd60360c30 flushing  nmethod 0x000001cd4e01a990
Event: 76.217 Thread 0x000001cd60360c30 flushing  nmethod 0x000001cd4e051b90
Event: 76.217 Thread 0x000001cd60360c30 flushing  nmethod 0x000001cd4dec5a90
Event: 76.217 Thread 0x000001cd60360c30 flushing  nmethod 0x000001cd4dee6c10
Event: 76.217 Thread 0x000001cd60360c30 flushing  nmethod 0x000001cd4df4ac90
Event: 76.217 Thread 0x000001cd60360c30 flushing  nmethod 0x000001cd4e008c90
Event: 76.217 Thread 0x000001cd60360c30 flushing  nmethod 0x000001cd4e041b10
Event: 76.217 Thread 0x000001cd60360c30 flushing  nmethod 0x000001cd4e042810
Event: 76.217 Thread 0x000001cd60360c30 flushing  nmethod 0x000001cd4e042d90
Event: 76.217 Thread 0x000001cd60360c30 flushing  nmethod 0x000001cd4e043290
Event: 76.217 Thread 0x000001cd60360c30 flushing  nmethod 0x000001cd4e046090
Event: 76.217 Thread 0x000001cd60360c30 flushing  nmethod 0x000001cd4e04f690
Event: 76.217 Thread 0x000001cd60360c30 flushing  nmethod 0x000001cd4e184410

Events (20 events):
Event: 66.268 Thread 0x000001cd7b9a6bc0 Thread added: 0x000001cd7b9a7250
Event: 66.556 Thread 0x000001cd7b38de70 Thread added: 0x000001cd7b9a99b0
Event: 68.824 Thread 0x000001cd603922d0 Thread added: 0x000001cd60438150
Event: 69.551 Thread 0x000001cd60438150 Thread exited: 0x000001cd60438150
Event: 69.988 Thread 0x000001cd603922d0 Thread added: 0x000001cd7bdf2180
Event: 70.574 Thread 0x000001cd7b38de70 Thread added: 0x000001cd7f064470
Event: 70.661 Thread 0x000001cd7b38de70 Thread added: 0x000001cd7f065eb0
Event: 71.178 Thread 0x000001cd7bdf2180 Thread exited: 0x000001cd7bdf2180
Event: 71.599 Thread 0x000001cd7b38de70 Thread added: 0x000001cd7f065820
Event: 71.692 Thread 0x000001cd7b38de70 Thread added: 0x000001cd7f063de0
Event: 72.592 Thread 0x000001cd7b38de70 Thread added: 0x000001cd7f066540
Event: 72.976 Thread 0x000001cd7b38de70 Thread added: 0x000001cd7f0630c0
Event: 73.400 Thread 0x000001cd603922d0 Thread added: 0x000001cd7d1e5010
Event: 73.810 Thread 0x000001cd7b38de70 Thread added: 0x000001cd7f066bd0
Event: 74.039 Thread 0x000001cd7d1e5010 Thread exited: 0x000001cd7d1e5010
Event: 74.781 Thread 0x000001cd7b38de70 Thread added: 0x000001cd7f063750
Event: 75.374 Thread 0x000001cd6038df40 Thread added: 0x000001cd7ca51750
Event: 76.513 Thread 0x000001cd7ca51750 Thread exited: 0x000001cd7ca51750
Event: 79.218 Thread 0x000001cd7b38de70 Thread added: 0x000001cd7f065190
Event: 82.027 Thread 0x000001cd7b38de70 Thread added: 0x000001cd7f069330


Dynamic libraries:
0x00007ff62c3a0000 - 0x00007ff62c3ae000 	C:\Users\User\.vscode\extensions\redhat.java-1.56.0-win32-x64\jre\21.0.12.1-win32-x86_64\bin\java.exe
0x00007ffc208e0000 - 0x00007ffc20b47000 	C:\WINDOWS\SYSTEM32\ntdll.dll
0x00007ffc1f3e0000 - 0x00007ffc1f4ab000 	C:\WINDOWS\System32\KERNEL32.DLL
0x00007ffc1dae0000 - 0x00007ffc1dee1000 	C:\WINDOWS\System32\KERNELBASE.dll
0x00007ffc1def0000 - 0x00007ffc1e03c000 	C:\WINDOWS\System32\ucrtbase.dll
0x00007ffbf8e30000 - 0x00007ffbf8e48000 	C:\Users\User\.vscode\extensions\redhat.java-1.56.0-win32-x64\jre\21.0.12.1-win32-x86_64\bin\jli.dll
0x00007ffc1ef90000 - 0x00007ffc1f167000 	C:\WINDOWS\System32\USER32.dll
0x00007ffc1e480000 - 0x00007ffc1e4a7000 	C:\WINDOWS\System32\win32u.dll
0x00007ffc1fb10000 - 0x00007ffc1fb3b000 	C:\WINDOWS\System32\GDI32.dll
0x00007ffc1e350000 - 0x00007ffc1e478000 	C:\WINDOWS\System32\gdi32full.dll
0x00007ffc1e110000 - 0x00007ffc1e1b3000 	C:\WINDOWS\System32\msvcp_win.dll
0x00007ffbf72a0000 - 0x00007ffbf72be000 	C:\Users\User\.vscode\extensions\redhat.java-1.56.0-win32-x64\jre\21.0.12.1-win32-x86_64\bin\VCRUNTIME140.dll
0x00007ffbfe1c0000 - 0x00007ffbfe450000 	C:\WINDOWS\WinSxS\amd64_microsoft.windows.common-controls_6595b64144ccf1df_6.0.26100.9549_none_3e0a0396e3330090\COMCTL32.dll
0x00007ffc1e600000 - 0x00007ffc1e6a9000 	C:\WINDOWS\System32\msvcrt.dll
0x00007ffc1ecd0000 - 0x00007ffc1ed01000 	C:\WINDOWS\System32\IMM32.DLL
0x00007ffc16830000 - 0x00007ffc1683c000 	C:\Users\User\.vscode\extensions\redhat.java-1.56.0-win32-x64\jre\21.0.12.1-win32-x86_64\bin\vcruntime140_1.dll
0x00007ffbf70c0000 - 0x00007ffbf714d000 	C:\Users\User\.vscode\extensions\redhat.java-1.56.0-win32-x64\jre\21.0.12.1-win32-x86_64\bin\msvcp140.dll
0x00007ffb90f40000 - 0x00007ffb91ce2000 	C:\Users\User\.vscode\extensions\redhat.java-1.56.0-win32-x64\jre\21.0.12.1-win32-x86_64\bin\server\jvm.dll
0x00007ffc1e6b0000 - 0x00007ffc1e76b000 	C:\WINDOWS\System32\ADVAPI32.dll
0x00007ffc1fc40000 - 0x00007ffc1fce8000 	C:\WINDOWS\System32\sechost.dll
0x00007ffc1ffd0000 - 0x00007ffc200e8000 	C:\WINDOWS\System32\RPCRT4.dll
0x00007ffc1ef00000 - 0x00007ffc1ef81000 	C:\WINDOWS\System32\WS2_32.dll
0x00007ffc1d930000 - 0x00007ffc1d98e000 	C:\WINDOWS\SYSTEM32\POWRPROF.dll
0x00007ffc13bb0000 - 0x00007ffc13be7000 	C:\WINDOWS\SYSTEM32\WINMM.dll
0x00007ffc139b0000 - 0x00007ffc139bb000 	C:\WINDOWS\SYSTEM32\VERSION.dll
0x00007ffc1d910000 - 0x00007ffc1d925000 	C:\WINDOWS\SYSTEM32\UMPDC.dll
0x00007ffc1c780000 - 0x00007ffc1c79b000 	C:\WINDOWS\SYSTEM32\kernel.appcore.dll
0x00007ffbf7290000 - 0x00007ffbf729a000 	C:\Users\User\.vscode\extensions\redhat.java-1.56.0-win32-x64\jre\21.0.12.1-win32-x86_64\bin\jimage.dll
0x00007ffc1a9d0000 - 0x00007ffc1ac1c000 	C:\WINDOWS\SYSTEM32\DBGHELP.DLL
0x00007ffc1e930000 - 0x00007ffc1ecba000 	C:\WINDOWS\System32\combase.dll
0x00007ffc1e840000 - 0x00007ffc1e919000 	C:\WINDOWS\System32\OLEAUT32.dll
0x00007ffbf7730000 - 0x00007ffbf776b000 	C:\WINDOWS\SYSTEM32\dbgcore.DLL
0x00007ffc1e4b0000 - 0x00007ffc1e55c000 	C:\WINDOWS\System32\bcryptPrimitives.dll
0x00007ffbf70b0000 - 0x00007ffbf70bf000 	C:\Users\User\.vscode\extensions\redhat.java-1.56.0-win32-x64\jre\21.0.12.1-win32-x86_64\bin\instrument.dll
0x00007ffbf7090000 - 0x00007ffbf70b0000 	C:\Users\User\.vscode\extensions\redhat.java-1.56.0-win32-x64\jre\21.0.12.1-win32-x86_64\bin\java.dll
0x00007ffc200f0000 - 0x00007ffc2088c000 	C:\WINDOWS\System32\SHELL32.dll
0x00007ffc1b4f0000 - 0x00007ffc1bd9d000 	C:\WINDOWS\SYSTEM32\windows.storage.dll
0x00007ffc1fcf0000 - 0x00007ffc1fde9000 	C:\WINDOWS\System32\SHCORE.dll
0x00007ffc1fbd0000 - 0x00007ffc1fc36000 	C:\WINDOWS\System32\shlwapi.dll
0x00007ffc1d9f0000 - 0x00007ffc1da19000 	C:\WINDOWS\SYSTEM32\profapi.dll
0x00007ffbf7070000 - 0x00007ffbf7088000 	C:\Users\User\.vscode\extensions\redhat.java-1.56.0-win32-x64\jre\21.0.12.1-win32-x86_64\bin\zip.dll
0x00007ffbf7060000 - 0x00007ffbf7070000 	C:\Users\User\.vscode\extensions\redhat.java-1.56.0-win32-x64\jre\21.0.12.1-win32-x86_64\bin\net.dll
0x00007ffc17e70000 - 0x00007ffc17f9a000 	C:\WINDOWS\SYSTEM32\WINHTTP.dll
0x00007ffc1cd40000 - 0x00007ffc1cdac000 	C:\WINDOWS\system32\mswsock.dll
0x00007ffbf7040000 - 0x00007ffbf7056000 	C:\Users\User\.vscode\extensions\redhat.java-1.56.0-win32-x64\jre\21.0.12.1-win32-x86_64\bin\nio.dll
0x00007ffbf7030000 - 0x00007ffbf7040000 	C:\Users\User\.vscode\extensions\redhat.java-1.56.0-win32-x64\jre\21.0.12.1-win32-x86_64\bin\verify.dll
0x00007ffc03bf0000 - 0x00007ffc03c17000 	C:\Users\User\.gradle\native\660c5614fbf4a5f2a75b1949f50a0caf5cd603558e7d8a26e50b933a0cfb79d1\windows-amd64\native-platform.dll
0x00007ffbcdff0000 - 0x00007ffbce067000 	C:\Users\User\.gradle\native\0.2.8\x86_64-windows-gnu\gradle-fileevents.dll
0x00007ffc03be0000 - 0x00007ffc03bea000 	C:\Users\User\.vscode\extensions\redhat.java-1.56.0-win32-x64\jre\21.0.12.1-win32-x86_64\bin\management.dll
0x00007ffc03bd0000 - 0x00007ffc03bdc000 	C:\Users\User\.vscode\extensions\redhat.java-1.56.0-win32-x64\jre\21.0.12.1-win32-x86_64\bin\management_ext.dll
0x00007ffc1f2d0000 - 0x00007ffc1f2d8000 	C:\WINDOWS\System32\PSAPI.DLL
0x00007ffc1c160000 - 0x00007ffc1c193000 	C:\WINDOWS\SYSTEM32\IPHLPAPI.DLL
0x00007ffc1e920000 - 0x00007ffc1e92a000 	C:\WINDOWS\System32\NSI.dll
0x00007ffc0d200000 - 0x00007ffc0d209000 	C:\Users\User\.vscode\extensions\redhat.java-1.56.0-win32-x64\jre\21.0.12.1-win32-x86_64\bin\extnet.dll
0x00007ffc1d030000 - 0x00007ffc1d04b000 	C:\WINDOWS\SYSTEM32\CRYPTSP.dll
0x00007ffc1c6e0000 - 0x00007ffc1c719000 	C:\WINDOWS\system32\rsaenh.dll
0x00007ffc1cdf0000 - 0x00007ffc1ce24000 	C:\WINDOWS\SYSTEM32\USERENV.dll
0x00007ffc1d9c0000 - 0x00007ffc1d9ea000 	C:\WINDOWS\SYSTEM32\bcrypt.dll
0x00007ffc1d050000 - 0x00007ffc1d05c000 	C:\WINDOWS\SYSTEM32\CRYPTBASE.dll
0x00007ffc0d210000 - 0x00007ffc0d21e000 	C:\Users\User\.vscode\extensions\redhat.java-1.56.0-win32-x64\jre\21.0.12.1-win32-x86_64\bin\sunmscapi.dll
0x00007ffc1e1c0000 - 0x00007ffc1e33f000 	C:\WINDOWS\System32\CRYPT32.dll
0x00007ffc1d290000 - 0x00007ffc1d2c0000 	C:\WINDOWS\SYSTEM32\ncrypt.dll
0x00007ffc1d240000 - 0x00007ffc1d27f000 	C:\WINDOWS\SYSTEM32\NTASN1.dll
0x00007ffbfa8d0000 - 0x00007ffbfa8d8000 	C:\WINDOWS\system32\wshunix.dll

JVMTI agents:
C:\Users\User\.gradle\wrapper\dists\gradle-9.7.1-bin\1w1c7tv4s851m17nbqdsro2tv\gradle-9.7.1\lib\agents\gradle-instrumentation-agent-9.7.1.jar path:C:\Users\User\.vscode\extensions\redhat.java-1.56.0-win32-x64\jre\21.0.12.1-win32-x86_64\bin\instrument.dll, loaded, initialized, instrumentlib options:none

dbghelp: loaded successfully - version: 4.0.5 - missing functions: none
symbol engine: initialized successfully - sym options: 0x614 - pdb path: .;C:\Users\User\.vscode\extensions\redhat.java-1.56.0-win32-x64\jre\21.0.12.1-win32-x86_64\bin;C:\WINDOWS\SYSTEM32;C:\WINDOWS\WinSxS\amd64_microsoft.windows.common-controls_6595b64144ccf1df_6.0.26100.9549_none_3e0a0396e3330090;C:\Users\User\.vscode\extensions\redhat.java-1.56.0-win32-x64\jre\21.0.12.1-win32-x86_64\bin\server;C:\Users\User\.gradle\native\660c5614fbf4a5f2a75b1949f50a0caf5cd603558e7d8a26e50b933a0cfb79d1\windows-amd64;C:\Users\User\.gradle\native\0.2.8\x86_64-windows-gnu

VM Arguments:
jvm_args: --add-opens=java.base/java.lang=ALL-UNNAMED --add-opens=java.base/java.lang.invoke=ALL-UNNAMED --add-opens=java.base/java.util=ALL-UNNAMED --add-opens=java.prefs/java.util.prefs=ALL-UNNAMED --add-exports=jdk.compiler/com.sun.tools.javac.api=ALL-UNNAMED --add-exports=jdk.compiler/com.sun.tools.javac.util=ALL-UNNAMED --add-opens=java.base/java.nio.charset=ALL-UNNAMED --add-opens=java.base/java.net=ALL-UNNAMED --add-opens=java.base/java.util.concurrent=ALL-UNNAMED --add-opens=java.base/java.util.concurrent.atomic=ALL-UNNAMED --add-opens=java.xml/javax.xml.namespace=ALL-UNNAMED --add-opens=java.base/java.time=ALL-UNNAMED -XX:MaxMetaspaceSize=384m -XX:+HeapDumpOnOutOfMemoryError -Xms256m -Xmx512m -Dfile.encoding=UTF-8 -Duser.country=US -Duser.language=en -Duser.variant -javaagent:C:\Users\User\.gradle\wrapper\dists\gradle-9.7.1-bin\1w1c7tv4s851m17nbqdsro2tv\gradle-9.7.1\lib\agents\gradle-instrumentation-agent-9.7.1.jar 
java_command: org.gradle.launcher.daemon.bootstrap.GradleDaemon 9.7.1
java_class_path (initial): C:\Users\User\.gradle\wrapper\dists\gradle-9.7.1-bin\1w1c7tv4s851m17nbqdsro2tv\gradle-9.7.1\lib\gradle-daemon-main-9.7.1.jar
Launcher Type: SUN_STANDARD

[Global flags]
     intx CICompilerCount                          = 4                                         {product} {ergonomic}
   size_t CompressedClassSpaceSize                 = 335544320                                 {product} {ergonomic}
     uint ConcGCThreads                            = 2                                         {product} {ergonomic}
     uint G1ConcRefinementThreads                  = 8                                         {product} {ergonomic}
   size_t G1HeapRegionSize                         = 1048576                                   {product} {ergonomic}
    uintx GCDrainStackTargetSize                   = 64                                        {product} {ergonomic}
     bool HeapDumpOnOutOfMemoryError               = true                                   {manageable} {command line}
   size_t InitialHeapSize                          = 268435456                                 {product} {command line}
   size_t MarkStackSize                            = 4194304                                   {product} {ergonomic}
   size_t MaxHeapSize                              = 536870912                                 {product} {command line}
   size_t MaxMetaspaceSize                         = 402653184                                 {product} {command line}
   size_t MaxNewSize                               = 321912832                                 {product} {ergonomic}
   size_t MinHeapDeltaBytes                        = 1048576                                   {product} {ergonomic}
   size_t MinHeapSize                              = 268435456                                 {product} {command line}
    uintx NonNMethodCodeHeapSize                   = 5839372                                {pd product} {ergonomic}
    uintx NonProfiledCodeHeapSize                  = 122909434                              {pd product} {ergonomic}
    uintx ProfiledCodeHeapSize                     = 122909434                              {pd product} {ergonomic}
    uintx ReservedCodeCacheSize                    = 251658240                              {pd product} {ergonomic}
     bool SegmentedCodeCache                       = true                                      {product} {ergonomic}
   size_t SoftMaxHeapSize                          = 536870912                              {manageable} {ergonomic}
     bool UseCompressedOops                        = true                           {product lp64_product} {ergonomic}
     bool UseG1GC                                  = true                                      {product} {ergonomic}
     bool UseLargePagesIndividualAllocation        = false                                  {pd product} {ergonomic}

Logging:
Log output configuration:
 #0: stdout all=warning uptime,level,tags foldmultilines=false
 #1: stderr all=off uptime,level,tags foldmultilines=false

Release file:
JAVA_VERSION="21.0.12.1" 
MODULES="java.base java.compiler java.datatransfer java.xml java.prefs java.desktop java.instrument java.logging java.management java.security.sasl java.naming java.rmi java.management.rmi java.net.http java.scripting java.security.jgss java.transaction.xa java.sql java.sql.rowset java.xml.crypto java.se java.smartcardio jdk.accessibility jdk.internal.jvmstat jdk.attach jdk.charsets jdk.internal.opt jdk.zipfs jdk.compiler jdk.crypto.ec jdk.crypto.cryptoki jdk.crypto.mscapi jdk.dynalink jdk.internal.ed jdk.editpad jdk.hotspot.agent jdk.httpserver jdk.internal.le jdk.internal.vm.ci jdk.internal.vm.compiler jdk.internal.vm.compiler.management jdk.jartool jdk.javadoc jdk.jcmd jdk.management jdk.management.agent jdk.jconsole jdk.jdeps jdk.jdwp.agent jdk.jdi jdk.jfr jdk.jshell jdk.jsobject jdk.jstatd jdk.localedata jdk.management.jfr jdk.naming.dns jdk.naming.rmi jdk.net jdk.nio.mapmode jdk.random jdk.sctp jdk.security.auth jdk.security.jgss jdk.unsupported jdk.unsupported.desktop jdk.xml.dom" 

Environment Variables:
PATH=C:\Program Files\Eclipse Adoptium\jdk-21.0.12.101-hotspot\bin;C:\WINDOWS\system32;C:\WINDOWS;C:\WINDOWS\System32\Wbem;C:\WINDOWS\System32\WindowsPowerShell\v1.0;C:\WINDOWS\System32\OpenSSH;C:\Program Files\Microsoft SQL Server\150\Tools\Binn;C:\Program Files\Microsoft SQL Server\Client SDK\ODBC\170\Tools\Binn;C:\Program Files\dotnet;C:\Program Files (x86)\Microsoft SQL Server\150\Tools\Binn;C:\Program Files (x86)\Microsoft SQL Server\150\DTS\Binn;C:\Program Files\Microsoft SQL Server\150\DTS\Binn;C:\Program Files\nodejs;D:\Git\cmd;C:\Program Files\GitHub CLI;C:\Program Files (x86)\AOMEI Partition Assistant;C:\Users\User\AppData\Local\Programs\Python\Python313\Scripts\;C:\Users\User\AppData\Local\Programs\Python\Python313\;C:\Users\User\AppData\Local\Programs\Python\Launcher\;C:\Users\User\.local\bin;C:\Users\User\AppData\Local\Microsoft\WindowsApps;H:\Microsoft VS Code\bin;C:\Users\User\.dotnet\tools;C:\Program Files\Azure Data Studio\bin;C:\Users\User\AppData\Roaming\npm
USERNAME=User
OS=Windows_NT
PROCESSOR_IDENTIFIER=Intel64 Family 6 Model 140 Stepping 1, GenuineIntel
TMP=C:\Users\User\AppData\Local\Temp
TEMP=C:\Users\User\AppData\Local\Temp




Periodic native trim disabled

---------------  S Y S T E M  ---------------

OS:
 Windows 11 , 64 bit Build 26100 (10.0.26100.9549)
OS uptime: 0 days 3:22 hours
Hyper-V role detected

CPU: total 8 (initial active 8) (4 cores per cpu, 2 threads per core) family 6 model 140 stepping 1 microcode 0xac, cx8, cmov, fxsr, ht, mmx, 3dnowpref, sse, sse2, sse3, ssse3, sse4.1, sse4.2, popcnt, lzcnt, tsc, tscinvbit, avx, avx2, aes, erms, clmul, bmi1, bmi2, adx, avx512f, avx512dq, avx512cd, avx512bw, avx512vl, sha, fma, vzeroupper, avx512_vpopcntdq, avx512_vpclmulqdq, avx512_vaes, avx512_vnni, clflush, clflushopt, clwb, avx512_vbmi2, avx512_vbmi, hv, rdtscp, rdpid, fsrm, gfni, avx512_bitalg, f16c, cet_ibt, cet_ss, avx512_ifma
Processor Information for processor 0
  Max Mhz: 2419, Current Mhz: 1007, Mhz Limit: 2419
Processor Information for processor 1
  Max Mhz: 2419, Current Mhz: 1007, Mhz Limit: 2419
Processor Information for processor 2
  Max Mhz: 2419, Current Mhz: 2419, Mhz Limit: 2419
Processor Information for processor 3
  Max Mhz: 2419, Current Mhz: 1007, Mhz Limit: 2419
Processor Information for processor 4
  Max Mhz: 2419, Current Mhz: 2419, Mhz Limit: 2419
Processor Information for processor 5
  Max Mhz: 2419, Current Mhz: 2419, Mhz Limit: 2419
Processor Information for processor 6
  Max Mhz: 2419, Current Mhz: 1007, Mhz Limit: 2419
Processor Information for processor 7
  Max Mhz: 2419, Current Mhz: 2419, Mhz Limit: 2419

Memory: 4k page, system-wide physical 7932M (370M free)
TotalPageFile size 32508M (AvailPageFile size 2M)
current process WorkingSet (physical memory assigned to process): 107M, peak: 235M
current process commit charge ("private bytes"): 444M, peak: 457M

vm_info: OpenJDK 64-Bit Server VM (21.0.12.1+1-LTS) for windows-amd64 JRE (21.0.12.1+1-LTS), built on 2026-08-18T00:00:00Z by "admin" with MS VC++ 17.12 (VS2022)

END.
