#
# There is insufficient memory for the Java Runtime Environment to continue.
# Native memory allocation (malloc) failed to allocate 1244816 bytes. Error detail: Chunk::new
# Possible reasons:
#   The system is out of physical RAM or swap space
#   This process is running with CompressedOops enabled, and the Java Heap may be blocking the growth of the native heap
# Possible solutions:
#   Reduce memory load on the system
#   Increase physical memory or swap space
#   Check if swap backing store is full
#   Decrease Java heap size (-Xmx/-Xms)
#   Decrease number of Java threads
#   Decrease Java thread stack sizes (-Xss)
#   Set larger code cache with -XX:ReservedCodeCacheSize=
#   JVM is running with Unscaled Compressed Oops mode in which the Java heap is
#     placed in the first 4GB address space. The Java Heap base address is the
#     maximum limit for the native heap growth. Please use -XX:HeapBaseMinAddress
#     to set the Java Heap base and to place the Java Heap above 4GB virtual address.
# This output file may be truncated or incomplete.
#
#  Out of Memory Error (arena.cpp:168), pid=37528, tid=50352
#
# JRE version: OpenJDK Runtime Environment Temurin-21.0.12.1+1 (21.0.12.1+1) (build 21.0.12.1+1-LTS)
# Java VM: OpenJDK 64-Bit Server VM Temurin-21.0.12.1+1 (21.0.12.1+1-LTS, mixed mode, sharing, tiered, compressed oops, compressed class ptrs, g1 gc, windows-amd64)
# No core dump will be written. Minidumps are not enabled by default on client versions of Windows
#

---------------  S U M M A R Y ------------

Command Line: --add-opens=java.base/java.lang=ALL-UNNAMED --add-opens=java.base/java.lang.invoke=ALL-UNNAMED --add-opens=java.base/java.util=ALL-UNNAMED --add-opens=java.prefs/java.util.prefs=ALL-UNNAMED --add-exports=jdk.compiler/com.sun.tools.javac.api=ALL-UNNAMED --add-exports=jdk.compiler/com.sun.tools.javac.util=ALL-UNNAMED --add-opens=java.base/java.nio.charset=ALL-UNNAMED --add-opens=java.base/java.net=ALL-UNNAMED --add-opens=java.base/java.util.concurrent=ALL-UNNAMED --add-opens=java.base/java.util.concurrent.atomic=ALL-UNNAMED --add-opens=java.xml/javax.xml.namespace=ALL-UNNAMED --add-opens=java.base/java.time=ALL-UNNAMED -XX:MaxMetaspaceSize=384m -XX:+HeapDumpOnOutOfMemoryError -Xms256m -Xmx512m -Dfile.encoding=UTF-8 -Duser.country=US -Duser.language=en -Duser.variant -javaagent:C:\Users\User\.gradle\wrapper\dists\gradle-9.7.1-bin\1w1c7tv4s851m17nbqdsro2tv\gradle-9.7.1\lib\agents\gradle-instrumentation-agent-9.7.1.jar org.gradle.launcher.daemon.bootstrap.GradleDaemon 9.7.1

Host: 11th Gen Intel(R) Core(TM) i5-1135G7 @ 2.40GHz, 8 cores, 7G,  Windows 11 , 64 bit Build 26100 (10.0.26100.9549)
Time: Sat Oct  3 10:33:27 2026 Bangladesh Standard Time elapsed time: 101.515836 seconds (0d 0h 1m 41s)

---------------  T H R E A D  ---------------

Current thread (0x000001f97d76d220):  JavaThread "C2 CompilerThread0" daemon [_thread_in_native, id=50352, stack(0x0000005a4b700000,0x0000005a4b800000) (1024K)]


Current CompileTask:
C2:101515 6697 %     4       org.gradle.internal.instantiation.generator.AbstractClassGenerator::inspectType @ 107 (602 bytes)

Stack: [0x0000005a4b700000,0x0000005a4b800000]
Native frames: (J=compiled Java code, j=interpreted, Vv=VM code, C=native code)
V  [jvm.dll+0x6d83e9]
V  [jvm.dll+0x8b5736]
V  [jvm.dll+0x8b7cee]
V  [jvm.dll+0x8b83d3]
V  [jvm.dll+0x284596]
V  [jvm.dll+0xc685d]
V  [jvm.dll+0xc6da1]
V  [jvm.dll+0x2fb5ae]
V  [jvm.dll+0x5fee94]
V  [jvm.dll+0x255d67]
V  [jvm.dll+0x24e0f4]
V  [jvm.dll+0x24bbe6]
V  [jvm.dll+0x1cb4ae]
V  [jvm.dll+0x25baad]
V  [jvm.dll+0x25a03a]
V  [jvm.dll+0x3f8aae]
V  [jvm.dll+0x8600cd]
V  [jvm.dll+0x6d6c1d]
C  [ucrtbase.dll+0x2cd30]
C  [KERNEL32.DLL+0x2cdf7]
C  [ntdll.dll+0x7ee4c]


---------------  P R O C E S S  ---------------

Threads class SMR info:
_java_thread_list=0x000001f91b3c65c0, length=46, elements={
0x000001f965f70900, 0x000001f97d760050, 0x000001f97d7659f0, 0x000001f97d768560,
0x000001f97d76afd0, 0x000001f97d76ba30, 0x000001f97d76c490, 0x000001f97d76d220,
0x000001f97d7852d0, 0x000001f97da22450, 0x000001f97da064e0, 0x000001f97dc0d040,
0x000001f97e6cc3d0, 0x000001f9196e1310, 0x000001f97e93a640, 0x000001f97d880910,
0x000001f97d95b3c0, 0x000001f97d95ba50, 0x000001f97d95c0e0, 0x000001f97d958c60,
0x000001f97d9592f0, 0x000001f97d95ad30, 0x000001f97d959980, 0x000001f97d95a010,
0x000001f97d95a6a0, 0x000001f919a14390, 0x000001f919a13670, 0x000001f919a12fe0,
0x000001f919a13d00, 0x000001f919a122c0, 0x000001f919a17ea0, 0x000001f919a16460,
0x000001f919a198e0, 0x000001f919a18530, 0x000001f919a16af0, 0x000001f919a19250,
0x000001f91b0ce430, 0x000001f91b0cf7e0, 0x000001f91b0ceac0, 0x000001f91b0cf150,
0x000001f91b0cfe70, 0x000001f91b0d0500, 0x000001f91b0cd080, 0x000001f91b0d4010,
0x000001f91b0d18b0, 0x000001f91a2a46a0
}

Java Threads: ( => current thread )
  0x000001f965f70900 JavaThread "main"                              [_thread_blocked, id=10508, stack(0x0000005a4a800000,0x0000005a4a900000) (1024K)]
  0x000001f97d760050 JavaThread "Reference Handler"          daemon [_thread_blocked, id=48456, stack(0x0000005a4b100000,0x0000005a4b200000) (1024K)]
  0x000001f97d7659f0 JavaThread "Finalizer"                  daemon [_thread_blocked, id=20208, stack(0x0000005a4b200000,0x0000005a4b300000) (1024K)]
  0x000001f97d768560 JavaThread "Signal Dispatcher"          daemon [_thread_blocked, id=18972, stack(0x0000005a4b300000,0x0000005a4b400000) (1024K)]
  0x000001f97d76afd0 JavaThread "Attach Listener"            daemon [_thread_blocked, id=6356, stack(0x0000005a4b400000,0x0000005a4b500000) (1024K)]
  0x000001f97d76ba30 JavaThread "Service Thread"             daemon [_thread_blocked, id=31916, stack(0x0000005a4b500000,0x0000005a4b600000) (1024K)]
  0x000001f97d76c490 JavaThread "Monitor Deflation Thread"   daemon [_thread_blocked, id=38172, stack(0x0000005a4b600000,0x0000005a4b700000) (1024K)]
=>0x000001f97d76d220 JavaThread "C2 CompilerThread0"         daemon [_thread_in_native, id=50352, stack(0x0000005a4b700000,0x0000005a4b800000) (1024K)]
  0x000001f97d7852d0 JavaThread "C1 CompilerThread0"         daemon [_thread_blocked, id=42464, stack(0x0000005a4b800000,0x0000005a4b900000) (1024K)]
  0x000001f97da22450 JavaThread "Common-Cleaner"             daemon [_thread_blocked, id=52876, stack(0x0000005a4b900000,0x0000005a4ba00000) (1024K)]
  0x000001f97da064e0 JavaThread "Notification Thread"        daemon [_thread_blocked, id=6672, stack(0x0000005a4ba00000,0x0000005a4bb00000) (1024K)]
  0x000001f97dc0d040 JavaThread "Daemon health stats"               [_thread_blocked, id=31144, stack(0x0000005a4c000000,0x0000005a4c100000) (1024K)]
  0x000001f97e6cc3d0 JavaThread "Incoming local TCP Connector on port 62828"        [_thread_in_native, id=50828, stack(0x0000005a4c100000,0x0000005a4c200000) (1024K)]
  0x000001f9196e1310 JavaThread "Daemon"                            [_thread_blocked, id=46268, stack(0x0000005a4c200000,0x0000005a4c300000) (1024K)]
  0x000001f97e93a640 JavaThread "Daemon periodic checks"            [_thread_blocked, id=16712, stack(0x0000005a4c400000,0x0000005a4c500000) (1024K)]
  0x000001f97d880910 JavaThread "Daemon worker"                     [_thread_blocked, id=54868, stack(0x0000005a4c600000,0x0000005a4c700000) (1024K)]
  0x000001f97d95b3c0 JavaThread "Handler for socket connection from /127.0.0.1:62828 to /127.0.0.1:62844"        [_thread_in_native, id=54732, stack(0x0000005a4c300000,0x0000005a4c400000) (1024K)]
  0x000001f97d95ba50 JavaThread "Cancel handler"                    [_thread_blocked, id=31996, stack(0x0000005a4c500000,0x0000005a4c600000) (1024K)]
  0x000001f97d95c0e0 JavaThread "Asynchronous log dispatcher for DefaultDaemonConnection: socket connection from /127.0.0.1:62828 to /127.0.0.1:62844"        [_thread_blocked, id=39036, stack(0x0000005a4c700000,0x0000005a4c800000) (1024K)]
  0x000001f97d958c60 JavaThread "Stdin handler"                     [_thread_blocked, id=2828, stack(0x0000005a4c800000,0x0000005a4c900000) (1024K)]
  0x000001f97d9592f0 JavaThread "Daemon client event forwarder"        [_thread_blocked, id=43320, stack(0x0000005a4c900000,0x0000005a4ca00000) (1024K)]
  0x000001f97d95ad30 JavaThread "Cache worker for journal cache (C:\Users\User\.gradle\caches\journal-1)"        [_thread_blocked, id=26204, stack(0x0000005a4ca00000,0x0000005a4cb00000) (1024K)]
  0x000001f97d959980 JavaThread "File lock request listener"        [_thread_in_native, id=48824, stack(0x0000005a4cb00000,0x0000005a4cc00000) (1024K)]
  0x000001f97d95a010 JavaThread "Cache worker for file hash cache (C:\Users\User\.gradle\caches\9.7.1\fileHashes)"        [_thread_blocked, id=180, stack(0x0000005a4cc00000,0x0000005a4cd00000) (1024K)]
  0x000001f97d95a6a0 JavaThread "File lock release action executor"        [_thread_blocked, id=41316, stack(0x0000005a4cd00000,0x0000005a4ce00000) (1024K)]
  0x000001f919a14390 JavaThread "Cache worker for file hash cache (E:\AOOP\TryOnBD\backend\.gradle\9.7.1\fileHashes)"        [_thread_blocked, id=16120, stack(0x0000005a4d100000,0x0000005a4d200000) (1024K)]
  0x000001f919a13670 JavaThread "Cache worker for Build Output Cleanup Cache (E:\AOOP\TryOnBD\backend\.gradle\buildOutputCleanup)"        [_thread_blocked, id=48520, stack(0x0000005a4d200000,0x0000005a4d300000) (1024K)]
  0x000001f919a12fe0 JavaThread "File watcher server"        daemon [_thread_in_native, id=34792, stack(0x0000005a4d300000,0x0000005a4d400000) (1024K)]
  0x000001f919a13d00 JavaThread "File watcher consumer"      daemon [_thread_blocked, id=53956, stack(0x0000005a4d400000,0x0000005a4d500000) (1024K)]
  0x000001f919a122c0 JavaThread "Cache worker for file content cache (C:\Users\User\.gradle\caches\9.7.1\fileContent)"        [_thread_blocked, id=4352, stack(0x0000005a4d500000,0x0000005a4d600000) (1024K)]
  0x000001f919a17ea0 JavaThread "Cache worker for checksums cache (E:\AOOP\TryOnBD\backend\.gradle\9.7.1\checksums)"        [_thread_blocked, id=52536, stack(0x0000005a4d700000,0x0000005a4d800000) (1024K)]
  0x000001f919a16460 JavaThread "Cache worker for cache directory md-supplier (C:\Users\User\.gradle\caches\9.7.1\md-supplier)"        [_thread_blocked, id=51592, stack(0x0000005a4d600000,0x0000005a4d700000) (1024K)]
  0x000001f919a198e0 JavaThread "Cache worker for cache directory md-rule (C:\Users\User\.gradle\caches\9.7.1\md-rule)"        [_thread_blocked, id=50380, stack(0x0000005a4d900000,0x0000005a4da00000) (1024K)]
  0x000001f919a18530 JavaThread "jar transforms"                    [_thread_blocked, id=10544, stack(0x0000005a4d800000,0x0000005a4d900000) (1024K)]
  0x000001f919a16af0 JavaThread "jar transforms Thread 2"           [_thread_blocked, id=3640, stack(0x0000005a4da00000,0x0000005a4db00000) (1024K)]
  0x000001f919a19250 JavaThread "jar transforms Thread 3"           [_thread_blocked, id=48488, stack(0x0000005a4db00000,0x0000005a4dc00000) (1024K)]
  0x000001f91b0ce430 JavaThread "Build operations"                  [_thread_blocked, id=2392, stack(0x0000005a4dc00000,0x0000005a4dd00000) (1024K)]
  0x000001f91b0cf7e0 JavaThread "Build operations Thread 2"         [_thread_blocked, id=41832, stack(0x0000005a4dd00000,0x0000005a4de00000) (1024K)]
  0x000001f91b0ceac0 JavaThread "Build operations Thread 3"         [_thread_blocked, id=48060, stack(0x0000005a4de00000,0x0000005a4df00000) (1024K)]
  0x000001f91b0cf150 JavaThread "Build operations Thread 4"         [_thread_blocked, id=35932, stack(0x0000005a4df00000,0x0000005a4e000000) (1024K)]
  0x000001f91b0cfe70 JavaThread "Build operations Thread 5"         [_thread_blocked, id=43076, stack(0x0000005a4e000000,0x0000005a4e100000) (1024K)]
  0x000001f91b0d0500 JavaThread "Build operations Thread 6"         [_thread_blocked, id=50296, stack(0x0000005a4e100000,0x0000005a4e200000) (1024K)]
  0x000001f91b0cd080 JavaThread "Build operations Thread 7"         [_thread_blocked, id=24216, stack(0x0000005a4e200000,0x0000005a4e300000) (1024K)]
  0x000001f91b0d4010 JavaThread "Build operations Thread 8"         [_thread_blocked, id=45476, stack(0x0000005a4a700000,0x0000005a4a800000) (1024K)]
  0x000001f91b0d18b0 JavaThread "Memory manager"                    [_thread_blocked, id=9916, stack(0x0000005a4e300000,0x0000005a4e400000) (1024K)]
  0x000001f91a2a46a0 JavaThread "C2 CompilerThread1"         daemon [_thread_blocked, id=52704, stack(0x0000005a4a900000,0x0000005a4aa00000) (1024K)]
Total: 46

Other Threads:
  0x000001f97d742890 VMThread "VM Thread"                           [id=3936, stack(0x0000005a4b000000,0x0000005a4b100000) (1024K)]
  0x000001f97d731240 WatcherThread "VM Periodic Task Thread"        [id=37672, stack(0x0000005a4af00000,0x0000005a4b000000) (1024K)]
  0x000001f965f9ab20 WorkerThread "GC Thread#0"                     [id=33556, stack(0x0000005a4aa00000,0x0000005a4ab00000) (1024K)]
  0x000001f97e531780 WorkerThread "GC Thread#1"                     [id=38228, stack(0x0000005a4bb00000,0x0000005a4bc00000) (1024K)]
  0x000001f97e531b30 WorkerThread "GC Thread#2"                     [id=30980, stack(0x0000005a4bc00000,0x0000005a4bd00000) (1024K)]
  0x000001f97e304940 WorkerThread "GC Thread#3"                     [id=52296, stack(0x0000005a4bd00000,0x0000005a4be00000) (1024K)]
  0x000001f97e304cf0 WorkerThread "GC Thread#4"                     [id=27040, stack(0x0000005a4be00000,0x0000005a4bf00000) (1024K)]
  0x000001f97e3050a0 WorkerThread "GC Thread#5"                     [id=23508, stack(0x0000005a4bf00000,0x0000005a4c000000) (1024K)]
  0x000001f91a738e70 WorkerThread "GC Thread#6"                     [id=5384, stack(0x0000005a4ce00000,0x0000005a4cf00000) (1024K)]
  0x000001f91a738ac0 WorkerThread "GC Thread#7"                     [id=40036, stack(0x0000005a4cf00000,0x0000005a4d000000) (1024K)]
  0x000001f965fa0230 ConcurrentGCThread "G1 Main Marker"            [id=9084, stack(0x0000005a4ab00000,0x0000005a4ac00000) (1024K)]
  0x000001f965fa1ad0 WorkerThread "G1 Conc#0"                       [id=35952, stack(0x0000005a4ac00000,0x0000005a4ad00000) (1024K)]
  0x000001f91a737fb0 WorkerThread "G1 Conc#1"                       [id=44048, stack(0x0000005a4d000000,0x0000005a4d100000) (1024K)]
  0x000001f97d6035d0 ConcurrentGCThread "G1 Refine#0"               [id=30400, stack(0x0000005a4ad00000,0x0000005a4ae00000) (1024K)]
  0x000001f97d603e00 ConcurrentGCThread "G1 Service"                [id=30572, stack(0x0000005a4ae00000,0x0000005a4af00000) (1024K)]
Total: 15

Threads with active compile tasks:
C2 CompilerThread0  101579 6697 %     4       org.gradle.internal.instantiation.generator.AbstractClassGenerator::inspectType @ 107 (602 bytes)
Total: 1

VM state: not at safepoint (normal execution)

VM Mutex/Monitor currently owned by a thread: None

Heap address: 0x00000000e0000000, size: 512 MB, Compressed Oops mode: 32-bit

CDS archive(s) mapped at: [0x000001f900000000-0x000001f900ba0000-0x000001f900ba0000), size 12189696, SharedBaseAddress: 0x000001f900000000, ArchiveRelocationMode: 1.
Compressed class space mapped at: 0x000001f901000000-0x000001f915000000, reserved size: 335544320
Narrow klass base: 0x000001f900000000, Narrow klass shift: 0, Narrow klass range: 0x100000000

GC Precious Log:
 CardTable entry size: 512
 Card Set container configuration: InlinePtr #cards 5 size 8 Array Of Cards #cards 12 size 40 Howl #buckets 4 coarsen threshold 1843 Howl Bitmap #cards 512 size 80 coarsen threshold 460 Card regions per heap region 1 cards per card region 2048
 CPUs: 8 total, 8 available
 Memory: 7932M
 Large Page Support: Disabled
 NUMA Support: Disabled
 Compressed Oops: Enabled (32-bit)
 Heap Region Size: 1M
 Heap Min Capacity: 256M
 Heap Initial Capacity: 256M
 Heap Max Capacity: 512M
 Pre-touch: Disabled
 Parallel Workers: 8
 Concurrent Workers: 2
 Concurrent Refinement Workers: 8
 Periodic GC: Disabled

Heap:
 garbage-first heap   total 262144K, used 54101K [0x00000000e0000000, 0x0000000100000000)
  region size 1024K, 32 young (32768K), 16 survivors (16384K)
 Metaspace       used 52100K, committed 54144K, reserved 393216K
  class space    used 7775K, committed 8768K, reserved 327680K

Heap Regions: E=young(eden), S=young(survivor), O=old, HS=humongous(starts), HC=humongous(continues), CS=collection set, F=free, TAMS=top-at-mark-start, PB=parsable bottom
|   0|0x00000000e0000000, 0x00000000e0100000, 0x00000000e0100000|100%|HS|  |TAMS 0x00000000e0000000| PB 0x00000000e0000000| Complete 
|   1|0x00000000e0100000, 0x00000000e0200000, 0x00000000e0200000|100%|HC|  |TAMS 0x00000000e0100000| PB 0x00000000e0100000| Complete 
|   2|0x00000000e0200000, 0x00000000e0300000, 0x00000000e0300000|100%|HC|  |TAMS 0x00000000e0200000| PB 0x00000000e0200000| Complete 
|   3|0x00000000e0300000, 0x00000000e0400000, 0x00000000e0400000|100%|HC|  |TAMS 0x00000000e0300000| PB 0x00000000e0300000| Complete 
|   4|0x00000000e0400000, 0x00000000e0500000, 0x00000000e0500000|100%| O|  |TAMS 0x00000000e0400000| PB 0x00000000e0400000| Untracked 
|   5|0x00000000e0500000, 0x00000000e0600000, 0x00000000e0600000|100%| O|  |TAMS 0x00000000e0500000| PB 0x00000000e0500000| Untracked 
|   6|0x00000000e0600000, 0x00000000e0700000, 0x00000000e0700000|100%| O|  |TAMS 0x00000000e0600000| PB 0x00000000e0600000| Untracked 
|   7|0x00000000e0700000, 0x00000000e0800000, 0x00000000e0800000|100%| O|  |TAMS 0x00000000e0700000| PB 0x00000000e0700000| Untracked 
|   8|0x00000000e0800000, 0x00000000e0900000, 0x00000000e0900000|100%| O|  |TAMS 0x00000000e0800000| PB 0x00000000e0800000| Untracked 
|   9|0x00000000e0900000, 0x00000000e0900000, 0x00000000e0a00000|  0%| F|  |TAMS 0x00000000e0900000| PB 0x00000000e0900000| Untracked 
|  10|0x00000000e0a00000, 0x00000000e0b00000, 0x00000000e0b00000|100%| O|  |TAMS 0x00000000e0a00000| PB 0x00000000e0a00000| Untracked 
|  11|0x00000000e0b00000, 0x00000000e0c00000, 0x00000000e0c00000|100%|HS|  |TAMS 0x00000000e0b00000| PB 0x00000000e0b00000| Complete 
|  12|0x00000000e0c00000, 0x00000000e0d00000, 0x00000000e0d00000|100%| O|  |TAMS 0x00000000e0c00000| PB 0x00000000e0c00000| Untracked 
|  13|0x00000000e0d00000, 0x00000000e0e00000, 0x00000000e0e00000|100%| O|  |TAMS 0x00000000e0d00000| PB 0x00000000e0d00000| Untracked 
|  14|0x00000000e0e00000, 0x00000000e0f00000, 0x00000000e0f00000|100%| O|  |TAMS 0x00000000e0e00000| PB 0x00000000e0e00000| Untracked 
|  15|0x00000000e0f00000, 0x00000000e1000000, 0x00000000e1000000|100%| O|  |TAMS 0x00000000e0f00000| PB 0x00000000e0f00000| Untracked 
|  16|0x00000000e1000000, 0x00000000e1100000, 0x00000000e1100000|100%| O|  |TAMS 0x00000000e1000000| PB 0x00000000e1000000| Untracked 
|  17|0x00000000e1100000, 0x00000000e1200000, 0x00000000e1200000|100%| O|  |TAMS 0x00000000e1100000| PB 0x00000000e1100000| Untracked 
|  18|0x00000000e1200000, 0x00000000e1300000, 0x00000000e1300000|100%| O|  |TAMS 0x00000000e1200000| PB 0x00000000e1200000| Untracked 
|  19|0x00000000e1300000, 0x00000000e1400000, 0x00000000e1400000|100%| O|  |TAMS 0x00000000e1300000| PB 0x00000000e1300000| Untracked 
|  20|0x00000000e1400000, 0x00000000e1500000, 0x00000000e1500000|100%| O|  |TAMS 0x00000000e1400000| PB 0x00000000e1400000| Untracked 
|  21|0x00000000e1500000, 0x00000000e1600000, 0x00000000e1600000|100%| O|Cm|TAMS 0x00000000e1500000| PB 0x00000000e1500000| Complete 
|  22|0x00000000e1600000, 0x00000000e1700000, 0x00000000e1700000|100%| O|  |TAMS 0x00000000e1600000| PB 0x00000000e1600000| Untracked 
|  23|0x00000000e1700000, 0x00000000e177c6f0, 0x00000000e1800000| 48%| O|  |TAMS 0x00000000e1700000| PB 0x00000000e1700000| Untracked 
|  24|0x00000000e1800000, 0x00000000e1800000, 0x00000000e1900000|  0%| F|  |TAMS 0x00000000e1800000| PB 0x00000000e1800000| Untracked 
|  25|0x00000000e1900000, 0x00000000e1900000, 0x00000000e1a00000|  0%| F|  |TAMS 0x00000000e1900000| PB 0x00000000e1900000| Untracked 
|  26|0x00000000e1a00000, 0x00000000e1a00000, 0x00000000e1b00000|  0%| F|  |TAMS 0x00000000e1a00000| PB 0x00000000e1a00000| Untracked 
|  27|0x00000000e1b00000, 0x00000000e1b00000, 0x00000000e1c00000|  0%| F|  |TAMS 0x00000000e1b00000| PB 0x00000000e1b00000| Untracked 
|  28|0x00000000e1c00000, 0x00000000e1c00000, 0x00000000e1d00000|  0%| F|  |TAMS 0x00000000e1c00000| PB 0x00000000e1c00000| Untracked 
|  29|0x00000000e1d00000, 0x00000000e1d00000, 0x00000000e1e00000|  0%| F|  |TAMS 0x00000000e1d00000| PB 0x00000000e1d00000| Untracked 
|  30|0x00000000e1e00000, 0x00000000e1e00000, 0x00000000e1f00000|  0%| F|  |TAMS 0x00000000e1e00000| PB 0x00000000e1e00000| Untracked 
|  31|0x00000000e1f00000, 0x00000000e1f00000, 0x00000000e2000000|  0%| F|  |TAMS 0x00000000e1f00000| PB 0x00000000e1f00000| Untracked 
|  32|0x00000000e2000000, 0x00000000e2000000, 0x00000000e2100000|  0%| F|  |TAMS 0x00000000e2000000| PB 0x00000000e2000000| Untracked 
|  33|0x00000000e2100000, 0x00000000e2100000, 0x00000000e2200000|  0%| F|  |TAMS 0x00000000e2100000| PB 0x00000000e2100000| Untracked 
|  34|0x00000000e2200000, 0x00000000e2200000, 0x00000000e2300000|  0%| F|  |TAMS 0x00000000e2200000| PB 0x00000000e2200000| Untracked 
|  35|0x00000000e2300000, 0x00000000e2300000, 0x00000000e2400000|  0%| F|  |TAMS 0x00000000e2300000| PB 0x00000000e2300000| Untracked 
|  36|0x00000000e2400000, 0x00000000e2400000, 0x00000000e2500000|  0%| F|  |TAMS 0x00000000e2400000| PB 0x00000000e2400000| Untracked 
|  37|0x00000000e2500000, 0x00000000e2500000, 0x00000000e2600000|  0%| F|  |TAMS 0x00000000e2500000| PB 0x00000000e2500000| Untracked 
|  38|0x00000000e2600000, 0x00000000e2600000, 0x00000000e2700000|  0%| F|  |TAMS 0x00000000e2600000| PB 0x00000000e2600000| Untracked 
|  39|0x00000000e2700000, 0x00000000e2700000, 0x00000000e2800000|  0%| F|  |TAMS 0x00000000e2700000| PB 0x00000000e2700000| Untracked 
|  40|0x00000000e2800000, 0x00000000e2800000, 0x00000000e2900000|  0%| F|  |TAMS 0x00000000e2800000| PB 0x00000000e2800000| Untracked 
|  41|0x00000000e2900000, 0x00000000e2900000, 0x00000000e2a00000|  0%| F|  |TAMS 0x00000000e2900000| PB 0x00000000e2900000| Untracked 
|  42|0x00000000e2a00000, 0x00000000e2a00000, 0x00000000e2b00000|  0%| F|  |TAMS 0x00000000e2a00000| PB 0x00000000e2a00000| Untracked 
|  43|0x00000000e2b00000, 0x00000000e2b00000, 0x00000000e2c00000|  0%| F|  |TAMS 0x00000000e2b00000| PB 0x00000000e2b00000| Untracked 
|  44|0x00000000e2c00000, 0x00000000e2c00000, 0x00000000e2d00000|  0%| F|  |TAMS 0x00000000e2c00000| PB 0x00000000e2c00000| Untracked 
|  45|0x00000000e2d00000, 0x00000000e2d00000, 0x00000000e2e00000|  0%| F|  |TAMS 0x00000000e2d00000| PB 0x00000000e2d00000| Untracked 
|  46|0x00000000e2e00000, 0x00000000e2e00000, 0x00000000e2f00000|  0%| F|  |TAMS 0x00000000e2e00000| PB 0x00000000e2e00000| Untracked 
|  47|0x00000000e2f00000, 0x00000000e2f00000, 0x00000000e3000000|  0%| F|  |TAMS 0x00000000e2f00000| PB 0x00000000e2f00000| Untracked 
|  48|0x00000000e3000000, 0x00000000e3000000, 0x00000000e3100000|  0%| F|  |TAMS 0x00000000e3000000| PB 0x00000000e3000000| Untracked 
|  49|0x00000000e3100000, 0x00000000e3100000, 0x00000000e3200000|  0%| F|  |TAMS 0x00000000e3100000| PB 0x00000000e3100000| Untracked 
|  50|0x00000000e3200000, 0x00000000e3200000, 0x00000000e3300000|  0%| F|  |TAMS 0x00000000e3200000| PB 0x00000000e3200000| Untracked 
|  51|0x00000000e3300000, 0x00000000e3300000, 0x00000000e3400000|  0%| F|  |TAMS 0x00000000e3300000| PB 0x00000000e3300000| Untracked 
|  52|0x00000000e3400000, 0x00000000e3400000, 0x00000000e3500000|  0%| F|  |TAMS 0x00000000e3400000| PB 0x00000000e3400000| Untracked 
|  53|0x00000000e3500000, 0x00000000e3500000, 0x00000000e3600000|  0%| F|  |TAMS 0x00000000e3500000| PB 0x00000000e3500000| Untracked 
|  54|0x00000000e3600000, 0x00000000e3600000, 0x00000000e3700000|  0%| F|  |TAMS 0x00000000e3600000| PB 0x00000000e3600000| Untracked 
|  55|0x00000000e3700000, 0x00000000e3700000, 0x00000000e3800000|  0%| F|  |TAMS 0x00000000e3700000| PB 0x00000000e3700000| Untracked 
|  56|0x00000000e3800000, 0x00000000e3800000, 0x00000000e3900000|  0%| F|  |TAMS 0x00000000e3800000| PB 0x00000000e3800000| Untracked 
|  57|0x00000000e3900000, 0x00000000e3900000, 0x00000000e3a00000|  0%| F|  |TAMS 0x00000000e3900000| PB 0x00000000e3900000| Untracked 
|  58|0x00000000e3a00000, 0x00000000e3a00000, 0x00000000e3b00000|  0%| F|  |TAMS 0x00000000e3a00000| PB 0x00000000e3a00000| Untracked 
|  59|0x00000000e3b00000, 0x00000000e3b00000, 0x00000000e3c00000|  0%| F|  |TAMS 0x00000000e3b00000| PB 0x00000000e3b00000| Untracked 
|  60|0x00000000e3c00000, 0x00000000e3c00000, 0x00000000e3d00000|  0%| F|  |TAMS 0x00000000e3c00000| PB 0x00000000e3c00000| Untracked 
|  61|0x00000000e3d00000, 0x00000000e3d00000, 0x00000000e3e00000|  0%| F|  |TAMS 0x00000000e3d00000| PB 0x00000000e3d00000| Untracked 
|  62|0x00000000e3e00000, 0x00000000e3e00000, 0x00000000e3f00000|  0%| F|  |TAMS 0x00000000e3e00000| PB 0x00000000e3e00000| Untracked 
|  63|0x00000000e3f00000, 0x00000000e3f00000, 0x00000000e4000000|  0%| F|  |TAMS 0x00000000e3f00000| PB 0x00000000e3f00000| Untracked 
|  64|0x00000000e4000000, 0x00000000e4000000, 0x00000000e4100000|  0%| F|  |TAMS 0x00000000e4000000| PB 0x00000000e4000000| Untracked 
|  65|0x00000000e4100000, 0x00000000e4100000, 0x00000000e4200000|  0%| F|  |TAMS 0x00000000e4100000| PB 0x00000000e4100000| Untracked 
|  66|0x00000000e4200000, 0x00000000e4200000, 0x00000000e4300000|  0%| F|  |TAMS 0x00000000e4200000| PB 0x00000000e4200000| Untracked 
|  67|0x00000000e4300000, 0x00000000e4300000, 0x00000000e4400000|  0%| F|  |TAMS 0x00000000e4300000| PB 0x00000000e4300000| Untracked 
|  68|0x00000000e4400000, 0x00000000e4400000, 0x00000000e4500000|  0%| F|  |TAMS 0x00000000e4400000| PB 0x00000000e4400000| Untracked 
|  69|0x00000000e4500000, 0x00000000e4500000, 0x00000000e4600000|  0%| F|  |TAMS 0x00000000e4500000| PB 0x00000000e4500000| Untracked 
|  70|0x00000000e4600000, 0x00000000e4600000, 0x00000000e4700000|  0%| F|  |TAMS 0x00000000e4600000| PB 0x00000000e4600000| Untracked 
|  71|0x00000000e4700000, 0x00000000e4700000, 0x00000000e4800000|  0%| F|  |TAMS 0x00000000e4700000| PB 0x00000000e4700000| Untracked 
|  72|0x00000000e4800000, 0x00000000e4800000, 0x00000000e4900000|  0%| F|  |TAMS 0x00000000e4800000| PB 0x00000000e4800000| Untracked 
|  73|0x00000000e4900000, 0x00000000e4900000, 0x00000000e4a00000|  0%| F|  |TAMS 0x00000000e4900000| PB 0x00000000e4900000| Untracked 
|  74|0x00000000e4a00000, 0x00000000e4a00000, 0x00000000e4b00000|  0%| F|  |TAMS 0x00000000e4a00000| PB 0x00000000e4a00000| Untracked 
|  75|0x00000000e4b00000, 0x00000000e4b00000, 0x00000000e4c00000|  0%| F|  |TAMS 0x00000000e4b00000| PB 0x00000000e4b00000| Untracked 
|  76|0x00000000e4c00000, 0x00000000e4c00000, 0x00000000e4d00000|  0%| F|  |TAMS 0x00000000e4c00000| PB 0x00000000e4c00000| Untracked 
|  77|0x00000000e4d00000, 0x00000000e4d00000, 0x00000000e4e00000|  0%| F|  |TAMS 0x00000000e4d00000| PB 0x00000000e4d00000| Untracked 
|  78|0x00000000e4e00000, 0x00000000e4e00000, 0x00000000e4f00000|  0%| F|  |TAMS 0x00000000e4e00000| PB 0x00000000e4e00000| Untracked 
|  79|0x00000000e4f00000, 0x00000000e4f00000, 0x00000000e5000000|  0%| F|  |TAMS 0x00000000e4f00000| PB 0x00000000e4f00000| Untracked 
|  80|0x00000000e5000000, 0x00000000e5000000, 0x00000000e5100000|  0%| F|  |TAMS 0x00000000e5000000| PB 0x00000000e5000000| Untracked 
|  81|0x00000000e5100000, 0x00000000e5100000, 0x00000000e5200000|  0%| F|  |TAMS 0x00000000e5100000| PB 0x00000000e5100000| Untracked 
|  82|0x00000000e5200000, 0x00000000e5200000, 0x00000000e5300000|  0%| F|  |TAMS 0x00000000e5200000| PB 0x00000000e5200000| Untracked 
|  83|0x00000000e5300000, 0x00000000e5300000, 0x00000000e5400000|  0%| F|  |TAMS 0x00000000e5300000| PB 0x00000000e5300000| Untracked 
|  84|0x00000000e5400000, 0x00000000e5400000, 0x00000000e5500000|  0%| F|  |TAMS 0x00000000e5400000| PB 0x00000000e5400000| Untracked 
|  85|0x00000000e5500000, 0x00000000e5500000, 0x00000000e5600000|  0%| F|  |TAMS 0x00000000e5500000| PB 0x00000000e5500000| Untracked 
|  86|0x00000000e5600000, 0x00000000e5600000, 0x00000000e5700000|  0%| F|  |TAMS 0x00000000e5600000| PB 0x00000000e5600000| Untracked 
|  87|0x00000000e5700000, 0x00000000e5758fc0, 0x00000000e5800000| 34%| S|CS|TAMS 0x00000000e5700000| PB 0x00000000e5700000| Complete 
|  88|0x00000000e5800000, 0x00000000e5900000, 0x00000000e5900000|100%| S|CS|TAMS 0x00000000e5800000| PB 0x00000000e5800000| Complete 
|  89|0x00000000e5900000, 0x00000000e5a00000, 0x00000000e5a00000|100%| S|CS|TAMS 0x00000000e5900000| PB 0x00000000e5900000| Complete 
|  90|0x00000000e5a00000, 0x00000000e5b00000, 0x00000000e5b00000|100%| S|CS|TAMS 0x00000000e5a00000| PB 0x00000000e5a00000| Complete 
|  91|0x00000000e5b00000, 0x00000000e5c00000, 0x00000000e5c00000|100%| S|CS|TAMS 0x00000000e5b00000| PB 0x00000000e5b00000| Complete 
|  92|0x00000000e5c00000, 0x00000000e5d00000, 0x00000000e5d00000|100%| S|CS|TAMS 0x00000000e5c00000| PB 0x00000000e5c00000| Complete 
|  93|0x00000000e5d00000, 0x00000000e5e00000, 0x00000000e5e00000|100%| S|CS|TAMS 0x00000000e5d00000| PB 0x00000000e5d00000| Complete 
|  94|0x00000000e5e00000, 0x00000000e5f00000, 0x00000000e5f00000|100%| S|CS|TAMS 0x00000000e5e00000| PB 0x00000000e5e00000| Complete 
|  95|0x00000000e5f00000, 0x00000000e6000000, 0x00000000e6000000|100%| S|CS|TAMS 0x00000000e5f00000| PB 0x00000000e5f00000| Complete 
|  96|0x00000000e6000000, 0x00000000e6100000, 0x00000000e6100000|100%| S|CS|TAMS 0x00000000e6000000| PB 0x00000000e6000000| Complete 
|  97|0x00000000e6100000, 0x00000000e6200000, 0x00000000e6200000|100%| S|CS|TAMS 0x00000000e6100000| PB 0x00000000e6100000| Complete 
|  98|0x00000000e6200000, 0x00000000e6300000, 0x00000000e6300000|100%| S|CS|TAMS 0x00000000e6200000| PB 0x00000000e6200000| Complete 
|  99|0x00000000e6300000, 0x00000000e6400000, 0x00000000e6400000|100%| S|CS|TAMS 0x00000000e6300000| PB 0x00000000e6300000| Complete 
| 100|0x00000000e6400000, 0x00000000e6500000, 0x00000000e6500000|100%| S|CS|TAMS 0x00000000e6400000| PB 0x00000000e6400000| Complete 
| 101|0x00000000e6500000, 0x00000000e6600000, 0x00000000e6600000|100%| S|CS|TAMS 0x00000000e6500000| PB 0x00000000e6500000| Complete 
| 102|0x00000000e6600000, 0x00000000e6700000, 0x00000000e6700000|100%| S|CS|TAMS 0x00000000e6600000| PB 0x00000000e6600000| Complete 
| 103|0x00000000e6700000, 0x00000000e6700000, 0x00000000e6800000|  0%| F|  |TAMS 0x00000000e6700000| PB 0x00000000e6700000| Untracked 
| 104|0x00000000e6800000, 0x00000000e6800000, 0x00000000e6900000|  0%| F|  |TAMS 0x00000000e6800000| PB 0x00000000e6800000| Untracked 
| 105|0x00000000e6900000, 0x00000000e6900000, 0x00000000e6a00000|  0%| F|  |TAMS 0x00000000e6900000| PB 0x00000000e6900000| Untracked 
| 106|0x00000000e6a00000, 0x00000000e6a00000, 0x00000000e6b00000|  0%| F|  |TAMS 0x00000000e6a00000| PB 0x00000000e6a00000| Untracked 
| 107|0x00000000e6b00000, 0x00000000e6b00000, 0x00000000e6c00000|  0%| F|  |TAMS 0x00000000e6b00000| PB 0x00000000e6b00000| Untracked 
| 108|0x00000000e6c00000, 0x00000000e6c00000, 0x00000000e6d00000|  0%| F|  |TAMS 0x00000000e6c00000| PB 0x00000000e6c00000| Untracked 
| 109|0x00000000e6d00000, 0x00000000e6d00000, 0x00000000e6e00000|  0%| F|  |TAMS 0x00000000e6d00000| PB 0x00000000e6d00000| Untracked 
| 110|0x00000000e6e00000, 0x00000000e6e00000, 0x00000000e6f00000|  0%| F|  |TAMS 0x00000000e6e00000| PB 0x00000000e6e00000| Untracked 
| 111|0x00000000e6f00000, 0x00000000e6f00000, 0x00000000e7000000|  0%| F|  |TAMS 0x00000000e6f00000| PB 0x00000000e6f00000| Untracked 
| 112|0x00000000e7000000, 0x00000000e7000000, 0x00000000e7100000|  0%| F|  |TAMS 0x00000000e7000000| PB 0x00000000e7000000| Untracked 
| 113|0x00000000e7100000, 0x00000000e7100000, 0x00000000e7200000|  0%| F|  |TAMS 0x00000000e7100000| PB 0x00000000e7100000| Untracked 
| 114|0x00000000e7200000, 0x00000000e7200000, 0x00000000e7300000|  0%| F|  |TAMS 0x00000000e7200000| PB 0x00000000e7200000| Untracked 
| 115|0x00000000e7300000, 0x00000000e7300000, 0x00000000e7400000|  0%| F|  |TAMS 0x00000000e7300000| PB 0x00000000e7300000| Untracked 
| 116|0x00000000e7400000, 0x00000000e7400000, 0x00000000e7500000|  0%| F|  |TAMS 0x00000000e7400000| PB 0x00000000e7400000| Untracked 
| 117|0x00000000e7500000, 0x00000000e7500000, 0x00000000e7600000|  0%| F|  |TAMS 0x00000000e7500000| PB 0x00000000e7500000| Untracked 
| 118|0x00000000e7600000, 0x00000000e7600000, 0x00000000e7700000|  0%| F|  |TAMS 0x00000000e7600000| PB 0x00000000e7600000| Untracked 
| 119|0x00000000e7700000, 0x00000000e7700000, 0x00000000e7800000|  0%| F|  |TAMS 0x00000000e7700000| PB 0x00000000e7700000| Untracked 
| 120|0x00000000e7800000, 0x00000000e7800000, 0x00000000e7900000|  0%| F|  |TAMS 0x00000000e7800000| PB 0x00000000e7800000| Untracked 
| 121|0x00000000e7900000, 0x00000000e7900000, 0x00000000e7a00000|  0%| F|  |TAMS 0x00000000e7900000| PB 0x00000000e7900000| Untracked 
| 122|0x00000000e7a00000, 0x00000000e7a00000, 0x00000000e7b00000|  0%| F|  |TAMS 0x00000000e7a00000| PB 0x00000000e7a00000| Untracked 
| 123|0x00000000e7b00000, 0x00000000e7b00000, 0x00000000e7c00000|  0%| F|  |TAMS 0x00000000e7b00000| PB 0x00000000e7b00000| Untracked 
| 124|0x00000000e7c00000, 0x00000000e7c00000, 0x00000000e7d00000|  0%| F|  |TAMS 0x00000000e7c00000| PB 0x00000000e7c00000| Untracked 
| 125|0x00000000e7d00000, 0x00000000e7d00000, 0x00000000e7e00000|  0%| F|  |TAMS 0x00000000e7d00000| PB 0x00000000e7d00000| Untracked 
| 126|0x00000000e7e00000, 0x00000000e7e00000, 0x00000000e7f00000|  0%| F|  |TAMS 0x00000000e7e00000| PB 0x00000000e7e00000| Untracked 
| 127|0x00000000e7f00000, 0x00000000e7f00000, 0x00000000e8000000|  0%| F|  |TAMS 0x00000000e7f00000| PB 0x00000000e7f00000| Untracked 
| 128|0x00000000e8000000, 0x00000000e8000000, 0x00000000e8100000|  0%| F|  |TAMS 0x00000000e8000000| PB 0x00000000e8000000| Untracked 
| 129|0x00000000e8100000, 0x00000000e8100000, 0x00000000e8200000|  0%| F|  |TAMS 0x00000000e8100000| PB 0x00000000e8100000| Untracked 
| 130|0x00000000e8200000, 0x00000000e8200000, 0x00000000e8300000|  0%| F|  |TAMS 0x00000000e8200000| PB 0x00000000e8200000| Untracked 
| 131|0x00000000e8300000, 0x00000000e8300000, 0x00000000e8400000|  0%| F|  |TAMS 0x00000000e8300000| PB 0x00000000e8300000| Untracked 
| 132|0x00000000e8400000, 0x00000000e8400000, 0x00000000e8500000|  0%| F|  |TAMS 0x00000000e8400000| PB 0x00000000e8400000| Untracked 
| 133|0x00000000e8500000, 0x00000000e8500000, 0x00000000e8600000|  0%| F|  |TAMS 0x00000000e8500000| PB 0x00000000e8500000| Untracked 
| 134|0x00000000e8600000, 0x00000000e8600000, 0x00000000e8700000|  0%| F|  |TAMS 0x00000000e8600000| PB 0x00000000e8600000| Untracked 
| 135|0x00000000e8700000, 0x00000000e8700000, 0x00000000e8800000|  0%| F|  |TAMS 0x00000000e8700000| PB 0x00000000e8700000| Untracked 
| 136|0x00000000e8800000, 0x00000000e8800000, 0x00000000e8900000|  0%| F|  |TAMS 0x00000000e8800000| PB 0x00000000e8800000| Untracked 
| 137|0x00000000e8900000, 0x00000000e8900000, 0x00000000e8a00000|  0%| F|  |TAMS 0x00000000e8900000| PB 0x00000000e8900000| Untracked 
| 138|0x00000000e8a00000, 0x00000000e8a00000, 0x00000000e8b00000|  0%| F|  |TAMS 0x00000000e8a00000| PB 0x00000000e8a00000| Untracked 
| 139|0x00000000e8b00000, 0x00000000e8b00000, 0x00000000e8c00000|  0%| F|  |TAMS 0x00000000e8b00000| PB 0x00000000e8b00000| Untracked 
| 140|0x00000000e8c00000, 0x00000000e8c00000, 0x00000000e8d00000|  0%| F|  |TAMS 0x00000000e8c00000| PB 0x00000000e8c00000| Untracked 
| 141|0x00000000e8d00000, 0x00000000e8d00000, 0x00000000e8e00000|  0%| F|  |TAMS 0x00000000e8d00000| PB 0x00000000e8d00000| Untracked 
| 142|0x00000000e8e00000, 0x00000000e8e00000, 0x00000000e8f00000|  0%| F|  |TAMS 0x00000000e8e00000| PB 0x00000000e8e00000| Untracked 
| 143|0x00000000e8f00000, 0x00000000e8f00000, 0x00000000e9000000|  0%| F|  |TAMS 0x00000000e8f00000| PB 0x00000000e8f00000| Untracked 
| 144|0x00000000e9000000, 0x00000000e9000000, 0x00000000e9100000|  0%| F|  |TAMS 0x00000000e9000000| PB 0x00000000e9000000| Untracked 
| 145|0x00000000e9100000, 0x00000000e9100000, 0x00000000e9200000|  0%| F|  |TAMS 0x00000000e9100000| PB 0x00000000e9100000| Untracked 
| 146|0x00000000e9200000, 0x00000000e9200000, 0x00000000e9300000|  0%| F|  |TAMS 0x00000000e9200000| PB 0x00000000e9200000| Untracked 
| 147|0x00000000e9300000, 0x00000000e9300000, 0x00000000e9400000|  0%| F|  |TAMS 0x00000000e9300000| PB 0x00000000e9300000| Untracked 
| 148|0x00000000e9400000, 0x00000000e9400000, 0x00000000e9500000|  0%| F|  |TAMS 0x00000000e9400000| PB 0x00000000e9400000| Untracked 
| 149|0x00000000e9500000, 0x00000000e9500000, 0x00000000e9600000|  0%| F|  |TAMS 0x00000000e9500000| PB 0x00000000e9500000| Untracked 
| 150|0x00000000e9600000, 0x00000000e9600000, 0x00000000e9700000|  0%| F|  |TAMS 0x00000000e9600000| PB 0x00000000e9600000| Untracked 
| 151|0x00000000e9700000, 0x00000000e9700000, 0x00000000e9800000|  0%| F|  |TAMS 0x00000000e9700000| PB 0x00000000e9700000| Untracked 
| 152|0x00000000e9800000, 0x00000000e9800000, 0x00000000e9900000|  0%| F|  |TAMS 0x00000000e9800000| PB 0x00000000e9800000| Untracked 
| 153|0x00000000e9900000, 0x00000000e9900000, 0x00000000e9a00000|  0%| F|  |TAMS 0x00000000e9900000| PB 0x00000000e9900000| Untracked 
| 154|0x00000000e9a00000, 0x00000000e9a00000, 0x00000000e9b00000|  0%| F|  |TAMS 0x00000000e9a00000| PB 0x00000000e9a00000| Untracked 
| 155|0x00000000e9b00000, 0x00000000e9b00000, 0x00000000e9c00000|  0%| F|  |TAMS 0x00000000e9b00000| PB 0x00000000e9b00000| Untracked 
| 156|0x00000000e9c00000, 0x00000000e9c00000, 0x00000000e9d00000|  0%| F|  |TAMS 0x00000000e9c00000| PB 0x00000000e9c00000| Untracked 
| 157|0x00000000e9d00000, 0x00000000e9d00000, 0x00000000e9e00000|  0%| F|  |TAMS 0x00000000e9d00000| PB 0x00000000e9d00000| Untracked 
| 158|0x00000000e9e00000, 0x00000000e9e00000, 0x00000000e9f00000|  0%| F|  |TAMS 0x00000000e9e00000| PB 0x00000000e9e00000| Untracked 
| 159|0x00000000e9f00000, 0x00000000e9f00000, 0x00000000ea000000|  0%| F|  |TAMS 0x00000000e9f00000| PB 0x00000000e9f00000| Untracked 
| 160|0x00000000ea000000, 0x00000000ea000000, 0x00000000ea100000|  0%| F|  |TAMS 0x00000000ea000000| PB 0x00000000ea000000| Untracked 
| 161|0x00000000ea100000, 0x00000000ea100000, 0x00000000ea200000|  0%| F|  |TAMS 0x00000000ea100000| PB 0x00000000ea100000| Untracked 
| 162|0x00000000ea200000, 0x00000000ea200000, 0x00000000ea300000|  0%| F|  |TAMS 0x00000000ea200000| PB 0x00000000ea200000| Untracked 
| 163|0x00000000ea300000, 0x00000000ea300000, 0x00000000ea400000|  0%| F|  |TAMS 0x00000000ea300000| PB 0x00000000ea300000| Untracked 
| 164|0x00000000ea400000, 0x00000000ea400000, 0x00000000ea500000|  0%| F|  |TAMS 0x00000000ea400000| PB 0x00000000ea400000| Untracked 
| 165|0x00000000ea500000, 0x00000000ea500000, 0x00000000ea600000|  0%| F|  |TAMS 0x00000000ea500000| PB 0x00000000ea500000| Untracked 
| 166|0x00000000ea600000, 0x00000000ea600000, 0x00000000ea700000|  0%| F|  |TAMS 0x00000000ea600000| PB 0x00000000ea600000| Untracked 
| 167|0x00000000ea700000, 0x00000000ea700000, 0x00000000ea800000|  0%| F|  |TAMS 0x00000000ea700000| PB 0x00000000ea700000| Untracked 
| 168|0x00000000ea800000, 0x00000000ea800000, 0x00000000ea900000|  0%| F|  |TAMS 0x00000000ea800000| PB 0x00000000ea800000| Untracked 
| 169|0x00000000ea900000, 0x00000000ea900000, 0x00000000eaa00000|  0%| F|  |TAMS 0x00000000ea900000| PB 0x00000000ea900000| Untracked 
| 170|0x00000000eaa00000, 0x00000000eaa00000, 0x00000000eab00000|  0%| F|  |TAMS 0x00000000eaa00000| PB 0x00000000eaa00000| Untracked 
| 171|0x00000000eab00000, 0x00000000eab00000, 0x00000000eac00000|  0%| F|  |TAMS 0x00000000eab00000| PB 0x00000000eab00000| Untracked 
| 172|0x00000000eac00000, 0x00000000eac00000, 0x00000000ead00000|  0%| F|  |TAMS 0x00000000eac00000| PB 0x00000000eac00000| Untracked 
| 173|0x00000000ead00000, 0x00000000ead00000, 0x00000000eae00000|  0%| F|  |TAMS 0x00000000ead00000| PB 0x00000000ead00000| Untracked 
| 174|0x00000000eae00000, 0x00000000eae00000, 0x00000000eaf00000|  0%| F|  |TAMS 0x00000000eae00000| PB 0x00000000eae00000| Untracked 
| 175|0x00000000eaf00000, 0x00000000eaf00000, 0x00000000eb000000|  0%| F|  |TAMS 0x00000000eaf00000| PB 0x00000000eaf00000| Untracked 
| 176|0x00000000eb000000, 0x00000000eb000000, 0x00000000eb100000|  0%| F|  |TAMS 0x00000000eb000000| PB 0x00000000eb000000| Untracked 
| 177|0x00000000eb100000, 0x00000000eb100000, 0x00000000eb200000|  0%| F|  |TAMS 0x00000000eb100000| PB 0x00000000eb100000| Untracked 
| 178|0x00000000eb200000, 0x00000000eb200000, 0x00000000eb300000|  0%| F|  |TAMS 0x00000000eb200000| PB 0x00000000eb200000| Untracked 
| 179|0x00000000eb300000, 0x00000000eb300000, 0x00000000eb400000|  0%| F|  |TAMS 0x00000000eb300000| PB 0x00000000eb300000| Untracked 
| 180|0x00000000eb400000, 0x00000000eb400000, 0x00000000eb500000|  0%| F|  |TAMS 0x00000000eb400000| PB 0x00000000eb400000| Untracked 
| 181|0x00000000eb500000, 0x00000000eb500000, 0x00000000eb600000|  0%| F|  |TAMS 0x00000000eb500000| PB 0x00000000eb500000| Untracked 
| 182|0x00000000eb600000, 0x00000000eb600000, 0x00000000eb700000|  0%| F|  |TAMS 0x00000000eb600000| PB 0x00000000eb600000| Untracked 
| 183|0x00000000eb700000, 0x00000000eb700000, 0x00000000eb800000|  0%| F|  |TAMS 0x00000000eb700000| PB 0x00000000eb700000| Untracked 
| 184|0x00000000eb800000, 0x00000000eb800000, 0x00000000eb900000|  0%| F|  |TAMS 0x00000000eb800000| PB 0x00000000eb800000| Untracked 
| 185|0x00000000eb900000, 0x00000000eb900000, 0x00000000eba00000|  0%| F|  |TAMS 0x00000000eb900000| PB 0x00000000eb900000| Untracked 
| 186|0x00000000eba00000, 0x00000000eba00000, 0x00000000ebb00000|  0%| F|  |TAMS 0x00000000eba00000| PB 0x00000000eba00000| Untracked 
| 187|0x00000000ebb00000, 0x00000000ebb00000, 0x00000000ebc00000|  0%| F|  |TAMS 0x00000000ebb00000| PB 0x00000000ebb00000| Untracked 
| 188|0x00000000ebc00000, 0x00000000ebc00000, 0x00000000ebd00000|  0%| F|  |TAMS 0x00000000ebc00000| PB 0x00000000ebc00000| Untracked 
| 189|0x00000000ebd00000, 0x00000000ebd00000, 0x00000000ebe00000|  0%| F|  |TAMS 0x00000000ebd00000| PB 0x00000000ebd00000| Untracked 
| 190|0x00000000ebe00000, 0x00000000ebe00000, 0x00000000ebf00000|  0%| F|  |TAMS 0x00000000ebe00000| PB 0x00000000ebe00000| Untracked 
| 191|0x00000000ebf00000, 0x00000000ebf00000, 0x00000000ec000000|  0%| F|  |TAMS 0x00000000ebf00000| PB 0x00000000ebf00000| Untracked 
| 192|0x00000000ec000000, 0x00000000ec000000, 0x00000000ec100000|  0%| F|  |TAMS 0x00000000ec000000| PB 0x00000000ec000000| Untracked 
| 193|0x00000000ec100000, 0x00000000ec100000, 0x00000000ec200000|  0%| F|  |TAMS 0x00000000ec100000| PB 0x00000000ec100000| Untracked 
| 194|0x00000000ec200000, 0x00000000ec200000, 0x00000000ec300000|  0%| F|  |TAMS 0x00000000ec200000| PB 0x00000000ec200000| Untracked 
| 195|0x00000000ec300000, 0x00000000ec300000, 0x00000000ec400000|  0%| F|  |TAMS 0x00000000ec300000| PB 0x00000000ec300000| Untracked 
| 196|0x00000000ec400000, 0x00000000ec400000, 0x00000000ec500000|  0%| F|  |TAMS 0x00000000ec400000| PB 0x00000000ec400000| Untracked 
| 197|0x00000000ec500000, 0x00000000ec500000, 0x00000000ec600000|  0%| F|  |TAMS 0x00000000ec500000| PB 0x00000000ec500000| Untracked 
| 198|0x00000000ec600000, 0x00000000ec600000, 0x00000000ec700000|  0%| F|  |TAMS 0x00000000ec600000| PB 0x00000000ec600000| Untracked 
| 199|0x00000000ec700000, 0x00000000ec700000, 0x00000000ec800000|  0%| F|  |TAMS 0x00000000ec700000| PB 0x00000000ec700000| Untracked 
| 200|0x00000000ec800000, 0x00000000ec800000, 0x00000000ec900000|  0%| F|  |TAMS 0x00000000ec800000| PB 0x00000000ec800000| Untracked 
| 201|0x00000000ec900000, 0x00000000ec900000, 0x00000000eca00000|  0%| F|  |TAMS 0x00000000ec900000| PB 0x00000000ec900000| Untracked 
| 202|0x00000000eca00000, 0x00000000eca00000, 0x00000000ecb00000|  0%| F|  |TAMS 0x00000000eca00000| PB 0x00000000eca00000| Untracked 
| 203|0x00000000ecb00000, 0x00000000ecb00000, 0x00000000ecc00000|  0%| F|  |TAMS 0x00000000ecb00000| PB 0x00000000ecb00000| Untracked 
| 204|0x00000000ecc00000, 0x00000000ecc00000, 0x00000000ecd00000|  0%| F|  |TAMS 0x00000000ecc00000| PB 0x00000000ecc00000| Untracked 
| 205|0x00000000ecd00000, 0x00000000ecd00000, 0x00000000ece00000|  0%| F|  |TAMS 0x00000000ecd00000| PB 0x00000000ecd00000| Untracked 
| 206|0x00000000ece00000, 0x00000000ece00000, 0x00000000ecf00000|  0%| F|  |TAMS 0x00000000ece00000| PB 0x00000000ece00000| Untracked 
| 207|0x00000000ecf00000, 0x00000000ecf00000, 0x00000000ed000000|  0%| F|  |TAMS 0x00000000ecf00000| PB 0x00000000ecf00000| Untracked 
| 208|0x00000000ed000000, 0x00000000ed000000, 0x00000000ed100000|  0%| F|  |TAMS 0x00000000ed000000| PB 0x00000000ed000000| Untracked 
| 209|0x00000000ed100000, 0x00000000ed100000, 0x00000000ed200000|  0%| F|  |TAMS 0x00000000ed100000| PB 0x00000000ed100000| Untracked 
| 210|0x00000000ed200000, 0x00000000ed200000, 0x00000000ed300000|  0%| F|  |TAMS 0x00000000ed200000| PB 0x00000000ed200000| Untracked 
| 211|0x00000000ed300000, 0x00000000ed300000, 0x00000000ed400000|  0%| F|  |TAMS 0x00000000ed300000| PB 0x00000000ed300000| Untracked 
| 212|0x00000000ed400000, 0x00000000ed400000, 0x00000000ed500000|  0%| F|  |TAMS 0x00000000ed400000| PB 0x00000000ed400000| Untracked 
| 213|0x00000000ed500000, 0x00000000ed500000, 0x00000000ed600000|  0%| F|  |TAMS 0x00000000ed500000| PB 0x00000000ed500000| Untracked 
| 214|0x00000000ed600000, 0x00000000ed600000, 0x00000000ed700000|  0%| F|  |TAMS 0x00000000ed600000| PB 0x00000000ed600000| Untracked 
| 215|0x00000000ed700000, 0x00000000ed700000, 0x00000000ed800000|  0%| F|  |TAMS 0x00000000ed700000| PB 0x00000000ed700000| Untracked 
| 216|0x00000000ed800000, 0x00000000ed800000, 0x00000000ed900000|  0%| F|  |TAMS 0x00000000ed800000| PB 0x00000000ed800000| Untracked 
| 217|0x00000000ed900000, 0x00000000ed900000, 0x00000000eda00000|  0%| F|  |TAMS 0x00000000ed900000| PB 0x00000000ed900000| Untracked 
| 218|0x00000000eda00000, 0x00000000eda00000, 0x00000000edb00000|  0%| F|  |TAMS 0x00000000eda00000| PB 0x00000000eda00000| Untracked 
| 219|0x00000000edb00000, 0x00000000edb00000, 0x00000000edc00000|  0%| F|  |TAMS 0x00000000edb00000| PB 0x00000000edb00000| Untracked 
| 220|0x00000000edc00000, 0x00000000edc00000, 0x00000000edd00000|  0%| F|  |TAMS 0x00000000edc00000| PB 0x00000000edc00000| Untracked 
| 221|0x00000000edd00000, 0x00000000edd00000, 0x00000000ede00000|  0%| F|  |TAMS 0x00000000edd00000| PB 0x00000000edd00000| Untracked 
| 222|0x00000000ede00000, 0x00000000ede00000, 0x00000000edf00000|  0%| F|  |TAMS 0x00000000ede00000| PB 0x00000000ede00000| Untracked 
| 223|0x00000000edf00000, 0x00000000edf00000, 0x00000000ee000000|  0%| F|  |TAMS 0x00000000edf00000| PB 0x00000000edf00000| Untracked 
| 224|0x00000000ee000000, 0x00000000ee000000, 0x00000000ee100000|  0%| F|  |TAMS 0x00000000ee000000| PB 0x00000000ee000000| Untracked 
| 225|0x00000000ee100000, 0x00000000ee100000, 0x00000000ee200000|  0%| F|  |TAMS 0x00000000ee100000| PB 0x00000000ee100000| Untracked 
| 226|0x00000000ee200000, 0x00000000ee200000, 0x00000000ee300000|  0%| F|  |TAMS 0x00000000ee200000| PB 0x00000000ee200000| Untracked 
| 227|0x00000000ee300000, 0x00000000ee300000, 0x00000000ee400000|  0%| F|  |TAMS 0x00000000ee300000| PB 0x00000000ee300000| Untracked 
| 228|0x00000000ee400000, 0x00000000ee400000, 0x00000000ee500000|  0%| F|  |TAMS 0x00000000ee400000| PB 0x00000000ee400000| Untracked 
| 229|0x00000000ee500000, 0x00000000ee500000, 0x00000000ee600000|  0%| F|  |TAMS 0x00000000ee500000| PB 0x00000000ee500000| Untracked 
| 230|0x00000000ee600000, 0x00000000ee600000, 0x00000000ee700000|  0%| F|  |TAMS 0x00000000ee600000| PB 0x00000000ee600000| Untracked 
| 231|0x00000000ee700000, 0x00000000ee700000, 0x00000000ee800000|  0%| F|  |TAMS 0x00000000ee700000| PB 0x00000000ee700000| Untracked 
| 232|0x00000000ee800000, 0x00000000ee800000, 0x00000000ee900000|  0%| F|  |TAMS 0x00000000ee800000| PB 0x00000000ee800000| Untracked 
| 233|0x00000000ee900000, 0x00000000ee900000, 0x00000000eea00000|  0%| F|  |TAMS 0x00000000ee900000| PB 0x00000000ee900000| Untracked 
| 234|0x00000000eea00000, 0x00000000eea00000, 0x00000000eeb00000|  0%| F|  |TAMS 0x00000000eea00000| PB 0x00000000eea00000| Untracked 
| 235|0x00000000eeb00000, 0x00000000eeb00000, 0x00000000eec00000|  0%| F|  |TAMS 0x00000000eeb00000| PB 0x00000000eeb00000| Untracked 
| 236|0x00000000eec00000, 0x00000000eec00000, 0x00000000eed00000|  0%| F|  |TAMS 0x00000000eec00000| PB 0x00000000eec00000| Untracked 
| 237|0x00000000eed00000, 0x00000000eed00000, 0x00000000eee00000|  0%| F|  |TAMS 0x00000000eed00000| PB 0x00000000eed00000| Untracked 
| 238|0x00000000eee00000, 0x00000000eee00000, 0x00000000eef00000|  0%| F|  |TAMS 0x00000000eee00000| PB 0x00000000eee00000| Untracked 
| 239|0x00000000eef00000, 0x00000000eef00000, 0x00000000ef000000|  0%| F|  |TAMS 0x00000000eef00000| PB 0x00000000eef00000| Untracked 
| 240|0x00000000ef000000, 0x00000000ef080000, 0x00000000ef100000| 50%| E|  |TAMS 0x00000000ef000000| PB 0x00000000ef000000| Complete 
| 241|0x00000000ef100000, 0x00000000ef200000, 0x00000000ef200000|100%| E|CS|TAMS 0x00000000ef100000| PB 0x00000000ef100000| Complete 
| 242|0x00000000ef200000, 0x00000000ef300000, 0x00000000ef300000|100%| E|CS|TAMS 0x00000000ef200000| PB 0x00000000ef200000| Complete 
| 243|0x00000000ef300000, 0x00000000ef400000, 0x00000000ef400000|100%| E|CS|TAMS 0x00000000ef300000| PB 0x00000000ef300000| Complete 
| 244|0x00000000ef400000, 0x00000000ef500000, 0x00000000ef500000|100%| E|CS|TAMS 0x00000000ef400000| PB 0x00000000ef400000| Complete 
| 245|0x00000000ef500000, 0x00000000ef600000, 0x00000000ef600000|100%| E|CS|TAMS 0x00000000ef500000| PB 0x00000000ef500000| Complete 
| 246|0x00000000ef600000, 0x00000000ef700000, 0x00000000ef700000|100%| E|CS|TAMS 0x00000000ef600000| PB 0x00000000ef600000| Complete 
| 247|0x00000000ef700000, 0x00000000ef800000, 0x00000000ef800000|100%| E|CS|TAMS 0x00000000ef700000| PB 0x00000000ef700000| Complete 
| 248|0x00000000ef800000, 0x00000000ef900000, 0x00000000ef900000|100%| E|CS|TAMS 0x00000000ef800000| PB 0x00000000ef800000| Complete 
| 249|0x00000000ef900000, 0x00000000efa00000, 0x00000000efa00000|100%| E|CS|TAMS 0x00000000ef900000| PB 0x00000000ef900000| Complete 
| 250|0x00000000efa00000, 0x00000000efb00000, 0x00000000efb00000|100%| E|CS|TAMS 0x00000000efa00000| PB 0x00000000efa00000| Complete 
| 251|0x00000000efb00000, 0x00000000efc00000, 0x00000000efc00000|100%| E|CS|TAMS 0x00000000efb00000| PB 0x00000000efb00000| Complete 
| 252|0x00000000efc00000, 0x00000000efd00000, 0x00000000efd00000|100%| E|CS|TAMS 0x00000000efc00000| PB 0x00000000efc00000| Complete 
| 253|0x00000000efd00000, 0x00000000efe00000, 0x00000000efe00000|100%| E|CS|TAMS 0x00000000efd00000| PB 0x00000000efd00000| Complete 
| 254|0x00000000efe00000, 0x00000000eff00000, 0x00000000eff00000|100%| E|CS|TAMS 0x00000000efe00000| PB 0x00000000efe00000| Complete 
| 255|0x00000000eff00000, 0x00000000f0000000, 0x00000000f0000000|100%| E|CS|TAMS 0x00000000eff00000| PB 0x00000000eff00000| Complete 

Card table byte_map: [0x000001f97a3c0000,0x000001f97a4c0000] _byte_map_base: 0x000001f979cc0000

Marking Bits: (CMBitMap*) 0x000001f965f9b140
 Bits: [0x000001f97a4c0000, 0x000001f97acc0000)

Polling page: 0x000001f96a830000

Metaspace:

Usage:
  Non-class:     43.29 MB used.
      Class:      7.59 MB used.
       Both:     50.88 MB used.

Virtual space:
  Non-class space:       64.00 MB reserved,      44.31 MB ( 69%) committed,  1 nodes.
      Class space:      320.00 MB reserved,       8.56 MB (  3%) committed,  1 nodes.
             Both:      384.00 MB reserved,      52.88 MB ( 14%) committed. 

Chunk freelists:
   Non-Class:  3.53 MB
       Class:  7.47 MB
        Both:  11.00 MB

MaxMetaspaceSize: 384.00 MB
CompressedClassSpaceSize: 320.00 MB
Initial GC threshold: 21.00 MB
Current GC threshold: 59.94 MB
CDS: on
 - commit_granule_bytes: 65536.
 - commit_granule_words: 8192.
 - virtual_space_node_default_size: 8388608.
 - enlarge_chunks_in_place: 1.
 - use_allocation_guard: 0.


Internal statistics:

num_allocs_failed_limit: 12.
num_arena_births: 3762.
num_arena_deaths: 0.
num_vsnodes_births: 2.
num_vsnodes_deaths: 0.
num_space_committed: 846.
num_space_uncommitted: 0.
num_chunks_returned_to_freelist: 12.
num_chunks_taken_from_freelist: 6492.
num_chunk_merges: 12.
num_chunk_splits: 4113.
num_chunks_enlarged: 2338.
num_inconsistent_stats: 0.

CodeHeap 'non-profiled nmethods': size=120000Kb used=3648Kb max_used=3648Kb free=116351Kb
 bounds [0x000001f972320000, 0x000001f9726c0000, 0x000001f979850000]
CodeHeap 'profiled nmethods': size=120000Kb used=12015Kb max_used=12015Kb free=107984Kb
 bounds [0x000001f96a850000, 0x000001f96b410000, 0x000001f971d80000]
CodeHeap 'non-nmethods': size=5760Kb used=2073Kb max_used=2114Kb free=3686Kb
 bounds [0x000001f971d80000, 0x000001f971ff0000, 0x000001f972320000]
CodeCache: size=245760Kb, used=17736Kb, max_used=17777Kb, free=228021Kb
 total_blobs=7053, nmethods=6293, adapters=664, full_count=0
Compilation: enabled, stopped_count=0, restarted_count=0

Compilation events (20 events):
Event: 101.275 Thread 0x000001f97d7852d0 nmethod 6726 0x000001f96b409990 code [0x000001f96b409b40, 0x000001f96b409cb0]
Event: 101.275 Thread 0x000001f97d7852d0 6727       3       java.lang.invoke.BoundMethodHandle$Species_LLLLL::<init> (36 bytes)
Event: 101.276 Thread 0x000001f97d7852d0 nmethod 6727 0x000001f96b409d90 code [0x000001f96b409f60, 0x000001f96b40a318]
Event: 101.280 Thread 0x000001f97d7852d0 6728       1       org.gradle.internal.instantiation.generator.AbstractClassGenerator$PropertyMetadata::getBackingField (5 bytes)
Event: 101.280 Thread 0x000001f97d7852d0 nmethod 6728 0x000001f9726acd10 code [0x000001f9726acea0, 0x000001f9726acf68]
Event: 101.282 Thread 0x000001f97d7852d0 6730       3       org.gradle.internal.service.DefaultServiceRegistry::isSatisfiedBy (61 bytes)
Event: 101.283 Thread 0x000001f97d7852d0 nmethod 6730 0x000001f96b40a410 code [0x000001f96b40a640, 0x000001f96b40b020]
Event: 101.285 Thread 0x000001f97d7852d0 6731       1       org.gradle.api.internal.DefaultDomainObjectCollection::getEventRegister (5 bytes)
Event: 101.286 Thread 0x000001f97d7852d0 nmethod 6731 0x000001f9726ad010 code [0x000001f9726ad1a0, 0x000001f9726ad268]
Event: 101.302 Thread 0x000001f91a2a46a0 nmethod 6724 0x000001f9726ad310 code [0x000001f9726ad580, 0x000001f9726add90]
Event: 101.302 Thread 0x000001f91a2a46a0 6725       4       java.util.stream.MatchOps$$Lambda/0x000001f901137d30::get (12 bytes)
Event: 101.304 Thread 0x000001f91a2a46a0 nmethod 6725 0x000001f9726ae690 code [0x000001f9726ae820, 0x000001f9726ae940]
Event: 101.304 Thread 0x000001f91a2a46a0 6729       4       org.objectweb.asm.Type::getDescriptor (73 bytes)
Event: 101.312 Thread 0x000001f97d7852d0 6732       3       java.util.TreeSet::add (22 bytes)
Event: 101.313 Thread 0x000001f97d7852d0 nmethod 6732 0x000001f96b40b190 code [0x000001f96b40b340, 0x000001f96b40b578]
Event: 101.328 Thread 0x000001f91a2a46a0 nmethod 6729 0x000001f9726aea90 code [0x000001f9726aece0, 0x000001f9726afc10]
Event: 101.339 Thread 0x000001f97d7852d0 6733       3       java.lang.invoke.DirectMethodHandle$Special::<init> (16 bytes)
Event: 101.340 Thread 0x000001f97d7852d0 nmethod 6733 0x000001f96b40b610 code [0x000001f96b40b7c0, 0x000001f96b40b960]
Event: 101.341 Thread 0x000001f97d7852d0 6734       3       org.gradle.internal.snapshot.SnapshotHierarchy$$Lambda/0x000001f9015d3d18::test (12 bytes)
Event: 101.341 Thread 0x000001f97d7852d0 nmethod 6734 0x000001f96b40ba10 code [0x000001f96b40bbc0, 0x000001f96b40be18]

GC Heap History (16 events):
Event: 5.222 GC heap before
{Heap before GC invocations=0 (full 0):
 garbage-first heap   total 262144K, used 26624K [0x00000000e0000000, 0x0000000100000000)
  region size 1024K, 23 young (23552K), 0 survivors (0K)
 Metaspace       used 2764K, committed 2880K, reserved 393216K
  class space    used 323K, committed 384K, reserved 327680K
}
Event: 5.668 GC heap after
{Heap after GC invocations=1 (full 0):
 garbage-first heap   total 262144K, used 11605K [0x00000000e0000000, 0x0000000100000000)
  region size 1024K, 3 young (3072K), 3 survivors (3072K)
 Metaspace       used 2764K, committed 2880K, reserved 393216K
  class space    used 323K, committed 384K, reserved 327680K
}
Event: 12.479 GC heap before
{Heap before GC invocations=1 (full 0):
 garbage-first heap   total 262144K, used 38229K [0x00000000e0000000, 0x0000000100000000)
  region size 1024K, 30 young (30720K), 3 survivors (3072K)
 Metaspace       used 4619K, committed 4800K, reserved 393216K
  class space    used 592K, committed 704K, reserved 327680K
}
Event: 12.487 GC heap after
{Heap after GC invocations=2 (full 0):
 garbage-first heap   total 262144K, used 12656K [0x00000000e0000000, 0x0000000100000000)
  region size 1024K, 2 young (2048K), 2 survivors (2048K)
 Metaspace       used 4619K, committed 4800K, reserved 393216K
  class space    used 592K, committed 704K, reserved 327680K
}
Event: 44.177 GC heap before
{Heap before GC invocations=2 (full 0):
 garbage-first heap   total 262144K, used 107888K [0x00000000e0000000, 0x0000000100000000)
  region size 1024K, 93 young (95232K), 2 survivors (2048K)
 Metaspace       used 17897K, committed 18368K, reserved 393216K
  class space    used 2480K, committed 2688K, reserved 327680K
}
Event: 44.600 GC heap after
{Heap after GC invocations=3 (full 0):
 garbage-first heap   total 262144K, used 23293K [0x00000000e0000000, 0x0000000100000000)
  region size 1024K, 11 young (11264K), 11 survivors (11264K)
 Metaspace       used 17897K, committed 18368K, reserved 393216K
  class space    used 2480K, committed 2688K, reserved 327680K
}
Event: 46.104 GC heap before
{Heap before GC invocations=3 (full 0):
 garbage-first heap   total 262144K, used 46845K [0x00000000e0000000, 0x0000000100000000)
  region size 1024K, 35 young (35840K), 11 survivors (11264K)
 Metaspace       used 20927K, committed 21504K, reserved 393216K
  class space    used 2990K, committed 3264K, reserved 327680K
}
Event: 46.134 GC heap after
{Heap after GC invocations=4 (full 0):
 garbage-first heap   total 262144K, used 25123K [0x00000000e0000000, 0x0000000100000000)
  region size 1024K, 2 young (2048K), 2 survivors (2048K)
 Metaspace       used 20927K, committed 21504K, reserved 393216K
  class space    used 2990K, committed 3264K, reserved 327680K
}
Event: 55.443 GC heap before
{Heap before GC invocations=5 (full 0):
 garbage-first heap   total 262144K, used 128547K [0x00000000e0000000, 0x0000000100000000)
  region size 1024K, 103 young (105472K), 2 survivors (2048K)
 Metaspace       used 34725K, committed 36096K, reserved 393216K
  class space    used 5017K, committed 5696K, reserved 327680K
}
Event: 55.461 GC heap after
{Heap after GC invocations=6 (full 0):
 garbage-first heap   total 262144K, used 30377K [0x00000000e0000000, 0x0000000100000000)
  region size 1024K, 8 young (8192K), 8 survivors (8192K)
 Metaspace       used 34725K, committed 36096K, reserved 393216K
  class space    used 5017K, committed 5696K, reserved 327680K
}
Event: 55.593 GC heap before
{Heap before GC invocations=6 (full 0):
 garbage-first heap   total 262144K, used 31401K [0x00000000e0000000, 0x0000000100000000)
  region size 1024K, 10 young (10240K), 8 survivors (8192K)
 Metaspace       used 35021K, committed 36416K, reserved 393216K
  class space    used 5040K, committed 5696K, reserved 327680K
}
Event: 55.623 GC heap after
{Heap after GC invocations=7 (full 0):
 garbage-first heap   total 262144K, used 30336K [0x00000000e0000000, 0x0000000100000000)
  region size 1024K, 8 young (8192K), 8 survivors (8192K)
 Metaspace       used 35021K, committed 36416K, reserved 393216K
  class space    used 5040K, committed 5696K, reserved 327680K
}
Event: 55.792 GC heap before
{Heap before GC invocations=7 (full 0):
 garbage-first heap   total 262144K, used 33408K [0x00000000e0000000, 0x0000000100000000)
  region size 1024K, 12 young (12288K), 8 survivors (8192K)
 Metaspace       used 35372K, committed 36736K, reserved 393216K
  class space    used 5082K, committed 5760K, reserved 327680K
}
Event: 55.803 GC heap after
{Heap after GC invocations=8 (full 0):
 garbage-first heap   total 262144K, used 31160K [0x00000000e0000000, 0x0000000100000000)
  region size 1024K, 8 young (8192K), 8 survivors (8192K)
 Metaspace       used 35372K, committed 36736K, reserved 393216K
  class space    used 5082K, committed 5760K, reserved 327680K
}
Event: 100.338 GC heap before
{Heap before GC invocations=9 (full 0):
 garbage-first heap   total 262144K, used 178616K [0x00000000e0000000, 0x0000000100000000)
  region size 1024K, 153 young (156672K), 8 survivors (8192K)
 Metaspace       used 50738K, committed 52736K, reserved 393216K
  class space    used 7533K, committed 8512K, reserved 327680K
}
Event: 100.477 GC heap after
{Heap after GC invocations=10 (full 0):
 garbage-first heap   total 262144K, used 38741K [0x00000000e0000000, 0x0000000100000000)
  region size 1024K, 16 young (16384K), 16 survivors (16384K)
 Metaspace       used 50738K, committed 52736K, reserved 393216K
  class space    used 7533K, committed 8512K, reserved 327680K
}

Dll operation events (20 events):
Event: 1.025 Attempting to load shared library C:\Users\User\.vscode\extensions\redhat.java-1.56.0-win32-x64\jre\21.0.12.1-win32-x86_64\bin\nio.dll
Event: 1.025 Loaded shared library C:\Users\User\.vscode\extensions\redhat.java-1.56.0-win32-x64\jre\21.0.12.1-win32-x86_64\bin\nio.dll
Event: 1.030 Attempting to load shared library C:\Users\User\.vscode\extensions\redhat.java-1.56.0-win32-x64\jre\21.0.12.1-win32-x86_64\bin\zip.dll
Event: 1.030 Loaded shared library C:\Users\User\.vscode\extensions\redhat.java-1.56.0-win32-x64\jre\21.0.12.1-win32-x86_64\bin\zip.dll
Event: 3.171 Attempting to load shared library C:\Users\User\.vscode\extensions\redhat.java-1.56.0-win32-x64\jre\21.0.12.1-win32-x86_64\bin\jimage.dll
Event: 3.171 Loaded shared library C:\Users\User\.vscode\extensions\redhat.java-1.56.0-win32-x64\jre\21.0.12.1-win32-x86_64\bin\jimage.dll
Event: 4.717 Attempting to load shared library C:\Users\User\.vscode\extensions\redhat.java-1.56.0-win32-x64\jre\21.0.12.1-win32-x86_64\bin\verify.dll
Event: 4.718 Loaded shared library C:\Users\User\.vscode\extensions\redhat.java-1.56.0-win32-x64\jre\21.0.12.1-win32-x86_64\bin\verify.dll
Event: 4.875 Attempting to load shared library C:\Users\User\.gradle\native\660c5614fbf4a5f2a75b1949f50a0caf5cd603558e7d8a26e50b933a0cfb79d1\windows-amd64\native-platform.dll
Event: 4.876 Loaded shared library C:\Users\User\.gradle\native\660c5614fbf4a5f2a75b1949f50a0caf5cd603558e7d8a26e50b933a0cfb79d1\windows-amd64\native-platform.dll
Event: 4.912 Attempting to load shared library C:\Users\User\.gradle\native\0.2.8\x86_64-windows-gnu\gradle-fileevents.dll
Event: 4.913 Loaded shared library C:\Users\User\.gradle\native\0.2.8\x86_64-windows-gnu\gradle-fileevents.dll
Event: 22.096 Attempting to load shared library C:\Users\User\.vscode\extensions\redhat.java-1.56.0-win32-x64\jre\21.0.12.1-win32-x86_64\bin\management.dll
Event: 22.198 Loaded shared library C:\Users\User\.vscode\extensions\redhat.java-1.56.0-win32-x64\jre\21.0.12.1-win32-x86_64\bin\management.dll
Event: 22.308 Attempting to load shared library C:\Users\User\.vscode\extensions\redhat.java-1.56.0-win32-x64\jre\21.0.12.1-win32-x86_64\bin\management_ext.dll
Event: 22.309 Loaded shared library C:\Users\User\.vscode\extensions\redhat.java-1.56.0-win32-x64\jre\21.0.12.1-win32-x86_64\bin\management_ext.dll
Event: 27.301 Attempting to load shared library C:\Users\User\.vscode\extensions\redhat.java-1.56.0-win32-x64\jre\21.0.12.1-win32-x86_64\bin\extnet.dll
Event: 27.328 Loaded shared library C:\Users\User\.vscode\extensions\redhat.java-1.56.0-win32-x64\jre\21.0.12.1-win32-x86_64\bin\extnet.dll
Event: 33.242 Attempting to load shared library C:\Users\User\.vscode\extensions\redhat.java-1.56.0-win32-x64\jre\21.0.12.1-win32-x86_64\bin\sunmscapi.dll
Event: 33.292 Loaded shared library C:\Users\User\.vscode\extensions\redhat.java-1.56.0-win32-x64\jre\21.0.12.1-win32-x86_64\bin\sunmscapi.dll

Deoptimization events (20 events):
Event: 100.084 Thread 0x000001f97d880910 Uncommon trap: trap_request=0xffffff45 fr.pc=0x000001f9724ede08 relative=0x0000000000000068
Event: 100.084 Thread 0x000001f97d880910 Uncommon trap: reason=unstable_if action=reinterpret pc=0x000001f9724ede08 method=java.util.regex.Pattern.has(I)Z @ 6 c2
Event: 100.084 Thread 0x000001f97d880910 DEOPT PACKING pc=0x000001f9724ede08 sp=0x0000005a4c6f39a0
Event: 100.084 Thread 0x000001f97d880910 DEOPT UNPACKING pc=0x000001f971dd7ba2 sp=0x0000005a4c6f3930 mode 2
Event: 100.990 Thread 0x000001f97d880910 Uncommon trap: trap_request=0xffffffde fr.pc=0x000001f972689164 relative=0x0000000000000224
Event: 100.990 Thread 0x000001f97d880910 Uncommon trap: reason=class_check action=maybe_recompile pc=0x000001f972689164 method=java.util.regex.Matcher.search(I)Z @ 121 c2
Event: 100.990 Thread 0x000001f97d880910 DEOPT PACKING pc=0x000001f972689164 sp=0x0000005a4c6f65f0
Event: 100.990 Thread 0x000001f97d880910 DEOPT UNPACKING pc=0x000001f971dd7ba2 sp=0x0000005a4c6f65a0 mode 2
Event: 100.991 Thread 0x000001f97d880910 Uncommon trap: trap_request=0xffffffde fr.pc=0x000001f972689164 relative=0x0000000000000224
Event: 100.991 Thread 0x000001f97d880910 Uncommon trap: reason=class_check action=maybe_recompile pc=0x000001f972689164 method=java.util.regex.Matcher.search(I)Z @ 121 c2
Event: 100.991 Thread 0x000001f97d880910 DEOPT PACKING pc=0x000001f972689164 sp=0x0000005a4c6f65f0
Event: 100.991 Thread 0x000001f97d880910 DEOPT UNPACKING pc=0x000001f971dd7ba2 sp=0x0000005a4c6f65a0 mode 2
Event: 101.026 Thread 0x000001f97d880910 Uncommon trap: trap_request=0xffffffde fr.pc=0x000001f972689164 relative=0x0000000000000224
Event: 101.026 Thread 0x000001f97d880910 Uncommon trap: reason=class_check action=maybe_recompile pc=0x000001f972689164 method=java.util.regex.Matcher.search(I)Z @ 121 c2
Event: 101.026 Thread 0x000001f97d880910 DEOPT PACKING pc=0x000001f972689164 sp=0x0000005a4c6f6590
Event: 101.026 Thread 0x000001f97d880910 DEOPT UNPACKING pc=0x000001f971dd7ba2 sp=0x0000005a4c6f6540 mode 2
Event: 101.026 Thread 0x000001f97d880910 Uncommon trap: trap_request=0xffffffde fr.pc=0x000001f972689164 relative=0x0000000000000224
Event: 101.026 Thread 0x000001f97d880910 Uncommon trap: reason=class_check action=maybe_recompile pc=0x000001f972689164 method=java.util.regex.Matcher.search(I)Z @ 121 c2
Event: 101.026 Thread 0x000001f97d880910 DEOPT PACKING pc=0x000001f972689164 sp=0x0000005a4c6f6590
Event: 101.026 Thread 0x000001f97d880910 DEOPT UNPACKING pc=0x000001f971dd7ba2 sp=0x0000005a4c6f6540 mode 2

Classes loaded (20 events):
Event: 99.959 Loading class jdk/xml/internal/XMLSecurityManager$NameMap
Event: 99.959 Loading class jdk/xml/internal/XMLSecurityManager$NameMap done
Event: 99.960 Loading class com/sun/org/apache/xerces/internal/utils/XMLSecurityPropertyManager
Event: 99.960 Loading class com/sun/org/apache/xerces/internal/utils/XMLSecurityPropertyManager done
Event: 99.960 Loading class com/sun/org/apache/xerces/internal/utils/XMLSecurityPropertyManager$State
Event: 99.961 Loading class com/sun/org/apache/xerces/internal/utils/XMLSecurityPropertyManager$State done
Event: 99.961 Loading class com/sun/org/apache/xerces/internal/utils/XMLSecurityPropertyManager$Property
Event: 99.961 Loading class com/sun/org/apache/xerces/internal/utils/XMLSecurityPropertyManager$Property done
Event: 99.963 Loading class javax/xml/parsers/DocumentBuilderFactory
Event: 99.963 Loading class javax/xml/parsers/DocumentBuilderFactory done
Event: 99.963 Loading class javax/xml/parsers/FactoryFinder
Event: 99.964 Loading class javax/xml/parsers/FactoryFinder done
Event: 99.965 Loading class javax/xml/parsers/FactoryFinder$1
Event: 99.965 Loading class javax/xml/parsers/FactoryFinder$1 done
Event: 99.968 Loading class com/sun/org/apache/xerces/internal/jaxp/DocumentBuilderFactoryImpl
Event: 99.968 Loading class com/sun/org/apache/xerces/internal/jaxp/DocumentBuilderFactoryImpl done
Event: 100.084 Loading class java/util/regex/Pattern$SliceI
Event: 100.085 Loading class java/util/regex/Pattern$SliceI done
Event: 101.020 Loading class java/beans/PropertyChangeListener
Event: 101.020 Loading class java/beans/PropertyChangeListener done

Classes unloaded (0 events):
No events

Classes redefined (0 events):
No events

Internal exceptions (20 events):
Event: 73.255 Thread 0x000001f97d880910 Exception <a 'java/lang/NoSuchMethodError'{0x00000000e9435b00}: 'java.lang.Object java.lang.invoke.DirectMethodHandle$Holder.newInvokeSpecial(java.lang.Object, java.lang.Object, java.lang.Object, java.lang.Object, java.lang.Object, long, java.lang.Object)'> (0x00000000e9435b00) 
thrown [s\src\hotspot\share\interpreter\linkResolver.cpp, line 773]
Event: 73.256 Thread 0x000001f97d880910 Exception <a 'java/lang/NoSuchMethodError'{0x00000000e943e788}: 'java.lang.Object java.lang.invoke.Invokers$Holder.linkToTargetMethod(java.lang.Object, java.lang.Object, java.lang.Object, java.lang.Object, long, java.lang.Object, java.lang.Object)'> (0x00000000e943e788) 
thrown [s\src\hotspot\share\interpreter\linkResolver.cpp, line 773]
Event: 73.263 Thread 0x000001f97d880910 Exception <a 'java/lang/NoSuchMethodError'{0x00000000e947e7d8}: 'java.lang.Object java.lang.invoke.DirectMethodHandle$Holder.newInvokeSpecial(java.lang.Object, java.lang.Object, java.lang.Object, long, java.lang.Object)'> (0x00000000e947e7d8) 
thrown [s\src\hotspot\share\interpreter\linkResolver.cpp, line 773]
Event: 73.263 Thread 0x000001f97d880910 Exception <a 'java/lang/NoSuchMethodError'{0x00000000e9483b40}: 'java.lang.Object java.lang.invoke.DirectMethodHandle$Holder.invokeSpecial(java.lang.Object, java.lang.Object, java.lang.Object, java.lang.Object, long, java.lang.Object)'> (0x00000000e9483b40) 
thrown [s\src\hotspot\share\interpreter\linkResolver.cpp, line 773]
Event: 73.264 Thread 0x000001f97d880910 Exception <a 'java/lang/NoSuchMethodError'{0x00000000e9488338}: 'java.lang.Object java.lang.invoke.Invokers$Holder.linkToTargetMethod(java.lang.Object, java.lang.Object, long, java.lang.Object, java.lang.Object)'> (0x00000000e9488338) 
thrown [s\src\hotspot\share\interpreter\linkResolver.cpp, line 773]
Event: 73.307 Thread 0x000001f97d880910 Implicit null exception at 0x000001f97253bdfc to 0x000001f97253beb4
Event: 73.464 Thread 0x000001f97d880910 Exception <a 'java/lang/NoSuchMethodError'{0x00000000e90322f8}: static Lorg/gradle/api/services/BuildServiceParameters$None;.<clinit>()V> (0x00000000e90322f8) 
thrown [s\src\hotspot\share\prims\jni.cpp, line 1111]
Event: 73.467 Thread 0x000001f97d880910 Exception <a 'java/lang/NoSuchMethodError'{0x00000000e903a058}: 'void java.lang.invoke.DirectMethodHandle$Holder.invokeSpecial(java.lang.Object, java.lang.Object, java.lang.Object, int)'> (0x00000000e903a058) 
thrown [s\src\hotspot\share\interpreter\linkResolver.cpp, line 773]
Event: 73.551 Thread 0x000001f97d880910 Exception <a 'java/lang/NoSuchMethodError'{0x00000000e909f7e8}: 'java.lang.Object java.lang.invoke.DirectMethodHandle$Holder.invokeSpecial(java.lang.Object, java.lang.Object, long, java.lang.Object, java.lang.Object)'> (0x00000000e909f7e8) 
thrown [s\src\hotspot\share\interpreter\linkResolver.cpp, line 773]
Event: 81.351 Thread 0x000001f97d880910 Exception <a 'java/lang/NoSuchMethodError'{0x00000000e8bb41f0}: 'void java.lang.invoke.DirectMethodHandle$Holder.invokeVirtual(java.lang.Object, java.lang.Object)'> (0x00000000e8bb41f0) 
thrown [s\src\hotspot\share\interpreter\linkResolver.cpp, line 773]
Event: 91.682 Thread 0x000001f97d880910 Exception <a 'java/lang/NoSuchMethodError'{0x00000000e86fa3b8}: 'java.lang.Object java.lang.invoke.DirectMethodHandle$Holder.newInvokeSpecial(java.lang.Object, java.lang.Object, java.lang.Object, java.lang.Object, int, java.lang.Object)'> (0x00000000e86fa3b8) 
thrown [s\src\hotspot\share\interpreter\linkResolver.cpp, line 773]
Event: 91.684 Thread 0x000001f97d880910 Exception <a 'java/lang/NoSuchMethodError'{0x00000000e86ff880}: 'java.lang.Object java.lang.invoke.DirectMethodHandle$Holder.invokeSpecial(java.lang.Object, java.lang.Object, java.lang.Object, java.lang.Object, java.lang.Object, int, java.lang.Object)'> (0x00000000e86ff880) 
thrown [s\src\hotspot\share\interpreter\linkResolver.cpp, line 773]
Event: 91.684 Thread 0x000001f97d880910 Exception <a 'java/lang/NoSuchMethodError'{0x00000000e85046d8}: 'java.lang.Object java.lang.invoke.Invokers$Holder.linkToTargetMethod(java.lang.Object, java.lang.Object, java.lang.Object, int, java.lang.Object, java.lang.Object)'> (0x00000000e85046d8) 
thrown [s\src\hotspot\share\interpreter\linkResolver.cpp, line 773]
Event: 92.354 Thread 0x000001f97d880910 Exception <a 'java/lang/NoSuchMethodError'{0x00000000e7fecc50}: 'java.lang.Object java.lang.invoke.DirectMethodHandle$Holder.invokeSpecialIFC(java.lang.Object, java.lang.Object, java.lang.Object)'> (0x00000000e7fecc50) 
thrown [s\src\hotspot\share\interpreter\linkResolver.cpp, line 773]
Event: 99.980 Thread 0x000001f97d880910 Exception <a 'java/lang/NoSuchMethodError'{0x00000000e6ab8f08}: 'java.lang.Object java.lang.invoke.DirectMethodHandle$Holder.newInvokeSpecial(java.lang.Object, java.lang.Object, java.lang.Object, java.lang.Object, java.lang.Object, java.lang.Object, java.lang.Object, java.lang.Object, java.lang.Object, java.lang.Object, java.lang.Object, java.lang.Object, java.lang.Object, java.lang.Object, java.lang.Object, java.lang.Object)'> (0x00000000e6ab8f08) 
thrown [s\src\hotspot\share\interpreter\linkResolver.cpp,
Event: 99.982 Thread 0x000001f97d880910 Exception <a 'java/lang/NoSuchMethodError'{0x00000000e6abfb38}: 'java.lang.Object java.lang.invoke.DirectMethodHandle$Holder.invokeSpecial(java.lang.Object, java.lang.Object, java.lang.Object, java.lang.Object, java.lang.Object, java.lang.Object, java.lang.Object, java.lang.Object, java.lang.Object, java.lang.Object, java.lang.Object, java.lang.Object, java.lang.Object, java.lang.Object, java.lang.Object, java.lang.Object, java.lang.Object)'> (0x00000000e6abfb38) 
thrown [s\src\hotspot\share\interpreter\li
Event: 99.983 Thread 0x000001f97d880910 Exception <a 'java/lang/NoSuchMethodError'{0x00000000e6ac56e0}: 'java.lang.Object java.lang.invoke.DelegatingMethodHandle$Holder.reinvoke_L(java.lang.Object, java.lang.Object, java.lang.Object, java.lang.Object, java.lang.Object, java.lang.Object, java.lang.Object, java.lang.Object, java.lang.Object, java.lang.Object, java.lang.Object, java.lang.Object, java.lang.Object, java.lang.Object, java.lang.Object, java.lang.Object)'> (0x00000000e6ac56e0) 
thrown [s\src\hotspot\share\interpreter\linkResolver.cpp, l
Event: 101.249 Thread 0x000001f97d880910 Exception <a 'java/lang/IncompatibleClassChangeError'{0x00000000ef2bc718}: Found class java.lang.Object, but interface was expected> (0x00000000ef2bc718) 
thrown [s\src\hotspot\share\interpreter\linkResolver.cpp, line 840]
Event: 101.260 Thread 0x000001f97d880910 Exception <a 'java/lang/IncompatibleClassChangeError'{0x00000000ef2dde50}: Found class java.lang.Object, but interface was expected> (0x00000000ef2dde50) 
thrown [s\src\hotspot\share\interpreter\linkResolver.cpp, line 840]
Event: 101.260 Thread 0x000001f97d880910 Exception <a 'java/lang/IncompatibleClassChangeError'{0x00000000ef2e1d78}: Found class java.lang.Object, but interface was expected> (0x00000000ef2e1d78) 
thrown [s\src\hotspot\share\interpreter\linkResolver.cpp, line 840]

ZGC Phase Switch (0 events):
No events

VM Operations (20 events):
Event: 87.436 Executing safepoint VM operation: Cleanup
Event: 87.436 Executing safepoint VM operation: Cleanup done
Event: 88.447 Executing safepoint VM operation: Cleanup
Event: 88.448 Executing safepoint VM operation: Cleanup done
Event: 91.475 Executing safepoint VM operation: Cleanup
Event: 91.476 Executing safepoint VM operation: Cleanup done
Event: 92.477 Executing safepoint VM operation: Cleanup
Event: 92.477 Executing safepoint VM operation: Cleanup done
Event: 93.492 Executing safepoint VM operation: Cleanup
Event: 93.589 Executing safepoint VM operation: Cleanup done
Event: 94.602 Executing safepoint VM operation: Cleanup
Event: 94.972 Executing safepoint VM operation: Cleanup done
Event: 95.978 Executing safepoint VM operation: Cleanup
Event: 95.978 Executing safepoint VM operation: Cleanup done
Event: 100.016 Executing safepoint VM operation: Cleanup
Event: 100.017 Executing safepoint VM operation: Cleanup done
Event: 100.262 Executing safepoint VM operation: G1CollectForAllocation (G1 Evacuation Pause)
Event: 100.477 Executing safepoint VM operation: G1CollectForAllocation (G1 Evacuation Pause) done
Event: 101.489 Executing safepoint VM operation: Cleanup
Event: 101.489 Executing safepoint VM operation: Cleanup done

Memory protections (0 events):
No events

Nmethod flushes (20 events):
Event: 55.840 Thread 0x000001f97d742890 flushing  nmethod 0x000001f96a91bc10
Event: 55.840 Thread 0x000001f97d742890 flushing  nmethod 0x000001f96a91da10
Event: 55.840 Thread 0x000001f97d742890 flushing  nmethod 0x000001f96a91e690
Event: 55.840 Thread 0x000001f97d742890 flushing  nmethod 0x000001f96a920a90
Event: 55.840 Thread 0x000001f97d742890 flushing  nmethod 0x000001f96a921390
Event: 55.840 Thread 0x000001f97d742890 flushing  nmethod 0x000001f96a921990
Event: 55.840 Thread 0x000001f97d742890 flushing  nmethod 0x000001f96a926d90
Event: 55.840 Thread 0x000001f97d742890 flushing  nmethod 0x000001f96a927a90
Event: 55.840 Thread 0x000001f97d742890 flushing  nmethod 0x000001f96a9bb610
Event: 55.840 Thread 0x000001f97d742890 flushing  nmethod 0x000001f96a9bf110
Event: 55.840 Thread 0x000001f97d742890 flushing  nmethod 0x000001f96aa0f010
Event: 55.840 Thread 0x000001f97d742890 flushing  nmethod 0x000001f96aa31910
Event: 55.840 Thread 0x000001f97d742890 flushing  nmethod 0x000001f96aa37a90
Event: 55.840 Thread 0x000001f97d742890 flushing  nmethod 0x000001f96aa99610
Event: 55.840 Thread 0x000001f97d742890 flushing  nmethod 0x000001f96aaa0190
Event: 55.840 Thread 0x000001f97d742890 flushing  nmethod 0x000001f96aaa0990
Event: 55.840 Thread 0x000001f97d742890 flushing  nmethod 0x000001f96aaf5790
Event: 55.840 Thread 0x000001f97d742890 flushing  nmethod 0x000001f96aaf6310
Event: 55.840 Thread 0x000001f97d742890 flushing  nmethod 0x000001f96ab27890
Event: 55.840 Thread 0x000001f97d742890 flushing  nmethod 0x000001f96adc3610

Events (20 events):
Event: 67.558 Thread 0x000001f97d7852d0 Thread added: 0x000001f91a29a220
Event: 68.435 Thread 0x000001f91a29a220 Thread exited: 0x000001f91a29a220
Event: 73.210 Thread 0x000001f97d7852d0 Thread added: 0x000001f91b222ea0
Event: 74.075 Thread 0x000001f91b222ea0 Thread exited: 0x000001f91b222ea0
Event: 74.194 Thread 0x000001f97d7852d0 Thread added: 0x000001f91b222ea0
Event: 74.415 Thread 0x000001f91b222ea0 Thread exited: 0x000001f91b222ea0
Event: 76.885 Thread 0x000001f97d880910 Thread added: 0x000001f91b0ce430
Event: 76.885 Thread 0x000001f97d880910 Thread added: 0x000001f91b0cf7e0
Event: 76.886 Thread 0x000001f97d880910 Thread added: 0x000001f91b0ceac0
Event: 76.886 Thread 0x000001f97d880910 Thread added: 0x000001f91b0cf150
Event: 76.886 Thread 0x000001f97d880910 Thread added: 0x000001f91b0cfe70
Event: 76.886 Thread 0x000001f97d880910 Thread added: 0x000001f91b0d0500
Event: 76.887 Thread 0x000001f97d880910 Thread added: 0x000001f91b0cd080
Event: 91.928 Thread 0x000001f97d880910 Thread added: 0x000001f91b0d4010
Event: 92.147 Thread 0x000001f97d7852d0 Thread added: 0x000001f91bac7820
Event: 93.352 Thread 0x000001f91bac7820 Thread exited: 0x000001f91bac7820
Event: 99.777 Thread 0x000001f97d7852d0 Thread added: 0x000001f91a39fd00
Event: 100.233 Thread 0x000001f97d880910 Thread added: 0x000001f91b0d18b0
Event: 100.498 Thread 0x000001f91a39fd00 Thread exited: 0x000001f91a39fd00
Event: 100.883 Thread 0x000001f97d7852d0 Thread added: 0x000001f91a2a46a0


Dynamic libraries:
0x00007ff62c3a0000 - 0x00007ff62c3ae000 	C:\Users\User\.vscode\extensions\redhat.java-1.56.0-win32-x64\jre\21.0.12.1-win32-x86_64\bin\java.exe
0x00007ffc208e0000 - 0x00007ffc20b47000 	C:\WINDOWS\SYSTEM32\ntdll.dll
0x00007ffc1f3e0000 - 0x00007ffc1f4ab000 	C:\WINDOWS\System32\KERNEL32.DLL
0x00007ffc1dae0000 - 0x00007ffc1dee1000 	C:\WINDOWS\System32\KERNELBASE.dll
0x00007ffc1def0000 - 0x00007ffc1e03c000 	C:\WINDOWS\System32\ucrtbase.dll
0x00007ffbf8e30000 - 0x00007ffbf8e48000 	C:\Users\User\.vscode\extensions\redhat.java-1.56.0-win32-x64\jre\21.0.12.1-win32-x86_64\bin\jli.dll
0x00007ffc1ef90000 - 0x00007ffc1f167000 	C:\WINDOWS\System32\USER32.dll
0x00007ffc1e480000 - 0x00007ffc1e4a7000 	C:\WINDOWS\System32\win32u.dll
0x00007ffc1fb10000 - 0x00007ffc1fb3b000 	C:\WINDOWS\System32\GDI32.dll
0x00007ffc1e350000 - 0x00007ffc1e478000 	C:\WINDOWS\System32\gdi32full.dll
0x00007ffc1e110000 - 0x00007ffc1e1b3000 	C:\WINDOWS\System32\msvcp_win.dll
0x00007ffbf72a0000 - 0x00007ffbf72be000 	C:\Users\User\.vscode\extensions\redhat.java-1.56.0-win32-x64\jre\21.0.12.1-win32-x86_64\bin\VCRUNTIME140.dll
0x00007ffbfe1c0000 - 0x00007ffbfe450000 	C:\WINDOWS\WinSxS\amd64_microsoft.windows.common-controls_6595b64144ccf1df_6.0.26100.9549_none_3e0a0396e3330090\COMCTL32.dll
0x00007ffc1e600000 - 0x00007ffc1e6a9000 	C:\WINDOWS\System32\msvcrt.dll
0x00007ffc1ecd0000 - 0x00007ffc1ed01000 	C:\WINDOWS\System32\IMM32.DLL
0x00007ffc16830000 - 0x00007ffc1683c000 	C:\Users\User\.vscode\extensions\redhat.java-1.56.0-win32-x64\jre\21.0.12.1-win32-x86_64\bin\vcruntime140_1.dll
0x00007ffbf70c0000 - 0x00007ffbf714d000 	C:\Users\User\.vscode\extensions\redhat.java-1.56.0-win32-x64\jre\21.0.12.1-win32-x86_64\bin\msvcp140.dll
0x00007ffb90f40000 - 0x00007ffb91ce2000 	C:\Users\User\.vscode\extensions\redhat.java-1.56.0-win32-x64\jre\21.0.12.1-win32-x86_64\bin\server\jvm.dll
0x00007ffc1e6b0000 - 0x00007ffc1e76b000 	C:\WINDOWS\System32\ADVAPI32.dll
0x00007ffc1fc40000 - 0x00007ffc1fce8000 	C:\WINDOWS\System32\sechost.dll
0x00007ffc1ffd0000 - 0x00007ffc200e8000 	C:\WINDOWS\System32\RPCRT4.dll
0x00007ffc1ef00000 - 0x00007ffc1ef81000 	C:\WINDOWS\System32\WS2_32.dll
0x00007ffc1d930000 - 0x00007ffc1d98e000 	C:\WINDOWS\SYSTEM32\POWRPROF.dll
0x00007ffc13bb0000 - 0x00007ffc13be7000 	C:\WINDOWS\SYSTEM32\WINMM.dll
0x00007ffc139b0000 - 0x00007ffc139bb000 	C:\WINDOWS\SYSTEM32\VERSION.dll
0x00007ffc1d910000 - 0x00007ffc1d925000 	C:\WINDOWS\SYSTEM32\UMPDC.dll
0x00007ffc1c780000 - 0x00007ffc1c79b000 	C:\WINDOWS\SYSTEM32\kernel.appcore.dll
0x00007ffbf7290000 - 0x00007ffbf729a000 	C:\Users\User\.vscode\extensions\redhat.java-1.56.0-win32-x64\jre\21.0.12.1-win32-x86_64\bin\jimage.dll
0x00007ffc1a9d0000 - 0x00007ffc1ac1c000 	C:\WINDOWS\SYSTEM32\DBGHELP.DLL
0x00007ffc1e930000 - 0x00007ffc1ecba000 	C:\WINDOWS\System32\combase.dll
0x00007ffc1e840000 - 0x00007ffc1e919000 	C:\WINDOWS\System32\OLEAUT32.dll
0x00007ffbf7730000 - 0x00007ffbf776b000 	C:\WINDOWS\SYSTEM32\dbgcore.DLL
0x00007ffc1e4b0000 - 0x00007ffc1e55c000 	C:\WINDOWS\System32\bcryptPrimitives.dll
0x00007ffbf70b0000 - 0x00007ffbf70bf000 	C:\Users\User\.vscode\extensions\redhat.java-1.56.0-win32-x64\jre\21.0.12.1-win32-x86_64\bin\instrument.dll
0x00007ffbf7090000 - 0x00007ffbf70b0000 	C:\Users\User\.vscode\extensions\redhat.java-1.56.0-win32-x64\jre\21.0.12.1-win32-x86_64\bin\java.dll
0x00007ffc200f0000 - 0x00007ffc2088c000 	C:\WINDOWS\System32\SHELL32.dll
0x00007ffc1b4f0000 - 0x00007ffc1bd9d000 	C:\WINDOWS\SYSTEM32\windows.storage.dll
0x00007ffc1fcf0000 - 0x00007ffc1fde9000 	C:\WINDOWS\System32\SHCORE.dll
0x00007ffc1fbd0000 - 0x00007ffc1fc36000 	C:\WINDOWS\System32\shlwapi.dll
0x00007ffc1d9f0000 - 0x00007ffc1da19000 	C:\WINDOWS\SYSTEM32\profapi.dll
0x00007ffbf7070000 - 0x00007ffbf7088000 	C:\Users\User\.vscode\extensions\redhat.java-1.56.0-win32-x64\jre\21.0.12.1-win32-x86_64\bin\zip.dll
0x00007ffbf7060000 - 0x00007ffbf7070000 	C:\Users\User\.vscode\extensions\redhat.java-1.56.0-win32-x64\jre\21.0.12.1-win32-x86_64\bin\net.dll
0x00007ffc17e70000 - 0x00007ffc17f9a000 	C:\WINDOWS\SYSTEM32\WINHTTP.dll
0x00007ffc1cd40000 - 0x00007ffc1cdac000 	C:\WINDOWS\system32\mswsock.dll
0x00007ffbf7040000 - 0x00007ffbf7056000 	C:\Users\User\.vscode\extensions\redhat.java-1.56.0-win32-x64\jre\21.0.12.1-win32-x86_64\bin\nio.dll
0x00007ffbf7030000 - 0x00007ffbf7040000 	C:\Users\User\.vscode\extensions\redhat.java-1.56.0-win32-x64\jre\21.0.12.1-win32-x86_64\bin\verify.dll
0x00007ffc03bf0000 - 0x00007ffc03c17000 	C:\Users\User\.gradle\native\660c5614fbf4a5f2a75b1949f50a0caf5cd603558e7d8a26e50b933a0cfb79d1\windows-amd64\native-platform.dll
0x00007ffbcdff0000 - 0x00007ffbce067000 	C:\Users\User\.gradle\native\0.2.8\x86_64-windows-gnu\gradle-fileevents.dll
0x00007ffc03be0000 - 0x00007ffc03bea000 	C:\Users\User\.vscode\extensions\redhat.java-1.56.0-win32-x64\jre\21.0.12.1-win32-x86_64\bin\management.dll
0x00007ffc03bd0000 - 0x00007ffc03bdc000 	C:\Users\User\.vscode\extensions\redhat.java-1.56.0-win32-x64\jre\21.0.12.1-win32-x86_64\bin\management_ext.dll
0x00007ffc1f2d0000 - 0x00007ffc1f2d8000 	C:\WINDOWS\System32\PSAPI.DLL
0x00007ffc1c160000 - 0x00007ffc1c193000 	C:\WINDOWS\SYSTEM32\IPHLPAPI.DLL
0x00007ffc1e920000 - 0x00007ffc1e92a000 	C:\WINDOWS\System32\NSI.dll
0x00007ffc0d200000 - 0x00007ffc0d209000 	C:\Users\User\.vscode\extensions\redhat.java-1.56.0-win32-x64\jre\21.0.12.1-win32-x86_64\bin\extnet.dll
0x00007ffc1d030000 - 0x00007ffc1d04b000 	C:\WINDOWS\SYSTEM32\CRYPTSP.dll
0x00007ffc1c6e0000 - 0x00007ffc1c719000 	C:\WINDOWS\system32\rsaenh.dll
0x00007ffc1cdf0000 - 0x00007ffc1ce24000 	C:\WINDOWS\SYSTEM32\USERENV.dll
0x00007ffc1d9c0000 - 0x00007ffc1d9ea000 	C:\WINDOWS\SYSTEM32\bcrypt.dll
0x00007ffc1d050000 - 0x00007ffc1d05c000 	C:\WINDOWS\SYSTEM32\CRYPTBASE.dll
0x00007ffc0d210000 - 0x00007ffc0d21e000 	C:\Users\User\.vscode\extensions\redhat.java-1.56.0-win32-x64\jre\21.0.12.1-win32-x86_64\bin\sunmscapi.dll
0x00007ffc1e1c0000 - 0x00007ffc1e33f000 	C:\WINDOWS\System32\CRYPT32.dll
0x00007ffc1d290000 - 0x00007ffc1d2c0000 	C:\WINDOWS\SYSTEM32\ncrypt.dll
0x00007ffc1d240000 - 0x00007ffc1d27f000 	C:\WINDOWS\SYSTEM32\NTASN1.dll
0x00007ffbfa8d0000 - 0x00007ffbfa8d8000 	C:\WINDOWS\system32\wshunix.dll

JVMTI agents:
C:\Users\User\.gradle\wrapper\dists\gradle-9.7.1-bin\1w1c7tv4s851m17nbqdsro2tv\gradle-9.7.1\lib\agents\gradle-instrumentation-agent-9.7.1.jar path:C:\Users\User\.vscode\extensions\redhat.java-1.56.0-win32-x64\jre\21.0.12.1-win32-x86_64\bin\instrument.dll, loaded, initialized, instrumentlib options:none

dbghelp: loaded successfully - version: 4.0.5 - missing functions: none
symbol engine: initialized successfully - sym options: 0x614 - pdb path: .;C:\Users\User\.vscode\extensions\redhat.java-1.56.0-win32-x64\jre\21.0.12.1-win32-x86_64\bin;C:\WINDOWS\SYSTEM32;C:\WINDOWS\WinSxS\amd64_microsoft.windows.common-controls_6595b64144ccf1df_6.0.26100.9549_none_3e0a0396e3330090;C:\Users\User\.vscode\extensions\redhat.java-1.56.0-win32-x64\jre\21.0.12.1-win32-x86_64\bin\server;C:\Users\User\.gradle\native\660c5614fbf4a5f2a75b1949f50a0caf5cd603558e7d8a26e50b933a0cfb79d1\windows-amd64;C:\Users\User\.gradle\native\0.2.8\x86_64-windows-gnu

VM Arguments:
jvm_args: --add-opens=java.base/java.lang=ALL-UNNAMED --add-opens=java.base/java.lang.invoke=ALL-UNNAMED --add-opens=java.base/java.util=ALL-UNNAMED --add-opens=java.prefs/java.util.prefs=ALL-UNNAMED --add-exports=jdk.compiler/com.sun.tools.javac.api=ALL-UNNAMED --add-exports=jdk.compiler/com.sun.tools.javac.util=ALL-UNNAMED --add-opens=java.base/java.nio.charset=ALL-UNNAMED --add-opens=java.base/java.net=ALL-UNNAMED --add-opens=java.base/java.util.concurrent=ALL-UNNAMED --add-opens=java.base/java.util.concurrent.atomic=ALL-UNNAMED --add-opens=java.xml/javax.xml.namespace=ALL-UNNAMED --add-opens=java.base/java.time=ALL-UNNAMED -XX:MaxMetaspaceSize=384m -XX:+HeapDumpOnOutOfMemoryError -Xms256m -Xmx512m -Dfile.encoding=UTF-8 -Duser.country=US -Duser.language=en -Duser.variant -javaagent:C:\Users\User\.gradle\wrapper\dists\gradle-9.7.1-bin\1w1c7tv4s851m17nbqdsro2tv\gradle-9.7.1\lib\agents\gradle-instrumentation-agent-9.7.1.jar 
java_command: org.gradle.launcher.daemon.bootstrap.GradleDaemon 9.7.1
java_class_path (initial): C:\Users\User\.gradle\wrapper\dists\gradle-9.7.1-bin\1w1c7tv4s851m17nbqdsro2tv\gradle-9.7.1\lib\gradle-daemon-main-9.7.1.jar
Launcher Type: SUN_STANDARD

[Global flags]
     intx CICompilerCount                          = 4                                         {product} {ergonomic}
   size_t CompressedClassSpaceSize                 = 335544320                                 {product} {ergonomic}
     uint ConcGCThreads                            = 2                                         {product} {ergonomic}
     uint G1ConcRefinementThreads                  = 8                                         {product} {ergonomic}
   size_t G1HeapRegionSize                         = 1048576                                   {product} {ergonomic}
    uintx GCDrainStackTargetSize                   = 64                                        {product} {ergonomic}
     bool HeapDumpOnOutOfMemoryError               = true                                   {manageable} {command line}
   size_t InitialHeapSize                          = 268435456                                 {product} {command line}
   size_t MarkStackSize                            = 4194304                                   {product} {ergonomic}
   size_t MaxHeapSize                              = 536870912                                 {product} {command line}
   size_t MaxMetaspaceSize                         = 402653184                                 {product} {command line}
   size_t MaxNewSize                               = 321912832                                 {product} {ergonomic}
   size_t MinHeapDeltaBytes                        = 1048576                                   {product} {ergonomic}
   size_t MinHeapSize                              = 268435456                                 {product} {command line}
    uintx NonNMethodCodeHeapSize                   = 5839372                                {pd product} {ergonomic}
    uintx NonProfiledCodeHeapSize                  = 122909434                              {pd product} {ergonomic}
    uintx ProfiledCodeHeapSize                     = 122909434                              {pd product} {ergonomic}
    uintx ReservedCodeCacheSize                    = 251658240                              {pd product} {ergonomic}
     bool SegmentedCodeCache                       = true                                      {product} {ergonomic}
   size_t SoftMaxHeapSize                          = 536870912                              {manageable} {ergonomic}
     bool UseCompressedOops                        = true                           {product lp64_product} {ergonomic}
     bool UseG1GC                                  = true                                      {product} {ergonomic}
     bool UseLargePagesIndividualAllocation        = false                                  {pd product} {ergonomic}

Logging:
Log output configuration:
 #0: stdout all=warning uptime,level,tags foldmultilines=false
 #1: stderr all=off uptime,level,tags foldmultilines=false

Release file:
JAVA_VERSION="21.0.12.1" 
MODULES="java.base java.compiler java.datatransfer java.xml java.prefs java.desktop java.instrument java.logging java.management java.security.sasl java.naming java.rmi java.management.rmi java.net.http java.scripting java.security.jgss java.transaction.xa java.sql java.sql.rowset java.xml.crypto java.se java.smartcardio jdk.accessibility jdk.internal.jvmstat jdk.attach jdk.charsets jdk.internal.opt jdk.zipfs jdk.compiler jdk.crypto.ec jdk.crypto.cryptoki jdk.crypto.mscapi jdk.dynalink jdk.internal.ed jdk.editpad jdk.hotspot.agent jdk.httpserver jdk.internal.le jdk.internal.vm.ci jdk.internal.vm.compiler jdk.internal.vm.compiler.management jdk.jartool jdk.javadoc jdk.jcmd jdk.management jdk.management.agent jdk.jconsole jdk.jdeps jdk.jdwp.agent jdk.jdi jdk.jfr jdk.jshell jdk.jsobject jdk.jstatd jdk.localedata jdk.management.jfr jdk.naming.dns jdk.naming.rmi jdk.net jdk.nio.mapmode jdk.random jdk.sctp jdk.security.auth jdk.security.jgss jdk.unsupported jdk.unsupported.desktop jdk.xml.dom" 

Environment Variables:
PATH=C:\Program Files\Eclipse Adoptium\jdk-21.0.12.101-hotspot\bin;C:\WINDOWS\system32;C:\WINDOWS;C:\WINDOWS\System32\Wbem;C:\WINDOWS\System32\WindowsPowerShell\v1.0;C:\WINDOWS\System32\OpenSSH;C:\Program Files\Microsoft SQL Server\150\Tools\Binn;C:\Program Files\Microsoft SQL Server\Client SDK\ODBC\170\Tools\Binn;C:\Program Files\dotnet;C:\Program Files (x86)\Microsoft SQL Server\150\Tools\Binn;C:\Program Files (x86)\Microsoft SQL Server\150\DTS\Binn;C:\Program Files\Microsoft SQL Server\150\DTS\Binn;C:\Program Files\nodejs;D:\Git\cmd;C:\Program Files\GitHub CLI;C:\Program Files (x86)\AOMEI Partition Assistant;C:\Users\User\AppData\Local\Programs\Python\Python313\Scripts\;C:\Users\User\AppData\Local\Programs\Python\Python313\;C:\Users\User\AppData\Local\Programs\Python\Launcher\;C:\Users\User\.local\bin;C:\Users\User\AppData\Local\Microsoft\WindowsApps;H:\Microsoft VS Code\bin;C:\Users\User\.dotnet\tools;C:\Program Files\Azure Data Studio\bin;C:\Users\User\AppData\Roaming\npm
USERNAME=User
OS=Windows_NT
PROCESSOR_IDENTIFIER=Intel64 Family 6 Model 140 Stepping 1, GenuineIntel
TMP=C:\Users\User\AppData\Local\Temp
TEMP=C:\Users\User\AppData\Local\Temp




Periodic native trim disabled

---------------  S Y S T E M  ---------------

OS:
 Windows 11 , 64 bit Build 26100 (10.0.26100.9549)
OS uptime: 0 days 3:22 hours
Hyper-V role detected

CPU: total 8 (initial active 8) (4 cores per cpu, 2 threads per core) family 6 model 140 stepping 1 microcode 0xac, cx8, cmov, fxsr, ht, mmx, 3dnowpref, sse, sse2, sse3, ssse3, sse4.1, sse4.2, popcnt, lzcnt, tsc, tscinvbit, avx, avx2, aes, erms, clmul, bmi1, bmi2, adx, avx512f, avx512dq, avx512cd, avx512bw, avx512vl, sha, fma, vzeroupper, avx512_vpopcntdq, avx512_vpclmulqdq, avx512_vaes, avx512_vnni, clflush, clflushopt, clwb, avx512_vbmi2, avx512_vbmi, hv, rdtscp, rdpid, fsrm, gfni, avx512_bitalg, f16c, cet_ibt, cet_ss, avx512_ifma
Processor Information for processor 0
  Max Mhz: 2419, Current Mhz: 2419, Mhz Limit: 2419
Processor Information for processor 1
  Max Mhz: 2419, Current Mhz: 1007, Mhz Limit: 2419
Processor Information for processor 2
  Max Mhz: 2419, Current Mhz: 1007, Mhz Limit: 2419
Processor Information for processor 3
  Max Mhz: 2419, Current Mhz: 1007, Mhz Limit: 2419
Processor Information for processor 4
  Max Mhz: 2419, Current Mhz: 2419, Mhz Limit: 2419
Processor Information for processor 5
  Max Mhz: 2419, Current Mhz: 1007, Mhz Limit: 2419
Processor Information for processor 6
  Max Mhz: 2419, Current Mhz: 2419, Mhz Limit: 2419
Processor Information for processor 7
  Max Mhz: 2419, Current Mhz: 2419, Mhz Limit: 2419

Memory: 4k page, system-wide physical 7932M (393M free)
TotalPageFile size 32508M (AvailPageFile size 3M)
current process WorkingSet (physical memory assigned to process): 201M, peak: 230M
current process commit charge ("private bytes"): 478M, peak: 481M

vm_info: OpenJDK 64-Bit Server VM (21.0.12.1+1-LTS) for windows-amd64 JRE (21.0.12.1+1-LTS), built on 2026-08-18T00:00:00Z by "admin" with MS VC++ 17.12 (VS2022)

END.
