#
# There is insufficient memory for the Java Runtime Environment to continue.
# Native memory allocation (malloc) failed to allocate 721136 bytes. Error detail: Chunk::new
# Possible reasons:
#   The system is out of physical RAM or swap space
#   This process is running with CompressedOops enabled, and the Java Heap may be blocking the growth of the native heap
# Possible solutions:
#   Reduce memory load on the system
#   Increase physical memory or swap space
#   Check if swap backing store is full
#   Decrease Java heap size (-Xmx/-Xms)
#   Decrease number of Java threads
#   Decrease Java thread stack sizes (-Xss)
#   Set larger code cache with -XX:ReservedCodeCacheSize=
#   JVM is running with Unscaled Compressed Oops mode in which the Java heap is
#     placed in the first 4GB address space. The Java Heap base address is the
#     maximum limit for the native heap growth. Please use -XX:HeapBaseMinAddress
#     to set the Java Heap base and to place the Java Heap above 4GB virtual address.
# This output file may be truncated or incomplete.
#
#  Out of Memory Error (arena.cpp:168), pid=37264, tid=41004
#
# JRE version: OpenJDK Runtime Environment Temurin-21.0.12.1+1 (21.0.12.1+1) (build 21.0.12.1+1-LTS)
# Java VM: OpenJDK 64-Bit Server VM Temurin-21.0.12.1+1 (21.0.12.1+1-LTS, mixed mode, sharing, tiered, compressed oops, compressed class ptrs, g1 gc, windows-amd64)
# No core dump will be written. Minidumps are not enabled by default on client versions of Windows
#

---------------  S U M M A R Y ------------

Command Line: --add-opens=java.base/java.lang=ALL-UNNAMED --add-opens=java.base/java.lang.invoke=ALL-UNNAMED --add-opens=java.base/java.util=ALL-UNNAMED --add-opens=java.prefs/java.util.prefs=ALL-UNNAMED --add-exports=jdk.compiler/com.sun.tools.javac.api=ALL-UNNAMED --add-exports=jdk.compiler/com.sun.tools.javac.util=ALL-UNNAMED --add-opens=java.base/java.nio.charset=ALL-UNNAMED --add-opens=java.base/java.net=ALL-UNNAMED --add-opens=java.base/java.util.concurrent=ALL-UNNAMED --add-opens=java.base/java.util.concurrent.atomic=ALL-UNNAMED --add-opens=java.xml/javax.xml.namespace=ALL-UNNAMED --add-opens=java.base/java.time=ALL-UNNAMED -XX:MaxMetaspaceSize=384m -XX:+HeapDumpOnOutOfMemoryError -Xms256m -Xmx512m -Dfile.encoding=UTF-8 -Duser.country=US -Duser.language=en -Duser.variant -javaagent:C:\Users\User\.gradle\wrapper\dists\gradle-9.7.1-bin\1w1c7tv4s851m17nbqdsro2tv\gradle-9.7.1\lib\agents\gradle-instrumentation-agent-9.7.1.jar org.gradle.launcher.daemon.bootstrap.GradleDaemon 9.7.1

Host: 11th Gen Intel(R) Core(TM) i5-1135G7 @ 2.40GHz, 8 cores, 7G,  Windows 11 , 64 bit Build 26100 (10.0.26100.9444)
Time: Sat Sep 26 12:10:24 2026 Bangladesh Standard Time elapsed time: 38.315248 seconds (0d 0h 0m 38s)

---------------  T H R E A D  ---------------

Current thread (0x0000021c6f3274a0):  JavaThread "C2 CompilerThread0" daemon [_thread_in_native, id=41004, stack(0x0000009861c00000,0x0000009861d00000) (1024K)]


Current CompileTask:
C2:38315 6502       4       org.objectweb.asm.MethodWriter::computeAllFrames (510 bytes)

Stack: [0x0000009861c00000,0x0000009861d00000]
Native frames: (J=compiled Java code, j=interpreted, Vv=VM code, C=native code)
V  [jvm.dll+0x6d83e9]
V  [jvm.dll+0x8b5736]
V  [jvm.dll+0x8b7cee]
V  [jvm.dll+0x8b83d3]
V  [jvm.dll+0x284596]
V  [jvm.dll+0xc685d]
V  [jvm.dll+0xc6da1]
V  [jvm.dll+0x3bf151]
V  [jvm.dll+0x38b6d2]
V  [jvm.dll+0x38ab1a]
V  [jvm.dll+0x24c700]
V  [jvm.dll+0x24bce0]
V  [jvm.dll+0x1cb4ae]
V  [jvm.dll+0x25baad]
V  [jvm.dll+0x25a03a]
V  [jvm.dll+0x3f8aae]
V  [jvm.dll+0x8600cd]
V  [jvm.dll+0x6d6c1d]
C  [ucrtbase.dll+0x2cd30]
C  [KERNEL32.DLL+0x2cd87]
C  [ntdll.dll+0xacaec]


---------------  P R O C E S S  ---------------

Threads class SMR info:
_java_thread_list=0x0000021c75b6d240, length=47, elements={
0x0000021c5995e7d0, 0x0000021c6f312590, 0x0000021c6f313d10, 0x0000021c6f324090,
0x0000021c6f31d5c0, 0x0000021c6f31e020, 0x0000021c6f326b00, 0x0000021c6f3274a0,
0x0000021c6f360810, 0x0000021c6f54f6a0, 0x0000021c6f5d6c80, 0x0000021c752a6260,
0x0000021c751b02f0, 0x0000021c6f537da0, 0x0000021c6f7fa9f0, 0x0000021c75843f50,
0x0000021c7591bfe0, 0x0000021c6f7c3390, 0x0000021c74537450, 0x0000021c745360a0,
0x0000021c74536730, 0x0000021c74537ae0, 0x0000021c74538170, 0x0000021c74536dc0,
0x0000021c74534cf0, 0x0000021c75f7a970, 0x0000021c75f7bd20, 0x0000021c75f788a0,
0x0000021c75f7a2e0, 0x0000021c75f78f30, 0x0000021c75f7ca40, 0x0000021c75f79c50,
0x0000021c75f795c0, 0x0000021c75f7b690, 0x0000021c75f7b000, 0x0000021c75f7d0d0,
0x0000021c75f7eb10, 0x0000021c75f7d760, 0x0000021c75f7f1a0, 0x0000021c75f7f830,
0x0000021c75f7fec0, 0x0000021c77d29d10, 0x0000021c77d2bde0, 0x0000021c77d2aa30,
0x0000021c77d2a3a0, 0x0000021c77d2b0c0, 0x0000021c77d2b750
}

Java Threads: ( => current thread )
  0x0000021c5995e7d0 JavaThread "main"                              [_thread_blocked, id=56304, stack(0x0000009860e00000,0x0000009860f00000) (1024K)]
  0x0000021c6f312590 JavaThread "Reference Handler"          daemon [_thread_blocked, id=45360, stack(0x0000009861600000,0x0000009861700000) (1024K)]
  0x0000021c6f313d10 JavaThread "Finalizer"                  daemon [_thread_blocked, id=28784, stack(0x0000009861700000,0x0000009861800000) (1024K)]
  0x0000021c6f324090 JavaThread "Signal Dispatcher"          daemon [_thread_blocked, id=48120, stack(0x0000009861800000,0x0000009861900000) (1024K)]
  0x0000021c6f31d5c0 JavaThread "Attach Listener"            daemon [_thread_blocked, id=44556, stack(0x0000009861900000,0x0000009861a00000) (1024K)]
  0x0000021c6f31e020 JavaThread "Service Thread"             daemon [_thread_blocked, id=40340, stack(0x0000009861a00000,0x0000009861b00000) (1024K)]
  0x0000021c6f326b00 JavaThread "Monitor Deflation Thread"   daemon [_thread_blocked, id=54700, stack(0x0000009861b00000,0x0000009861c00000) (1024K)]
=>0x0000021c6f3274a0 JavaThread "C2 CompilerThread0"         daemon [_thread_in_native, id=41004, stack(0x0000009861c00000,0x0000009861d00000) (1024K)]
  0x0000021c6f360810 JavaThread "C1 CompilerThread0"         daemon [_thread_blocked, id=19612, stack(0x0000009861d00000,0x0000009861e00000) (1024K)]
  0x0000021c6f54f6a0 JavaThread "Common-Cleaner"             daemon [_thread_blocked, id=4300, stack(0x0000009861e00000,0x0000009861f00000) (1024K)]
  0x0000021c6f5d6c80 JavaThread "Notification Thread"        daemon [_thread_blocked, id=44260, stack(0x0000009861f00000,0x0000009862000000) (1024K)]
  0x0000021c752a6260 JavaThread "Daemon health stats"               [_thread_blocked, id=45136, stack(0x0000009862500000,0x0000009862600000) (1024K)]
  0x0000021c751b02f0 JavaThread "Incoming local TCP Connector on port 58777"        [_thread_in_native, id=6236, stack(0x0000009862600000,0x0000009862700000) (1024K)]
  0x0000021c6f537da0 JavaThread "Daemon periodic checks"            [_thread_blocked, id=62024, stack(0x0000009862700000,0x0000009862800000) (1024K)]
  0x0000021c6f7fa9f0 JavaThread "Daemon"                            [_thread_blocked, id=42532, stack(0x0000009862800000,0x0000009862900000) (1024K)]
  0x0000021c75843f50 JavaThread "Handler for socket connection from /127.0.0.1:58777 to /127.0.0.1:58779"        [_thread_in_native, id=22116, stack(0x0000009862900000,0x0000009862a00000) (1024K)]
  0x0000021c7591bfe0 JavaThread "Cancel handler"                    [_thread_blocked, id=56756, stack(0x0000009862a00000,0x0000009862b00000) (1024K)]
  0x0000021c6f7c3390 JavaThread "Daemon worker"                     [_thread_in_vm, id=21724, stack(0x0000009862b00000,0x0000009862c00000) (1024K)]
  0x0000021c74537450 JavaThread "Asynchronous log dispatcher for DefaultDaemonConnection: socket connection from /127.0.0.1:58777 to /127.0.0.1:58779"        [_thread_blocked, id=13348, stack(0x0000009862c00000,0x0000009862d00000) (1024K)]
  0x0000021c745360a0 JavaThread "Stdin handler"                     [_thread_blocked, id=6840, stack(0x0000009862d00000,0x0000009862e00000) (1024K)]
  0x0000021c74536730 JavaThread "Daemon client event forwarder"        [_thread_blocked, id=26644, stack(0x0000009862e00000,0x0000009862f00000) (1024K)]
  0x0000021c74537ae0 JavaThread "Cache worker for journal cache (C:\Users\User\.gradle\caches\journal-1)"        [_thread_blocked, id=10136, stack(0x0000009862f00000,0x0000009863000000) (1024K)]
  0x0000021c74538170 JavaThread "File lock request listener"        [_thread_in_native, id=50380, stack(0x0000009863000000,0x0000009863100000) (1024K)]
  0x0000021c74536dc0 JavaThread "File lock release action executor"        [_thread_blocked, id=33024, stack(0x0000009863100000,0x0000009863200000) (1024K)]
  0x0000021c74534cf0 JavaThread "Cache worker for file hash cache (C:\Users\User\.gradle\caches\9.7.1\fileHashes)"        [_thread_blocked, id=3724, stack(0x0000009863200000,0x0000009863300000) (1024K)]
  0x0000021c75f7a970 JavaThread "Cache worker for file hash cache (E:\AOOP\TryOnBD\backend\.gradle\9.7.1\fileHashes)"        [_thread_blocked, id=10328, stack(0x0000009863600000,0x0000009863700000) (1024K)]
  0x0000021c75f7bd20 JavaThread "Cache worker for Build Output Cleanup Cache (E:\AOOP\TryOnBD\backend\.gradle\buildOutputCleanup)"        [_thread_blocked, id=4804, stack(0x0000009863700000,0x0000009863800000) (1024K)]
  0x0000021c75f788a0 JavaThread "File watcher server"        daemon [_thread_in_native, id=6736, stack(0x0000009863800000,0x0000009863900000) (1024K)]
  0x0000021c75f7a2e0 JavaThread "File watcher consumer"      daemon [_thread_blocked, id=58520, stack(0x0000009863900000,0x0000009863a00000) (1024K)]
  0x0000021c75f78f30 JavaThread "Cache worker for file content cache (C:\Users\User\.gradle\caches\9.7.1\fileContent)"        [_thread_blocked, id=17276, stack(0x0000009863a00000,0x0000009863b00000) (1024K)]
  0x0000021c75f7ca40 JavaThread "Cache worker for checksums cache (E:\AOOP\TryOnBD\backend\.gradle\9.7.1\checksums)"        [_thread_blocked, id=38408, stack(0x0000009863b00000,0x0000009863c00000) (1024K)]
  0x0000021c75f79c50 JavaThread "Cache worker for cache directory md-supplier (C:\Users\User\.gradle\caches\9.7.1\md-supplier)"        [_thread_blocked, id=37012, stack(0x0000009863c00000,0x0000009863d00000) (1024K)]
  0x0000021c75f795c0 JavaThread "Cache worker for cache directory md-rule (C:\Users\User\.gradle\caches\9.7.1\md-rule)"        [_thread_blocked, id=54592, stack(0x0000009863d00000,0x0000009863e00000) (1024K)]
  0x0000021c75f7b690 JavaThread "jar transforms"                    [_thread_blocked, id=26200, stack(0x0000009863e00000,0x0000009863f00000) (1024K)]
  0x0000021c75f7b000 JavaThread "jar transforms Thread 2"           [_thread_blocked, id=26204, stack(0x0000009863f00000,0x0000009864000000) (1024K)]
  0x0000021c75f7d0d0 JavaThread "jar transforms Thread 3"           [_thread_blocked, id=41924, stack(0x0000009864000000,0x0000009864100000) (1024K)]
  0x0000021c75f7eb10 JavaThread "jar transforms Thread 4"           [_thread_blocked, id=55860, stack(0x0000009864100000,0x0000009864200000) (1024K)]
  0x0000021c75f7d760 JavaThread "jar transforms Thread 5"           [_thread_blocked, id=28596, stack(0x0000009864200000,0x0000009864300000) (1024K)]
  0x0000021c75f7f1a0 JavaThread "Build operations"                  [_thread_blocked, id=44952, stack(0x0000009860c00000,0x0000009860d00000) (1024K)]
  0x0000021c75f7f830 JavaThread "Build operations Thread 2"         [_thread_blocked, id=22848, stack(0x0000009864300000,0x0000009864400000) (1024K)]
  0x0000021c75f7fec0 JavaThread "Build operations Thread 3"         [_thread_blocked, id=13044, stack(0x0000009864400000,0x0000009864500000) (1024K)]
  0x0000021c77d29d10 JavaThread "Build operations Thread 4"         [_thread_blocked, id=56404, stack(0x0000009864500000,0x0000009864600000) (1024K)]
  0x0000021c77d2bde0 JavaThread "Build operations Thread 5"         [_thread_blocked, id=22384, stack(0x0000009864600000,0x0000009864700000) (1024K)]
  0x0000021c77d2aa30 JavaThread "Build operations Thread 6"         [_thread_blocked, id=41636, stack(0x0000009864700000,0x0000009864800000) (1024K)]
  0x0000021c77d2a3a0 JavaThread "Build operations Thread 7"         [_thread_blocked, id=28228, stack(0x0000009864800000,0x0000009864900000) (1024K)]
  0x0000021c77d2b0c0 JavaThread "Build operations Thread 8"         [_thread_blocked, id=22092, stack(0x0000009864900000,0x0000009864a00000) (1024K)]
  0x0000021c77d2b750 JavaThread "Memory manager"                    [_thread_blocked, id=8500, stack(0x0000009864a00000,0x0000009864b00000) (1024K)]
Total: 47

Other Threads:
  0x0000021c6f2f3d80 VMThread "VM Thread"                           [id=43572, stack(0x0000009861500000,0x0000009861600000) (1024K)]
  0x0000021c6f2e5750 WatcherThread "VM Periodic Task Thread"        [id=28456, stack(0x0000009861400000,0x0000009861500000) (1024K)]
  0x0000021c59988bb0 WorkerThread "GC Thread#0"                     [id=2116, stack(0x0000009860f00000,0x0000009861000000) (1024K)]
  0x0000021c6fe0e2d0 WorkerThread "GC Thread#1"                     [id=37260, stack(0x0000009862000000,0x0000009862100000) (1024K)]
  0x0000021c6fe0e680 WorkerThread "GC Thread#2"                     [id=50712, stack(0x0000009862100000,0x0000009862200000) (1024K)]
  0x0000021c6fe0ea30 WorkerThread "GC Thread#3"                     [id=22164, stack(0x0000009862200000,0x0000009862300000) (1024K)]
  0x0000021c741a69d0 WorkerThread "GC Thread#4"                     [id=17984, stack(0x0000009862300000,0x0000009862400000) (1024K)]
  0x0000021c741a74e0 WorkerThread "GC Thread#5"                     [id=40052, stack(0x0000009862400000,0x0000009862500000) (1024K)]
  0x0000021c757b8230 WorkerThread "GC Thread#6"                     [id=45676, stack(0x0000009863300000,0x0000009863400000) (1024K)]
  0x0000021c757b6fc0 WorkerThread "GC Thread#7"                     [id=50576, stack(0x0000009863400000,0x0000009863500000) (1024K)]
  0x0000021c5998dab0 ConcurrentGCThread "G1 Main Marker"            [id=15864, stack(0x0000009861000000,0x0000009861100000) (1024K)]
  0x0000021c5998ece0 WorkerThread "G1 Conc#0"                       [id=49176, stack(0x0000009861100000,0x0000009861200000) (1024K)]
  0x0000021c757b7ad0 WorkerThread "G1 Conc#1"                       [id=25644, stack(0x0000009863500000,0x0000009863600000) (1024K)]
  0x0000021c6f1b22e0 ConcurrentGCThread "G1 Refine#0"               [id=37284, stack(0x0000009861200000,0x0000009861300000) (1024K)]
  0x0000021c6f1b3c80 ConcurrentGCThread "G1 Service"                [id=51028, stack(0x0000009861300000,0x0000009861400000) (1024K)]
Total: 15

Threads with active compile tasks:
C2 CompilerThread0  38379 6502       4       org.objectweb.asm.MethodWriter::computeAllFrames (510 bytes)
Total: 1

VM state: not at safepoint (normal execution)

VM Mutex/Monitor currently owned by a thread: None

Heap address: 0x00000000e0000000, size: 512 MB, Compressed Oops mode: 32-bit

CDS archive(s) mapped at: [0x0000021c00000000-0x0000021c00ba0000-0x0000021c00ba0000), size 12189696, SharedBaseAddress: 0x0000021c00000000, ArchiveRelocationMode: 1.
Compressed class space mapped at: 0x0000021c01000000-0x0000021c15000000, reserved size: 335544320
Narrow klass base: 0x0000021c00000000, Narrow klass shift: 0, Narrow klass range: 0x100000000

GC Precious Log:
 CardTable entry size: 512
 Card Set container configuration: InlinePtr #cards 5 size 8 Array Of Cards #cards 12 size 40 Howl #buckets 4 coarsen threshold 1843 Howl Bitmap #cards 512 size 80 coarsen threshold 460 Card regions per heap region 1 cards per card region 2048
 CPUs: 8 total, 8 available
 Memory: 7932M
 Large Page Support: Disabled
 NUMA Support: Disabled
 Compressed Oops: Enabled (32-bit)
 Heap Region Size: 1M
 Heap Min Capacity: 256M
 Heap Initial Capacity: 256M
 Heap Max Capacity: 512M
 Pre-touch: Disabled
 Parallel Workers: 8
 Concurrent Workers: 2
 Concurrent Refinement Workers: 8
 Periodic GC: Disabled

Heap:
 garbage-first heap   total 262144K, used 43435K [0x00000000e0000000, 0x0000000100000000)
  region size 1024K, 22 young (22528K), 18 survivors (18432K)
 Metaspace       used 50499K, committed 52544K, reserved 393216K
  class space    used 7670K, committed 8640K, reserved 327680K

Heap Regions: E=young(eden), S=young(survivor), O=old, HS=humongous(starts), HC=humongous(continues), CS=collection set, F=free, TAMS=top-at-mark-start, PB=parsable bottom
|   0|0x00000000e0000000, 0x00000000e0100000, 0x00000000e0100000|100%|HS|  |TAMS 0x00000000e0000000| PB 0x00000000e0000000| Complete 
|   1|0x00000000e0100000, 0x00000000e0200000, 0x00000000e0200000|100%|HC|  |TAMS 0x00000000e0100000| PB 0x00000000e0100000| Complete 
|   2|0x00000000e0200000, 0x00000000e0300000, 0x00000000e0300000|100%|HC|  |TAMS 0x00000000e0200000| PB 0x00000000e0200000| Complete 
|   3|0x00000000e0300000, 0x00000000e0400000, 0x00000000e0400000|100%|HC|  |TAMS 0x00000000e0300000| PB 0x00000000e0300000| Complete 
|   4|0x00000000e0400000, 0x00000000e0500000, 0x00000000e0500000|100%| O|  |TAMS 0x00000000e0400000| PB 0x00000000e0400000| Untracked 
|   5|0x00000000e0500000, 0x00000000e0600000, 0x00000000e0600000|100%| O|  |TAMS 0x00000000e0500000| PB 0x00000000e0500000| Untracked 
|   6|0x00000000e0600000, 0x00000000e0700000, 0x00000000e0700000|100%| O|  |TAMS 0x00000000e0600000| PB 0x00000000e0600000| Untracked 
|   7|0x00000000e0700000, 0x00000000e0800000, 0x00000000e0800000|100%| O|  |TAMS 0x00000000e0700000| PB 0x00000000e0700000| Untracked 
|   8|0x00000000e0800000, 0x00000000e0800000, 0x00000000e0900000|  0%| F|  |TAMS 0x00000000e0800000| PB 0x00000000e0800000| Untracked 
|   9|0x00000000e0900000, 0x00000000e0a00000, 0x00000000e0a00000|100%| O|  |TAMS 0x00000000e0900000| PB 0x00000000e0900000| Untracked 
|  10|0x00000000e0a00000, 0x00000000e0b00000, 0x00000000e0b00000|100%| O|  |TAMS 0x00000000e0a00000| PB 0x00000000e0a00000| Untracked 
|  11|0x00000000e0b00000, 0x00000000e0c00000, 0x00000000e0c00000|100%|HS|  |TAMS 0x00000000e0b00000| PB 0x00000000e0b00000| Complete 
|  12|0x00000000e0c00000, 0x00000000e0d00000, 0x00000000e0d00000|100%| O|  |TAMS 0x00000000e0c00000| PB 0x00000000e0c00000| Untracked 
|  13|0x00000000e0d00000, 0x00000000e0e00000, 0x00000000e0e00000|100%| O|  |TAMS 0x00000000e0d00000| PB 0x00000000e0d00000| Untracked 
|  14|0x00000000e0e00000, 0x00000000e0f00000, 0x00000000e0f00000|100%| O|  |TAMS 0x00000000e0e00000| PB 0x00000000e0e00000| Untracked 
|  15|0x00000000e0f00000, 0x00000000e1000000, 0x00000000e1000000|100%| O|  |TAMS 0x00000000e0f00000| PB 0x00000000e0f00000| Untracked 
|  16|0x00000000e1000000, 0x00000000e1100000, 0x00000000e1100000|100%| O|  |TAMS 0x00000000e1000000| PB 0x00000000e1000000| Untracked 
|  17|0x00000000e1100000, 0x00000000e1200000, 0x00000000e1200000|100%| O|  |TAMS 0x00000000e1100000| PB 0x00000000e1100000| Untracked 
|  18|0x00000000e1200000, 0x00000000e1300000, 0x00000000e1300000|100%| O|  |TAMS 0x00000000e1200000| PB 0x00000000e1200000| Untracked 
|  19|0x00000000e1300000, 0x00000000e1400000, 0x00000000e1400000|100%| O|  |TAMS 0x00000000e1300000| PB 0x00000000e1300000| Untracked 
|  20|0x00000000e1400000, 0x00000000e1500000, 0x00000000e1500000|100%| O|  |TAMS 0x00000000e1400000| PB 0x00000000e1400000| Untracked 
|  21|0x00000000e1500000, 0x00000000e1600000, 0x00000000e1600000|100%| O|  |TAMS 0x00000000e1500000| PB 0x00000000e1500000| Untracked 
|  22|0x00000000e1600000, 0x00000000e1700000, 0x00000000e1700000|100%| O|Cm|TAMS 0x00000000e1600000| PB 0x00000000e1600000| Complete 
|  23|0x00000000e1700000, 0x00000000e173a7b0, 0x00000000e1800000| 22%| O|  |TAMS 0x00000000e1700000| PB 0x00000000e1700000| Untracked 
|  24|0x00000000e1800000, 0x00000000e1800000, 0x00000000e1900000|  0%| F|  |TAMS 0x00000000e1800000| PB 0x00000000e1800000| Untracked 
|  25|0x00000000e1900000, 0x00000000e1900000, 0x00000000e1a00000|  0%| F|  |TAMS 0x00000000e1900000| PB 0x00000000e1900000| Untracked 
|  26|0x00000000e1a00000, 0x00000000e1a00000, 0x00000000e1b00000|  0%| F|  |TAMS 0x00000000e1a00000| PB 0x00000000e1a00000| Untracked 
|  27|0x00000000e1b00000, 0x00000000e1b00000, 0x00000000e1c00000|  0%| F|  |TAMS 0x00000000e1b00000| PB 0x00000000e1b00000| Untracked 
|  28|0x00000000e1c00000, 0x00000000e1c00000, 0x00000000e1d00000|  0%| F|  |TAMS 0x00000000e1c00000| PB 0x00000000e1c00000| Untracked 
|  29|0x00000000e1d00000, 0x00000000e1d00000, 0x00000000e1e00000|  0%| F|  |TAMS 0x00000000e1d00000| PB 0x00000000e1d00000| Untracked 
|  30|0x00000000e1e00000, 0x00000000e1e00000, 0x00000000e1f00000|  0%| F|  |TAMS 0x00000000e1e00000| PB 0x00000000e1e00000| Untracked 
|  31|0x00000000e1f00000, 0x00000000e1f00000, 0x00000000e2000000|  0%| F|  |TAMS 0x00000000e1f00000| PB 0x00000000e1f00000| Untracked 
|  32|0x00000000e2000000, 0x00000000e2000000, 0x00000000e2100000|  0%| F|  |TAMS 0x00000000e2000000| PB 0x00000000e2000000| Untracked 
|  33|0x00000000e2100000, 0x00000000e2100000, 0x00000000e2200000|  0%| F|  |TAMS 0x00000000e2100000| PB 0x00000000e2100000| Untracked 
|  34|0x00000000e2200000, 0x00000000e2200000, 0x00000000e2300000|  0%| F|  |TAMS 0x00000000e2200000| PB 0x00000000e2200000| Untracked 
|  35|0x00000000e2300000, 0x00000000e2300000, 0x00000000e2400000|  0%| F|  |TAMS 0x00000000e2300000| PB 0x00000000e2300000| Untracked 
|  36|0x00000000e2400000, 0x00000000e2400000, 0x00000000e2500000|  0%| F|  |TAMS 0x00000000e2400000| PB 0x00000000e2400000| Untracked 
|  37|0x00000000e2500000, 0x00000000e2500000, 0x00000000e2600000|  0%| F|  |TAMS 0x00000000e2500000| PB 0x00000000e2500000| Untracked 
|  38|0x00000000e2600000, 0x00000000e2600000, 0x00000000e2700000|  0%| F|  |TAMS 0x00000000e2600000| PB 0x00000000e2600000| Untracked 
|  39|0x00000000e2700000, 0x00000000e2700000, 0x00000000e2800000|  0%| F|  |TAMS 0x00000000e2700000| PB 0x00000000e2700000| Untracked 
|  40|0x00000000e2800000, 0x00000000e2800000, 0x00000000e2900000|  0%| F|  |TAMS 0x00000000e2800000| PB 0x00000000e2800000| Untracked 
|  41|0x00000000e2900000, 0x00000000e2900000, 0x00000000e2a00000|  0%| F|  |TAMS 0x00000000e2900000| PB 0x00000000e2900000| Untracked 
|  42|0x00000000e2a00000, 0x00000000e2a00000, 0x00000000e2b00000|  0%| F|  |TAMS 0x00000000e2a00000| PB 0x00000000e2a00000| Untracked 
|  43|0x00000000e2b00000, 0x00000000e2b00000, 0x00000000e2c00000|  0%| F|  |TAMS 0x00000000e2b00000| PB 0x00000000e2b00000| Untracked 
|  44|0x00000000e2c00000, 0x00000000e2c00000, 0x00000000e2d00000|  0%| F|  |TAMS 0x00000000e2c00000| PB 0x00000000e2c00000| Untracked 
|  45|0x00000000e2d00000, 0x00000000e2d00000, 0x00000000e2e00000|  0%| F|  |TAMS 0x00000000e2d00000| PB 0x00000000e2d00000| Untracked 
|  46|0x00000000e2e00000, 0x00000000e2e00000, 0x00000000e2f00000|  0%| F|  |TAMS 0x00000000e2e00000| PB 0x00000000e2e00000| Untracked 
|  47|0x00000000e2f00000, 0x00000000e2f00000, 0x00000000e3000000|  0%| F|  |TAMS 0x00000000e2f00000| PB 0x00000000e2f00000| Untracked 
|  48|0x00000000e3000000, 0x00000000e3000000, 0x00000000e3100000|  0%| F|  |TAMS 0x00000000e3000000| PB 0x00000000e3000000| Untracked 
|  49|0x00000000e3100000, 0x00000000e3100000, 0x00000000e3200000|  0%| F|  |TAMS 0x00000000e3100000| PB 0x00000000e3100000| Untracked 
|  50|0x00000000e3200000, 0x00000000e3200000, 0x00000000e3300000|  0%| F|  |TAMS 0x00000000e3200000| PB 0x00000000e3200000| Untracked 
|  51|0x00000000e3300000, 0x00000000e3300000, 0x00000000e3400000|  0%| F|  |TAMS 0x00000000e3300000| PB 0x00000000e3300000| Untracked 
|  52|0x00000000e3400000, 0x00000000e3400000, 0x00000000e3500000|  0%| F|  |TAMS 0x00000000e3400000| PB 0x00000000e3400000| Untracked 
|  53|0x00000000e3500000, 0x00000000e3500000, 0x00000000e3600000|  0%| F|  |TAMS 0x00000000e3500000| PB 0x00000000e3500000| Untracked 
|  54|0x00000000e3600000, 0x00000000e3600000, 0x00000000e3700000|  0%| F|  |TAMS 0x00000000e3600000| PB 0x00000000e3600000| Untracked 
|  55|0x00000000e3700000, 0x00000000e3700000, 0x00000000e3800000|  0%| F|  |TAMS 0x00000000e3700000| PB 0x00000000e3700000| Untracked 
|  56|0x00000000e3800000, 0x00000000e3800000, 0x00000000e3900000|  0%| F|  |TAMS 0x00000000e3800000| PB 0x00000000e3800000| Untracked 
|  57|0x00000000e3900000, 0x00000000e3900000, 0x00000000e3a00000|  0%| F|  |TAMS 0x00000000e3900000| PB 0x00000000e3900000| Untracked 
|  58|0x00000000e3a00000, 0x00000000e3a00000, 0x00000000e3b00000|  0%| F|  |TAMS 0x00000000e3a00000| PB 0x00000000e3a00000| Untracked 
|  59|0x00000000e3b00000, 0x00000000e3b00000, 0x00000000e3c00000|  0%| F|  |TAMS 0x00000000e3b00000| PB 0x00000000e3b00000| Untracked 
|  60|0x00000000e3c00000, 0x00000000e3c00000, 0x00000000e3d00000|  0%| F|  |TAMS 0x00000000e3c00000| PB 0x00000000e3c00000| Untracked 
|  61|0x00000000e3d00000, 0x00000000e3d00000, 0x00000000e3e00000|  0%| F|  |TAMS 0x00000000e3d00000| PB 0x00000000e3d00000| Untracked 
|  62|0x00000000e3e00000, 0x00000000e3e00000, 0x00000000e3f00000|  0%| F|  |TAMS 0x00000000e3e00000| PB 0x00000000e3e00000| Untracked 
|  63|0x00000000e3f00000, 0x00000000e3f00000, 0x00000000e4000000|  0%| F|  |TAMS 0x00000000e3f00000| PB 0x00000000e3f00000| Untracked 
|  64|0x00000000e4000000, 0x00000000e4000000, 0x00000000e4100000|  0%| F|  |TAMS 0x00000000e4000000| PB 0x00000000e4000000| Untracked 
|  65|0x00000000e4100000, 0x00000000e4100000, 0x00000000e4200000|  0%| F|  |TAMS 0x00000000e4100000| PB 0x00000000e4100000| Untracked 
|  66|0x00000000e4200000, 0x00000000e4200000, 0x00000000e4300000|  0%| F|  |TAMS 0x00000000e4200000| PB 0x00000000e4200000| Untracked 
|  67|0x00000000e4300000, 0x00000000e4300000, 0x00000000e4400000|  0%| F|  |TAMS 0x00000000e4300000| PB 0x00000000e4300000| Untracked 
|  68|0x00000000e4400000, 0x00000000e4400000, 0x00000000e4500000|  0%| F|  |TAMS 0x00000000e4400000| PB 0x00000000e4400000| Untracked 
|  69|0x00000000e4500000, 0x00000000e4500000, 0x00000000e4600000|  0%| F|  |TAMS 0x00000000e4500000| PB 0x00000000e4500000| Untracked 
|  70|0x00000000e4600000, 0x00000000e4600000, 0x00000000e4700000|  0%| F|  |TAMS 0x00000000e4600000| PB 0x00000000e4600000| Untracked 
|  71|0x00000000e4700000, 0x00000000e4700000, 0x00000000e4800000|  0%| F|  |TAMS 0x00000000e4700000| PB 0x00000000e4700000| Untracked 
|  72|0x00000000e4800000, 0x00000000e4800000, 0x00000000e4900000|  0%| F|  |TAMS 0x00000000e4800000| PB 0x00000000e4800000| Untracked 
|  73|0x00000000e4900000, 0x00000000e4900000, 0x00000000e4a00000|  0%| F|  |TAMS 0x00000000e4900000| PB 0x00000000e4900000| Untracked 
|  74|0x00000000e4a00000, 0x00000000e4a00000, 0x00000000e4b00000|  0%| F|  |TAMS 0x00000000e4a00000| PB 0x00000000e4a00000| Untracked 
|  75|0x00000000e4b00000, 0x00000000e4b00000, 0x00000000e4c00000|  0%| F|  |TAMS 0x00000000e4b00000| PB 0x00000000e4b00000| Untracked 
|  76|0x00000000e4c00000, 0x00000000e4c00000, 0x00000000e4d00000|  0%| F|  |TAMS 0x00000000e4c00000| PB 0x00000000e4c00000| Untracked 
|  77|0x00000000e4d00000, 0x00000000e4d00000, 0x00000000e4e00000|  0%| F|  |TAMS 0x00000000e4d00000| PB 0x00000000e4d00000| Untracked 
|  78|0x00000000e4e00000, 0x00000000e4e00000, 0x00000000e4f00000|  0%| F|  |TAMS 0x00000000e4e00000| PB 0x00000000e4e00000| Untracked 
|  79|0x00000000e4f00000, 0x00000000e4f00000, 0x00000000e5000000|  0%| F|  |TAMS 0x00000000e4f00000| PB 0x00000000e4f00000| Untracked 
|  80|0x00000000e5000000, 0x00000000e5000000, 0x00000000e5100000|  0%| F|  |TAMS 0x00000000e5000000| PB 0x00000000e5000000| Untracked 
|  81|0x00000000e5100000, 0x00000000e5100000, 0x00000000e5200000|  0%| F|  |TAMS 0x00000000e5100000| PB 0x00000000e5100000| Untracked 
|  82|0x00000000e5200000, 0x00000000e5200000, 0x00000000e5300000|  0%| F|  |TAMS 0x00000000e5200000| PB 0x00000000e5200000| Untracked 
|  83|0x00000000e5300000, 0x00000000e5300000, 0x00000000e5400000|  0%| F|  |TAMS 0x00000000e5300000| PB 0x00000000e5300000| Untracked 
|  84|0x00000000e5400000, 0x00000000e5400000, 0x00000000e5500000|  0%| F|  |TAMS 0x00000000e5400000| PB 0x00000000e5400000| Untracked 
|  85|0x00000000e5500000, 0x00000000e55305f0, 0x00000000e5600000| 18%| S|CS|TAMS 0x00000000e5500000| PB 0x00000000e5500000| Complete 
|  86|0x00000000e5600000, 0x00000000e5700000, 0x00000000e5700000|100%| S|CS|TAMS 0x00000000e5600000| PB 0x00000000e5600000| Complete 
|  87|0x00000000e5700000, 0x00000000e5800000, 0x00000000e5800000|100%| S|CS|TAMS 0x00000000e5700000| PB 0x00000000e5700000| Complete 
|  88|0x00000000e5800000, 0x00000000e5900000, 0x00000000e5900000|100%| S|CS|TAMS 0x00000000e5800000| PB 0x00000000e5800000| Complete 
|  89|0x00000000e5900000, 0x00000000e5a00000, 0x00000000e5a00000|100%| S|CS|TAMS 0x00000000e5900000| PB 0x00000000e5900000| Complete 
|  90|0x00000000e5a00000, 0x00000000e5b00000, 0x00000000e5b00000|100%| S|CS|TAMS 0x00000000e5a00000| PB 0x00000000e5a00000| Complete 
|  91|0x00000000e5b00000, 0x00000000e5c00000, 0x00000000e5c00000|100%| S|CS|TAMS 0x00000000e5b00000| PB 0x00000000e5b00000| Complete 
|  92|0x00000000e5c00000, 0x00000000e5d00000, 0x00000000e5d00000|100%| S|CS|TAMS 0x00000000e5c00000| PB 0x00000000e5c00000| Complete 
|  93|0x00000000e5d00000, 0x00000000e5e00000, 0x00000000e5e00000|100%| S|CS|TAMS 0x00000000e5d00000| PB 0x00000000e5d00000| Complete 
|  94|0x00000000e5e00000, 0x00000000e5f00000, 0x00000000e5f00000|100%| S|CS|TAMS 0x00000000e5e00000| PB 0x00000000e5e00000| Complete 
|  95|0x00000000e5f00000, 0x00000000e6000000, 0x00000000e6000000|100%| S|CS|TAMS 0x00000000e5f00000| PB 0x00000000e5f00000| Complete 
|  96|0x00000000e6000000, 0x00000000e6100000, 0x00000000e6100000|100%| S|CS|TAMS 0x00000000e6000000| PB 0x00000000e6000000| Complete 
|  97|0x00000000e6100000, 0x00000000e6200000, 0x00000000e6200000|100%| S|CS|TAMS 0x00000000e6100000| PB 0x00000000e6100000| Complete 
|  98|0x00000000e6200000, 0x00000000e6300000, 0x00000000e6300000|100%| S|CS|TAMS 0x00000000e6200000| PB 0x00000000e6200000| Complete 
|  99|0x00000000e6300000, 0x00000000e6400000, 0x00000000e6400000|100%| S|CS|TAMS 0x00000000e6300000| PB 0x00000000e6300000| Complete 
| 100|0x00000000e6400000, 0x00000000e6500000, 0x00000000e6500000|100%| S|CS|TAMS 0x00000000e6400000| PB 0x00000000e6400000| Complete 
| 101|0x00000000e6500000, 0x00000000e6600000, 0x00000000e6600000|100%| S|CS|TAMS 0x00000000e6500000| PB 0x00000000e6500000| Complete 
| 102|0x00000000e6600000, 0x00000000e6700000, 0x00000000e6700000|100%| S|CS|TAMS 0x00000000e6600000| PB 0x00000000e6600000| Complete 
| 103|0x00000000e6700000, 0x00000000e6700000, 0x00000000e6800000|  0%| F|  |TAMS 0x00000000e6700000| PB 0x00000000e6700000| Untracked 
| 104|0x00000000e6800000, 0x00000000e6800000, 0x00000000e6900000|  0%| F|  |TAMS 0x00000000e6800000| PB 0x00000000e6800000| Untracked 
| 105|0x00000000e6900000, 0x00000000e6900000, 0x00000000e6a00000|  0%| F|  |TAMS 0x00000000e6900000| PB 0x00000000e6900000| Untracked 
| 106|0x00000000e6a00000, 0x00000000e6a00000, 0x00000000e6b00000|  0%| F|  |TAMS 0x00000000e6a00000| PB 0x00000000e6a00000| Untracked 
| 107|0x00000000e6b00000, 0x00000000e6b00000, 0x00000000e6c00000|  0%| F|  |TAMS 0x00000000e6b00000| PB 0x00000000e6b00000| Untracked 
| 108|0x00000000e6c00000, 0x00000000e6c00000, 0x00000000e6d00000|  0%| F|  |TAMS 0x00000000e6c00000| PB 0x00000000e6c00000| Untracked 
| 109|0x00000000e6d00000, 0x00000000e6d00000, 0x00000000e6e00000|  0%| F|  |TAMS 0x00000000e6d00000| PB 0x00000000e6d00000| Untracked 
| 110|0x00000000e6e00000, 0x00000000e6e00000, 0x00000000e6f00000|  0%| F|  |TAMS 0x00000000e6e00000| PB 0x00000000e6e00000| Untracked 
| 111|0x00000000e6f00000, 0x00000000e6f00000, 0x00000000e7000000|  0%| F|  |TAMS 0x00000000e6f00000| PB 0x00000000e6f00000| Untracked 
| 112|0x00000000e7000000, 0x00000000e7000000, 0x00000000e7100000|  0%| F|  |TAMS 0x00000000e7000000| PB 0x00000000e7000000| Untracked 
| 113|0x00000000e7100000, 0x00000000e7100000, 0x00000000e7200000|  0%| F|  |TAMS 0x00000000e7100000| PB 0x00000000e7100000| Untracked 
| 114|0x00000000e7200000, 0x00000000e7200000, 0x00000000e7300000|  0%| F|  |TAMS 0x00000000e7200000| PB 0x00000000e7200000| Untracked 
| 115|0x00000000e7300000, 0x00000000e7300000, 0x00000000e7400000|  0%| F|  |TAMS 0x00000000e7300000| PB 0x00000000e7300000| Untracked 
| 116|0x00000000e7400000, 0x00000000e7400000, 0x00000000e7500000|  0%| F|  |TAMS 0x00000000e7400000| PB 0x00000000e7400000| Untracked 
| 117|0x00000000e7500000, 0x00000000e7500000, 0x00000000e7600000|  0%| F|  |TAMS 0x00000000e7500000| PB 0x00000000e7500000| Untracked 
| 118|0x00000000e7600000, 0x00000000e7600000, 0x00000000e7700000|  0%| F|  |TAMS 0x00000000e7600000| PB 0x00000000e7600000| Untracked 
| 119|0x00000000e7700000, 0x00000000e7700000, 0x00000000e7800000|  0%| F|  |TAMS 0x00000000e7700000| PB 0x00000000e7700000| Untracked 
| 120|0x00000000e7800000, 0x00000000e7800000, 0x00000000e7900000|  0%| F|  |TAMS 0x00000000e7800000| PB 0x00000000e7800000| Untracked 
| 121|0x00000000e7900000, 0x00000000e7900000, 0x00000000e7a00000|  0%| F|  |TAMS 0x00000000e7900000| PB 0x00000000e7900000| Untracked 
| 122|0x00000000e7a00000, 0x00000000e7a00000, 0x00000000e7b00000|  0%| F|  |TAMS 0x00000000e7a00000| PB 0x00000000e7a00000| Untracked 
| 123|0x00000000e7b00000, 0x00000000e7b00000, 0x00000000e7c00000|  0%| F|  |TAMS 0x00000000e7b00000| PB 0x00000000e7b00000| Untracked 
| 124|0x00000000e7c00000, 0x00000000e7c00000, 0x00000000e7d00000|  0%| F|  |TAMS 0x00000000e7c00000| PB 0x00000000e7c00000| Untracked 
| 125|0x00000000e7d00000, 0x00000000e7d00000, 0x00000000e7e00000|  0%| F|  |TAMS 0x00000000e7d00000| PB 0x00000000e7d00000| Untracked 
| 126|0x00000000e7e00000, 0x00000000e7e00000, 0x00000000e7f00000|  0%| F|  |TAMS 0x00000000e7e00000| PB 0x00000000e7e00000| Untracked 
| 127|0x00000000e7f00000, 0x00000000e7f00000, 0x00000000e8000000|  0%| F|  |TAMS 0x00000000e7f00000| PB 0x00000000e7f00000| Untracked 
| 128|0x00000000e8000000, 0x00000000e8000000, 0x00000000e8100000|  0%| F|  |TAMS 0x00000000e8000000| PB 0x00000000e8000000| Untracked 
| 129|0x00000000e8100000, 0x00000000e8100000, 0x00000000e8200000|  0%| F|  |TAMS 0x00000000e8100000| PB 0x00000000e8100000| Untracked 
| 130|0x00000000e8200000, 0x00000000e8200000, 0x00000000e8300000|  0%| F|  |TAMS 0x00000000e8200000| PB 0x00000000e8200000| Untracked 
| 131|0x00000000e8300000, 0x00000000e8300000, 0x00000000e8400000|  0%| F|  |TAMS 0x00000000e8300000| PB 0x00000000e8300000| Untracked 
| 132|0x00000000e8400000, 0x00000000e8400000, 0x00000000e8500000|  0%| F|  |TAMS 0x00000000e8400000| PB 0x00000000e8400000| Untracked 
| 133|0x00000000e8500000, 0x00000000e8500000, 0x00000000e8600000|  0%| F|  |TAMS 0x00000000e8500000| PB 0x00000000e8500000| Untracked 
| 134|0x00000000e8600000, 0x00000000e8600000, 0x00000000e8700000|  0%| F|  |TAMS 0x00000000e8600000| PB 0x00000000e8600000| Untracked 
| 135|0x00000000e8700000, 0x00000000e8700000, 0x00000000e8800000|  0%| F|  |TAMS 0x00000000e8700000| PB 0x00000000e8700000| Untracked 
| 136|0x00000000e8800000, 0x00000000e8800000, 0x00000000e8900000|  0%| F|  |TAMS 0x00000000e8800000| PB 0x00000000e8800000| Untracked 
| 137|0x00000000e8900000, 0x00000000e8900000, 0x00000000e8a00000|  0%| F|  |TAMS 0x00000000e8900000| PB 0x00000000e8900000| Untracked 
| 138|0x00000000e8a00000, 0x00000000e8a00000, 0x00000000e8b00000|  0%| F|  |TAMS 0x00000000e8a00000| PB 0x00000000e8a00000| Untracked 
| 139|0x00000000e8b00000, 0x00000000e8b00000, 0x00000000e8c00000|  0%| F|  |TAMS 0x00000000e8b00000| PB 0x00000000e8b00000| Untracked 
| 140|0x00000000e8c00000, 0x00000000e8c00000, 0x00000000e8d00000|  0%| F|  |TAMS 0x00000000e8c00000| PB 0x00000000e8c00000| Untracked 
| 141|0x00000000e8d00000, 0x00000000e8d00000, 0x00000000e8e00000|  0%| F|  |TAMS 0x00000000e8d00000| PB 0x00000000e8d00000| Untracked 
| 142|0x00000000e8e00000, 0x00000000e8e00000, 0x00000000e8f00000|  0%| F|  |TAMS 0x00000000e8e00000| PB 0x00000000e8e00000| Untracked 
| 143|0x00000000e8f00000, 0x00000000e8f00000, 0x00000000e9000000|  0%| F|  |TAMS 0x00000000e8f00000| PB 0x00000000e8f00000| Untracked 
| 144|0x00000000e9000000, 0x00000000e9000000, 0x00000000e9100000|  0%| F|  |TAMS 0x00000000e9000000| PB 0x00000000e9000000| Untracked 
| 145|0x00000000e9100000, 0x00000000e9100000, 0x00000000e9200000|  0%| F|  |TAMS 0x00000000e9100000| PB 0x00000000e9100000| Untracked 
| 146|0x00000000e9200000, 0x00000000e9200000, 0x00000000e9300000|  0%| F|  |TAMS 0x00000000e9200000| PB 0x00000000e9200000| Untracked 
| 147|0x00000000e9300000, 0x00000000e9300000, 0x00000000e9400000|  0%| F|  |TAMS 0x00000000e9300000| PB 0x00000000e9300000| Untracked 
| 148|0x00000000e9400000, 0x00000000e9400000, 0x00000000e9500000|  0%| F|  |TAMS 0x00000000e9400000| PB 0x00000000e9400000| Untracked 
| 149|0x00000000e9500000, 0x00000000e9500000, 0x00000000e9600000|  0%| F|  |TAMS 0x00000000e9500000| PB 0x00000000e9500000| Untracked 
| 150|0x00000000e9600000, 0x00000000e9600000, 0x00000000e9700000|  0%| F|  |TAMS 0x00000000e9600000| PB 0x00000000e9600000| Untracked 
| 151|0x00000000e9700000, 0x00000000e9700000, 0x00000000e9800000|  0%| F|  |TAMS 0x00000000e9700000| PB 0x00000000e9700000| Untracked 
| 152|0x00000000e9800000, 0x00000000e9800000, 0x00000000e9900000|  0%| F|  |TAMS 0x00000000e9800000| PB 0x00000000e9800000| Untracked 
| 153|0x00000000e9900000, 0x00000000e9900000, 0x00000000e9a00000|  0%| F|  |TAMS 0x00000000e9900000| PB 0x00000000e9900000| Untracked 
| 154|0x00000000e9a00000, 0x00000000e9a00000, 0x00000000e9b00000|  0%| F|  |TAMS 0x00000000e9a00000| PB 0x00000000e9a00000| Untracked 
| 155|0x00000000e9b00000, 0x00000000e9b00000, 0x00000000e9c00000|  0%| F|  |TAMS 0x00000000e9b00000| PB 0x00000000e9b00000| Untracked 
| 156|0x00000000e9c00000, 0x00000000e9c00000, 0x00000000e9d00000|  0%| F|  |TAMS 0x00000000e9c00000| PB 0x00000000e9c00000| Untracked 
| 157|0x00000000e9d00000, 0x00000000e9d00000, 0x00000000e9e00000|  0%| F|  |TAMS 0x00000000e9d00000| PB 0x00000000e9d00000| Untracked 
| 158|0x00000000e9e00000, 0x00000000e9e00000, 0x00000000e9f00000|  0%| F|  |TAMS 0x00000000e9e00000| PB 0x00000000e9e00000| Untracked 
| 159|0x00000000e9f00000, 0x00000000e9f00000, 0x00000000ea000000|  0%| F|  |TAMS 0x00000000e9f00000| PB 0x00000000e9f00000| Untracked 
| 160|0x00000000ea000000, 0x00000000ea000000, 0x00000000ea100000|  0%| F|  |TAMS 0x00000000ea000000| PB 0x00000000ea000000| Untracked 
| 161|0x00000000ea100000, 0x00000000ea100000, 0x00000000ea200000|  0%| F|  |TAMS 0x00000000ea100000| PB 0x00000000ea100000| Untracked 
| 162|0x00000000ea200000, 0x00000000ea200000, 0x00000000ea300000|  0%| F|  |TAMS 0x00000000ea200000| PB 0x00000000ea200000| Untracked 
| 163|0x00000000ea300000, 0x00000000ea300000, 0x00000000ea400000|  0%| F|  |TAMS 0x00000000ea300000| PB 0x00000000ea300000| Untracked 
| 164|0x00000000ea400000, 0x00000000ea400000, 0x00000000ea500000|  0%| F|  |TAMS 0x00000000ea400000| PB 0x00000000ea400000| Untracked 
| 165|0x00000000ea500000, 0x00000000ea500000, 0x00000000ea600000|  0%| F|  |TAMS 0x00000000ea500000| PB 0x00000000ea500000| Untracked 
| 166|0x00000000ea600000, 0x00000000ea600000, 0x00000000ea700000|  0%| F|  |TAMS 0x00000000ea600000| PB 0x00000000ea600000| Untracked 
| 167|0x00000000ea700000, 0x00000000ea700000, 0x00000000ea800000|  0%| F|  |TAMS 0x00000000ea700000| PB 0x00000000ea700000| Untracked 
| 168|0x00000000ea800000, 0x00000000ea800000, 0x00000000ea900000|  0%| F|  |TAMS 0x00000000ea800000| PB 0x00000000ea800000| Untracked 
| 169|0x00000000ea900000, 0x00000000ea900000, 0x00000000eaa00000|  0%| F|  |TAMS 0x00000000ea900000| PB 0x00000000ea900000| Untracked 
| 170|0x00000000eaa00000, 0x00000000eaa00000, 0x00000000eab00000|  0%| F|  |TAMS 0x00000000eaa00000| PB 0x00000000eaa00000| Untracked 
| 171|0x00000000eab00000, 0x00000000eab00000, 0x00000000eac00000|  0%| F|  |TAMS 0x00000000eab00000| PB 0x00000000eab00000| Untracked 
| 172|0x00000000eac00000, 0x00000000eac00000, 0x00000000ead00000|  0%| F|  |TAMS 0x00000000eac00000| PB 0x00000000eac00000| Untracked 
| 173|0x00000000ead00000, 0x00000000ead00000, 0x00000000eae00000|  0%| F|  |TAMS 0x00000000ead00000| PB 0x00000000ead00000| Untracked 
| 174|0x00000000eae00000, 0x00000000eae00000, 0x00000000eaf00000|  0%| F|  |TAMS 0x00000000eae00000| PB 0x00000000eae00000| Untracked 
| 175|0x00000000eaf00000, 0x00000000eaf00000, 0x00000000eb000000|  0%| F|  |TAMS 0x00000000eaf00000| PB 0x00000000eaf00000| Untracked 
| 176|0x00000000eb000000, 0x00000000eb000000, 0x00000000eb100000|  0%| F|  |TAMS 0x00000000eb000000| PB 0x00000000eb000000| Untracked 
| 177|0x00000000eb100000, 0x00000000eb100000, 0x00000000eb200000|  0%| F|  |TAMS 0x00000000eb100000| PB 0x00000000eb100000| Untracked 
| 178|0x00000000eb200000, 0x00000000eb200000, 0x00000000eb300000|  0%| F|  |TAMS 0x00000000eb200000| PB 0x00000000eb200000| Untracked 
| 179|0x00000000eb300000, 0x00000000eb300000, 0x00000000eb400000|  0%| F|  |TAMS 0x00000000eb300000| PB 0x00000000eb300000| Untracked 
| 180|0x00000000eb400000, 0x00000000eb400000, 0x00000000eb500000|  0%| F|  |TAMS 0x00000000eb400000| PB 0x00000000eb400000| Untracked 
| 181|0x00000000eb500000, 0x00000000eb500000, 0x00000000eb600000|  0%| F|  |TAMS 0x00000000eb500000| PB 0x00000000eb500000| Untracked 
| 182|0x00000000eb600000, 0x00000000eb600000, 0x00000000eb700000|  0%| F|  |TAMS 0x00000000eb600000| PB 0x00000000eb600000| Untracked 
| 183|0x00000000eb700000, 0x00000000eb700000, 0x00000000eb800000|  0%| F|  |TAMS 0x00000000eb700000| PB 0x00000000eb700000| Untracked 
| 184|0x00000000eb800000, 0x00000000eb800000, 0x00000000eb900000|  0%| F|  |TAMS 0x00000000eb800000| PB 0x00000000eb800000| Untracked 
| 185|0x00000000eb900000, 0x00000000eb900000, 0x00000000eba00000|  0%| F|  |TAMS 0x00000000eb900000| PB 0x00000000eb900000| Untracked 
| 186|0x00000000eba00000, 0x00000000eba00000, 0x00000000ebb00000|  0%| F|  |TAMS 0x00000000eba00000| PB 0x00000000eba00000| Untracked 
| 187|0x00000000ebb00000, 0x00000000ebb00000, 0x00000000ebc00000|  0%| F|  |TAMS 0x00000000ebb00000| PB 0x00000000ebb00000| Untracked 
| 188|0x00000000ebc00000, 0x00000000ebc00000, 0x00000000ebd00000|  0%| F|  |TAMS 0x00000000ebc00000| PB 0x00000000ebc00000| Untracked 
| 189|0x00000000ebd00000, 0x00000000ebd00000, 0x00000000ebe00000|  0%| F|  |TAMS 0x00000000ebd00000| PB 0x00000000ebd00000| Untracked 
| 190|0x00000000ebe00000, 0x00000000ebe00000, 0x00000000ebf00000|  0%| F|  |TAMS 0x00000000ebe00000| PB 0x00000000ebe00000| Untracked 
| 191|0x00000000ebf00000, 0x00000000ebf00000, 0x00000000ec000000|  0%| F|  |TAMS 0x00000000ebf00000| PB 0x00000000ebf00000| Untracked 
| 192|0x00000000ec000000, 0x00000000ec000000, 0x00000000ec100000|  0%| F|  |TAMS 0x00000000ec000000| PB 0x00000000ec000000| Untracked 
| 193|0x00000000ec100000, 0x00000000ec100000, 0x00000000ec200000|  0%| F|  |TAMS 0x00000000ec100000| PB 0x00000000ec100000| Untracked 
| 194|0x00000000ec200000, 0x00000000ec200000, 0x00000000ec300000|  0%| F|  |TAMS 0x00000000ec200000| PB 0x00000000ec200000| Untracked 
| 195|0x00000000ec300000, 0x00000000ec300000, 0x00000000ec400000|  0%| F|  |TAMS 0x00000000ec300000| PB 0x00000000ec300000| Untracked 
| 196|0x00000000ec400000, 0x00000000ec400000, 0x00000000ec500000|  0%| F|  |TAMS 0x00000000ec400000| PB 0x00000000ec400000| Untracked 
| 197|0x00000000ec500000, 0x00000000ec500000, 0x00000000ec600000|  0%| F|  |TAMS 0x00000000ec500000| PB 0x00000000ec500000| Untracked 
| 198|0x00000000ec600000, 0x00000000ec600000, 0x00000000ec700000|  0%| F|  |TAMS 0x00000000ec600000| PB 0x00000000ec600000| Untracked 
| 199|0x00000000ec700000, 0x00000000ec700000, 0x00000000ec800000|  0%| F|  |TAMS 0x00000000ec700000| PB 0x00000000ec700000| Untracked 
| 200|0x00000000ec800000, 0x00000000ec800000, 0x00000000ec900000|  0%| F|  |TAMS 0x00000000ec800000| PB 0x00000000ec800000| Untracked 
| 201|0x00000000ec900000, 0x00000000ec900000, 0x00000000eca00000|  0%| F|  |TAMS 0x00000000ec900000| PB 0x00000000ec900000| Untracked 
| 202|0x00000000eca00000, 0x00000000eca00000, 0x00000000ecb00000|  0%| F|  |TAMS 0x00000000eca00000| PB 0x00000000eca00000| Untracked 
| 203|0x00000000ecb00000, 0x00000000ecb00000, 0x00000000ecc00000|  0%| F|  |TAMS 0x00000000ecb00000| PB 0x00000000ecb00000| Untracked 
| 204|0x00000000ecc00000, 0x00000000ecc00000, 0x00000000ecd00000|  0%| F|  |TAMS 0x00000000ecc00000| PB 0x00000000ecc00000| Untracked 
| 205|0x00000000ecd00000, 0x00000000ecd00000, 0x00000000ece00000|  0%| F|  |TAMS 0x00000000ecd00000| PB 0x00000000ecd00000| Untracked 
| 206|0x00000000ece00000, 0x00000000ece00000, 0x00000000ecf00000|  0%| F|  |TAMS 0x00000000ece00000| PB 0x00000000ece00000| Untracked 
| 207|0x00000000ecf00000, 0x00000000ecf00000, 0x00000000ed000000|  0%| F|  |TAMS 0x00000000ecf00000| PB 0x00000000ecf00000| Untracked 
| 208|0x00000000ed000000, 0x00000000ed000000, 0x00000000ed100000|  0%| F|  |TAMS 0x00000000ed000000| PB 0x00000000ed000000| Untracked 
| 209|0x00000000ed100000, 0x00000000ed100000, 0x00000000ed200000|  0%| F|  |TAMS 0x00000000ed100000| PB 0x00000000ed100000| Untracked 
| 210|0x00000000ed200000, 0x00000000ed200000, 0x00000000ed300000|  0%| F|  |TAMS 0x00000000ed200000| PB 0x00000000ed200000| Untracked 
| 211|0x00000000ed300000, 0x00000000ed300000, 0x00000000ed400000|  0%| F|  |TAMS 0x00000000ed300000| PB 0x00000000ed300000| Untracked 
| 212|0x00000000ed400000, 0x00000000ed400000, 0x00000000ed500000|  0%| F|  |TAMS 0x00000000ed400000| PB 0x00000000ed400000| Untracked 
| 213|0x00000000ed500000, 0x00000000ed500000, 0x00000000ed600000|  0%| F|  |TAMS 0x00000000ed500000| PB 0x00000000ed500000| Untracked 
| 214|0x00000000ed600000, 0x00000000ed600000, 0x00000000ed700000|  0%| F|  |TAMS 0x00000000ed600000| PB 0x00000000ed600000| Untracked 
| 215|0x00000000ed700000, 0x00000000ed700000, 0x00000000ed800000|  0%| F|  |TAMS 0x00000000ed700000| PB 0x00000000ed700000| Untracked 
| 216|0x00000000ed800000, 0x00000000ed800000, 0x00000000ed900000|  0%| F|  |TAMS 0x00000000ed800000| PB 0x00000000ed800000| Untracked 
| 217|0x00000000ed900000, 0x00000000ed900000, 0x00000000eda00000|  0%| F|  |TAMS 0x00000000ed900000| PB 0x00000000ed900000| Untracked 
| 218|0x00000000eda00000, 0x00000000eda00000, 0x00000000edb00000|  0%| F|  |TAMS 0x00000000eda00000| PB 0x00000000eda00000| Untracked 
| 219|0x00000000edb00000, 0x00000000edb00000, 0x00000000edc00000|  0%| F|  |TAMS 0x00000000edb00000| PB 0x00000000edb00000| Untracked 
| 220|0x00000000edc00000, 0x00000000edc00000, 0x00000000edd00000|  0%| F|  |TAMS 0x00000000edc00000| PB 0x00000000edc00000| Untracked 
| 221|0x00000000edd00000, 0x00000000edd00000, 0x00000000ede00000|  0%| F|  |TAMS 0x00000000edd00000| PB 0x00000000edd00000| Untracked 
| 222|0x00000000ede00000, 0x00000000ede00000, 0x00000000edf00000|  0%| F|  |TAMS 0x00000000ede00000| PB 0x00000000ede00000| Untracked 
| 223|0x00000000edf00000, 0x00000000edf00000, 0x00000000ee000000|  0%| F|  |TAMS 0x00000000edf00000| PB 0x00000000edf00000| Untracked 
| 224|0x00000000ee000000, 0x00000000ee000000, 0x00000000ee100000|  0%| F|  |TAMS 0x00000000ee000000| PB 0x00000000ee000000| Untracked 
| 225|0x00000000ee100000, 0x00000000ee100000, 0x00000000ee200000|  0%| F|  |TAMS 0x00000000ee100000| PB 0x00000000ee100000| Untracked 
| 226|0x00000000ee200000, 0x00000000ee200000, 0x00000000ee300000|  0%| F|  |TAMS 0x00000000ee200000| PB 0x00000000ee200000| Untracked 
| 227|0x00000000ee300000, 0x00000000ee300000, 0x00000000ee400000|  0%| F|  |TAMS 0x00000000ee300000| PB 0x00000000ee300000| Untracked 
| 228|0x00000000ee400000, 0x00000000ee400000, 0x00000000ee500000|  0%| F|  |TAMS 0x00000000ee400000| PB 0x00000000ee400000| Untracked 
| 229|0x00000000ee500000, 0x00000000ee500000, 0x00000000ee600000|  0%| F|  |TAMS 0x00000000ee500000| PB 0x00000000ee500000| Untracked 
| 230|0x00000000ee600000, 0x00000000ee600000, 0x00000000ee700000|  0%| F|  |TAMS 0x00000000ee600000| PB 0x00000000ee600000| Untracked 
| 231|0x00000000ee700000, 0x00000000ee700000, 0x00000000ee800000|  0%| F|  |TAMS 0x00000000ee700000| PB 0x00000000ee700000| Untracked 
| 232|0x00000000ee800000, 0x00000000ee800000, 0x00000000ee900000|  0%| F|  |TAMS 0x00000000ee800000| PB 0x00000000ee800000| Untracked 
| 233|0x00000000ee900000, 0x00000000ee900000, 0x00000000eea00000|  0%| F|  |TAMS 0x00000000ee900000| PB 0x00000000ee900000| Untracked 
| 234|0x00000000eea00000, 0x00000000eea00000, 0x00000000eeb00000|  0%| F|  |TAMS 0x00000000eea00000| PB 0x00000000eea00000| Untracked 
| 235|0x00000000eeb00000, 0x00000000eeb00000, 0x00000000eec00000|  0%| F|  |TAMS 0x00000000eeb00000| PB 0x00000000eeb00000| Untracked 
| 236|0x00000000eec00000, 0x00000000eec00000, 0x00000000eed00000|  0%| F|  |TAMS 0x00000000eec00000| PB 0x00000000eec00000| Untracked 
| 237|0x00000000eed00000, 0x00000000eed00000, 0x00000000eee00000|  0%| F|  |TAMS 0x00000000eed00000| PB 0x00000000eed00000| Untracked 
| 238|0x00000000eee00000, 0x00000000eee00000, 0x00000000eef00000|  0%| F|  |TAMS 0x00000000eee00000| PB 0x00000000eee00000| Untracked 
| 239|0x00000000eef00000, 0x00000000eef00000, 0x00000000ef000000|  0%| F|  |TAMS 0x00000000eef00000| PB 0x00000000eef00000| Untracked 
| 240|0x00000000ef000000, 0x00000000ef000000, 0x00000000ef100000|  0%| F|  |TAMS 0x00000000ef000000| PB 0x00000000ef000000| Untracked 
| 241|0x00000000ef100000, 0x00000000ef100000, 0x00000000ef200000|  0%| F|  |TAMS 0x00000000ef100000| PB 0x00000000ef100000| Untracked 
| 242|0x00000000ef200000, 0x00000000ef200000, 0x00000000ef300000|  0%| F|  |TAMS 0x00000000ef200000| PB 0x00000000ef200000| Untracked 
| 243|0x00000000ef300000, 0x00000000ef300000, 0x00000000ef400000|  0%| F|  |TAMS 0x00000000ef300000| PB 0x00000000ef300000| Untracked 
| 244|0x00000000ef400000, 0x00000000ef400000, 0x00000000ef500000|  0%| F|  |TAMS 0x00000000ef400000| PB 0x00000000ef400000| Untracked 
| 245|0x00000000ef500000, 0x00000000ef500000, 0x00000000ef600000|  0%| F|  |TAMS 0x00000000ef500000| PB 0x00000000ef500000| Untracked 
| 246|0x00000000ef600000, 0x00000000ef600000, 0x00000000ef700000|  0%| F|  |TAMS 0x00000000ef600000| PB 0x00000000ef600000| Untracked 
| 247|0x00000000ef700000, 0x00000000ef700000, 0x00000000ef800000|  0%| F|  |TAMS 0x00000000ef700000| PB 0x00000000ef700000| Untracked 
| 248|0x00000000ef800000, 0x00000000ef800000, 0x00000000ef900000|  0%| F|  |TAMS 0x00000000ef800000| PB 0x00000000ef800000| Untracked 
| 249|0x00000000ef900000, 0x00000000ef900000, 0x00000000efa00000|  0%| F|  |TAMS 0x00000000ef900000| PB 0x00000000ef900000| Untracked 
| 250|0x00000000efa00000, 0x00000000efa00000, 0x00000000efb00000|  0%| F|  |TAMS 0x00000000efa00000| PB 0x00000000efa00000| Untracked 
| 251|0x00000000efb00000, 0x00000000efb00000, 0x00000000efc00000|  0%| F|  |TAMS 0x00000000efb00000| PB 0x00000000efb00000| Untracked 
| 252|0x00000000efc00000, 0x00000000efc80000, 0x00000000efd00000| 50%| E|  |TAMS 0x00000000efc00000| PB 0x00000000efc00000| Complete 
| 253|0x00000000efd00000, 0x00000000efe00000, 0x00000000efe00000|100%| E|CS|TAMS 0x00000000efd00000| PB 0x00000000efd00000| Complete 
| 254|0x00000000efe00000, 0x00000000eff00000, 0x00000000eff00000|100%| E|CS|TAMS 0x00000000efe00000| PB 0x00000000efe00000| Complete 
| 255|0x00000000eff00000, 0x00000000f0000000, 0x00000000f0000000|100%| E|CS|TAMS 0x00000000eff00000| PB 0x00000000eff00000| Complete 

Card table byte_map: [0x0000021c6bfa0000,0x0000021c6c0a0000] _byte_map_base: 0x0000021c6b8a0000

Marking Bits: (CMBitMap*) 0x0000021c599891d0
 Bits: [0x0000021c6c0a0000, 0x0000021c6c8a0000)

Polling page: 0x0000021c577e0000

Metaspace:

Usage:
  Non-class:     41.85 MB used.
      Class:      7.50 MB used.
       Both:     49.35 MB used.

Virtual space:
  Non-class space:       64.00 MB reserved,      42.88 MB ( 67%) committed,  1 nodes.
      Class space:      320.00 MB reserved,       8.44 MB (  3%) committed,  1 nodes.
             Both:      384.00 MB reserved,      51.31 MB ( 13%) committed. 

Chunk freelists:
   Non-Class:  5.02 MB
       Class:  7.57 MB
        Both:  12.58 MB

MaxMetaspaceSize: 384.00 MB
CompressedClassSpaceSize: 320.00 MB
Initial GC threshold: 21.00 MB
Current GC threshold: 59.69 MB
CDS: on
 - commit_granule_bytes: 65536.
 - commit_granule_words: 8192.
 - virtual_space_node_default_size: 8388608.
 - enlarge_chunks_in_place: 1.
 - use_allocation_guard: 0.


Internal statistics:

num_allocs_failed_limit: 12.
num_arena_births: 3776.
num_arena_deaths: 0.
num_vsnodes_births: 2.
num_vsnodes_deaths: 0.
num_space_committed: 821.
num_space_uncommitted: 0.
num_chunks_returned_to_freelist: 12.
num_chunks_taken_from_freelist: 6356.
num_chunk_merges: 9.
num_chunk_splits: 4069.
num_chunks_enlarged: 2383.
num_inconsistent_stats: 0.

CodeHeap 'non-profiled nmethods': size=120000Kb used=3354Kb max_used=3354Kb free=116645Kb
 bounds [0x0000021c64630000, 0x0000021c64980000, 0x0000021c6bb60000]
CodeHeap 'profiled nmethods': size=120000Kb used=11720Kb max_used=11720Kb free=108279Kb
 bounds [0x0000021c5cb60000, 0x0000021c5d6e0000, 0x0000021c64090000]
CodeHeap 'non-nmethods': size=5760Kb used=2070Kb max_used=2088Kb free=3689Kb
 bounds [0x0000021c64090000, 0x0000021c64300000, 0x0000021c64630000]
CodeCache: size=245760Kb, used=17144Kb, max_used=17162Kb, free=228613Kb
 total_blobs=6867, nmethods=6111, adapters=660, full_count=0
Compilation: enabled, stopped_count=0, restarted_count=0

Compilation events (20 events):
Event: 38.164 Thread 0x0000021c6f360810 6507       3       java.lang.reflect.Constructor::setAccessible (21 bytes)
Event: 38.164 Thread 0x0000021c6f360810 nmethod 6507 0x0000021c5d6c1790 code [0x0000021c5d6c19a0, 0x0000021c5d6c1f80]
Event: 38.165 Thread 0x0000021c6f360810 6508       3       java.lang.reflect.Constructor::checkCanSetAccessible (29 bytes)
Event: 38.165 Thread 0x0000021c6f360810 nmethod 6508 0x0000021c5d6c2190 code [0x0000021c5d6c2360, 0x0000021c5d6c2638]
Event: 38.175 Thread 0x0000021c6f360810 6512       3       org.gradle.internal.instantiation.generator.ParamsMatchingConstructorSelector::forParams (481 bytes)
Event: 38.180 Thread 0x0000021c6f360810 nmethod 6512 0x0000021c5d6c2790 code [0x0000021c5d6c2e00, 0x0000021c5d6c6920]
Event: 38.180 Thread 0x0000021c6f360810 6513       3       org.gradle.internal.instantiation.generator.ParamsMatchingConstructorSelector::vetoParameters (1 bytes)
Event: 38.181 Thread 0x0000021c6f360810 nmethod 6513 0x0000021c5d6c7b90 code [0x0000021c5d6c7d20, 0x0000021c5d6c7e28]
Event: 38.192 Thread 0x0000021c6f360810 6514       3       com.google.common.collect.ImmutableSet$EmptySetBuilderImpl::add (13 bytes)
Event: 38.193 Thread 0x0000021c6f360810 nmethod 6514 0x0000021c5d6c7e90 code [0x0000021c5d6c8060, 0x0000021c5d6c8410]
Event: 38.194 Thread 0x0000021c6f360810 6515       3       sun.reflect.generics.tree.TypeVariableSignature::accept (8 bytes)
Event: 38.195 Thread 0x0000021c6f360810 nmethod 6515 0x0000021c5d6c8590 code [0x0000021c5d6c8760, 0x0000021c5d6c8b88]
Event: 38.195 Thread 0x0000021c6f360810 6516       3       sun.reflect.generics.visitor.Reifier::visitTypeVariableSignature (18 bytes)
Event: 38.195 Thread 0x0000021c6f360810 nmethod 6516 0x0000021c5d6c8d90 code [0x0000021c5d6c8f60, 0x0000021c5d6c92b8]
Event: 38.197 Thread 0x0000021c6f360810 6517       3       org.objectweb.asm.ClassVisitor::<init> (79 bytes)
Event: 38.198 Thread 0x0000021c6f360810 nmethod 6517 0x0000021c5d6c9490 code [0x0000021c5d6c96e0, 0x0000021c5d6c9fd0]
Event: 38.199 Thread 0x0000021c6f360810 6518       3       org.gradle.internal.instantiation.generator.AsmBackedClassGenerator$ClassBuilderImpl::addActionMethod (108 bytes)
Event: 38.201 Thread 0x0000021c6f360810 nmethod 6518 0x0000021c5d6ca310 code [0x0000021c5d6ca620, 0x0000021c5d6cbaf0]
Event: 38.201 Thread 0x0000021c6f360810 6519       3       org.gradle.util.internal.CollectionUtils::collectArray (17 bytes)
Event: 38.202 Thread 0x0000021c6f360810 nmethod 6519 0x0000021c5d6cc090 code [0x0000021c5d6cc260, 0x0000021c5d6cc520]

GC Heap History (14 events):
Event: 2.204 GC heap before
{Heap before GC invocations=0 (full 0):
 garbage-first heap   total 262144K, used 26624K [0x00000000e0000000, 0x0000000100000000)
  region size 1024K, 23 young (23552K), 0 survivors (0K)
 Metaspace       used 2742K, committed 2880K, reserved 393216K
  class space    used 319K, committed 384K, reserved 327680K
}
Event: 2.227 GC heap after
{Heap after GC invocations=1 (full 0):
 garbage-first heap   total 262144K, used 11519K [0x00000000e0000000, 0x0000000100000000)
  region size 1024K, 3 young (3072K), 3 survivors (3072K)
 Metaspace       used 2742K, committed 2880K, reserved 393216K
  class space    used 319K, committed 384K, reserved 327680K
}
Event: 3.181 GC heap before
{Heap before GC invocations=1 (full 0):
 garbage-first heap   total 262144K, used 39167K [0x00000000e0000000, 0x0000000100000000)
  region size 1024K, 30 young (30720K), 3 survivors (3072K)
 Metaspace       used 4635K, committed 4800K, reserved 393216K
  class space    used 594K, committed 704K, reserved 327680K
}
Event: 3.188 GC heap after
{Heap after GC invocations=2 (full 0):
 garbage-first heap   total 262144K, used 12314K [0x00000000e0000000, 0x0000000100000000)
  region size 1024K, 2 young (2048K), 2 survivors (2048K)
 Metaspace       used 4635K, committed 4800K, reserved 393216K
  class space    used 594K, committed 704K, reserved 327680K
}
Event: 8.795 GC heap before
{Heap before GC invocations=2 (full 0):
 garbage-first heap   total 262144K, used 106522K [0x00000000e0000000, 0x0000000100000000)
  region size 1024K, 92 young (94208K), 2 survivors (2048K)
 Metaspace       used 17738K, committed 18304K, reserved 393216K
  class space    used 2482K, committed 2752K, reserved 327680K
}
Event: 8.819 GC heap after
{Heap after GC invocations=3 (full 0):
 garbage-first heap   total 262144K, used 22950K [0x00000000e0000000, 0x0000000100000000)
  region size 1024K, 11 young (11264K), 11 survivors (11264K)
 Metaspace       used 17738K, committed 18304K, reserved 393216K
  class space    used 2482K, committed 2752K, reserved 327680K
}
Event: 11.243 GC heap before
{Heap before GC invocations=3 (full 0):
 garbage-first heap   total 262144K, used 45478K [0x00000000e0000000, 0x0000000100000000)
  region size 1024K, 34 young (34816K), 11 survivors (11264K)
 Metaspace       used 20819K, committed 21504K, reserved 393216K
  class space    used 2985K, committed 3328K, reserved 327680K
}
Event: 11.261 GC heap after
{Heap after GC invocations=4 (full 0):
 garbage-first heap   total 262144K, used 24741K [0x00000000e0000000, 0x0000000100000000)
  region size 1024K, 2 young (2048K), 2 survivors (2048K)
 Metaspace       used 20819K, committed 21504K, reserved 393216K
  class space    used 2985K, committed 3328K, reserved 327680K
}
Event: 22.418 GC heap before
{Heap before GC invocations=5 (full 0):
 garbage-first heap   total 262144K, used 127141K [0x00000000e0000000, 0x0000000100000000)
  region size 1024K, 104 young (106496K), 2 survivors (2048K)
 Metaspace       used 34538K, committed 35968K, reserved 393216K
  class space    used 5150K, committed 5888K, reserved 327680K
}
Event: 22.441 GC heap after
{Heap after GC invocations=6 (full 0):
 garbage-first heap   total 262144K, used 30678K [0x00000000e0000000, 0x0000000100000000)
  region size 1024K, 8 young (8192K), 8 survivors (8192K)
 Metaspace       used 34538K, committed 35968K, reserved 393216K
  class space    used 5150K, committed 5888K, reserved 327680K
}
Event: 22.735 GC heap before
{Heap before GC invocations=6 (full 0):
 garbage-first heap   total 262144K, used 31702K [0x00000000e0000000, 0x0000000100000000)
  region size 1024K, 10 young (10240K), 8 survivors (8192K)
 Metaspace       used 34854K, committed 36288K, reserved 393216K
  class space    used 5165K, committed 5888K, reserved 327680K
}
Event: 22.764 GC heap after
{Heap after GC invocations=7 (full 0):
 garbage-first heap   total 262144K, used 31109K [0x00000000e0000000, 0x0000000100000000)
  region size 1024K, 9 young (9216K), 9 survivors (9216K)
 Metaspace       used 34854K, committed 36288K, reserved 393216K
  class space    used 5165K, committed 5888K, reserved 327680K
}
Event: 22.937 GC heap before
{Heap before GC invocations=7 (full 0):
 garbage-first heap   total 262144K, used 32133K [0x00000000e0000000, 0x0000000100000000)
  region size 1024K, 11 young (11264K), 9 survivors (9216K)
 Metaspace       used 35261K, committed 36608K, reserved 393216K
  class space    used 5226K, committed 5888K, reserved 327680K
}
Event: 22.954 GC heap after
{Heap after GC invocations=8 (full 0):
 garbage-first heap   total 262144K, used 31509K [0x00000000e0000000, 0x0000000100000000)
  region size 1024K, 9 young (9216K), 9 survivors (9216K)
 Metaspace       used 35261K, committed 36608K, reserved 393216K
  class space    used 5226K, committed 5888K, reserved 327680K
}

Dll operation events (20 events):
Event: 0.305 Attempting to load shared library C:\Users\User\.vscode\extensions\redhat.java-1.56.0-win32-x64\jre\21.0.12.1-win32-x86_64\bin\nio.dll
Event: 0.306 Loaded shared library C:\Users\User\.vscode\extensions\redhat.java-1.56.0-win32-x64\jre\21.0.12.1-win32-x86_64\bin\nio.dll
Event: 0.311 Attempting to load shared library C:\Users\User\.vscode\extensions\redhat.java-1.56.0-win32-x64\jre\21.0.12.1-win32-x86_64\bin\zip.dll
Event: 0.311 Loaded shared library C:\Users\User\.vscode\extensions\redhat.java-1.56.0-win32-x64\jre\21.0.12.1-win32-x86_64\bin\zip.dll
Event: 0.988 Attempting to load shared library C:\Users\User\.vscode\extensions\redhat.java-1.56.0-win32-x64\jre\21.0.12.1-win32-x86_64\bin\jimage.dll
Event: 0.988 Loaded shared library C:\Users\User\.vscode\extensions\redhat.java-1.56.0-win32-x64\jre\21.0.12.1-win32-x86_64\bin\jimage.dll
Event: 1.880 Attempting to load shared library C:\Users\User\.vscode\extensions\redhat.java-1.56.0-win32-x64\jre\21.0.12.1-win32-x86_64\bin\verify.dll
Event: 1.880 Loaded shared library C:\Users\User\.vscode\extensions\redhat.java-1.56.0-win32-x64\jre\21.0.12.1-win32-x86_64\bin\verify.dll
Event: 1.966 Attempting to load shared library C:\Users\User\.gradle\native\660c5614fbf4a5f2a75b1949f50a0caf5cd603558e7d8a26e50b933a0cfb79d1\windows-amd64\native-platform.dll
Event: 1.969 Loaded shared library C:\Users\User\.gradle\native\660c5614fbf4a5f2a75b1949f50a0caf5cd603558e7d8a26e50b933a0cfb79d1\windows-amd64\native-platform.dll
Event: 1.993 Attempting to load shared library C:\Users\User\.gradle\native\0.2.8\x86_64-windows-gnu\gradle-fileevents.dll
Event: 1.994 Loaded shared library C:\Users\User\.gradle\native\0.2.8\x86_64-windows-gnu\gradle-fileevents.dll
Event: 4.521 Attempting to load shared library C:\Users\User\.vscode\extensions\redhat.java-1.56.0-win32-x64\jre\21.0.12.1-win32-x86_64\bin\management.dll
Event: 4.524 Loaded shared library C:\Users\User\.vscode\extensions\redhat.java-1.56.0-win32-x64\jre\21.0.12.1-win32-x86_64\bin\management.dll
Event: 4.529 Attempting to load shared library C:\Users\User\.vscode\extensions\redhat.java-1.56.0-win32-x64\jre\21.0.12.1-win32-x86_64\bin\management_ext.dll
Event: 4.531 Loaded shared library C:\Users\User\.vscode\extensions\redhat.java-1.56.0-win32-x64\jre\21.0.12.1-win32-x86_64\bin\management_ext.dll
Event: 5.234 Attempting to load shared library C:\Users\User\.vscode\extensions\redhat.java-1.56.0-win32-x64\jre\21.0.12.1-win32-x86_64\bin\extnet.dll
Event: 5.235 Loaded shared library C:\Users\User\.vscode\extensions\redhat.java-1.56.0-win32-x64\jre\21.0.12.1-win32-x86_64\bin\extnet.dll
Event: 5.926 Attempting to load shared library C:\Users\User\.vscode\extensions\redhat.java-1.56.0-win32-x64\jre\21.0.12.1-win32-x86_64\bin\sunmscapi.dll
Event: 5.930 Loaded shared library C:\Users\User\.vscode\extensions\redhat.java-1.56.0-win32-x64\jre\21.0.12.1-win32-x86_64\bin\sunmscapi.dll

Deoptimization events (20 events):
Event: 36.332 Thread 0x0000021c6f7c3390 Uncommon trap: trap_request=0xffffffd6 fr.pc=0x0000021c64930804 relative=0x0000000000000524
Event: 36.332 Thread 0x0000021c6f7c3390 Uncommon trap: reason=array_check action=maybe_recompile pc=0x0000021c64930804 method=com.google.common.collect.ImmutableMap$Builder.put(Ljava/lang/Object;Ljava/lang/Object;)Lcom/google/common/collect/ImmutableMap$Builder; @ 32 c2
Event: 36.332 Thread 0x0000021c6f7c3390 DEOPT PACKING pc=0x0000021c64930804 sp=0x0000009862bf6d00
Event: 36.332 Thread 0x0000021c6f7c3390 DEOPT UNPACKING pc=0x0000021c640e7ba2 sp=0x0000009862bf6cd0 mode 2
Event: 36.355 Thread 0x0000021c77d2aa30 DEOPT PACKING pc=0x0000021c5cfc7fc6 sp=0x00000098647fd270
Event: 36.355 Thread 0x0000021c77d2aa30 DEOPT UNPACKING pc=0x0000021c640e86e2 sp=0x00000098647fc7f0 mode 0
Event: 36.837 Thread 0x0000021c74534cf0 DEOPT PACKING pc=0x0000021c5d45d579 sp=0x00000098632fe480
Event: 36.837 Thread 0x0000021c74534cf0 DEOPT UNPACKING pc=0x0000021c640e86e2 sp=0x00000098632fd920 mode 0
Event: 37.144 Thread 0x0000021c74534cf0 DEOPT PACKING pc=0x0000021c5ccb12db sp=0x00000098632fe430
Event: 37.144 Thread 0x0000021c74534cf0 DEOPT UNPACKING pc=0x0000021c640e86e2 sp=0x00000098632fd8b8 mode 0
Event: 37.703 Thread 0x0000021c6f7c3390 Uncommon trap: trap_request=0xffffff45 fr.pc=0x0000021c6479ff54 relative=0x0000000000000134
Event: 37.703 Thread 0x0000021c6f7c3390 Uncommon trap: reason=unstable_if action=reinterpret pc=0x0000021c6479ff54 method=jdk.internal.org.objectweb.asm.ByteVector.putInt(I)Ljdk/internal/org/objectweb/asm/ByteVector; @ 13 c2
Event: 37.703 Thread 0x0000021c6f7c3390 DEOPT PACKING pc=0x0000021c6479ff54 sp=0x0000009862bf4730
Event: 37.703 Thread 0x0000021c6f7c3390 DEOPT UNPACKING pc=0x0000021c640e7ba2 sp=0x0000009862bf46c8 mode 2
Event: 37.758 Thread 0x0000021c6f7c3390 DEOPT PACKING pc=0x0000021c5d35090a sp=0x0000009862bf56c0
Event: 37.758 Thread 0x0000021c6f7c3390 DEOPT UNPACKING pc=0x0000021c640e86e2 sp=0x0000009862bf4ba0 mode 0
Event: 37.800 Thread 0x0000021c6f7c3390 Uncommon trap: trap_request=0xffffff45 fr.pc=0x0000021c648d9924 relative=0x00000000000002c4
Event: 37.800 Thread 0x0000021c6f7c3390 Uncommon trap: reason=unstable_if action=reinterpret pc=0x0000021c648d9924 method=java.io.WinNTFileSystem.prefixLength(Ljava/lang/String;)I @ 42 c2
Event: 37.800 Thread 0x0000021c6f7c3390 DEOPT PACKING pc=0x0000021c648d9924 sp=0x0000009862bf5cc0
Event: 37.800 Thread 0x0000021c6f7c3390 DEOPT UNPACKING pc=0x0000021c640e7ba2 sp=0x0000009862bf5c48 mode 2

Classes loaded (20 events):
Event: 37.784 Loading class jdk/xml/internal/XMLSecurityManager$Processor
Event: 37.784 Loading class jdk/xml/internal/XMLSecurityManager$Processor done
Event: 37.789 Loading class jdk/xml/internal/XMLSecurityManager$NameMap
Event: 37.789 Loading class jdk/xml/internal/XMLSecurityManager$NameMap done
Event: 37.789 Loading class com/sun/org/apache/xerces/internal/utils/XMLSecurityPropertyManager
Event: 37.790 Loading class com/sun/org/apache/xerces/internal/utils/XMLSecurityPropertyManager done
Event: 37.790 Loading class com/sun/org/apache/xerces/internal/utils/XMLSecurityPropertyManager$State
Event: 37.790 Loading class com/sun/org/apache/xerces/internal/utils/XMLSecurityPropertyManager$State done
Event: 37.791 Loading class com/sun/org/apache/xerces/internal/utils/XMLSecurityPropertyManager$Property
Event: 37.791 Loading class com/sun/org/apache/xerces/internal/utils/XMLSecurityPropertyManager$Property done
Event: 37.793 Loading class javax/xml/parsers/DocumentBuilderFactory
Event: 37.793 Loading class javax/xml/parsers/DocumentBuilderFactory done
Event: 37.794 Loading class javax/xml/parsers/FactoryFinder
Event: 37.794 Loading class javax/xml/parsers/FactoryFinder done
Event: 37.794 Loading class javax/xml/parsers/FactoryFinder$1
Event: 37.795 Loading class javax/xml/parsers/FactoryFinder$1 done
Event: 37.797 Loading class com/sun/org/apache/xerces/internal/jaxp/DocumentBuilderFactoryImpl
Event: 37.799 Loading class com/sun/org/apache/xerces/internal/jaxp/DocumentBuilderFactoryImpl done
Event: 37.919 Loading class java/util/regex/Pattern$SliceI
Event: 37.923 Loading class java/util/regex/Pattern$SliceI done

Classes unloaded (0 events):
No events

Classes redefined (0 events):
No events

Internal exceptions (20 events):
Event: 34.036 Thread 0x0000021c6f7c3390 Exception <a 'java/lang/NoSuchMethodError'{0x00000000e974a2a8}: 'java.lang.Object java.lang.invoke.DirectMethodHandle$Holder.newInvokeSpecial(java.lang.Object, long)'> (0x00000000e974a2a8) 
thrown [s\src\hotspot\share\interpreter\linkResolver.cpp, line 773]
Event: 34.092 Thread 0x0000021c6f7c3390 Exception <a 'java/lang/NoSuchMethodError'{0x00000000e97aad10}: 'java.lang.Object java.lang.invoke.DirectMethodHandle$Holder.newInvokeSpecial(java.lang.Object, java.lang.Object, java.lang.Object, java.lang.Object, java.lang.Object, long, java.lang.Object)'> (0x00000000e97aad10) 
thrown [s\src\hotspot\share\interpreter\linkResolver.cpp, line 773]
Event: 34.094 Thread 0x0000021c6f7c3390 Exception <a 'java/lang/NoSuchMethodError'{0x00000000e97b3758}: 'java.lang.Object java.lang.invoke.Invokers$Holder.linkToTargetMethod(java.lang.Object, java.lang.Object, java.lang.Object, java.lang.Object, long, java.lang.Object, java.lang.Object)'> (0x00000000e97b3758) 
thrown [s\src\hotspot\share\interpreter\linkResolver.cpp, line 773]
Event: 34.116 Thread 0x0000021c6f7c3390 Exception <a 'java/lang/NoSuchMethodError'{0x00000000e97f37f8}: 'java.lang.Object java.lang.invoke.DirectMethodHandle$Holder.newInvokeSpecial(java.lang.Object, java.lang.Object, java.lang.Object, long, java.lang.Object)'> (0x00000000e97f37f8) 
thrown [s\src\hotspot\share\interpreter\linkResolver.cpp, line 773]
Event: 34.117 Thread 0x0000021c6f7c3390 Exception <a 'java/lang/NoSuchMethodError'{0x00000000e97f86a8}: 'java.lang.Object java.lang.invoke.DirectMethodHandle$Holder.invokeSpecial(java.lang.Object, java.lang.Object, java.lang.Object, java.lang.Object, long, java.lang.Object)'> (0x00000000e97f86a8) 
thrown [s\src\hotspot\share\interpreter\linkResolver.cpp, line 773]
Event: 34.117 Thread 0x0000021c6f7c3390 Exception <a 'java/lang/NoSuchMethodError'{0x00000000e97fcc28}: 'java.lang.Object java.lang.invoke.Invokers$Holder.linkToTargetMethod(java.lang.Object, java.lang.Object, long, java.lang.Object, java.lang.Object)'> (0x00000000e97fcc28) 
thrown [s\src\hotspot\share\interpreter\linkResolver.cpp, line 773]
Event: 34.171 Thread 0x0000021c6f7c3390 Implicit null exception at 0x0000021c6481187c to 0x0000021c64811934
Event: 34.333 Thread 0x0000021c6f7c3390 Exception <a 'java/lang/NoSuchMethodError'{0x00000000e937e648}: 'long java.lang.invoke.DirectMethodHandle$Holder.invokeSpecial(java.lang.Object, java.lang.Object)'> (0x00000000e937e648) 
thrown [s\src\hotspot\share\interpreter\linkResolver.cpp, line 773]
Event: 34.334 Thread 0x0000021c6f7c3390 Exception <a 'java/lang/NoSuchMethodError'{0x00000000e9382ad8}: 'long java.lang.invoke.Invokers$Holder.invokeExact_MT(java.lang.Object, java.lang.Object)'> (0x00000000e9382ad8) 
thrown [s\src\hotspot\share\interpreter\linkResolver.cpp, line 773]
Event: 34.362 Thread 0x0000021c6f7c3390 Exception <a 'java/lang/NoSuchMethodError'{0x00000000e93b00e0}: static Lorg/gradle/api/services/BuildServiceParameters$None;.<clinit>()V> (0x00000000e93b00e0) 
thrown [s\src\hotspot\share\prims\jni.cpp, line 1111]
Event: 34.372 Thread 0x0000021c6f7c3390 Exception <a 'java/lang/NoSuchMethodError'{0x00000000e93b87f0}: 'void java.lang.invoke.DirectMethodHandle$Holder.invokeSpecial(java.lang.Object, java.lang.Object, java.lang.Object, int)'> (0x00000000e93b87f0) 
thrown [s\src\hotspot\share\interpreter\linkResolver.cpp, line 773]
Event: 34.421 Thread 0x0000021c6f7c3390 Exception <a 'java/lang/NoSuchMethodError'{0x00000000e921d5b8}: 'java.lang.Object java.lang.invoke.DirectMethodHandle$Holder.invokeSpecial(java.lang.Object, java.lang.Object, long, java.lang.Object, java.lang.Object)'> (0x00000000e921d5b8) 
thrown [s\src\hotspot\share\interpreter\linkResolver.cpp, line 773]
Event: 34.993 Thread 0x0000021c6f7c3390 Exception <a 'java/lang/NoSuchMethodError'{0x00000000e8b119e0}: 'void java.lang.invoke.DirectMethodHandle$Holder.invokeVirtual(java.lang.Object, java.lang.Object)'> (0x00000000e8b119e0) 
thrown [s\src\hotspot\share\interpreter\linkResolver.cpp, line 773]
Event: 35.193 Thread 0x0000021c6f7c3390 Exception <a 'java/lang/NoSuchMethodError'{0x00000000e8a95878}: 'java.lang.Object java.lang.invoke.DirectMethodHandle$Holder.newInvokeSpecial(java.lang.Object, java.lang.Object, java.lang.Object, java.lang.Object, int, java.lang.Object)'> (0x00000000e8a95878) 
thrown [s\src\hotspot\share\interpreter\linkResolver.cpp, line 773]
Event: 35.194 Thread 0x0000021c6f7c3390 Exception <a 'java/lang/NoSuchMethodError'{0x00000000e8a9aac8}: 'java.lang.Object java.lang.invoke.DirectMethodHandle$Holder.invokeSpecial(java.lang.Object, java.lang.Object, java.lang.Object, java.lang.Object, java.lang.Object, int, java.lang.Object)'> (0x00000000e8a9aac8) 
thrown [s\src\hotspot\share\interpreter\linkResolver.cpp, line 773]
Event: 35.196 Thread 0x0000021c6f7c3390 Exception <a 'java/lang/NoSuchMethodError'{0x00000000e8a9f3a0}: 'java.lang.Object java.lang.invoke.Invokers$Holder.linkToTargetMethod(java.lang.Object, java.lang.Object, java.lang.Object, int, java.lang.Object, java.lang.Object)'> (0x00000000e8a9f3a0) 
thrown [s\src\hotspot\share\interpreter\linkResolver.cpp, line 773]
Event: 36.283 Thread 0x0000021c6f7c3390 Exception <a 'java/lang/NoSuchMethodError'{0x00000000e848a008}: 'java.lang.Object java.lang.invoke.DirectMethodHandle$Holder.invokeSpecialIFC(java.lang.Object, java.lang.Object, java.lang.Object)'> (0x00000000e848a008) 
thrown [s\src\hotspot\share\interpreter\linkResolver.cpp, line 773]
Event: 37.815 Thread 0x0000021c6f7c3390 Exception <a 'java/lang/NoSuchMethodError'{0x00000000e70e84a8}: 'java.lang.Object java.lang.invoke.DirectMethodHandle$Holder.newInvokeSpecial(java.lang.Object, java.lang.Object, java.lang.Object, java.lang.Object, java.lang.Object, java.lang.Object, java.lang.Object, java.lang.Object, java.lang.Object, java.lang.Object, java.lang.Object, java.lang.Object, java.lang.Object, java.lang.Object, java.lang.Object, java.lang.Object)'> (0x00000000e70e84a8) 
thrown [s\src\hotspot\share\interpreter\linkResolver.cpp,
Event: 37.816 Thread 0x0000021c6f7c3390 Exception <a 'java/lang/NoSuchMethodError'{0x00000000e70eee70}: 'java.lang.Object java.lang.invoke.DirectMethodHandle$Holder.invokeSpecial(java.lang.Object, java.lang.Object, java.lang.Object, java.lang.Object, java.lang.Object, java.lang.Object, java.lang.Object, java.lang.Object, java.lang.Object, java.lang.Object, java.lang.Object, java.lang.Object, java.lang.Object, java.lang.Object, java.lang.Object, java.lang.Object, java.lang.Object)'> (0x00000000e70eee70) 
thrown [s\src\hotspot\share\interpreter\li
Event: 37.817 Thread 0x0000021c6f7c3390 Exception <a 'java/lang/NoSuchMethodError'{0x00000000e70f4a50}: 'java.lang.Object java.lang.invoke.DelegatingMethodHandle$Holder.reinvoke_L(java.lang.Object, java.lang.Object, java.lang.Object, java.lang.Object, java.lang.Object, java.lang.Object, java.lang.Object, java.lang.Object, java.lang.Object, java.lang.Object, java.lang.Object, java.lang.Object, java.lang.Object, java.lang.Object, java.lang.Object, java.lang.Object)'> (0x00000000e70f4a50) 
thrown [s\src\hotspot\share\interpreter\linkResolver.cpp, l

ZGC Phase Switch (0 events):
No events

VM Operations (20 events):
Event: 32.525 Executing safepoint VM operation: Cleanup
Event: 32.541 Executing safepoint VM operation: Cleanup done
Event: 33.547 Executing safepoint VM operation: Cleanup
Event: 33.562 Executing safepoint VM operation: Cleanup done
Event: 33.706 Executing non-safepoint VM operation: HandshakeAllThreads (Deoptimize)
Event: 33.706 Executing non-safepoint VM operation: HandshakeAllThreads (Deoptimize) done
Event: 33.742 Executing non-safepoint VM operation: HandshakeAllThreads (Deoptimize)
Event: 33.742 Executing non-safepoint VM operation: HandshakeAllThreads (Deoptimize) done
Event: 34.748 Executing safepoint VM operation: Cleanup
Event: 34.749 Executing safepoint VM operation: Cleanup done
Event: 35.022 Executing non-safepoint VM operation: HandshakeAllThreads (Deoptimize)
Event: 35.022 Executing non-safepoint VM operation: HandshakeAllThreads (Deoptimize) done
Event: 35.180 Executing non-safepoint VM operation: HandshakeAllThreads (Deoptimize)
Event: 35.181 Executing non-safepoint VM operation: HandshakeAllThreads (Deoptimize) done
Event: 36.188 Executing safepoint VM operation: ICBufferFull
Event: 36.205 Executing safepoint VM operation: ICBufferFull done
Event: 37.107 Executing safepoint VM operation: ICBufferFull
Event: 37.107 Executing safepoint VM operation: ICBufferFull done
Event: 38.112 Executing safepoint VM operation: Cleanup
Event: 38.112 Executing safepoint VM operation: Cleanup done

Memory protections (0 events):
No events

Nmethod flushes (20 events):
Event: 23.002 Thread 0x0000021c6f2f3d80 flushing  nmethod 0x0000021c5cc2f590
Event: 23.002 Thread 0x0000021c6f2f3d80 flushing  nmethod 0x0000021c5cc2ff90
Event: 23.002 Thread 0x0000021c6f2f3d80 flushing  nmethod 0x0000021c5cc4aa10
Event: 23.002 Thread 0x0000021c6f2f3d80 flushing  nmethod 0x0000021c5cc4ad90
Event: 23.002 Thread 0x0000021c6f2f3d80 flushing  nmethod 0x0000021c5cc4c010
Event: 23.002 Thread 0x0000021c6f2f3d80 flushing  nmethod 0x0000021c5cc4f910
Event: 23.002 Thread 0x0000021c6f2f3d80 flushing  nmethod 0x0000021c5cc4fc90
Event: 23.002 Thread 0x0000021c6f2f3d80 flushing  nmethod 0x0000021c5cc51210
Event: 23.002 Thread 0x0000021c6f2f3d80 flushing  nmethod 0x0000021c5cc70e90
Event: 23.002 Thread 0x0000021c6f2f3d80 flushing  nmethod 0x0000021c5cc74a10
Event: 23.002 Thread 0x0000021c6f2f3d80 flushing  nmethod 0x0000021c5cca0690
Event: 23.002 Thread 0x0000021c6f2f3d80 flushing  nmethod 0x0000021c5cca2990
Event: 23.002 Thread 0x0000021c6f2f3d80 flushing  nmethod 0x0000021c5cca2f10
Event: 23.002 Thread 0x0000021c6f2f3d80 flushing  nmethod 0x0000021c5ccac390
Event: 23.002 Thread 0x0000021c6f2f3d80 flushing  nmethod 0x0000021c5ccae790
Event: 23.002 Thread 0x0000021c6f2f3d80 flushing  nmethod 0x0000021c5cdf9410
Event: 23.002 Thread 0x0000021c6f2f3d80 flushing  nmethod 0x0000021c5cdfb090
Event: 23.002 Thread 0x0000021c6f2f3d80 flushing  nmethod 0x0000021c5ce00490
Event: 23.002 Thread 0x0000021c6f2f3d80 flushing  nmethod 0x0000021c5ce03d10
Event: 23.002 Thread 0x0000021c6f2f3d80 flushing  nmethod 0x0000021c5ce37110

Events (20 events):
Event: 12.725 Thread 0x0000021c6f7c3390 Thread added: 0x0000021c75f788a0
Event: 12.735 Thread 0x0000021c6f7c3390 Thread added: 0x0000021c75f7a2e0
Event: 13.404 Thread 0x0000021c6f7c3390 Thread added: 0x0000021c75f78f30
Event: 14.213 Thread 0x0000021c6f7c3390 Thread added: 0x0000021c75f7ca40
Event: 15.139 Thread 0x0000021c6f7c3390 Thread added: 0x0000021c75f79c50
Event: 15.371 Thread 0x0000021c6f7c3390 Thread added: 0x0000021c75f795c0
Event: 18.670 Thread 0x0000021c6f7c3390 Thread added: 0x0000021c75f7b690
Event: 20.157 Thread 0x0000021c6f7c3390 Thread added: 0x0000021c75f7b000
Event: 24.560 Thread 0x0000021c6f7c3390 Thread added: 0x0000021c75f7d0d0
Event: 24.598 Thread 0x0000021c6f7c3390 Thread added: 0x0000021c75f7eb10
Event: 28.956 Thread 0x0000021c6f7c3390 Thread added: 0x0000021c75f7d760
Event: 34.925 Thread 0x0000021c6f7c3390 Thread added: 0x0000021c75f7f1a0
Event: 34.929 Thread 0x0000021c6f7c3390 Thread added: 0x0000021c75f7f830
Event: 34.930 Thread 0x0000021c6f7c3390 Thread added: 0x0000021c75f7fec0
Event: 34.931 Thread 0x0000021c6f7c3390 Thread added: 0x0000021c77d29d10
Event: 34.931 Thread 0x0000021c6f7c3390 Thread added: 0x0000021c77d2bde0
Event: 34.932 Thread 0x0000021c6f7c3390 Thread added: 0x0000021c77d2aa30
Event: 34.932 Thread 0x0000021c6f7c3390 Thread added: 0x0000021c77d2a3a0
Event: 35.404 Thread 0x0000021c6f7c3390 Thread added: 0x0000021c77d2b0c0
Event: 37.988 Thread 0x0000021c6f7c3390 Thread added: 0x0000021c77d2b750


Dynamic libraries:
0x00007ff7c3ea0000 - 0x00007ff7c3eae000 	C:\Users\User\.vscode\extensions\redhat.java-1.56.0-win32-x64\jre\21.0.12.1-win32-x86_64\bin\java.exe
0x00007fff70ce0000 - 0x00007fff70f47000 	C:\WINDOWS\SYSTEM32\ntdll.dll
0x00007fff6f600000 - 0x00007fff6f6cb000 	C:\WINDOWS\System32\KERNEL32.DLL
0x00007fff6dee0000 - 0x00007fff6e2e2000 	C:\WINDOWS\System32\KERNELBASE.dll
0x00007fff6e8a0000 - 0x00007fff6e9ec000 	C:\WINDOWS\System32\ucrtbase.dll
0x00007fff250d0000 - 0x00007fff250ee000 	C:\Users\User\.vscode\extensions\redhat.java-1.56.0-win32-x64\jre\21.0.12.1-win32-x86_64\bin\VCRUNTIME140.dll
0x00007fff36f70000 - 0x00007fff36f88000 	C:\Users\User\.vscode\extensions\redhat.java-1.56.0-win32-x64\jre\21.0.12.1-win32-x86_64\bin\jli.dll
0x00007fff700f0000 - 0x00007fff702bf000 	C:\WINDOWS\System32\USER32.dll
0x00007fff6e7b0000 - 0x00007fff6e7d7000 	C:\WINDOWS\System32\win32u.dll
0x00007fff70000000 - 0x00007fff7002b000 	C:\WINDOWS\System32\GDI32.dll
0x00007fff6e440000 - 0x00007fff6e569000 	C:\WINDOWS\System32\gdi32full.dll
0x00007fff4bbb0000 - 0x00007fff4be40000 	C:\WINDOWS\WinSxS\amd64_microsoft.windows.common-controls_6595b64144ccf1df_6.0.26100.9278_none_3e0d1ba8e3303201\COMCTL32.dll
0x00007fff6e570000 - 0x00007fff6e613000 	C:\WINDOWS\System32\msvcp_win.dll
0x00007fff70450000 - 0x00007fff704f9000 	C:\WINDOWS\System32\msvcrt.dll
0x00007fff6f5c0000 - 0x00007fff6f5f1000 	C:\WINDOWS\System32\IMM32.DLL
0x00007fff58fe0000 - 0x00007fff58fec000 	C:\Users\User\.vscode\extensions\redhat.java-1.56.0-win32-x64\jre\21.0.12.1-win32-x86_64\bin\vcruntime140_1.dll
0x00007fff09640000 - 0x00007fff096cd000 	C:\Users\User\.vscode\extensions\redhat.java-1.56.0-win32-x64\jre\21.0.12.1-win32-x86_64\bin\msvcp140.dll
0x00007ffee81e0000 - 0x00007ffee8f82000 	C:\Users\User\.vscode\extensions\redhat.java-1.56.0-win32-x64\jre\21.0.12.1-win32-x86_64\bin\server\jvm.dll
0x00007fff70380000 - 0x00007fff7043c000 	C:\WINDOWS\System32\ADVAPI32.dll
0x00007fff6f6d0000 - 0x00007fff6f779000 	C:\WINDOWS\System32\sechost.dll
0x00007fff6f920000 - 0x00007fff6fa38000 	C:\WINDOWS\System32\RPCRT4.dll
0x00007fff6efa0000 - 0x00007fff6f020000 	C:\WINDOWS\System32\WS2_32.dll
0x00007fff6dd40000 - 0x00007fff6dd9e000 	C:\WINDOWS\SYSTEM32\POWRPROF.dll
0x00007fff5db80000 - 0x00007fff5db8b000 	C:\WINDOWS\SYSTEM32\VERSION.dll
0x00007fff638e0000 - 0x00007fff63916000 	C:\WINDOWS\SYSTEM32\WINMM.dll
0x00007fff6dc70000 - 0x00007fff6dc85000 	C:\WINDOWS\SYSTEM32\UMPDC.dll
0x00007fff6cbb0000 - 0x00007fff6cbcb000 	C:\WINDOWS\SYSTEM32\kernel.appcore.dll
0x00007fff57f60000 - 0x00007fff57f6a000 	C:\Users\User\.vscode\extensions\redhat.java-1.56.0-win32-x64\jre\21.0.12.1-win32-x86_64\bin\jimage.dll
0x00007fff6ae60000 - 0x00007fff6b0ac000 	C:\WINDOWS\SYSTEM32\DBGHELP.DLL
0x00007fff6fa60000 - 0x00007fff6fde5000 	C:\WINDOWS\System32\combase.dll
0x00007fff6ed20000 - 0x00007fff6edf9000 	C:\WINDOWS\System32\OLEAUT32.dll
0x00007fff4b200000 - 0x00007fff4b23b000 	C:\WINDOWS\SYSTEM32\dbgcore.DLL
0x00007fff6e7e0000 - 0x00007fff6e88c000 	C:\WINDOWS\System32\bcryptPrimitives.dll
0x00007fff3b900000 - 0x00007fff3b90f000 	C:\Users\User\.vscode\extensions\redhat.java-1.56.0-win32-x64\jre\21.0.12.1-win32-x86_64\bin\instrument.dll
0x00007fff237c0000 - 0x00007fff237e0000 	C:\Users\User\.vscode\extensions\redhat.java-1.56.0-win32-x64\jre\21.0.12.1-win32-x86_64\bin\java.dll
0x00007fff70500000 - 0x00007fff70c98000 	C:\WINDOWS\System32\SHELL32.dll
0x00007fff6b920000 - 0x00007fff6c1ce000 	C:\WINDOWS\SYSTEM32\windows.storage.dll
0x00007fff6f030000 - 0x00007fff6f12b000 	C:\WINDOWS\System32\SHCORE.dll
0x00007fff6ea00000 - 0x00007fff6ea66000 	C:\WINDOWS\System32\shlwapi.dll
0x00007fff6de00000 - 0x00007fff6de29000 	C:\WINDOWS\SYSTEM32\profapi.dll
0x00007fff237a0000 - 0x00007fff237b8000 	C:\Users\User\.vscode\extensions\redhat.java-1.56.0-win32-x64\jre\21.0.12.1-win32-x86_64\bin\zip.dll
0x00007fff4f470000 - 0x00007fff4f480000 	C:\Users\User\.vscode\extensions\redhat.java-1.56.0-win32-x64\jre\21.0.12.1-win32-x86_64\bin\net.dll
0x00007fff66c00000 - 0x00007fff66d2a000 	C:\WINDOWS\SYSTEM32\WINHTTP.dll
0x00007fff6d170000 - 0x00007fff6d1dc000 	C:\WINDOWS\system32\mswsock.dll
0x00007fff1e970000 - 0x00007fff1e986000 	C:\Users\User\.vscode\extensions\redhat.java-1.56.0-win32-x64\jre\21.0.12.1-win32-x86_64\bin\nio.dll
0x00007fff39ff0000 - 0x00007fff3a000000 	C:\Users\User\.vscode\extensions\redhat.java-1.56.0-win32-x64\jre\21.0.12.1-win32-x86_64\bin\verify.dll
0x00007fff0fce0000 - 0x00007fff0fd07000 	C:\Users\User\.gradle\native\660c5614fbf4a5f2a75b1949f50a0caf5cd603558e7d8a26e50b933a0cfb79d1\windows-amd64\native-platform.dll
0x00007fff01e30000 - 0x00007fff01ea7000 	C:\Users\User\.gradle\native\0.2.8\x86_64-windows-gnu\gradle-fileevents.dll
0x00007fff39e80000 - 0x00007fff39e8a000 	C:\Users\User\.vscode\extensions\redhat.java-1.56.0-win32-x64\jre\21.0.12.1-win32-x86_64\bin\management.dll
0x00007fff37e30000 - 0x00007fff37e3c000 	C:\Users\User\.vscode\extensions\redhat.java-1.56.0-win32-x64\jre\21.0.12.1-win32-x86_64\bin\management_ext.dll
0x00007fff6ef90000 - 0x00007fff6ef98000 	C:\WINDOWS\System32\PSAPI.DLL
0x00007fff6c610000 - 0x00007fff6c643000 	C:\WINDOWS\SYSTEM32\IPHLPAPI.DLL
0x00007fff6ed10000 - 0x00007fff6ed1a000 	C:\WINDOWS\System32\NSI.dll
0x00007fff2a040000 - 0x00007fff2a049000 	C:\Users\User\.vscode\extensions\redhat.java-1.56.0-win32-x64\jre\21.0.12.1-win32-x86_64\bin\extnet.dll
0x00007fff6d480000 - 0x00007fff6d49b000 	C:\WINDOWS\SYSTEM32\CRYPTSP.dll
0x00007fff6cb10000 - 0x00007fff6cb49000 	C:\WINDOWS\system32\rsaenh.dll
0x00007fff6d220000 - 0x00007fff6d254000 	C:\WINDOWS\SYSTEM32\USERENV.dll
0x00007fff6ddd0000 - 0x00007fff6ddfa000 	C:\WINDOWS\SYSTEM32\bcrypt.dll
0x00007fff6d460000 - 0x00007fff6d46c000 	C:\WINDOWS\SYSTEM32\CRYPTBASE.dll
0x00007fff40840000 - 0x00007fff4084e000 	C:\Users\User\.vscode\extensions\redhat.java-1.56.0-win32-x64\jre\21.0.12.1-win32-x86_64\bin\sunmscapi.dll
0x00007fff6e620000 - 0x00007fff6e79e000 	C:\WINDOWS\System32\CRYPT32.dll
0x00007fff6d6a0000 - 0x00007fff6d6d0000 	C:\WINDOWS\SYSTEM32\ncrypt.dll
0x00007fff6d650000 - 0x00007fff6d68f000 	C:\WINDOWS\SYSTEM32\NTASN1.dll
0x00007fff269b0000 - 0x00007fff269b8000 	C:\WINDOWS\system32\wshunix.dll

JVMTI agents:
C:\Users\User\.gradle\wrapper\dists\gradle-9.7.1-bin\1w1c7tv4s851m17nbqdsro2tv\gradle-9.7.1\lib\agents\gradle-instrumentation-agent-9.7.1.jar path:C:\Users\User\.vscode\extensions\redhat.java-1.56.0-win32-x64\jre\21.0.12.1-win32-x86_64\bin\instrument.dll, loaded, initialized, instrumentlib options:none

dbghelp: loaded successfully - version: 4.0.5 - missing functions: none
symbol engine: initialized successfully - sym options: 0x614 - pdb path: .;C:\Users\User\.vscode\extensions\redhat.java-1.56.0-win32-x64\jre\21.0.12.1-win32-x86_64\bin;C:\WINDOWS\SYSTEM32;C:\WINDOWS\WinSxS\amd64_microsoft.windows.common-controls_6595b64144ccf1df_6.0.26100.9278_none_3e0d1ba8e3303201;C:\Users\User\.vscode\extensions\redhat.java-1.56.0-win32-x64\jre\21.0.12.1-win32-x86_64\bin\server;C:\Users\User\.gradle\native\660c5614fbf4a5f2a75b1949f50a0caf5cd603558e7d8a26e50b933a0cfb79d1\windows-amd64;C:\Users\User\.gradle\native\0.2.8\x86_64-windows-gnu

VM Arguments:
jvm_args: --add-opens=java.base/java.lang=ALL-UNNAMED --add-opens=java.base/java.lang.invoke=ALL-UNNAMED --add-opens=java.base/java.util=ALL-UNNAMED --add-opens=java.prefs/java.util.prefs=ALL-UNNAMED --add-exports=jdk.compiler/com.sun.tools.javac.api=ALL-UNNAMED --add-exports=jdk.compiler/com.sun.tools.javac.util=ALL-UNNAMED --add-opens=java.base/java.nio.charset=ALL-UNNAMED --add-opens=java.base/java.net=ALL-UNNAMED --add-opens=java.base/java.util.concurrent=ALL-UNNAMED --add-opens=java.base/java.util.concurrent.atomic=ALL-UNNAMED --add-opens=java.xml/javax.xml.namespace=ALL-UNNAMED --add-opens=java.base/java.time=ALL-UNNAMED -XX:MaxMetaspaceSize=384m -XX:+HeapDumpOnOutOfMemoryError -Xms256m -Xmx512m -Dfile.encoding=UTF-8 -Duser.country=US -Duser.language=en -Duser.variant -javaagent:C:\Users\User\.gradle\wrapper\dists\gradle-9.7.1-bin\1w1c7tv4s851m17nbqdsro2tv\gradle-9.7.1\lib\agents\gradle-instrumentation-agent-9.7.1.jar 
java_command: org.gradle.launcher.daemon.bootstrap.GradleDaemon 9.7.1
java_class_path (initial): C:\Users\User\.gradle\wrapper\dists\gradle-9.7.1-bin\1w1c7tv4s851m17nbqdsro2tv\gradle-9.7.1\lib\gradle-daemon-main-9.7.1.jar
Launcher Type: SUN_STANDARD

[Global flags]
     intx CICompilerCount                          = 4                                         {product} {ergonomic}
   size_t CompressedClassSpaceSize                 = 335544320                                 {product} {ergonomic}
     uint ConcGCThreads                            = 2                                         {product} {ergonomic}
     uint G1ConcRefinementThreads                  = 8                                         {product} {ergonomic}
   size_t G1HeapRegionSize                         = 1048576                                   {product} {ergonomic}
    uintx GCDrainStackTargetSize                   = 64                                        {product} {ergonomic}
     bool HeapDumpOnOutOfMemoryError               = true                                   {manageable} {command line}
   size_t InitialHeapSize                          = 268435456                                 {product} {command line}
   size_t MarkStackSize                            = 4194304                                   {product} {ergonomic}
   size_t MaxHeapSize                              = 536870912                                 {product} {command line}
   size_t MaxMetaspaceSize                         = 402653184                                 {product} {command line}
   size_t MaxNewSize                               = 321912832                                 {product} {ergonomic}
   size_t MinHeapDeltaBytes                        = 1048576                                   {product} {ergonomic}
   size_t MinHeapSize                              = 268435456                                 {product} {command line}
    uintx NonNMethodCodeHeapSize                   = 5839372                                {pd product} {ergonomic}
    uintx NonProfiledCodeHeapSize                  = 122909434                              {pd product} {ergonomic}
    uintx ProfiledCodeHeapSize                     = 122909434                              {pd product} {ergonomic}
    uintx ReservedCodeCacheSize                    = 251658240                              {pd product} {ergonomic}
     bool SegmentedCodeCache                       = true                                      {product} {ergonomic}
   size_t SoftMaxHeapSize                          = 536870912                              {manageable} {ergonomic}
     bool UseCompressedOops                        = true                           {product lp64_product} {ergonomic}
     bool UseG1GC                                  = true                                      {product} {ergonomic}
     bool UseLargePagesIndividualAllocation        = false                                  {pd product} {ergonomic}

Logging:
Log output configuration:
 #0: stdout all=warning uptime,level,tags foldmultilines=false
 #1: stderr all=off uptime,level,tags foldmultilines=false

Release file:
JAVA_VERSION="21.0.12.1" 
MODULES="java.base java.compiler java.datatransfer java.xml java.prefs java.desktop java.instrument java.logging java.management java.security.sasl java.naming java.rmi java.management.rmi java.net.http java.scripting java.security.jgss java.transaction.xa java.sql java.sql.rowset java.xml.crypto java.se java.smartcardio jdk.accessibility jdk.internal.jvmstat jdk.attach jdk.charsets jdk.internal.opt jdk.zipfs jdk.compiler jdk.crypto.ec jdk.crypto.cryptoki jdk.crypto.mscapi jdk.dynalink jdk.internal.ed jdk.editpad jdk.hotspot.agent jdk.httpserver jdk.internal.le jdk.internal.vm.ci jdk.internal.vm.compiler jdk.internal.vm.compiler.management jdk.jartool jdk.javadoc jdk.jcmd jdk.management jdk.management.agent jdk.jconsole jdk.jdeps jdk.jdwp.agent jdk.jdi jdk.jfr jdk.jshell jdk.jsobject jdk.jstatd jdk.localedata jdk.management.jfr jdk.naming.dns jdk.naming.rmi jdk.net jdk.nio.mapmode jdk.random jdk.sctp jdk.security.auth jdk.security.jgss jdk.unsupported jdk.unsupported.desktop jdk.xml.dom" 

Environment Variables:
PATH=C:\Program Files\Eclipse Adoptium\jdk-21.0.12.101-hotspot\bin;C:\WINDOWS\system32;C:\WINDOWS;C:\WINDOWS\System32\Wbem;C:\WINDOWS\System32\WindowsPowerShell\v1.0\;C:\WINDOWS\System32\OpenSSH\;C:\Program Files\Microsoft SQL Server\150\Tools\Binn\;C:\Program Files\Microsoft SQL Server\Client SDK\ODBC\170\Tools\Binn\;C:\Program Files\dotnet\;C:\Program Files (x86)\Microsoft SQL Server\150\Tools\Binn\;C:\Program Files (x86)\Microsoft SQL Server\150\DTS\Binn\;C:\Program Files\Microsoft SQL Server\150\DTS\Binn\;C:\Program Files\nodejs\;D:\Git\cmd;C:\Program Files\GitHub CLI\;C:\Users\User\AppData\Local\Programs\Python\Python313\Scripts\;C:\Users\User\AppData\Local\Programs\Python\Python313\;C:\Users\User\AppData\Local\Programs\Python\Launcher\;C:\Users\User\.local\bin;C:\Users\User\AppData\Local\Microsoft\WindowsApps;H:\Microsoft VS Code\bin;C:\Users\User\.dotnet\tools;C:\Program Files\Azure Data Studio\bin;C:\Users\User\AppData\Roaming\npm
USERNAME=User
OS=Windows_NT
PROCESSOR_IDENTIFIER=Intel64 Family 6 Model 140 Stepping 1, GenuineIntel
TMP=C:\Users\User\AppData\Local\Temp
TEMP=C:\Users\User\AppData\Local\Temp




Periodic native trim disabled

---------------  S Y S T E M  ---------------

OS:
 Windows 11 , 64 bit Build 26100 (10.0.26100.9444)
OS uptime: 12 days 20:04 hours
Hyper-V role detected

CPU: total 8 (initial active 8) (4 cores per cpu, 2 threads per core) family 6 model 140 stepping 1 microcode 0xac, cx8, cmov, fxsr, ht, mmx, 3dnowpref, sse, sse2, sse3, ssse3, sse4.1, sse4.2, popcnt, lzcnt, tsc, tscinvbit, avx, avx2, aes, erms, clmul, bmi1, bmi2, adx, avx512f, avx512dq, avx512cd, avx512bw, avx512vl, sha, fma, vzeroupper, avx512_vpopcntdq, avx512_vpclmulqdq, avx512_vaes, avx512_vnni, clflush, clflushopt, clwb, avx512_vbmi2, avx512_vbmi, hv, rdtscp, rdpid, fsrm, gfni, avx512_bitalg, f16c, cet_ibt, cet_ss, avx512_ifma
Processor Information for the first 8 processors :
  Max Mhz: 2419, Current Mhz: 2419, Mhz Limit: 2419

Memory: 4k page, system-wide physical 7932M (119M free)
TotalPageFile size 31252M (AvailPageFile size 0M)
current process WorkingSet (physical memory assigned to process): 279M, peak: 279M
current process commit charge ("private bytes"): 466M, peak: 466M

vm_info: OpenJDK 64-Bit Server VM (21.0.12.1+1-LTS) for windows-amd64 JRE (21.0.12.1+1-LTS), built on 2026-08-18T00:00:00Z by "admin" with MS VC++ 17.12 (VS2022)

END.
