#
# There is insufficient memory for the Java Runtime Environment to continue.
# Native memory allocation (malloc) failed to allocate 1748224 bytes. Error detail: Chunk::new
# Possible reasons:
#   The system is out of physical RAM or swap space
#   This process is running with CompressedOops enabled, and the Java Heap may be blocking the growth of the native heap
# Possible solutions:
#   Reduce memory load on the system
#   Increase physical memory or swap space
#   Check if swap backing store is full
#   Decrease Java heap size (-Xmx/-Xms)
#   Decrease number of Java threads
#   Decrease Java thread stack sizes (-Xss)
#   Set larger code cache with -XX:ReservedCodeCacheSize=
#   JVM is running with Unscaled Compressed Oops mode in which the Java heap is
#     placed in the first 4GB address space. The Java Heap base address is the
#     maximum limit for the native heap growth. Please use -XX:HeapBaseMinAddress
#     to set the Java Heap base and to place the Java Heap above 4GB virtual address.
# This output file may be truncated or incomplete.
#
#  Out of Memory Error (arena.cpp:168), pid=40572, tid=25448
#
# JRE version: OpenJDK Runtime Environment Temurin-21.0.12.1+1 (21.0.12.1+1) (build 21.0.12.1+1-LTS)
# Java VM: OpenJDK 64-Bit Server VM Temurin-21.0.12.1+1 (21.0.12.1+1-LTS, mixed mode, sharing, tiered, compressed oops, compressed class ptrs, g1 gc, windows-amd64)
# No core dump will be written. Minidumps are not enabled by default on client versions of Windows
#

---------------  S U M M A R Y ------------

Command Line: --add-opens=java.base/java.lang=ALL-UNNAMED --add-opens=java.base/java.lang.invoke=ALL-UNNAMED --add-opens=java.base/java.util=ALL-UNNAMED --add-opens=java.prefs/java.util.prefs=ALL-UNNAMED --add-exports=jdk.compiler/com.sun.tools.javac.api=ALL-UNNAMED --add-exports=jdk.compiler/com.sun.tools.javac.util=ALL-UNNAMED --add-opens=java.base/java.nio.charset=ALL-UNNAMED --add-opens=java.base/java.net=ALL-UNNAMED --add-opens=java.base/java.util.concurrent=ALL-UNNAMED --add-opens=java.base/java.util.concurrent.atomic=ALL-UNNAMED --add-opens=java.xml/javax.xml.namespace=ALL-UNNAMED --add-opens=java.base/java.time=ALL-UNNAMED -XX:MaxMetaspaceSize=384m -XX:+HeapDumpOnOutOfMemoryError -Xms256m -Xmx512m -Dfile.encoding=UTF-8 -Duser.country=US -Duser.language=en -Duser.variant -javaagent:C:\Users\User\.gradle\wrapper\dists\gradle-9.7.1-bin\1w1c7tv4s851m17nbqdsro2tv\gradle-9.7.1\lib\agents\gradle-instrumentation-agent-9.7.1.jar org.gradle.launcher.daemon.bootstrap.GradleDaemon 9.7.1

Host: 11th Gen Intel(R) Core(TM) i5-1135G7 @ 2.40GHz, 8 cores, 7G,  Windows 11 , 64 bit Build 26100 (10.0.26100.9549)
Time: Sat Oct  3 10:33:27 2026 Bangladesh Standard Time elapsed time: 106.889144 seconds (0d 0h 1m 46s)

---------------  T H R E A D  ---------------

Current thread (0x00000213ce85e430):  JavaThread "C2 CompilerThread0" daemon [_thread_in_native, id=25448, stack(0x000000c69f100000,0x000000c69f200000) (1024K)]


Current CompileTask:
C2:106889 6001       4       java.lang.invoke.MethodType::makeImpl (109 bytes)

Stack: [0x000000c69f100000,0x000000c69f200000]
Native frames: (J=compiled Java code, j=interpreted, Vv=VM code, C=native code)
V  [jvm.dll+0x6d83e9]
V  [jvm.dll+0x8b5736]
V  [jvm.dll+0x8b7cee]
V  [jvm.dll+0x8b83d3]
V  [jvm.dll+0x284596]
V  [jvm.dll+0xc685d]
V  [jvm.dll+0xc6da1]
V  [jvm.dll+0x3bf18b]
V  [jvm.dll+0x38b6d2]
V  [jvm.dll+0x38ab1a]
V  [jvm.dll+0x24c700]
V  [jvm.dll+0x24bce0]
V  [jvm.dll+0x1cb4ae]
V  [jvm.dll+0x25baad]
V  [jvm.dll+0x25a03a]
V  [jvm.dll+0x3f8aae]
V  [jvm.dll+0x8600cd]
V  [jvm.dll+0x6d6c1d]
C  [ucrtbase.dll+0x2cd30]
C  [KERNEL32.DLL+0x2cdf7]
C  [ntdll.dll+0x7ee4c]


---------------  P R O C E S S  ---------------

Threads class SMR info:
_java_thread_list=0x00000213eb215610, length=46, elements={
0x00000213b8ea0900, 0x00000213ce84e900, 0x00000213ce8544a0, 0x00000213ce857d30,
0x00000213ce85a7a0, 0x00000213ce85b200, 0x00000213ce85bc60, 0x00000213ce85e430,
0x00000213ce862f80, 0x00000213ceaf3ec0, 0x00000213ceaeab80, 0x00000213cec28b10,
0x00000213e9e2aa60, 0x00000213e8d23390, 0x00000213e89d2760, 0x00000213cea5e100,
0x00000213e917a130, 0x00000213e9d97f70, 0x00000213e8d8e170, 0x00000213e8d8e800,
0x00000213e8d90240, 0x00000213e8d8f520, 0x00000213e8d908d0, 0x00000213e8d8d450,
0x00000213e8d8ee90, 0x00000213eb947ee0, 0x00000213eb9471c0, 0x00000213eb948570,
0x00000213eb947850, 0x00000213eb9464a0, 0x00000213eb946b30, 0x00000213eb949290,
0x00000213eb945e10, 0x00000213ea682080, 0x00000213ea682da0, 0x00000213ea683430,
0x00000213ea683ac0, 0x00000213ea684150, 0x00000213ea684e70, 0x00000213e9f1fba0,
0x00000213e9f1cdb0, 0x00000213e9f1d440, 0x00000213e9f1c720, 0x00000213e9f1f510,
0x00000213e9f20f50, 0x00000213e9f20230
}

Java Threads: ( => current thread )
  0x00000213b8ea0900 JavaThread "main"                              [_thread_blocked, id=34348, stack(0x000000c69e200000,0x000000c69e300000) (1024K)]
  0x00000213ce84e900 JavaThread "Reference Handler"          daemon [_thread_blocked, id=9752, stack(0x000000c69eb00000,0x000000c69ec00000) (1024K)]
  0x00000213ce8544a0 JavaThread "Finalizer"                  daemon [_thread_blocked, id=37692, stack(0x000000c69ec00000,0x000000c69ed00000) (1024K)]
  0x00000213ce857d30 JavaThread "Signal Dispatcher"          daemon [_thread_blocked, id=22944, stack(0x000000c69ed00000,0x000000c69ee00000) (1024K)]
  0x00000213ce85a7a0 JavaThread "Attach Listener"            daemon [_thread_blocked, id=28588, stack(0x000000c69ee00000,0x000000c69ef00000) (1024K)]
  0x00000213ce85b200 JavaThread "Service Thread"             daemon [_thread_blocked, id=38012, stack(0x000000c69ef00000,0x000000c69f000000) (1024K)]
  0x00000213ce85bc60 JavaThread "Monitor Deflation Thread"   daemon [_thread_blocked, id=18776, stack(0x000000c69f000000,0x000000c69f100000) (1024K)]
=>0x00000213ce85e430 JavaThread "C2 CompilerThread0"         daemon [_thread_in_native, id=25448, stack(0x000000c69f100000,0x000000c69f200000) (1024K)]
  0x00000213ce862f80 JavaThread "C1 CompilerThread0"         daemon [_thread_blocked, id=35424, stack(0x000000c69f200000,0x000000c69f300000) (1024K)]
  0x00000213ceaf3ec0 JavaThread "Common-Cleaner"             daemon [_thread_blocked, id=18564, stack(0x000000c69f300000,0x000000c69f400000) (1024K)]
  0x00000213ceaeab80 JavaThread "Notification Thread"        daemon [_thread_blocked, id=34272, stack(0x000000c69f400000,0x000000c69f500000) (1024K)]
  0x00000213cec28b10 JavaThread "Daemon health stats"               [_thread_blocked, id=41632, stack(0x000000c69fa00000,0x000000c69fb00000) (1024K)]
  0x00000213e9e2aa60 JavaThread "Incoming local TCP Connector on port 62829"        [_thread_in_native, id=55808, stack(0x000000c69fb00000,0x000000c69fc00000) (1024K)]
  0x00000213e8d23390 JavaThread "Daemon periodic checks"            [_thread_blocked, id=43220, stack(0x000000c69fc00000,0x000000c69fd00000) (1024K)]
  0x00000213e89d2760 JavaThread "Daemon"                            [_thread_blocked, id=52076, stack(0x000000c69fd00000,0x000000c69fe00000) (1024K)]
  0x00000213cea5e100 JavaThread "Handler for socket connection from /127.0.0.1:62829 to /127.0.0.1:62833"        [_thread_in_native, id=41184, stack(0x000000c69fe00000,0x000000c69ff00000) (1024K)]
  0x00000213e917a130 JavaThread "Cancel handler"                    [_thread_blocked, id=11608, stack(0x000000c69ff00000,0x000000c6a0000000) (1024K)]
  0x00000213e9d97f70 JavaThread "Daemon worker"                     [_thread_blocked, id=20760, stack(0x000000c6a0000000,0x000000c6a0100000) (1024K)]
  0x00000213e8d8e170 JavaThread "Asynchronous log dispatcher for DefaultDaemonConnection: socket connection from /127.0.0.1:62829 to /127.0.0.1:62833"        [_thread_blocked, id=26264, stack(0x000000c6a0100000,0x000000c6a0200000) (1024K)]
  0x00000213e8d8e800 JavaThread "Stdin handler"                     [_thread_blocked, id=43556, stack(0x000000c6a0200000,0x000000c6a0300000) (1024K)]
  0x00000213e8d90240 JavaThread "Daemon client event forwarder"        [_thread_blocked, id=37080, stack(0x000000c6a0300000,0x000000c6a0400000) (1024K)]
  0x00000213e8d8f520 JavaThread "Cache worker for journal cache (C:\Users\User\.gradle\caches\journal-1)"        [_thread_blocked, id=34376, stack(0x000000c6a0400000,0x000000c6a0500000) (1024K)]
  0x00000213e8d908d0 JavaThread "File lock request listener"        [_thread_in_native, id=18676, stack(0x000000c6a0500000,0x000000c6a0600000) (1024K)]
  0x00000213e8d8d450 JavaThread "Cache worker for file hash cache (C:\Users\User\.gradle\caches\9.7.1\fileHashes)"        [_thread_in_vm, id=47808, stack(0x000000c6a0600000,0x000000c6a0700000) (1024K)]
  0x00000213e8d8ee90 JavaThread "File lock release action executor"        [_thread_blocked, id=42596, stack(0x000000c6a0700000,0x000000c6a0800000) (1024K)]
  0x00000213eb947ee0 JavaThread "Cache worker for file hash cache (E:\AOOP\TryOnBD\backend\.gradle\9.7.1\fileHashes)"        [_thread_blocked, id=51684, stack(0x000000c6a0b00000,0x000000c6a0c00000) (1024K)]
  0x00000213eb9471c0 JavaThread "Cache worker for Build Output Cleanup Cache (E:\AOOP\TryOnBD\backend\.gradle\buildOutputCleanup)"        [_thread_blocked, id=50256, stack(0x000000c6a0c00000,0x000000c6a0d00000) (1024K)]
  0x00000213eb948570 JavaThread "File watcher server"        daemon [_thread_in_native, id=23736, stack(0x000000c6a0d00000,0x000000c6a0e00000) (1024K)]
  0x00000213eb947850 JavaThread "File watcher consumer"      daemon [_thread_blocked, id=33096, stack(0x000000c6a0e00000,0x000000c6a0f00000) (1024K)]
  0x00000213eb9464a0 JavaThread "Cache worker for file content cache (C:\Users\User\.gradle\caches\9.7.1\fileContent)"        [_thread_blocked, id=52004, stack(0x000000c6a0f00000,0x000000c6a1000000) (1024K)]
  0x00000213eb946b30 JavaThread "Cache worker for checksums cache (E:\AOOP\TryOnBD\backend\.gradle\9.7.1\checksums)"        [_thread_blocked, id=49044, stack(0x000000c6a1000000,0x000000c6a1100000) (1024K)]
  0x00000213eb949290 JavaThread "Cache worker for cache directory md-supplier (C:\Users\User\.gradle\caches\9.7.1\md-supplier)"        [_thread_blocked, id=13252, stack(0x000000c6a1100000,0x000000c6a1200000) (1024K)]
  0x00000213eb945e10 JavaThread "Cache worker for cache directory md-rule (C:\Users\User\.gradle\caches\9.7.1\md-rule)"        [_thread_blocked, id=11120, stack(0x000000c6a1200000,0x000000c6a1300000) (1024K)]
  0x00000213ea682080 JavaThread "jar transforms"                    [_thread_blocked, id=26968, stack(0x000000c6a1300000,0x000000c6a1400000) (1024K)]
  0x00000213ea682da0 JavaThread "jar transforms Thread 2"           [_thread_blocked, id=25996, stack(0x000000c6a1400000,0x000000c6a1500000) (1024K)]
  0x00000213ea683430 JavaThread "jar transforms Thread 3"           [_thread_blocked, id=20668, stack(0x000000c6a1500000,0x000000c6a1600000) (1024K)]
  0x00000213ea683ac0 JavaThread "jar transforms Thread 4"           [_thread_blocked, id=44952, stack(0x000000c6a1600000,0x000000c6a1700000) (1024K)]
  0x00000213ea684150 JavaThread "jar transforms Thread 5"           [_thread_blocked, id=45040, stack(0x000000c6a1700000,0x000000c6a1800000) (1024K)]
  0x00000213ea684e70 JavaThread "Build operations"                  [_thread_blocked, id=27752, stack(0x000000c69e100000,0x000000c69e200000) (1024K)]
  0x00000213e9f1fba0 JavaThread "Build operations Thread 2"         [_thread_blocked, id=21756, stack(0x000000c69e300000,0x000000c69e400000) (1024K)]
  0x00000213e9f1cdb0 JavaThread "Build operations Thread 3"         [_thread_blocked, id=42016, stack(0x000000c6a1800000,0x000000c6a1900000) (1024K)]
  0x00000213e9f1d440 JavaThread "Build operations Thread 4"         [_thread_blocked, id=34088, stack(0x000000c6a1900000,0x000000c6a1a00000) (1024K)]
  0x00000213e9f1c720 JavaThread "Build operations Thread 5"         [_thread_blocked, id=19636, stack(0x000000c6a1a00000,0x000000c6a1b00000) (1024K)]
  0x00000213e9f1f510 JavaThread "Build operations Thread 6"         [_thread_blocked, id=33876, stack(0x000000c6a1b00000,0x000000c6a1c00000) (1024K)]
  0x00000213e9f20f50 JavaThread "Build operations Thread 7"         [_thread_blocked, id=2964, stack(0x000000c6a1c00000,0x000000c6a1d00000) (1024K)]
  0x00000213e9f20230 JavaThread "Build operations Thread 8"         [_thread_blocked, id=7740, stack(0x000000c6a1d00000,0x000000c6a1e00000) (1024K)]
Total: 46

Other Threads:
  0x00000213ce8357f0 VMThread "VM Thread"                           [id=19452, stack(0x000000c69ea00000,0x000000c69eb00000) (1024K)]
  0x00000213ce823a00 WatcherThread "VM Periodic Task Thread"        [id=42556, stack(0x000000c69e900000,0x000000c69ea00000) (1024K)]
  0x00000213b8ecab20 WorkerThread "GC Thread#0"                     [id=23184, stack(0x000000c69e400000,0x000000c69e500000) (1024K)]
  0x00000213e8a26ef0 WorkerThread "GC Thread#1"                     [id=53008, stack(0x000000c69f500000,0x000000c69f600000) (1024K)]
  0x00000213cea46280 WorkerThread "GC Thread#2"                     [id=51888, stack(0x000000c69f600000,0x000000c69f700000) (1024K)]
  0x00000213cec56b40 WorkerThread "GC Thread#3"                     [id=37592, stack(0x000000c69f700000,0x000000c69f800000) (1024K)]
  0x00000213cec56ef0 WorkerThread "GC Thread#4"                     [id=39808, stack(0x000000c69f800000,0x000000c69f900000) (1024K)]
  0x00000213cea308d0 WorkerThread "GC Thread#5"                     [id=14864, stack(0x000000c69f900000,0x000000c69fa00000) (1024K)]
  0x00000213e8d95820 WorkerThread "GC Thread#6"                     [id=31636, stack(0x000000c6a0800000,0x000000c6a0900000) (1024K)]
  0x00000213e8d96330 WorkerThread "GC Thread#7"                     [id=35644, stack(0x000000c6a0900000,0x000000c6a0a00000) (1024K)]
  0x00000213b8ed0230 ConcurrentGCThread "G1 Main Marker"            [id=7772, stack(0x000000c69e500000,0x000000c69e600000) (1024K)]
  0x00000213b8ed0c50 WorkerThread "G1 Conc#0"                       [id=21688, stack(0x000000c69e600000,0x000000c69e700000) (1024K)]
  0x00000213ebfa8680 WorkerThread "G1 Conc#1"                       [id=43256, stack(0x000000c6a0a00000,0x000000c6a0b00000) (1024K)]
  0x00000213ce6f35d0 ConcurrentGCThread "G1 Refine#0"               [id=47180, stack(0x000000c69e700000,0x000000c69e800000) (1024K)]
  0x00000213ce6f3e00 ConcurrentGCThread "G1 Service"                [id=30620, stack(0x000000c69e800000,0x000000c69e900000) (1024K)]
Total: 15

Threads with active compile tasks:
C2 CompilerThread0  107186 6001       4       java.lang.invoke.MethodType::makeImpl (109 bytes)
Total: 1

VM state: not at safepoint (normal execution)

VM Mutex/Monitor currently owned by a thread: None

Heap address: 0x00000000e0000000, size: 512 MB, Compressed Oops mode: 32-bit

CDS archive(s) mapped at: [0x00000213cf000000-0x00000213cfba0000-0x00000213cfba0000), size 12189696, SharedBaseAddress: 0x00000213cf000000, ArchiveRelocationMode: 1.
Compressed class space mapped at: 0x00000213d0000000-0x00000213e4000000, reserved size: 335544320
Narrow klass base: 0x00000213cf000000, Narrow klass shift: 0, Narrow klass range: 0x100000000

GC Precious Log:
 CardTable entry size: 512
 Card Set container configuration: InlinePtr #cards 5 size 8 Array Of Cards #cards 12 size 40 Howl #buckets 4 coarsen threshold 1843 Howl Bitmap #cards 512 size 80 coarsen threshold 460 Card regions per heap region 1 cards per card region 2048
 CPUs: 8 total, 8 available
 Memory: 7932M
 Large Page Support: Disabled
 NUMA Support: Disabled
 Compressed Oops: Enabled (32-bit)
 Heap Region Size: 1M
 Heap Min Capacity: 256M
 Heap Initial Capacity: 256M
 Heap Max Capacity: 512M
 Pre-touch: Disabled
 Parallel Workers: 8
 Concurrent Workers: 2
 Concurrent Refinement Workers: 8
 Periodic GC: Disabled

Heap:
 garbage-first heap   total 262144K, used 147580K [0x00000000e0000000, 0x0000000100000000)
  region size 1024K, 123 young (125952K), 10 survivors (10240K)
 Metaspace       used 48068K, committed 50048K, reserved 393216K
  class space    used 7276K, committed 8256K, reserved 327680K

Heap Regions: E=young(eden), S=young(survivor), O=old, HS=humongous(starts), HC=humongous(continues), CS=collection set, F=free, TAMS=top-at-mark-start, PB=parsable bottom
|   0|0x00000000e0000000, 0x00000000e0100000, 0x00000000e0100000|100%|HS|  |TAMS 0x00000000e0000000| PB 0x00000000e0000000| Complete 
|   1|0x00000000e0100000, 0x00000000e0200000, 0x00000000e0200000|100%|HC|  |TAMS 0x00000000e0100000| PB 0x00000000e0100000| Complete 
|   2|0x00000000e0200000, 0x00000000e0300000, 0x00000000e0300000|100%|HC|  |TAMS 0x00000000e0200000| PB 0x00000000e0200000| Complete 
|   3|0x00000000e0300000, 0x00000000e0400000, 0x00000000e0400000|100%|HC|  |TAMS 0x00000000e0300000| PB 0x00000000e0300000| Complete 
|   4|0x00000000e0400000, 0x00000000e0500000, 0x00000000e0500000|100%| O|  |TAMS 0x00000000e0400000| PB 0x00000000e0400000| Untracked 
|   5|0x00000000e0500000, 0x00000000e0600000, 0x00000000e0600000|100%| O|  |TAMS 0x00000000e0500000| PB 0x00000000e0500000| Untracked 
|   6|0x00000000e0600000, 0x00000000e0700000, 0x00000000e0700000|100%| O|  |TAMS 0x00000000e0600000| PB 0x00000000e0600000| Untracked 
|   7|0x00000000e0700000, 0x00000000e0800000, 0x00000000e0800000|100%| O|  |TAMS 0x00000000e0700000| PB 0x00000000e0700000| Untracked 
|   8|0x00000000e0800000, 0x00000000e0800000, 0x00000000e0900000|  0%| F|  |TAMS 0x00000000e0800000| PB 0x00000000e0800000| Untracked 
|   9|0x00000000e0900000, 0x00000000e0a00000, 0x00000000e0a00000|100%| O|  |TAMS 0x00000000e0900000| PB 0x00000000e0900000| Untracked 
|  10|0x00000000e0a00000, 0x00000000e0b00000, 0x00000000e0b00000|100%| O|  |TAMS 0x00000000e0a00000| PB 0x00000000e0a00000| Untracked 
|  11|0x00000000e0b00000, 0x00000000e0c00000, 0x00000000e0c00000|100%| O|  |TAMS 0x00000000e0b00000| PB 0x00000000e0b00000| Untracked 
|  12|0x00000000e0c00000, 0x00000000e0d00000, 0x00000000e0d00000|100%|HS|  |TAMS 0x00000000e0c00000| PB 0x00000000e0c00000| Complete 
|  13|0x00000000e0d00000, 0x00000000e0e00000, 0x00000000e0e00000|100%| O|  |TAMS 0x00000000e0d00000| PB 0x00000000e0d00000| Untracked 
|  14|0x00000000e0e00000, 0x00000000e0f00000, 0x00000000e0f00000|100%| O|  |TAMS 0x00000000e0e00000| PB 0x00000000e0e00000| Untracked 
|  15|0x00000000e0f00000, 0x00000000e1000000, 0x00000000e1000000|100%| O|  |TAMS 0x00000000e0f00000| PB 0x00000000e0f00000| Untracked 
|  16|0x00000000e1000000, 0x00000000e1100000, 0x00000000e1100000|100%| O|  |TAMS 0x00000000e1000000| PB 0x00000000e1000000| Untracked 
|  17|0x00000000e1100000, 0x00000000e1200000, 0x00000000e1200000|100%| O|  |TAMS 0x00000000e1100000| PB 0x00000000e1100000| Untracked 
|  18|0x00000000e1200000, 0x00000000e1300000, 0x00000000e1300000|100%| O|  |TAMS 0x00000000e1200000| PB 0x00000000e1200000| Untracked 
|  19|0x00000000e1300000, 0x00000000e1400000, 0x00000000e1400000|100%| O|  |TAMS 0x00000000e1300000| PB 0x00000000e1300000| Untracked 
|  20|0x00000000e1400000, 0x00000000e1500000, 0x00000000e1500000|100%| O|  |TAMS 0x00000000e1400000| PB 0x00000000e1400000| Untracked 
|  21|0x00000000e1500000, 0x00000000e1600000, 0x00000000e1600000|100%| O|  |TAMS 0x00000000e1500000| PB 0x00000000e1500000| Untracked 
|  22|0x00000000e1600000, 0x00000000e1700000, 0x00000000e1700000|100%| O|Cm|TAMS 0x00000000e1600000| PB 0x00000000e1600000| Complete 
|  23|0x00000000e1700000, 0x00000000e1785de0, 0x00000000e1800000| 52%| O|  |TAMS 0x00000000e1700000| PB 0x00000000e1700000| Untracked 
|  24|0x00000000e1800000, 0x00000000e1800000, 0x00000000e1900000|  0%| F|  |TAMS 0x00000000e1800000| PB 0x00000000e1800000| Untracked 
|  25|0x00000000e1900000, 0x00000000e1900000, 0x00000000e1a00000|  0%| F|  |TAMS 0x00000000e1900000| PB 0x00000000e1900000| Untracked 
|  26|0x00000000e1a00000, 0x00000000e1a00000, 0x00000000e1b00000|  0%| F|  |TAMS 0x00000000e1a00000| PB 0x00000000e1a00000| Untracked 
|  27|0x00000000e1b00000, 0x00000000e1b00000, 0x00000000e1c00000|  0%| F|  |TAMS 0x00000000e1b00000| PB 0x00000000e1b00000| Untracked 
|  28|0x00000000e1c00000, 0x00000000e1c00000, 0x00000000e1d00000|  0%| F|  |TAMS 0x00000000e1c00000| PB 0x00000000e1c00000| Untracked 
|  29|0x00000000e1d00000, 0x00000000e1d00000, 0x00000000e1e00000|  0%| F|  |TAMS 0x00000000e1d00000| PB 0x00000000e1d00000| Untracked 
|  30|0x00000000e1e00000, 0x00000000e1e00000, 0x00000000e1f00000|  0%| F|  |TAMS 0x00000000e1e00000| PB 0x00000000e1e00000| Untracked 
|  31|0x00000000e1f00000, 0x00000000e1f00000, 0x00000000e2000000|  0%| F|  |TAMS 0x00000000e1f00000| PB 0x00000000e1f00000| Untracked 
|  32|0x00000000e2000000, 0x00000000e2000000, 0x00000000e2100000|  0%| F|  |TAMS 0x00000000e2000000| PB 0x00000000e2000000| Untracked 
|  33|0x00000000e2100000, 0x00000000e2100000, 0x00000000e2200000|  0%| F|  |TAMS 0x00000000e2100000| PB 0x00000000e2100000| Untracked 
|  34|0x00000000e2200000, 0x00000000e2200000, 0x00000000e2300000|  0%| F|  |TAMS 0x00000000e2200000| PB 0x00000000e2200000| Untracked 
|  35|0x00000000e2300000, 0x00000000e2300000, 0x00000000e2400000|  0%| F|  |TAMS 0x00000000e2300000| PB 0x00000000e2300000| Untracked 
|  36|0x00000000e2400000, 0x00000000e2400000, 0x00000000e2500000|  0%| F|  |TAMS 0x00000000e2400000| PB 0x00000000e2400000| Untracked 
|  37|0x00000000e2500000, 0x00000000e2500000, 0x00000000e2600000|  0%| F|  |TAMS 0x00000000e2500000| PB 0x00000000e2500000| Untracked 
|  38|0x00000000e2600000, 0x00000000e2600000, 0x00000000e2700000|  0%| F|  |TAMS 0x00000000e2600000| PB 0x00000000e2600000| Untracked 
|  39|0x00000000e2700000, 0x00000000e2700000, 0x00000000e2800000|  0%| F|  |TAMS 0x00000000e2700000| PB 0x00000000e2700000| Untracked 
|  40|0x00000000e2800000, 0x00000000e2800000, 0x00000000e2900000|  0%| F|  |TAMS 0x00000000e2800000| PB 0x00000000e2800000| Untracked 
|  41|0x00000000e2900000, 0x00000000e2900000, 0x00000000e2a00000|  0%| F|  |TAMS 0x00000000e2900000| PB 0x00000000e2900000| Untracked 
|  42|0x00000000e2a00000, 0x00000000e2a00000, 0x00000000e2b00000|  0%| F|  |TAMS 0x00000000e2a00000| PB 0x00000000e2a00000| Untracked 
|  43|0x00000000e2b00000, 0x00000000e2b00000, 0x00000000e2c00000|  0%| F|  |TAMS 0x00000000e2b00000| PB 0x00000000e2b00000| Untracked 
|  44|0x00000000e2c00000, 0x00000000e2c00000, 0x00000000e2d00000|  0%| F|  |TAMS 0x00000000e2c00000| PB 0x00000000e2c00000| Untracked 
|  45|0x00000000e2d00000, 0x00000000e2d00000, 0x00000000e2e00000|  0%| F|  |TAMS 0x00000000e2d00000| PB 0x00000000e2d00000| Untracked 
|  46|0x00000000e2e00000, 0x00000000e2e00000, 0x00000000e2f00000|  0%| F|  |TAMS 0x00000000e2e00000| PB 0x00000000e2e00000| Untracked 
|  47|0x00000000e2f00000, 0x00000000e2f00000, 0x00000000e3000000|  0%| F|  |TAMS 0x00000000e2f00000| PB 0x00000000e2f00000| Untracked 
|  48|0x00000000e3000000, 0x00000000e3000000, 0x00000000e3100000|  0%| F|  |TAMS 0x00000000e3000000| PB 0x00000000e3000000| Untracked 
|  49|0x00000000e3100000, 0x00000000e3100000, 0x00000000e3200000|  0%| F|  |TAMS 0x00000000e3100000| PB 0x00000000e3100000| Untracked 
|  50|0x00000000e3200000, 0x00000000e3200000, 0x00000000e3300000|  0%| F|  |TAMS 0x00000000e3200000| PB 0x00000000e3200000| Untracked 
|  51|0x00000000e3300000, 0x00000000e3300000, 0x00000000e3400000|  0%| F|  |TAMS 0x00000000e3300000| PB 0x00000000e3300000| Untracked 
|  52|0x00000000e3400000, 0x00000000e3400000, 0x00000000e3500000|  0%| F|  |TAMS 0x00000000e3400000| PB 0x00000000e3400000| Untracked 
|  53|0x00000000e3500000, 0x00000000e3500000, 0x00000000e3600000|  0%| F|  |TAMS 0x00000000e3500000| PB 0x00000000e3500000| Untracked 
|  54|0x00000000e3600000, 0x00000000e3600000, 0x00000000e3700000|  0%| F|  |TAMS 0x00000000e3600000| PB 0x00000000e3600000| Untracked 
|  55|0x00000000e3700000, 0x00000000e3700000, 0x00000000e3800000|  0%| F|  |TAMS 0x00000000e3700000| PB 0x00000000e3700000| Untracked 
|  56|0x00000000e3800000, 0x00000000e3800000, 0x00000000e3900000|  0%| F|  |TAMS 0x00000000e3800000| PB 0x00000000e3800000| Untracked 
|  57|0x00000000e3900000, 0x00000000e3900000, 0x00000000e3a00000|  0%| F|  |TAMS 0x00000000e3900000| PB 0x00000000e3900000| Untracked 
|  58|0x00000000e3a00000, 0x00000000e3a00000, 0x00000000e3b00000|  0%| F|  |TAMS 0x00000000e3a00000| PB 0x00000000e3a00000| Untracked 
|  59|0x00000000e3b00000, 0x00000000e3b00000, 0x00000000e3c00000|  0%| F|  |TAMS 0x00000000e3b00000| PB 0x00000000e3b00000| Untracked 
|  60|0x00000000e3c00000, 0x00000000e3c00000, 0x00000000e3d00000|  0%| F|  |TAMS 0x00000000e3c00000| PB 0x00000000e3c00000| Untracked 
|  61|0x00000000e3d00000, 0x00000000e3d00000, 0x00000000e3e00000|  0%| F|  |TAMS 0x00000000e3d00000| PB 0x00000000e3d00000| Untracked 
|  62|0x00000000e3e00000, 0x00000000e3e00000, 0x00000000e3f00000|  0%| F|  |TAMS 0x00000000e3e00000| PB 0x00000000e3e00000| Untracked 
|  63|0x00000000e3f00000, 0x00000000e3f00000, 0x00000000e4000000|  0%| F|  |TAMS 0x00000000e3f00000| PB 0x00000000e3f00000| Untracked 
|  64|0x00000000e4000000, 0x00000000e4000000, 0x00000000e4100000|  0%| F|  |TAMS 0x00000000e4000000| PB 0x00000000e4000000| Untracked 
|  65|0x00000000e4100000, 0x00000000e4100000, 0x00000000e4200000|  0%| F|  |TAMS 0x00000000e4100000| PB 0x00000000e4100000| Untracked 
|  66|0x00000000e4200000, 0x00000000e4200000, 0x00000000e4300000|  0%| F|  |TAMS 0x00000000e4200000| PB 0x00000000e4200000| Untracked 
|  67|0x00000000e4300000, 0x00000000e4300000, 0x00000000e4400000|  0%| F|  |TAMS 0x00000000e4300000| PB 0x00000000e4300000| Untracked 
|  68|0x00000000e4400000, 0x00000000e4400000, 0x00000000e4500000|  0%| F|  |TAMS 0x00000000e4400000| PB 0x00000000e4400000| Untracked 
|  69|0x00000000e4500000, 0x00000000e4500000, 0x00000000e4600000|  0%| F|  |TAMS 0x00000000e4500000| PB 0x00000000e4500000| Untracked 
|  70|0x00000000e4600000, 0x00000000e4600000, 0x00000000e4700000|  0%| F|  |TAMS 0x00000000e4600000| PB 0x00000000e4600000| Untracked 
|  71|0x00000000e4700000, 0x00000000e4700000, 0x00000000e4800000|  0%| F|  |TAMS 0x00000000e4700000| PB 0x00000000e4700000| Untracked 
|  72|0x00000000e4800000, 0x00000000e4800000, 0x00000000e4900000|  0%| F|  |TAMS 0x00000000e4800000| PB 0x00000000e4800000| Untracked 
|  73|0x00000000e4900000, 0x00000000e4900000, 0x00000000e4a00000|  0%| F|  |TAMS 0x00000000e4900000| PB 0x00000000e4900000| Untracked 
|  74|0x00000000e4a00000, 0x00000000e4a00000, 0x00000000e4b00000|  0%| F|  |TAMS 0x00000000e4a00000| PB 0x00000000e4a00000| Untracked 
|  75|0x00000000e4b00000, 0x00000000e4b00000, 0x00000000e4c00000|  0%| F|  |TAMS 0x00000000e4b00000| PB 0x00000000e4b00000| Untracked 
|  76|0x00000000e4c00000, 0x00000000e4c00000, 0x00000000e4d00000|  0%| F|  |TAMS 0x00000000e4c00000| PB 0x00000000e4c00000| Untracked 
|  77|0x00000000e4d00000, 0x00000000e4d00000, 0x00000000e4e00000|  0%| F|  |TAMS 0x00000000e4d00000| PB 0x00000000e4d00000| Untracked 
|  78|0x00000000e4e00000, 0x00000000e4e00000, 0x00000000e4f00000|  0%| F|  |TAMS 0x00000000e4e00000| PB 0x00000000e4e00000| Untracked 
|  79|0x00000000e4f00000, 0x00000000e4f00000, 0x00000000e5000000|  0%| F|  |TAMS 0x00000000e4f00000| PB 0x00000000e4f00000| Untracked 
|  80|0x00000000e5000000, 0x00000000e5000000, 0x00000000e5100000|  0%| F|  |TAMS 0x00000000e5000000| PB 0x00000000e5000000| Untracked 
|  81|0x00000000e5100000, 0x00000000e5100000, 0x00000000e5200000|  0%| F|  |TAMS 0x00000000e5100000| PB 0x00000000e5100000| Untracked 
|  82|0x00000000e5200000, 0x00000000e5200000, 0x00000000e5300000|  0%| F|  |TAMS 0x00000000e5200000| PB 0x00000000e5200000| Untracked 
|  83|0x00000000e5300000, 0x00000000e5300000, 0x00000000e5400000|  0%| F|  |TAMS 0x00000000e5300000| PB 0x00000000e5300000| Untracked 
|  84|0x00000000e5400000, 0x00000000e5400000, 0x00000000e5500000|  0%| F|  |TAMS 0x00000000e5400000| PB 0x00000000e5400000| Untracked 
|  85|0x00000000e5500000, 0x00000000e5500000, 0x00000000e5600000|  0%| F|  |TAMS 0x00000000e5500000| PB 0x00000000e5500000| Untracked 
|  86|0x00000000e5600000, 0x00000000e5600000, 0x00000000e5700000|  0%| F|  |TAMS 0x00000000e5600000| PB 0x00000000e5600000| Untracked 
|  87|0x00000000e5700000, 0x00000000e5700000, 0x00000000e5800000|  0%| F|  |TAMS 0x00000000e5700000| PB 0x00000000e5700000| Untracked 
|  88|0x00000000e5800000, 0x00000000e5800000, 0x00000000e5900000|  0%| F|  |TAMS 0x00000000e5800000| PB 0x00000000e5800000| Untracked 
|  89|0x00000000e5900000, 0x00000000e5900000, 0x00000000e5a00000|  0%| F|  |TAMS 0x00000000e5900000| PB 0x00000000e5900000| Untracked 
|  90|0x00000000e5a00000, 0x00000000e5a00000, 0x00000000e5b00000|  0%| F|  |TAMS 0x00000000e5a00000| PB 0x00000000e5a00000| Untracked 
|  91|0x00000000e5b00000, 0x00000000e5b00000, 0x00000000e5c00000|  0%| F|  |TAMS 0x00000000e5b00000| PB 0x00000000e5b00000| Untracked 
|  92|0x00000000e5c00000, 0x00000000e5c00000, 0x00000000e5d00000|  0%| F|  |TAMS 0x00000000e5c00000| PB 0x00000000e5c00000| Untracked 
|  93|0x00000000e5d00000, 0x00000000e5d00000, 0x00000000e5e00000|  0%| F|  |TAMS 0x00000000e5d00000| PB 0x00000000e5d00000| Untracked 
|  94|0x00000000e5e00000, 0x00000000e5e00000, 0x00000000e5f00000|  0%| F|  |TAMS 0x00000000e5e00000| PB 0x00000000e5e00000| Untracked 
|  95|0x00000000e5f00000, 0x00000000e5f00000, 0x00000000e6000000|  0%| F|  |TAMS 0x00000000e5f00000| PB 0x00000000e5f00000| Untracked 
|  96|0x00000000e6000000, 0x00000000e6000000, 0x00000000e6100000|  0%| F|  |TAMS 0x00000000e6000000| PB 0x00000000e6000000| Untracked 
|  97|0x00000000e6100000, 0x00000000e6100000, 0x00000000e6200000|  0%| F|  |TAMS 0x00000000e6100000| PB 0x00000000e6100000| Untracked 
|  98|0x00000000e6200000, 0x00000000e6200000, 0x00000000e6300000|  0%| F|  |TAMS 0x00000000e6200000| PB 0x00000000e6200000| Untracked 
|  99|0x00000000e6300000, 0x00000000e6300000, 0x00000000e6400000|  0%| F|  |TAMS 0x00000000e6300000| PB 0x00000000e6300000| Untracked 
| 100|0x00000000e6400000, 0x00000000e6400000, 0x00000000e6500000|  0%| F|  |TAMS 0x00000000e6400000| PB 0x00000000e6400000| Untracked 
| 101|0x00000000e6500000, 0x00000000e6500000, 0x00000000e6600000|  0%| F|  |TAMS 0x00000000e6500000| PB 0x00000000e6500000| Untracked 
| 102|0x00000000e6600000, 0x00000000e6600000, 0x00000000e6700000|  0%| F|  |TAMS 0x00000000e6600000| PB 0x00000000e6600000| Untracked 
| 103|0x00000000e6700000, 0x00000000e6700000, 0x00000000e6800000|  0%| F|  |TAMS 0x00000000e6700000| PB 0x00000000e6700000| Untracked 
| 104|0x00000000e6800000, 0x00000000e6800000, 0x00000000e6900000|  0%| F|  |TAMS 0x00000000e6800000| PB 0x00000000e6800000| Untracked 
| 105|0x00000000e6900000, 0x00000000e6900000, 0x00000000e6a00000|  0%| F|  |TAMS 0x00000000e6900000| PB 0x00000000e6900000| Untracked 
| 106|0x00000000e6a00000, 0x00000000e6a00000, 0x00000000e6b00000|  0%| F|  |TAMS 0x00000000e6a00000| PB 0x00000000e6a00000| Untracked 
| 107|0x00000000e6b00000, 0x00000000e6b00000, 0x00000000e6c00000|  0%| F|  |TAMS 0x00000000e6b00000| PB 0x00000000e6b00000| Untracked 
| 108|0x00000000e6c00000, 0x00000000e6c00000, 0x00000000e6d00000|  0%| F|  |TAMS 0x00000000e6c00000| PB 0x00000000e6c00000| Untracked 
| 109|0x00000000e6d00000, 0x00000000e6d00000, 0x00000000e6e00000|  0%| F|  |TAMS 0x00000000e6d00000| PB 0x00000000e6d00000| Untracked 
| 110|0x00000000e6e00000, 0x00000000e6e00000, 0x00000000e6f00000|  0%| F|  |TAMS 0x00000000e6e00000| PB 0x00000000e6e00000| Untracked 
| 111|0x00000000e6f00000, 0x00000000e6f00000, 0x00000000e7000000|  0%| F|  |TAMS 0x00000000e6f00000| PB 0x00000000e6f00000| Untracked 
| 112|0x00000000e7000000, 0x00000000e7000000, 0x00000000e7100000|  0%| F|  |TAMS 0x00000000e7000000| PB 0x00000000e7000000| Untracked 
| 113|0x00000000e7100000, 0x00000000e7100000, 0x00000000e7200000|  0%| F|  |TAMS 0x00000000e7100000| PB 0x00000000e7100000| Untracked 
| 114|0x00000000e7200000, 0x00000000e7200000, 0x00000000e7300000|  0%| F|  |TAMS 0x00000000e7200000| PB 0x00000000e7200000| Untracked 
| 115|0x00000000e7300000, 0x00000000e7300000, 0x00000000e7400000|  0%| F|  |TAMS 0x00000000e7300000| PB 0x00000000e7300000| Untracked 
| 116|0x00000000e7400000, 0x00000000e7400000, 0x00000000e7500000|  0%| F|  |TAMS 0x00000000e7400000| PB 0x00000000e7400000| Untracked 
| 117|0x00000000e7500000, 0x00000000e7500000, 0x00000000e7600000|  0%| F|  |TAMS 0x00000000e7500000| PB 0x00000000e7500000| Untracked 
| 118|0x00000000e7600000, 0x00000000e7600000, 0x00000000e7700000|  0%| F|  |TAMS 0x00000000e7600000| PB 0x00000000e7600000| Untracked 
| 119|0x00000000e7700000, 0x00000000e7700000, 0x00000000e7800000|  0%| F|  |TAMS 0x00000000e7700000| PB 0x00000000e7700000| Untracked 
| 120|0x00000000e7800000, 0x00000000e7800000, 0x00000000e7900000|  0%| F|  |TAMS 0x00000000e7800000| PB 0x00000000e7800000| Untracked 
| 121|0x00000000e7900000, 0x00000000e7900000, 0x00000000e7a00000|  0%| F|  |TAMS 0x00000000e7900000| PB 0x00000000e7900000| Untracked 
| 122|0x00000000e7a00000, 0x00000000e7a00000, 0x00000000e7b00000|  0%| F|  |TAMS 0x00000000e7a00000| PB 0x00000000e7a00000| Untracked 
| 123|0x00000000e7b00000, 0x00000000e7b00000, 0x00000000e7c00000|  0%| F|  |TAMS 0x00000000e7b00000| PB 0x00000000e7b00000| Untracked 
| 124|0x00000000e7c00000, 0x00000000e7c00000, 0x00000000e7d00000|  0%| F|  |TAMS 0x00000000e7c00000| PB 0x00000000e7c00000| Untracked 
| 125|0x00000000e7d00000, 0x00000000e7d00000, 0x00000000e7e00000|  0%| F|  |TAMS 0x00000000e7d00000| PB 0x00000000e7d00000| Untracked 
| 126|0x00000000e7e00000, 0x00000000e7e00000, 0x00000000e7f00000|  0%| F|  |TAMS 0x00000000e7e00000| PB 0x00000000e7e00000| Untracked 
| 127|0x00000000e7f00000, 0x00000000e7f00000, 0x00000000e8000000|  0%| F|  |TAMS 0x00000000e7f00000| PB 0x00000000e7f00000| Untracked 
| 128|0x00000000e8000000, 0x00000000e8000000, 0x00000000e8100000|  0%| F|  |TAMS 0x00000000e8000000| PB 0x00000000e8000000| Untracked 
| 129|0x00000000e8100000, 0x00000000e8100000, 0x00000000e8200000|  0%| F|  |TAMS 0x00000000e8100000| PB 0x00000000e8100000| Untracked 
| 130|0x00000000e8200000, 0x00000000e8200000, 0x00000000e8300000|  0%| F|  |TAMS 0x00000000e8200000| PB 0x00000000e8200000| Untracked 
| 131|0x00000000e8300000, 0x00000000e8300000, 0x00000000e8400000|  0%| F|  |TAMS 0x00000000e8300000| PB 0x00000000e8300000| Untracked 
| 132|0x00000000e8400000, 0x00000000e8400000, 0x00000000e8500000|  0%| F|  |TAMS 0x00000000e8400000| PB 0x00000000e8400000| Untracked 
| 133|0x00000000e8500000, 0x00000000e85e8998, 0x00000000e8600000| 90%| E|  |TAMS 0x00000000e8500000| PB 0x00000000e8500000| Complete 
| 134|0x00000000e8600000, 0x00000000e8700000, 0x00000000e8700000|100%| E|CS|TAMS 0x00000000e8600000| PB 0x00000000e8600000| Complete 
| 135|0x00000000e8700000, 0x00000000e8800000, 0x00000000e8800000|100%| E|CS|TAMS 0x00000000e8700000| PB 0x00000000e8700000| Complete 
| 136|0x00000000e8800000, 0x00000000e8900000, 0x00000000e8900000|100%| E|CS|TAMS 0x00000000e8800000| PB 0x00000000e8800000| Complete 
| 137|0x00000000e8900000, 0x00000000e8a00000, 0x00000000e8a00000|100%| E|CS|TAMS 0x00000000e8900000| PB 0x00000000e8900000| Complete 
| 138|0x00000000e8a00000, 0x00000000e8b00000, 0x00000000e8b00000|100%| E|CS|TAMS 0x00000000e8a00000| PB 0x00000000e8a00000| Complete 
| 139|0x00000000e8b00000, 0x00000000e8c00000, 0x00000000e8c00000|100%| E|CS|TAMS 0x00000000e8b00000| PB 0x00000000e8b00000| Complete 
| 140|0x00000000e8c00000, 0x00000000e8d00000, 0x00000000e8d00000|100%| E|CS|TAMS 0x00000000e8c00000| PB 0x00000000e8c00000| Complete 
| 141|0x00000000e8d00000, 0x00000000e8e00000, 0x00000000e8e00000|100%| E|CS|TAMS 0x00000000e8d00000| PB 0x00000000e8d00000| Complete 
| 142|0x00000000e8e00000, 0x00000000e8f00000, 0x00000000e8f00000|100%| E|CS|TAMS 0x00000000e8e00000| PB 0x00000000e8e00000| Complete 
| 143|0x00000000e8f00000, 0x00000000e9000000, 0x00000000e9000000|100%| E|CS|TAMS 0x00000000e8f00000| PB 0x00000000e8f00000| Complete 
| 144|0x00000000e9000000, 0x00000000e9100000, 0x00000000e9100000|100%| E|CS|TAMS 0x00000000e9000000| PB 0x00000000e9000000| Complete 
| 145|0x00000000e9100000, 0x00000000e9200000, 0x00000000e9200000|100%| E|CS|TAMS 0x00000000e9100000| PB 0x00000000e9100000| Complete 
| 146|0x00000000e9200000, 0x00000000e9300000, 0x00000000e9300000|100%| E|CS|TAMS 0x00000000e9200000| PB 0x00000000e9200000| Complete 
| 147|0x00000000e9300000, 0x00000000e9400000, 0x00000000e9400000|100%| E|CS|TAMS 0x00000000e9300000| PB 0x00000000e9300000| Complete 
| 148|0x00000000e9400000, 0x00000000e9500000, 0x00000000e9500000|100%| E|CS|TAMS 0x00000000e9400000| PB 0x00000000e9400000| Complete 
| 149|0x00000000e9500000, 0x00000000e9600000, 0x00000000e9600000|100%| E|CS|TAMS 0x00000000e9500000| PB 0x00000000e9500000| Complete 
| 150|0x00000000e9600000, 0x00000000e9700000, 0x00000000e9700000|100%| E|CS|TAMS 0x00000000e9600000| PB 0x00000000e9600000| Complete 
| 151|0x00000000e9700000, 0x00000000e9800000, 0x00000000e9800000|100%| E|CS|TAMS 0x00000000e9700000| PB 0x00000000e9700000| Complete 
| 152|0x00000000e9800000, 0x00000000e9900000, 0x00000000e9900000|100%| E|CS|TAMS 0x00000000e9800000| PB 0x00000000e9800000| Complete 
| 153|0x00000000e9900000, 0x00000000e9a00000, 0x00000000e9a00000|100%| E|CS|TAMS 0x00000000e9900000| PB 0x00000000e9900000| Complete 
| 154|0x00000000e9a00000, 0x00000000e9b00000, 0x00000000e9b00000|100%| E|CS|TAMS 0x00000000e9a00000| PB 0x00000000e9a00000| Complete 
| 155|0x00000000e9b00000, 0x00000000e9c00000, 0x00000000e9c00000|100%| E|CS|TAMS 0x00000000e9b00000| PB 0x00000000e9b00000| Complete 
| 156|0x00000000e9c00000, 0x00000000e9d00000, 0x00000000e9d00000|100%| E|CS|TAMS 0x00000000e9c00000| PB 0x00000000e9c00000| Complete 
| 157|0x00000000e9d00000, 0x00000000e9e00000, 0x00000000e9e00000|100%| E|CS|TAMS 0x00000000e9d00000| PB 0x00000000e9d00000| Complete 
| 158|0x00000000e9e00000, 0x00000000e9f00000, 0x00000000e9f00000|100%| E|CS|TAMS 0x00000000e9e00000| PB 0x00000000e9e00000| Complete 
| 159|0x00000000e9f00000, 0x00000000ea000000, 0x00000000ea000000|100%| E|CS|TAMS 0x00000000e9f00000| PB 0x00000000e9f00000| Complete 
| 160|0x00000000ea000000, 0x00000000ea100000, 0x00000000ea100000|100%| E|CS|TAMS 0x00000000ea000000| PB 0x00000000ea000000| Complete 
| 161|0x00000000ea100000, 0x00000000ea200000, 0x00000000ea200000|100%| E|CS|TAMS 0x00000000ea100000| PB 0x00000000ea100000| Complete 
| 162|0x00000000ea200000, 0x00000000ea300000, 0x00000000ea300000|100%| E|CS|TAMS 0x00000000ea200000| PB 0x00000000ea200000| Complete 
| 163|0x00000000ea300000, 0x00000000ea400000, 0x00000000ea400000|100%| E|CS|TAMS 0x00000000ea300000| PB 0x00000000ea300000| Complete 
| 164|0x00000000ea400000, 0x00000000ea500000, 0x00000000ea500000|100%| E|CS|TAMS 0x00000000ea400000| PB 0x00000000ea400000| Complete 
| 165|0x00000000ea500000, 0x00000000ea600000, 0x00000000ea600000|100%| E|CS|TAMS 0x00000000ea500000| PB 0x00000000ea500000| Complete 
| 166|0x00000000ea600000, 0x00000000ea700000, 0x00000000ea700000|100%| E|CS|TAMS 0x00000000ea600000| PB 0x00000000ea600000| Complete 
| 167|0x00000000ea700000, 0x00000000ea800000, 0x00000000ea800000|100%| E|CS|TAMS 0x00000000ea700000| PB 0x00000000ea700000| Complete 
| 168|0x00000000ea800000, 0x00000000ea900000, 0x00000000ea900000|100%| E|CS|TAMS 0x00000000ea800000| PB 0x00000000ea800000| Complete 
| 169|0x00000000ea900000, 0x00000000eaa00000, 0x00000000eaa00000|100%| E|CS|TAMS 0x00000000ea900000| PB 0x00000000ea900000| Complete 
| 170|0x00000000eaa00000, 0x00000000eab00000, 0x00000000eab00000|100%| E|CS|TAMS 0x00000000eaa00000| PB 0x00000000eaa00000| Complete 
| 171|0x00000000eab00000, 0x00000000eac00000, 0x00000000eac00000|100%| E|CS|TAMS 0x00000000eab00000| PB 0x00000000eab00000| Complete 
| 172|0x00000000eac00000, 0x00000000ead00000, 0x00000000ead00000|100%| E|CS|TAMS 0x00000000eac00000| PB 0x00000000eac00000| Complete 
| 173|0x00000000ead00000, 0x00000000eae00000, 0x00000000eae00000|100%| E|CS|TAMS 0x00000000ead00000| PB 0x00000000ead00000| Complete 
| 174|0x00000000eae00000, 0x00000000eaf00000, 0x00000000eaf00000|100%| E|CS|TAMS 0x00000000eae00000| PB 0x00000000eae00000| Complete 
| 175|0x00000000eaf00000, 0x00000000eb000000, 0x00000000eb000000|100%| E|CS|TAMS 0x00000000eaf00000| PB 0x00000000eaf00000| Complete 
| 176|0x00000000eb000000, 0x00000000eb100000, 0x00000000eb100000|100%| E|CS|TAMS 0x00000000eb000000| PB 0x00000000eb000000| Complete 
| 177|0x00000000eb100000, 0x00000000eb200000, 0x00000000eb200000|100%| E|CS|TAMS 0x00000000eb100000| PB 0x00000000eb100000| Complete 
| 178|0x00000000eb200000, 0x00000000eb300000, 0x00000000eb300000|100%| E|CS|TAMS 0x00000000eb200000| PB 0x00000000eb200000| Complete 
| 179|0x00000000eb300000, 0x00000000eb400000, 0x00000000eb400000|100%| E|CS|TAMS 0x00000000eb300000| PB 0x00000000eb300000| Complete 
| 180|0x00000000eb400000, 0x00000000eb500000, 0x00000000eb500000|100%| E|CS|TAMS 0x00000000eb400000| PB 0x00000000eb400000| Complete 
| 181|0x00000000eb500000, 0x00000000eb600000, 0x00000000eb600000|100%| E|CS|TAMS 0x00000000eb500000| PB 0x00000000eb500000| Complete 
| 182|0x00000000eb600000, 0x00000000eb700000, 0x00000000eb700000|100%| E|CS|TAMS 0x00000000eb600000| PB 0x00000000eb600000| Complete 
| 183|0x00000000eb700000, 0x00000000eb800000, 0x00000000eb800000|100%| E|CS|TAMS 0x00000000eb700000| PB 0x00000000eb700000| Complete 
| 184|0x00000000eb800000, 0x00000000eb900000, 0x00000000eb900000|100%| E|CS|TAMS 0x00000000eb800000| PB 0x00000000eb800000| Complete 
| 185|0x00000000eb900000, 0x00000000eba00000, 0x00000000eba00000|100%| E|CS|TAMS 0x00000000eb900000| PB 0x00000000eb900000| Complete 
| 186|0x00000000eba00000, 0x00000000ebb00000, 0x00000000ebb00000|100%| E|CS|TAMS 0x00000000eba00000| PB 0x00000000eba00000| Complete 
| 187|0x00000000ebb00000, 0x00000000ebc00000, 0x00000000ebc00000|100%| E|CS|TAMS 0x00000000ebb00000| PB 0x00000000ebb00000| Complete 
| 188|0x00000000ebc00000, 0x00000000ebd00000, 0x00000000ebd00000|100%| E|CS|TAMS 0x00000000ebc00000| PB 0x00000000ebc00000| Complete 
| 189|0x00000000ebd00000, 0x00000000ebe00000, 0x00000000ebe00000|100%| E|CS|TAMS 0x00000000ebd00000| PB 0x00000000ebd00000| Complete 
| 190|0x00000000ebe00000, 0x00000000ebf00000, 0x00000000ebf00000|100%| E|CS|TAMS 0x00000000ebe00000| PB 0x00000000ebe00000| Complete 
| 191|0x00000000ebf00000, 0x00000000ec000000, 0x00000000ec000000|100%| E|CS|TAMS 0x00000000ebf00000| PB 0x00000000ebf00000| Complete 
| 192|0x00000000ec000000, 0x00000000ec100000, 0x00000000ec100000|100%| E|CS|TAMS 0x00000000ec000000| PB 0x00000000ec000000| Complete 
| 193|0x00000000ec100000, 0x00000000ec200000, 0x00000000ec200000|100%| E|CS|TAMS 0x00000000ec100000| PB 0x00000000ec100000| Complete 
| 194|0x00000000ec200000, 0x00000000ec300000, 0x00000000ec300000|100%| E|CS|TAMS 0x00000000ec200000| PB 0x00000000ec200000| Complete 
| 195|0x00000000ec300000, 0x00000000ec400000, 0x00000000ec400000|100%| E|CS|TAMS 0x00000000ec300000| PB 0x00000000ec300000| Complete 
| 196|0x00000000ec400000, 0x00000000ec500000, 0x00000000ec500000|100%| E|CS|TAMS 0x00000000ec400000| PB 0x00000000ec400000| Complete 
| 197|0x00000000ec500000, 0x00000000ec600000, 0x00000000ec600000|100%| E|CS|TAMS 0x00000000ec500000| PB 0x00000000ec500000| Complete 
| 198|0x00000000ec600000, 0x00000000ec700000, 0x00000000ec700000|100%| E|CS|TAMS 0x00000000ec600000| PB 0x00000000ec600000| Complete 
| 199|0x00000000ec700000, 0x00000000ec800000, 0x00000000ec800000|100%| E|CS|TAMS 0x00000000ec700000| PB 0x00000000ec700000| Complete 
| 200|0x00000000ec800000, 0x00000000ec900000, 0x00000000ec900000|100%| E|CS|TAMS 0x00000000ec800000| PB 0x00000000ec800000| Complete 
| 201|0x00000000ec900000, 0x00000000eca00000, 0x00000000eca00000|100%| E|CS|TAMS 0x00000000ec900000| PB 0x00000000ec900000| Complete 
| 202|0x00000000eca00000, 0x00000000ecb00000, 0x00000000ecb00000|100%| E|CS|TAMS 0x00000000eca00000| PB 0x00000000eca00000| Complete 
| 203|0x00000000ecb00000, 0x00000000ecc00000, 0x00000000ecc00000|100%| E|CS|TAMS 0x00000000ecb00000| PB 0x00000000ecb00000| Complete 
| 204|0x00000000ecc00000, 0x00000000ecd00000, 0x00000000ecd00000|100%| E|CS|TAMS 0x00000000ecc00000| PB 0x00000000ecc00000| Complete 
| 205|0x00000000ecd00000, 0x00000000ece00000, 0x00000000ece00000|100%| E|CS|TAMS 0x00000000ecd00000| PB 0x00000000ecd00000| Complete 
| 206|0x00000000ece00000, 0x00000000ecf00000, 0x00000000ecf00000|100%| E|CS|TAMS 0x00000000ece00000| PB 0x00000000ece00000| Complete 
| 207|0x00000000ecf00000, 0x00000000ed000000, 0x00000000ed000000|100%| E|CS|TAMS 0x00000000ecf00000| PB 0x00000000ecf00000| Complete 
| 208|0x00000000ed000000, 0x00000000ed100000, 0x00000000ed100000|100%| E|CS|TAMS 0x00000000ed000000| PB 0x00000000ed000000| Complete 
| 209|0x00000000ed100000, 0x00000000ed200000, 0x00000000ed200000|100%| E|CS|TAMS 0x00000000ed100000| PB 0x00000000ed100000| Complete 
| 210|0x00000000ed200000, 0x00000000ed300000, 0x00000000ed300000|100%| E|CS|TAMS 0x00000000ed200000| PB 0x00000000ed200000| Complete 
| 211|0x00000000ed300000, 0x00000000ed400000, 0x00000000ed400000|100%| E|CS|TAMS 0x00000000ed300000| PB 0x00000000ed300000| Complete 
| 212|0x00000000ed400000, 0x00000000ed500000, 0x00000000ed500000|100%| E|CS|TAMS 0x00000000ed400000| PB 0x00000000ed400000| Complete 
| 213|0x00000000ed500000, 0x00000000ed600000, 0x00000000ed600000|100%| E|CS|TAMS 0x00000000ed500000| PB 0x00000000ed500000| Complete 
| 214|0x00000000ed600000, 0x00000000ed700000, 0x00000000ed700000|100%| E|CS|TAMS 0x00000000ed600000| PB 0x00000000ed600000| Complete 
| 215|0x00000000ed700000, 0x00000000ed800000, 0x00000000ed800000|100%| E|CS|TAMS 0x00000000ed700000| PB 0x00000000ed700000| Complete 
| 216|0x00000000ed800000, 0x00000000ed900000, 0x00000000ed900000|100%| E|CS|TAMS 0x00000000ed800000| PB 0x00000000ed800000| Complete 
| 217|0x00000000ed900000, 0x00000000eda00000, 0x00000000eda00000|100%| E|CS|TAMS 0x00000000ed900000| PB 0x00000000ed900000| Complete 
| 218|0x00000000eda00000, 0x00000000edb00000, 0x00000000edb00000|100%| E|CS|TAMS 0x00000000eda00000| PB 0x00000000eda00000| Complete 
| 219|0x00000000edb00000, 0x00000000edc00000, 0x00000000edc00000|100%| E|CS|TAMS 0x00000000edb00000| PB 0x00000000edb00000| Complete 
| 220|0x00000000edc00000, 0x00000000edd00000, 0x00000000edd00000|100%| E|CS|TAMS 0x00000000edc00000| PB 0x00000000edc00000| Complete 
| 221|0x00000000edd00000, 0x00000000ede00000, 0x00000000ede00000|100%| E|CS|TAMS 0x00000000edd00000| PB 0x00000000edd00000| Complete 
| 222|0x00000000ede00000, 0x00000000edf00000, 0x00000000edf00000|100%| E|CS|TAMS 0x00000000ede00000| PB 0x00000000ede00000| Complete 
| 223|0x00000000edf00000, 0x00000000ee000000, 0x00000000ee000000|100%| E|CS|TAMS 0x00000000edf00000| PB 0x00000000edf00000| Complete 
| 224|0x00000000ee000000, 0x00000000ee100000, 0x00000000ee100000|100%| E|CS|TAMS 0x00000000ee000000| PB 0x00000000ee000000| Complete 
| 225|0x00000000ee100000, 0x00000000ee200000, 0x00000000ee200000|100%| E|CS|TAMS 0x00000000ee100000| PB 0x00000000ee100000| Complete 
| 226|0x00000000ee200000, 0x00000000ee300000, 0x00000000ee300000|100%| E|CS|TAMS 0x00000000ee200000| PB 0x00000000ee200000| Complete 
| 227|0x00000000ee300000, 0x00000000ee400000, 0x00000000ee400000|100%| E|CS|TAMS 0x00000000ee300000| PB 0x00000000ee300000| Complete 
| 228|0x00000000ee400000, 0x00000000ee500000, 0x00000000ee500000|100%| E|CS|TAMS 0x00000000ee400000| PB 0x00000000ee400000| Complete 
| 229|0x00000000ee500000, 0x00000000ee600000, 0x00000000ee600000|100%| E|CS|TAMS 0x00000000ee500000| PB 0x00000000ee500000| Complete 
| 230|0x00000000ee600000, 0x00000000ee700000, 0x00000000ee700000|100%| E|CS|TAMS 0x00000000ee600000| PB 0x00000000ee600000| Complete 
| 231|0x00000000ee700000, 0x00000000ee800000, 0x00000000ee800000|100%| E|CS|TAMS 0x00000000ee700000| PB 0x00000000ee700000| Complete 
| 232|0x00000000ee800000, 0x00000000ee900000, 0x00000000ee900000|100%| E|CS|TAMS 0x00000000ee800000| PB 0x00000000ee800000| Complete 
| 233|0x00000000ee900000, 0x00000000ee999450, 0x00000000eea00000| 59%| S|CS|TAMS 0x00000000ee900000| PB 0x00000000ee900000| Complete 
| 234|0x00000000eea00000, 0x00000000eeb00000, 0x00000000eeb00000|100%| S|CS|TAMS 0x00000000eea00000| PB 0x00000000eea00000| Complete 
| 235|0x00000000eeb00000, 0x00000000eec00000, 0x00000000eec00000|100%| S|CS|TAMS 0x00000000eeb00000| PB 0x00000000eeb00000| Complete 
| 236|0x00000000eec00000, 0x00000000eed00000, 0x00000000eed00000|100%| S|CS|TAMS 0x00000000eec00000| PB 0x00000000eec00000| Complete 
| 237|0x00000000eed00000, 0x00000000eee00000, 0x00000000eee00000|100%| S|CS|TAMS 0x00000000eed00000| PB 0x00000000eed00000| Complete 
| 238|0x00000000eee00000, 0x00000000eef00000, 0x00000000eef00000|100%| S|CS|TAMS 0x00000000eee00000| PB 0x00000000eee00000| Complete 
| 239|0x00000000eef00000, 0x00000000ef000000, 0x00000000ef000000|100%| E|CS|TAMS 0x00000000eef00000| PB 0x00000000eef00000| Complete 
| 240|0x00000000ef000000, 0x00000000ef100000, 0x00000000ef100000|100%| E|CS|TAMS 0x00000000ef000000| PB 0x00000000ef000000| Complete 
| 241|0x00000000ef100000, 0x00000000ef200000, 0x00000000ef200000|100%| E|CS|TAMS 0x00000000ef100000| PB 0x00000000ef100000| Complete 
| 242|0x00000000ef200000, 0x00000000ef300000, 0x00000000ef300000|100%| E|CS|TAMS 0x00000000ef200000| PB 0x00000000ef200000| Complete 
| 243|0x00000000ef300000, 0x00000000ef400000, 0x00000000ef400000|100%| E|CS|TAMS 0x00000000ef300000| PB 0x00000000ef300000| Complete 
| 244|0x00000000ef400000, 0x00000000ef500000, 0x00000000ef500000|100%| E|CS|TAMS 0x00000000ef400000| PB 0x00000000ef400000| Complete 
| 245|0x00000000ef500000, 0x00000000ef600000, 0x00000000ef600000|100%| E|CS|TAMS 0x00000000ef500000| PB 0x00000000ef500000| Complete 
| 246|0x00000000ef600000, 0x00000000ef700000, 0x00000000ef700000|100%| E|CS|TAMS 0x00000000ef600000| PB 0x00000000ef600000| Complete 
| 247|0x00000000ef700000, 0x00000000ef800000, 0x00000000ef800000|100%| E|CS|TAMS 0x00000000ef700000| PB 0x00000000ef700000| Complete 
| 248|0x00000000ef800000, 0x00000000ef900000, 0x00000000ef900000|100%| E|CS|TAMS 0x00000000ef800000| PB 0x00000000ef800000| Complete 
| 249|0x00000000ef900000, 0x00000000efa00000, 0x00000000efa00000|100%| S|CS|TAMS 0x00000000ef900000| PB 0x00000000ef900000| Complete 
| 250|0x00000000efa00000, 0x00000000efb00000, 0x00000000efb00000|100%| S|CS|TAMS 0x00000000efa00000| PB 0x00000000efa00000| Complete 
| 251|0x00000000efb00000, 0x00000000efc00000, 0x00000000efc00000|100%| S|CS|TAMS 0x00000000efb00000| PB 0x00000000efb00000| Complete 
| 252|0x00000000efc00000, 0x00000000efd00000, 0x00000000efd00000|100%| S|CS|TAMS 0x00000000efc00000| PB 0x00000000efc00000| Complete 
| 253|0x00000000efd00000, 0x00000000efe00000, 0x00000000efe00000|100%| E|CS|TAMS 0x00000000efd00000| PB 0x00000000efd00000| Complete 
| 254|0x00000000efe00000, 0x00000000eff00000, 0x00000000eff00000|100%| E|CS|TAMS 0x00000000efe00000| PB 0x00000000efe00000| Complete 
| 255|0x00000000eff00000, 0x00000000f0000000, 0x00000000f0000000|100%| E|CS|TAMS 0x00000000eff00000| PB 0x00000000eff00000| Complete 

Card table byte_map: [0x00000213cb4d0000,0x00000213cb5d0000] _byte_map_base: 0x00000213cadd0000

Marking Bits: (CMBitMap*) 0x00000213b8ecb140
 Bits: [0x00000213cb5d0000, 0x00000213cbdd0000)

Polling page: 0x00000213b6d10000

Metaspace:

Usage:
  Non-class:     39.84 MB used.
      Class:      7.11 MB used.
       Both:     46.94 MB used.

Virtual space:
  Non-class space:       64.00 MB reserved,      40.81 MB ( 64%) committed,  1 nodes.
      Class space:      320.00 MB reserved,       8.06 MB (  3%) committed,  1 nodes.
             Both:      384.00 MB reserved,      48.88 MB ( 13%) committed. 

Chunk freelists:
   Non-Class:  7.04 MB
       Class:  7.91 MB
        Both:  14.96 MB

MaxMetaspaceSize: 384.00 MB
CompressedClassSpaceSize: 320.00 MB
Initial GC threshold: 21.00 MB
Current GC threshold: 61.06 MB
CDS: on
 - commit_granule_bytes: 65536.
 - commit_granule_words: 8192.
 - virtual_space_node_default_size: 8388608.
 - enlarge_chunks_in_place: 1.
 - use_allocation_guard: 0.


Internal statistics:

num_allocs_failed_limit: 15.
num_arena_births: 3444.
num_arena_deaths: 0.
num_vsnodes_births: 2.
num_vsnodes_deaths: 0.
num_space_committed: 782.
num_space_uncommitted: 0.
num_chunks_returned_to_freelist: 15.
num_chunks_taken_from_freelist: 5935.
num_chunk_merges: 12.
num_chunk_splits: 3786.
num_chunks_enlarged: 2188.
num_inconsistent_stats: 0.

CodeHeap 'non-profiled nmethods': size=120000Kb used=3070Kb max_used=3070Kb free=116929Kb
 bounds [0x00000213c3b70000, 0x00000213c3e70000, 0x00000213cb0a0000]
CodeHeap 'profiled nmethods': size=120000Kb used=10553Kb max_used=10553Kb free=109447Kb
 bounds [0x00000213bc0a0000, 0x00000213bcaf0000, 0x00000213c35d0000]
CodeHeap 'non-nmethods': size=5760Kb used=2062Kb max_used=2087Kb free=3697Kb
 bounds [0x00000213c35d0000, 0x00000213c3840000, 0x00000213c3b70000]
CodeCache: size=245760Kb, used=15685Kb, max_used=15710Kb, free=230073Kb
 total_blobs=6374, nmethods=5623, adapters=655, full_count=0
Compilation: enabled, stopped_count=0, restarted_count=0

Compilation events (20 events):
Event: 106.568 Thread 0x00000213ce862f80 6045       1       org.gradle.api.internal.artifacts.transform.BoundTransformStep::getUpstreamDependencies (5 bytes)
Event: 106.569 Thread 0x00000213ce862f80 nmethod 6045 0x00000213c3e6be90 code [0x00000213c3e6c020, 0x00000213c3e6c0e8]
Event: 106.569 Thread 0x00000213ce862f80 6046       1       org.gradle.internal.execution.steps.IdentityContext::getIdentity (5 bytes)
Event: 106.569 Thread 0x00000213ce862f80 nmethod 6046 0x00000213c3e6c190 code [0x00000213c3e6c320, 0x00000213c3e6c3e8]
Event: 106.569 Thread 0x00000213ce862f80 6047       1       org.gradle.internal.fingerprint.impl.DefaultFileCollectionSnapshotter::access$100 (5 bytes)
Event: 106.569 Thread 0x00000213ce862f80 nmethod 6047 0x00000213c3e6c490 code [0x00000213c3e6c620, 0x00000213c3e6c6d0]
Event: 106.574 Thread 0x00000213ce862f80 6049       1       org.gradle.cache.internal.filelock.DefaultLockOptions::getMode (5 bytes)
Event: 106.574 Thread 0x00000213ce862f80 nmethod 6049 0x00000213c3e6c790 code [0x00000213c3e6c920, 0x00000213c3e6c9e8]
Event: 106.717 Thread 0x00000213ce862f80 6050       3       org.gradle.internal.snapshot.ChildMap$Entry$$Lambda/0x00000213d054e6e0::<init> (10 bytes)
Event: 106.717 Thread 0x00000213ce862f80 nmethod 6050 0x00000213bcae9710 code [0x00000213bcae98c0, 0x00000213bcae9a78]
Event: 106.718 Thread 0x00000213eb4901c0 6011       4       jdk.internal.reflect.ClassFileAssembler::emitByte (11 bytes)
Event: 106.721 Thread 0x00000213eb4901c0 nmethod 6011 0x00000213c3e6ca90 code [0x00000213c3e6cc40, 0x00000213c3e6cdd0]
Event: 106.721 Thread 0x00000213eb4901c0 6024       4       jdk.internal.reflect.ByteVectorImpl::add (38 bytes)
Event: 106.723 Thread 0x00000213eb4901c0 nmethod 6024 0x00000213c3e6cf10 code [0x00000213c3e6d0a0, 0x00000213c3e6d1e0]
Event: 106.723 Thread 0x00000213eb4901c0 6048       4       org.gradle.internal.hash.HashCode::bytesToLong (109 bytes)
Event: 106.724 Thread 0x00000213eb4901c0 nmethod 6048 0x00000213c3e6d310 code [0x00000213c3e6d4a0, 0x00000213c3e6d5e0]
Event: 106.725 Thread 0x00000213eb4901c0 6007       4       com.google.common.collect.RegularImmutableSet::size (6 bytes)
Event: 106.726 Thread 0x00000213eb4901c0 nmethod 6007 0x00000213c3e6d710 code [0x00000213c3e6d8a0, 0x00000213c3e6d940]
Event: 106.726 Thread 0x00000213eb4901c0 6002       4       jdk.internal.util.ReferencedKeySet::get (27 bytes)
Event: 106.727 Thread 0x00000213eb4901c0 nmethod 6002 0x00000213c3e6da10 code [0x00000213c3e6dba0, 0x00000213c3e6dcf0]

GC Heap History (14 events):
Event: 7.617 GC heap before
{Heap before GC invocations=0 (full 0):
 garbage-first heap   total 262144K, used 26624K [0x00000000e0000000, 0x0000000100000000)
  region size 1024K, 23 young (23552K), 0 survivors (0K)
 Metaspace       used 2729K, committed 2880K, reserved 393216K
  class space    used 319K, committed 384K, reserved 327680K
}
Event: 8.242 GC heap after
{Heap after GC invocations=1 (full 0):
 garbage-first heap   total 262144K, used 10922K [0x00000000e0000000, 0x0000000100000000)
  region size 1024K, 3 young (3072K), 3 survivors (3072K)
 Metaspace       used 2729K, committed 2880K, reserved 393216K
  class space    used 319K, committed 384K, reserved 327680K
}
Event: 18.351 GC heap before
{Heap before GC invocations=1 (full 0):
 garbage-first heap   total 262144K, used 38570K [0x00000000e0000000, 0x0000000100000000)
  region size 1024K, 30 young (30720K), 3 survivors (3072K)
 Metaspace       used 4612K, committed 4800K, reserved 393216K
  class space    used 593K, committed 704K, reserved 327680K
}
Event: 18.360 GC heap after
{Heap after GC invocations=2 (full 0):
 garbage-first heap   total 262144K, used 13063K [0x00000000e0000000, 0x0000000100000000)
  region size 1024K, 2 young (2048K), 2 survivors (2048K)
 Metaspace       used 4612K, committed 4800K, reserved 393216K
  class space    used 593K, committed 704K, reserved 327680K
}
Event: 48.675 GC heap before
{Heap before GC invocations=2 (full 0):
 garbage-first heap   total 262144K, used 104199K [0x00000000e0000000, 0x0000000100000000)
  region size 1024K, 89 young (91136K), 2 survivors (2048K)
 Metaspace       used 17396K, committed 17920K, reserved 393216K
  class space    used 2415K, committed 2688K, reserved 327680K
}
Event: 49.295 GC heap after
{Heap after GC invocations=3 (full 0):
 garbage-first heap   total 262144K, used 23595K [0x00000000e0000000, 0x0000000100000000)
  region size 1024K, 11 young (11264K), 11 survivors (11264K)
 Metaspace       used 17396K, committed 17920K, reserved 393216K
  class space    used 2415K, committed 2688K, reserved 327680K
}
Event: 51.577 GC heap before
{Heap before GC invocations=3 (full 0):
 garbage-first heap   total 262144K, used 49195K [0x00000000e0000000, 0x0000000100000000)
  region size 1024K, 37 young (37888K), 11 survivors (11264K)
 Metaspace       used 20866K, committed 21504K, reserved 393216K
  class space    used 2992K, committed 3328K, reserved 327680K
}
Event: 51.602 GC heap after
{Heap after GC invocations=4 (full 0):
 garbage-first heap   total 262144K, used 25581K [0x00000000e0000000, 0x0000000100000000)
  region size 1024K, 3 young (3072K), 3 survivors (3072K)
 Metaspace       used 20866K, committed 21504K, reserved 393216K
  class space    used 2992K, committed 3328K, reserved 327680K
}
Event: 62.940 GC heap before
{Heap before GC invocations=5 (full 0):
 garbage-first heap   total 262144K, used 129005K [0x00000000e0000000, 0x0000000100000000)
  region size 1024K, 105 young (107520K), 3 survivors (3072K)
 Metaspace       used 34971K, committed 36416K, reserved 393216K
  class space    used 5179K, committed 5888K, reserved 327680K
}
Event: 63.008 GC heap after
{Heap after GC invocations=6 (full 0):
 garbage-first heap   total 262144K, used 31545K [0x00000000e0000000, 0x0000000100000000)
  region size 1024K, 9 young (9216K), 9 survivors (9216K)
 Metaspace       used 34971K, committed 36416K, reserved 393216K
  class space    used 5179K, committed 5888K, reserved 327680K
}
Event: 63.362 GC heap before
{Heap before GC invocations=6 (full 0):
 garbage-first heap   total 262144K, used 37689K [0x00000000e0000000, 0x0000000100000000)
  region size 1024K, 16 young (16384K), 9 survivors (9216K)
 Metaspace       used 35669K, committed 37056K, reserved 393216K
  class space    used 5272K, committed 5952K, reserved 327680K
}
Event: 63.378 GC heap after
{Heap after GC invocations=7 (full 0):
 garbage-first heap   total 262144K, used 32771K [0x00000000e0000000, 0x0000000100000000)
  region size 1024K, 10 young (10240K), 10 survivors (10240K)
 Metaspace       used 35669K, committed 37056K, reserved 393216K
  class space    used 5272K, committed 5952K, reserved 327680K
}
Event: 63.543 GC heap before
{Heap before GC invocations=7 (full 0):
 garbage-first heap   total 262144K, used 34819K [0x00000000e0000000, 0x0000000100000000)
  region size 1024K, 13 young (13312K), 10 survivors (10240K)
 Metaspace       used 35991K, committed 37376K, reserved 393216K
  class space    used 5319K, committed 6016K, reserved 327680K
}
Event: 63.557 GC heap after
{Heap after GC invocations=8 (full 0):
 garbage-first heap   total 262144K, used 32892K [0x00000000e0000000, 0x0000000100000000)
  region size 1024K, 10 young (10240K), 10 survivors (10240K)
 Metaspace       used 35991K, committed 37376K, reserved 393216K
  class space    used 5319K, committed 6016K, reserved 327680K
}

Dll operation events (20 events):
Event: 1.521 Attempting to load shared library C:\Users\User\.vscode\extensions\redhat.java-1.56.0-win32-x64\jre\21.0.12.1-win32-x86_64\bin\nio.dll
Event: 1.521 Loaded shared library C:\Users\User\.vscode\extensions\redhat.java-1.56.0-win32-x64\jre\21.0.12.1-win32-x86_64\bin\nio.dll
Event: 1.526 Attempting to load shared library C:\Users\User\.vscode\extensions\redhat.java-1.56.0-win32-x64\jre\21.0.12.1-win32-x86_64\bin\zip.dll
Event: 1.526 Loaded shared library C:\Users\User\.vscode\extensions\redhat.java-1.56.0-win32-x64\jre\21.0.12.1-win32-x86_64\bin\zip.dll
Event: 3.104 Attempting to load shared library C:\Users\User\.vscode\extensions\redhat.java-1.56.0-win32-x64\jre\21.0.12.1-win32-x86_64\bin\jimage.dll
Event: 3.104 Loaded shared library C:\Users\User\.vscode\extensions\redhat.java-1.56.0-win32-x64\jre\21.0.12.1-win32-x86_64\bin\jimage.dll
Event: 6.433 Attempting to load shared library C:\Users\User\.vscode\extensions\redhat.java-1.56.0-win32-x64\jre\21.0.12.1-win32-x86_64\bin\verify.dll
Event: 6.436 Loaded shared library C:\Users\User\.vscode\extensions\redhat.java-1.56.0-win32-x64\jre\21.0.12.1-win32-x86_64\bin\verify.dll
Event: 6.848 Attempting to load shared library C:\Users\User\.gradle\native\660c5614fbf4a5f2a75b1949f50a0caf5cd603558e7d8a26e50b933a0cfb79d1\windows-amd64\native-platform.dll
Event: 6.922 Loaded shared library C:\Users\User\.gradle\native\660c5614fbf4a5f2a75b1949f50a0caf5cd603558e7d8a26e50b933a0cfb79d1\windows-amd64\native-platform.dll
Event: 7.141 Attempting to load shared library C:\Users\User\.gradle\native\0.2.8\x86_64-windows-gnu\gradle-fileevents.dll
Event: 7.169 Loaded shared library C:\Users\User\.gradle\native\0.2.8\x86_64-windows-gnu\gradle-fileevents.dll
Event: 27.927 Attempting to load shared library C:\Users\User\.vscode\extensions\redhat.java-1.56.0-win32-x64\jre\21.0.12.1-win32-x86_64\bin\management.dll
Event: 28.008 Loaded shared library C:\Users\User\.vscode\extensions\redhat.java-1.56.0-win32-x64\jre\21.0.12.1-win32-x86_64\bin\management.dll
Event: 28.072 Attempting to load shared library C:\Users\User\.vscode\extensions\redhat.java-1.56.0-win32-x64\jre\21.0.12.1-win32-x86_64\bin\management_ext.dll
Event: 28.127 Loaded shared library C:\Users\User\.vscode\extensions\redhat.java-1.56.0-win32-x64\jre\21.0.12.1-win32-x86_64\bin\management_ext.dll
Event: 33.008 Attempting to load shared library C:\Users\User\.vscode\extensions\redhat.java-1.56.0-win32-x64\jre\21.0.12.1-win32-x86_64\bin\extnet.dll
Event: 33.105 Loaded shared library C:\Users\User\.vscode\extensions\redhat.java-1.56.0-win32-x64\jre\21.0.12.1-win32-x86_64\bin\extnet.dll
Event: 41.946 Attempting to load shared library C:\Users\User\.vscode\extensions\redhat.java-1.56.0-win32-x64\jre\21.0.12.1-win32-x86_64\bin\sunmscapi.dll
Event: 41.952 Loaded shared library C:\Users\User\.vscode\extensions\redhat.java-1.56.0-win32-x64\jre\21.0.12.1-win32-x86_64\bin\sunmscapi.dll

Deoptimization events (20 events):
Event: 101.270 Thread 0x00000213e9d97f70 Uncommon trap: reason=speculate_null_assert action=make_not_entrant pc=0x00000213c3c60284 method=jdk.internal.util.ReferencedKeyMap.internKey(Ljdk/internal/util/ReferencedKeyMap;Ljava/lang/Object;)Ljava/lang/Object; @ 28 c2
Event: 101.270 Thread 0x00000213e9f1f510 Uncommon trap: reason=speculate_null_assert action=make_not_entrant pc=0x00000213c3c60284 method=jdk.internal.util.ReferencedKeyMap.internKey(Ljdk/internal/util/ReferencedKeyMap;Ljava/lang/Object;)Ljava/lang/Object; @ 28 c2
Event: 101.270 Thread 0x00000213e9f20f50 DEOPT PACKING pc=0x00000213c3c60284 sp=0x000000c6a1cfc690
Event: 101.270 Thread 0x00000213e9d97f70 DEOPT PACKING pc=0x00000213c3c60284 sp=0x000000c6a00f2d60
Event: 101.270 Thread 0x00000213e9f20f50 DEOPT UNPACKING pc=0x00000213c3627ba2 sp=0x000000c6a1cfc668 mode 2
Event: 101.270 Thread 0x00000213e9d97f70 DEOPT UNPACKING pc=0x00000213c3627ba2 sp=0x000000c6a00f2d38 mode 2
Event: 101.270 Thread 0x00000213e9f1f510 DEOPT PACKING pc=0x00000213c3c60284 sp=0x000000c6a1bfc9a0
Event: 101.270 Thread 0x00000213e9f1f510 DEOPT UNPACKING pc=0x00000213c3627ba2 sp=0x000000c6a1bfc978 mode 2
Event: 101.272 Thread 0x00000213e9f20f50 Uncommon trap: trap_request=0xffffff45 fr.pc=0x00000213c3bea12c relative=0x000000000000016c
Event: 101.272 Thread 0x00000213e9f20f50 Uncommon trap: reason=unstable_if action=reinterpret pc=0x00000213c3bea12c method=java.util.concurrent.ConcurrentHashMap.addCount(JI)V @ 34 c2
Event: 101.272 Thread 0x00000213e9f20f50 DEOPT PACKING pc=0x00000213c3bea12c sp=0x000000c6a1cfbea0
Event: 101.272 Thread 0x00000213e9f20f50 DEOPT UNPACKING pc=0x00000213c3627ba2 sp=0x000000c6a1cfbe00 mode 2
Event: 101.296 Thread 0x00000213e9f1cdb0 Uncommon trap: trap_request=0xffffff54 fr.pc=0x00000213c3cc8a3c relative=0x00000000000011dc
Event: 101.296 Thread 0x00000213e9d97f70 Uncommon trap: trap_request=0xffffff54 fr.pc=0x00000213c3cc8a3c relative=0x00000000000011dc
Event: 101.296 Thread 0x00000213e9d97f70 Uncommon trap: reason=speculate_null_assert action=make_not_entrant pc=0x00000213c3cc8a3c method=jdk.internal.util.ReferencedKeyMap.existingKey(Ljdk/internal/util/ReferencedKeyMap;Ljava/lang/Object;)Ljava/lang/Object; @ 18 c2
Event: 101.296 Thread 0x00000213e9f1cdb0 Uncommon trap: reason=speculate_null_assert action=make_not_entrant pc=0x00000213c3cc8a3c method=jdk.internal.util.ReferencedKeyMap.existingKey(Ljdk/internal/util/ReferencedKeyMap;Ljava/lang/Object;)Ljava/lang/Object; @ 18 c2
Event: 101.296 Thread 0x00000213e9d97f70 DEOPT PACKING pc=0x00000213c3cc8a3c sp=0x000000c6a00f35b0
Event: 101.296 Thread 0x00000213e9f1cdb0 DEOPT PACKING pc=0x00000213c3cc8a3c sp=0x000000c6a18fcf20
Event: 101.296 Thread 0x00000213e9f1cdb0 DEOPT UNPACKING pc=0x00000213c3627ba2 sp=0x000000c6a18fce00 mode 2
Event: 101.296 Thread 0x00000213e9d97f70 DEOPT UNPACKING pc=0x00000213c3627ba2 sp=0x000000c6a00f3490 mode 2

Classes loaded (20 events):
Event: 89.770 Loading class jdk/internal/event/DeserializationEvent
Event: 89.773 Loading class jdk/internal/event/DeserializationEvent done
Event: 89.774 Loading class java/io/ObjectInputStream$FieldValues
Event: 89.775 Loading class java/io/ObjectInputStream$GetField
Event: 89.775 Loading class java/io/ObjectInputStream$GetField done
Event: 89.775 Loading class java/io/ObjectInputStream$FieldValues done
Event: 95.615 Loading class java/util/stream/DistinctOps
Event: 95.615 Loading class java/util/stream/DistinctOps done
Event: 95.615 Loading class java/util/stream/DistinctOps$1
Event: 95.617 Loading class java/util/stream/ReferencePipeline$StatefulOp
Event: 95.617 Loading class java/util/stream/ReferencePipeline$StatefulOp done
Event: 95.617 Loading class java/util/stream/DistinctOps$1 done
Event: 95.619 Loading class java/util/stream/DistinctOps$1$2
Event: 95.620 Loading class java/util/stream/DistinctOps$1$2 done
Event: 95.798 Loading class sun/reflect/ReflectionFactory
Event: 95.799 Loading class sun/reflect/ReflectionFactory done
Event: 95.799 Loading class sun/reflect/ReflectionFactory$1
Event: 95.800 Loading class sun/reflect/ReflectionFactory$1 done
Event: 101.285 Loading class sun/nio/ch/ChannelInputStream
Event: 101.286 Loading class sun/nio/ch/ChannelInputStream done

Classes unloaded (0 events):
No events

Classes redefined (0 events):
No events

Internal exceptions (20 events):
Event: 87.848 Thread 0x00000213e9d97f70 Exception <a 'java/lang/NoSuchMethodError'{0x00000000ea373680}: 'int java.lang.invoke.DirectMethodHandle$Holder.invokeInterface(java.lang.Object, java.lang.Object, java.lang.Object, java.lang.Object, java.lang.Object)'> (0x00000000ea373680) 
thrown [s\src\hotspot\share\interpreter\linkResolver.cpp, line 773]
Event: 89.163 Thread 0x00000213e9d97f70 Exception <a 'java/lang/NoSuchMethodError'{0x00000000e9eee1a8}: 'int java.lang.invoke.DirectMethodHandle$Holder.invokeInterface(java.lang.Object, java.lang.Object, java.lang.Object, java.lang.Object)'> (0x00000000e9eee1a8) 
thrown [s\src\hotspot\share\interpreter\linkResolver.cpp, line 773]
Event: 89.329 Thread 0x00000213e9d97f70 Exception <a 'java/lang/NoSuchMethodError'{0x00000000e9cd6d88}: 'java.lang.Object java.lang.invoke.DirectMethodHandle$Holder.invokeStatic(java.lang.Object, long, java.lang.Object)'> (0x00000000e9cd6d88) 
thrown [s\src\hotspot\share\interpreter\linkResolver.cpp, line 773]
Event: 89.331 Thread 0x00000213e9d97f70 Exception <a 'java/lang/NoSuchMethodError'{0x00000000e9cde230}: 'java.lang.Object java.lang.invoke.DirectMethodHandle$Holder.newInvokeSpecial(java.lang.Object, long)'> (0x00000000e9cde230) 
thrown [s\src\hotspot\share\interpreter\linkResolver.cpp, line 773]
Event: 89.369 Thread 0x00000213e9d97f70 Exception <a 'java/lang/NoSuchMethodError'{0x00000000e9b3e4c8}: 'java.lang.Object java.lang.invoke.DirectMethodHandle$Holder.newInvokeSpecial(java.lang.Object, java.lang.Object, java.lang.Object, java.lang.Object, java.lang.Object, long, java.lang.Object)'> (0x00000000e9b3e4c8) 
thrown [s\src\hotspot\share\interpreter\linkResolver.cpp, line 773]
Event: 89.370 Thread 0x00000213e9d97f70 Exception <a 'java/lang/NoSuchMethodError'{0x00000000e9b46f10}: 'java.lang.Object java.lang.invoke.Invokers$Holder.linkToTargetMethod(java.lang.Object, java.lang.Object, java.lang.Object, java.lang.Object, long, java.lang.Object, java.lang.Object)'> (0x00000000e9b46f10) 
thrown [s\src\hotspot\share\interpreter\linkResolver.cpp, line 773]
Event: 89.394 Thread 0x00000213e9d97f70 Exception <a 'java/lang/NoSuchMethodError'{0x00000000e9b87190}: 'java.lang.Object java.lang.invoke.DirectMethodHandle$Holder.newInvokeSpecial(java.lang.Object, java.lang.Object, java.lang.Object, long, java.lang.Object)'> (0x00000000e9b87190) 
thrown [s\src\hotspot\share\interpreter\linkResolver.cpp, line 773]
Event: 89.395 Thread 0x00000213e9d97f70 Exception <a 'java/lang/NoSuchMethodError'{0x00000000e9b8c040}: 'java.lang.Object java.lang.invoke.DirectMethodHandle$Holder.invokeSpecial(java.lang.Object, java.lang.Object, java.lang.Object, java.lang.Object, long, java.lang.Object)'> (0x00000000e9b8c040) 
thrown [s\src\hotspot\share\interpreter\linkResolver.cpp, line 773]
Event: 89.397 Thread 0x00000213e9d97f70 Exception <a 'java/lang/NoSuchMethodError'{0x00000000e9b905c0}: 'java.lang.Object java.lang.invoke.Invokers$Holder.linkToTargetMethod(java.lang.Object, java.lang.Object, long, java.lang.Object, java.lang.Object)'> (0x00000000e9b905c0) 
thrown [s\src\hotspot\share\interpreter\linkResolver.cpp, line 773]
Event: 89.542 Thread 0x00000213e9d97f70 Implicit null exception at 0x00000213c3d760fc to 0x00000213c3d761b4
Event: 89.725 Thread 0x00000213e9d97f70 Exception <a 'java/lang/NoSuchMethodError'{0x00000000e971c020}: 'long java.lang.invoke.DirectMethodHandle$Holder.invokeSpecial(java.lang.Object, java.lang.Object)'> (0x00000000e971c020) 
thrown [s\src\hotspot\share\interpreter\linkResolver.cpp, line 773]
Event: 89.726 Thread 0x00000213e9d97f70 Exception <a 'java/lang/NoSuchMethodError'{0x00000000e97201f8}: 'long java.lang.invoke.Invokers$Holder.invokeExact_MT(java.lang.Object, java.lang.Object)'> (0x00000000e97201f8) 
thrown [s\src\hotspot\share\interpreter\linkResolver.cpp, line 773]
Event: 89.745 Thread 0x00000213e9d97f70 Exception <a 'java/lang/NoSuchMethodError'{0x00000000e974d800}: static Lorg/gradle/api/services/BuildServiceParameters$None;.<clinit>()V> (0x00000000e974d800) 
thrown [s\src\hotspot\share\prims\jni.cpp, line 1111]
Event: 89.750 Thread 0x00000213e9d97f70 Exception <a 'java/lang/NoSuchMethodError'{0x00000000e97560f0}: 'void java.lang.invoke.DirectMethodHandle$Holder.invokeSpecial(java.lang.Object, java.lang.Object, java.lang.Object, int)'> (0x00000000e97560f0) 
thrown [s\src\hotspot\share\interpreter\linkResolver.cpp, line 773]
Event: 89.787 Thread 0x00000213e9d97f70 Exception <a 'java/lang/NoSuchMethodError'{0x00000000e97bb4a0}: 'java.lang.Object java.lang.invoke.DirectMethodHandle$Holder.invokeSpecial(java.lang.Object, java.lang.Object, long, java.lang.Object, java.lang.Object)'> (0x00000000e97bb4a0) 
thrown [s\src\hotspot\share\interpreter\linkResolver.cpp, line 773]
Event: 95.595 Thread 0x00000213e9d97f70 Exception <a 'java/lang/NoSuchMethodError'{0x00000000e92b4f58}: 'void java.lang.invoke.DirectMethodHandle$Holder.invokeVirtual(java.lang.Object, java.lang.Object)'> (0x00000000e92b4f58) 
thrown [s\src\hotspot\share\interpreter\linkResolver.cpp, line 773]
Event: 95.813 Thread 0x00000213e9d97f70 Exception <a 'java/lang/NoSuchMethodError'{0x00000000e8ea5948}: 'java.lang.Object java.lang.invoke.DirectMethodHandle$Holder.newInvokeSpecial(java.lang.Object, java.lang.Object, java.lang.Object, java.lang.Object, int, java.lang.Object)'> (0x00000000e8ea5948) 
thrown [s\src\hotspot\share\interpreter\linkResolver.cpp, line 773]
Event: 95.814 Thread 0x00000213e9d97f70 Exception <a 'java/lang/NoSuchMethodError'{0x00000000e8eaabe0}: 'java.lang.Object java.lang.invoke.DirectMethodHandle$Holder.invokeSpecial(java.lang.Object, java.lang.Object, java.lang.Object, java.lang.Object, java.lang.Object, int, java.lang.Object)'> (0x00000000e8eaabe0) 
thrown [s\src\hotspot\share\interpreter\linkResolver.cpp, line 773]
Event: 95.814 Thread 0x00000213e9d97f70 Exception <a 'java/lang/NoSuchMethodError'{0x00000000e8eaf4b8}: 'java.lang.Object java.lang.invoke.Invokers$Holder.linkToTargetMethod(java.lang.Object, java.lang.Object, java.lang.Object, int, java.lang.Object, java.lang.Object)'> (0x00000000e8eaf4b8) 
thrown [s\src\hotspot\share\interpreter\linkResolver.cpp, line 773]
Event: 106.552 Thread 0x00000213e9d97f70 Exception <a 'java/lang/NoSuchMethodError'{0x00000000e8531300}: 'java.lang.Object java.lang.invoke.DirectMethodHandle$Holder.invokeSpecialIFC(java.lang.Object, java.lang.Object, java.lang.Object)'> (0x00000000e8531300) 
thrown [s\src\hotspot\share\interpreter\linkResolver.cpp, line 773]

ZGC Phase Switch (0 events):
No events

VM Operations (20 events):
Event: 95.619 Executing non-safepoint VM operation: HandshakeAllThreads (Deoptimize)
Event: 95.619 Executing non-safepoint VM operation: HandshakeAllThreads (Deoptimize) done
Event: 96.627 Executing safepoint VM operation: Cleanup
Event: 96.627 Executing safepoint VM operation: Cleanup done
Event: 97.642 Executing safepoint VM operation: Cleanup
Event: 97.642 Executing safepoint VM operation: Cleanup done
Event: 98.655 Executing safepoint VM operation: Cleanup
Event: 98.655 Executing safepoint VM operation: Cleanup done
Event: 100.662 Executing safepoint VM operation: Cleanup
Event: 101.099 Executing safepoint VM operation: Cleanup done
Event: 102.121 Executing safepoint VM operation: Cleanup
Event: 102.121 Executing safepoint VM operation: Cleanup done
Event: 103.122 Executing safepoint VM operation: Cleanup
Event: 103.122 Executing safepoint VM operation: Cleanup done
Event: 104.133 Executing safepoint VM operation: Cleanup
Event: 104.133 Executing safepoint VM operation: Cleanup done
Event: 105.144 Executing safepoint VM operation: Cleanup
Event: 105.223 Executing safepoint VM operation: Cleanup done
Event: 106.225 Executing safepoint VM operation: Cleanup
Event: 106.225 Executing safepoint VM operation: Cleanup done

Memory protections (0 events):
No events

Nmethod flushes (20 events):
Event: 63.607 Thread 0x00000213ce8357f0 flushing  nmethod 0x00000213bc144f10
Event: 63.607 Thread 0x00000213ce8357f0 flushing  nmethod 0x00000213bc145510
Event: 63.607 Thread 0x00000213ce8357f0 flushing  nmethod 0x00000213bc145f10
Event: 63.607 Thread 0x00000213ce8357f0 flushing  nmethod 0x00000213bc147a10
Event: 63.607 Thread 0x00000213ce8357f0 flushing  nmethod 0x00000213bc1c8310
Event: 63.607 Thread 0x00000213ce8357f0 flushing  nmethod 0x00000213bc1c9290
Event: 63.607 Thread 0x00000213ce8357f0 flushing  nmethod 0x00000213bc1cef90
Event: 63.607 Thread 0x00000213ce8357f0 flushing  nmethod 0x00000213bc1d0590
Event: 63.607 Thread 0x00000213ce8357f0 flushing  nmethod 0x00000213bc1d0c90
Event: 63.607 Thread 0x00000213ce8357f0 flushing  nmethod 0x00000213bc1d1d10
Event: 63.607 Thread 0x00000213ce8357f0 flushing  nmethod 0x00000213bc1d5490
Event: 63.607 Thread 0x00000213ce8357f0 flushing  nmethod 0x00000213bc25f410
Event: 63.607 Thread 0x00000213ce8357f0 flushing  nmethod 0x00000213bc29c710
Event: 63.607 Thread 0x00000213ce8357f0 flushing  nmethod 0x00000213bc29f690
Event: 63.607 Thread 0x00000213ce8357f0 flushing  nmethod 0x00000213bc2a2d90
Event: 63.607 Thread 0x00000213ce8357f0 flushing  nmethod 0x00000213bc2ffc90
Event: 63.607 Thread 0x00000213ce8357f0 flushing  nmethod 0x00000213bc300490
Event: 63.607 Thread 0x00000213ce8357f0 flushing  nmethod 0x00000213bc303b90
Event: 63.607 Thread 0x00000213ce8357f0 flushing  nmethod 0x00000213bc389b10
Event: 63.607 Thread 0x00000213ce8357f0 flushing  nmethod 0x00000213bc4b7810

Events (20 events):
Event: 60.944 Thread 0x00000213e9d97f70 Thread added: 0x00000213ea682080
Event: 61.907 Thread 0x00000213e9d97f70 Thread added: 0x00000213ea682da0
Event: 70.755 Thread 0x00000213e9d97f70 Thread added: 0x00000213ea683430
Event: 74.329 Thread 0x00000213e9d97f70 Thread added: 0x00000213ea683ac0
Event: 77.828 Thread 0x00000213ce85e430 Thread added: 0x00000213eb982d60
Event: 78.016 Thread 0x00000213eb982d60 Thread exited: 0x00000213eb982d60
Event: 78.333 Thread 0x00000213ce862f80 Thread added: 0x00000213cea38fb0
Event: 78.981 Thread 0x00000213cea38fb0 Thread exited: 0x00000213cea38fb0
Event: 81.059 Thread 0x00000213e9d97f70 Thread added: 0x00000213ea684150
Event: 84.801 Thread 0x00000213ce862f80 Thread added: 0x00000213eaf4f090
Event: 85.551 Thread 0x00000213eaf4f090 Thread exited: 0x00000213eaf4f090
Event: 95.475 Thread 0x00000213e9d97f70 Thread added: 0x00000213ea684e70
Event: 95.476 Thread 0x00000213e9d97f70 Thread added: 0x00000213e9f1fba0
Event: 95.477 Thread 0x00000213e9d97f70 Thread added: 0x00000213e9f1cdb0
Event: 95.477 Thread 0x00000213e9d97f70 Thread added: 0x00000213e9f1d440
Event: 95.478 Thread 0x00000213e9d97f70 Thread added: 0x00000213e9f1c720
Event: 95.478 Thread 0x00000213e9d97f70 Thread added: 0x00000213e9f1f510
Event: 95.478 Thread 0x00000213e9d97f70 Thread added: 0x00000213e9f20f50
Event: 96.084 Thread 0x00000213e9d97f70 Thread added: 0x00000213e9f20230
Event: 106.718 Thread 0x00000213ce862f80 Thread added: 0x00000213eb4901c0


Dynamic libraries:
0x00007ff62c3a0000 - 0x00007ff62c3ae000 	C:\Users\User\.vscode\extensions\redhat.java-1.56.0-win32-x64\jre\21.0.12.1-win32-x86_64\bin\java.exe
0x00007ffc208e0000 - 0x00007ffc20b47000 	C:\WINDOWS\SYSTEM32\ntdll.dll
0x00007ffc1f3e0000 - 0x00007ffc1f4ab000 	C:\WINDOWS\System32\KERNEL32.DLL
0x00007ffc1dae0000 - 0x00007ffc1dee1000 	C:\WINDOWS\System32\KERNELBASE.dll
0x00007ffc1def0000 - 0x00007ffc1e03c000 	C:\WINDOWS\System32\ucrtbase.dll
0x00007ffbf8e30000 - 0x00007ffbf8e48000 	C:\Users\User\.vscode\extensions\redhat.java-1.56.0-win32-x64\jre\21.0.12.1-win32-x86_64\bin\jli.dll
0x00007ffc1ef90000 - 0x00007ffc1f167000 	C:\WINDOWS\System32\USER32.dll
0x00007ffc1e480000 - 0x00007ffc1e4a7000 	C:\WINDOWS\System32\win32u.dll
0x00007ffc1fb10000 - 0x00007ffc1fb3b000 	C:\WINDOWS\System32\GDI32.dll
0x00007ffc1e350000 - 0x00007ffc1e478000 	C:\WINDOWS\System32\gdi32full.dll
0x00007ffc1e110000 - 0x00007ffc1e1b3000 	C:\WINDOWS\System32\msvcp_win.dll
0x00007ffbf72a0000 - 0x00007ffbf72be000 	C:\Users\User\.vscode\extensions\redhat.java-1.56.0-win32-x64\jre\21.0.12.1-win32-x86_64\bin\VCRUNTIME140.dll
0x00007ffbfe1c0000 - 0x00007ffbfe450000 	C:\WINDOWS\WinSxS\amd64_microsoft.windows.common-controls_6595b64144ccf1df_6.0.26100.9549_none_3e0a0396e3330090\COMCTL32.dll
0x00007ffc1e600000 - 0x00007ffc1e6a9000 	C:\WINDOWS\System32\msvcrt.dll
0x00007ffc1ecd0000 - 0x00007ffc1ed01000 	C:\WINDOWS\System32\IMM32.DLL
0x00007ffc16830000 - 0x00007ffc1683c000 	C:\Users\User\.vscode\extensions\redhat.java-1.56.0-win32-x64\jre\21.0.12.1-win32-x86_64\bin\vcruntime140_1.dll
0x00007ffbf70c0000 - 0x00007ffbf714d000 	C:\Users\User\.vscode\extensions\redhat.java-1.56.0-win32-x64\jre\21.0.12.1-win32-x86_64\bin\msvcp140.dll
0x00007ffb90f40000 - 0x00007ffb91ce2000 	C:\Users\User\.vscode\extensions\redhat.java-1.56.0-win32-x64\jre\21.0.12.1-win32-x86_64\bin\server\jvm.dll
0x00007ffc1e6b0000 - 0x00007ffc1e76b000 	C:\WINDOWS\System32\ADVAPI32.dll
0x00007ffc1fc40000 - 0x00007ffc1fce8000 	C:\WINDOWS\System32\sechost.dll
0x00007ffc1ffd0000 - 0x00007ffc200e8000 	C:\WINDOWS\System32\RPCRT4.dll
0x00007ffc1ef00000 - 0x00007ffc1ef81000 	C:\WINDOWS\System32\WS2_32.dll
0x00007ffc1d930000 - 0x00007ffc1d98e000 	C:\WINDOWS\SYSTEM32\POWRPROF.dll
0x00007ffc13bb0000 - 0x00007ffc13be7000 	C:\WINDOWS\SYSTEM32\WINMM.dll
0x00007ffc139b0000 - 0x00007ffc139bb000 	C:\WINDOWS\SYSTEM32\VERSION.dll
0x00007ffc1d910000 - 0x00007ffc1d925000 	C:\WINDOWS\SYSTEM32\UMPDC.dll
0x00007ffc1c780000 - 0x00007ffc1c79b000 	C:\WINDOWS\SYSTEM32\kernel.appcore.dll
0x00007ffbf7290000 - 0x00007ffbf729a000 	C:\Users\User\.vscode\extensions\redhat.java-1.56.0-win32-x64\jre\21.0.12.1-win32-x86_64\bin\jimage.dll
0x00007ffc1a9d0000 - 0x00007ffc1ac1c000 	C:\WINDOWS\SYSTEM32\DBGHELP.DLL
0x00007ffc1e930000 - 0x00007ffc1ecba000 	C:\WINDOWS\System32\combase.dll
0x00007ffc1e840000 - 0x00007ffc1e919000 	C:\WINDOWS\System32\OLEAUT32.dll
0x00007ffbf7730000 - 0x00007ffbf776b000 	C:\WINDOWS\SYSTEM32\dbgcore.DLL
0x00007ffc1e4b0000 - 0x00007ffc1e55c000 	C:\WINDOWS\System32\bcryptPrimitives.dll
0x00007ffbf70b0000 - 0x00007ffbf70bf000 	C:\Users\User\.vscode\extensions\redhat.java-1.56.0-win32-x64\jre\21.0.12.1-win32-x86_64\bin\instrument.dll
0x00007ffbf7090000 - 0x00007ffbf70b0000 	C:\Users\User\.vscode\extensions\redhat.java-1.56.0-win32-x64\jre\21.0.12.1-win32-x86_64\bin\java.dll
0x00007ffc200f0000 - 0x00007ffc2088c000 	C:\WINDOWS\System32\SHELL32.dll
0x00007ffc1b4f0000 - 0x00007ffc1bd9d000 	C:\WINDOWS\SYSTEM32\windows.storage.dll
0x00007ffc1fcf0000 - 0x00007ffc1fde9000 	C:\WINDOWS\System32\SHCORE.dll
0x00007ffc1fbd0000 - 0x00007ffc1fc36000 	C:\WINDOWS\System32\shlwapi.dll
0x00007ffc1d9f0000 - 0x00007ffc1da19000 	C:\WINDOWS\SYSTEM32\profapi.dll
0x00007ffbf7070000 - 0x00007ffbf7088000 	C:\Users\User\.vscode\extensions\redhat.java-1.56.0-win32-x64\jre\21.0.12.1-win32-x86_64\bin\zip.dll
0x00007ffbf7060000 - 0x00007ffbf7070000 	C:\Users\User\.vscode\extensions\redhat.java-1.56.0-win32-x64\jre\21.0.12.1-win32-x86_64\bin\net.dll
0x00007ffc17e70000 - 0x00007ffc17f9a000 	C:\WINDOWS\SYSTEM32\WINHTTP.dll
0x00007ffc1cd40000 - 0x00007ffc1cdac000 	C:\WINDOWS\system32\mswsock.dll
0x00007ffbf7040000 - 0x00007ffbf7056000 	C:\Users\User\.vscode\extensions\redhat.java-1.56.0-win32-x64\jre\21.0.12.1-win32-x86_64\bin\nio.dll
0x00007ffbf7030000 - 0x00007ffbf7040000 	C:\Users\User\.vscode\extensions\redhat.java-1.56.0-win32-x64\jre\21.0.12.1-win32-x86_64\bin\verify.dll
0x00007ffc03bf0000 - 0x00007ffc03c17000 	C:\Users\User\.gradle\native\660c5614fbf4a5f2a75b1949f50a0caf5cd603558e7d8a26e50b933a0cfb79d1\windows-amd64\native-platform.dll
0x00007ffbcdff0000 - 0x00007ffbce067000 	C:\Users\User\.gradle\native\0.2.8\x86_64-windows-gnu\gradle-fileevents.dll
0x00007ffc03be0000 - 0x00007ffc03bea000 	C:\Users\User\.vscode\extensions\redhat.java-1.56.0-win32-x64\jre\21.0.12.1-win32-x86_64\bin\management.dll
0x00007ffc03bd0000 - 0x00007ffc03bdc000 	C:\Users\User\.vscode\extensions\redhat.java-1.56.0-win32-x64\jre\21.0.12.1-win32-x86_64\bin\management_ext.dll
0x00007ffc1f2d0000 - 0x00007ffc1f2d8000 	C:\WINDOWS\System32\PSAPI.DLL
0x00007ffc1c160000 - 0x00007ffc1c193000 	C:\WINDOWS\SYSTEM32\IPHLPAPI.DLL
0x00007ffc1e920000 - 0x00007ffc1e92a000 	C:\WINDOWS\System32\NSI.dll
0x00007ffc0d200000 - 0x00007ffc0d209000 	C:\Users\User\.vscode\extensions\redhat.java-1.56.0-win32-x64\jre\21.0.12.1-win32-x86_64\bin\extnet.dll
0x00007ffc1d030000 - 0x00007ffc1d04b000 	C:\WINDOWS\SYSTEM32\CRYPTSP.dll
0x00007ffc1c6e0000 - 0x00007ffc1c719000 	C:\WINDOWS\system32\rsaenh.dll
0x00007ffc1cdf0000 - 0x00007ffc1ce24000 	C:\WINDOWS\SYSTEM32\USERENV.dll
0x00007ffc1d9c0000 - 0x00007ffc1d9ea000 	C:\WINDOWS\SYSTEM32\bcrypt.dll
0x00007ffc1d050000 - 0x00007ffc1d05c000 	C:\WINDOWS\SYSTEM32\CRYPTBASE.dll
0x00007ffc0d210000 - 0x00007ffc0d21e000 	C:\Users\User\.vscode\extensions\redhat.java-1.56.0-win32-x64\jre\21.0.12.1-win32-x86_64\bin\sunmscapi.dll
0x00007ffc1e1c0000 - 0x00007ffc1e33f000 	C:\WINDOWS\System32\CRYPT32.dll
0x00007ffc1d290000 - 0x00007ffc1d2c0000 	C:\WINDOWS\SYSTEM32\ncrypt.dll
0x00007ffc1d240000 - 0x00007ffc1d27f000 	C:\WINDOWS\SYSTEM32\NTASN1.dll
0x00007ffbfa8d0000 - 0x00007ffbfa8d8000 	C:\WINDOWS\system32\wshunix.dll

JVMTI agents:
C:\Users\User\.gradle\wrapper\dists\gradle-9.7.1-bin\1w1c7tv4s851m17nbqdsro2tv\gradle-9.7.1\lib\agents\gradle-instrumentation-agent-9.7.1.jar path:C:\Users\User\.vscode\extensions\redhat.java-1.56.0-win32-x64\jre\21.0.12.1-win32-x86_64\bin\instrument.dll, loaded, initialized, instrumentlib options:none

dbghelp: loaded successfully - version: 4.0.5 - missing functions: none
symbol engine: initialized successfully - sym options: 0x614 - pdb path: .;C:\Users\User\.vscode\extensions\redhat.java-1.56.0-win32-x64\jre\21.0.12.1-win32-x86_64\bin;C:\WINDOWS\SYSTEM32;C:\WINDOWS\WinSxS\amd64_microsoft.windows.common-controls_6595b64144ccf1df_6.0.26100.9549_none_3e0a0396e3330090;C:\Users\User\.vscode\extensions\redhat.java-1.56.0-win32-x64\jre\21.0.12.1-win32-x86_64\bin\server;C:\Users\User\.gradle\native\660c5614fbf4a5f2a75b1949f50a0caf5cd603558e7d8a26e50b933a0cfb79d1\windows-amd64;C:\Users\User\.gradle\native\0.2.8\x86_64-windows-gnu

VM Arguments:
jvm_args: --add-opens=java.base/java.lang=ALL-UNNAMED --add-opens=java.base/java.lang.invoke=ALL-UNNAMED --add-opens=java.base/java.util=ALL-UNNAMED --add-opens=java.prefs/java.util.prefs=ALL-UNNAMED --add-exports=jdk.compiler/com.sun.tools.javac.api=ALL-UNNAMED --add-exports=jdk.compiler/com.sun.tools.javac.util=ALL-UNNAMED --add-opens=java.base/java.nio.charset=ALL-UNNAMED --add-opens=java.base/java.net=ALL-UNNAMED --add-opens=java.base/java.util.concurrent=ALL-UNNAMED --add-opens=java.base/java.util.concurrent.atomic=ALL-UNNAMED --add-opens=java.xml/javax.xml.namespace=ALL-UNNAMED --add-opens=java.base/java.time=ALL-UNNAMED -XX:MaxMetaspaceSize=384m -XX:+HeapDumpOnOutOfMemoryError -Xms256m -Xmx512m -Dfile.encoding=UTF-8 -Duser.country=US -Duser.language=en -Duser.variant -javaagent:C:\Users\User\.gradle\wrapper\dists\gradle-9.7.1-bin\1w1c7tv4s851m17nbqdsro2tv\gradle-9.7.1\lib\agents\gradle-instrumentation-agent-9.7.1.jar 
java_command: org.gradle.launcher.daemon.bootstrap.GradleDaemon 9.7.1
java_class_path (initial): C:\Users\User\.gradle\wrapper\dists\gradle-9.7.1-bin\1w1c7tv4s851m17nbqdsro2tv\gradle-9.7.1\lib\gradle-daemon-main-9.7.1.jar
Launcher Type: SUN_STANDARD

[Global flags]
     intx CICompilerCount                          = 4                                         {product} {ergonomic}
   size_t CompressedClassSpaceSize                 = 335544320                                 {product} {ergonomic}
     uint ConcGCThreads                            = 2                                         {product} {ergonomic}
     uint G1ConcRefinementThreads                  = 8                                         {product} {ergonomic}
   size_t G1HeapRegionSize                         = 1048576                                   {product} {ergonomic}
    uintx GCDrainStackTargetSize                   = 64                                        {product} {ergonomic}
     bool HeapDumpOnOutOfMemoryError               = true                                   {manageable} {command line}
   size_t InitialHeapSize                          = 268435456                                 {product} {command line}
   size_t MarkStackSize                            = 4194304                                   {product} {ergonomic}
   size_t MaxHeapSize                              = 536870912                                 {product} {command line}
   size_t MaxMetaspaceSize                         = 402653184                                 {product} {command line}
   size_t MaxNewSize                               = 321912832                                 {product} {ergonomic}
   size_t MinHeapDeltaBytes                        = 1048576                                   {product} {ergonomic}
   size_t MinHeapSize                              = 268435456                                 {product} {command line}
    uintx NonNMethodCodeHeapSize                   = 5839372                                {pd product} {ergonomic}
    uintx NonProfiledCodeHeapSize                  = 122909434                              {pd product} {ergonomic}
    uintx ProfiledCodeHeapSize                     = 122909434                              {pd product} {ergonomic}
    uintx ReservedCodeCacheSize                    = 251658240                              {pd product} {ergonomic}
     bool SegmentedCodeCache                       = true                                      {product} {ergonomic}
   size_t SoftMaxHeapSize                          = 536870912                              {manageable} {ergonomic}
     bool UseCompressedOops                        = true                           {product lp64_product} {ergonomic}
     bool UseG1GC                                  = true                                      {product} {ergonomic}
     bool UseLargePagesIndividualAllocation        = false                                  {pd product} {ergonomic}

Logging:
Log output configuration:
 #0: stdout all=warning uptime,level,tags foldmultilines=false
 #1: stderr all=off uptime,level,tags foldmultilines=false

Release file:
JAVA_VERSION="21.0.12.1" 
MODULES="java.base java.compiler java.datatransfer java.xml java.prefs java.desktop java.instrument java.logging java.management java.security.sasl java.naming java.rmi java.management.rmi java.net.http java.scripting java.security.jgss java.transaction.xa java.sql java.sql.rowset java.xml.crypto java.se java.smartcardio jdk.accessibility jdk.internal.jvmstat jdk.attach jdk.charsets jdk.internal.opt jdk.zipfs jdk.compiler jdk.crypto.ec jdk.crypto.cryptoki jdk.crypto.mscapi jdk.dynalink jdk.internal.ed jdk.editpad jdk.hotspot.agent jdk.httpserver jdk.internal.le jdk.internal.vm.ci jdk.internal.vm.compiler jdk.internal.vm.compiler.management jdk.jartool jdk.javadoc jdk.jcmd jdk.management jdk.management.agent jdk.jconsole jdk.jdeps jdk.jdwp.agent jdk.jdi jdk.jfr jdk.jshell jdk.jsobject jdk.jstatd jdk.localedata jdk.management.jfr jdk.naming.dns jdk.naming.rmi jdk.net jdk.nio.mapmode jdk.random jdk.sctp jdk.security.auth jdk.security.jgss jdk.unsupported jdk.unsupported.desktop jdk.xml.dom" 

Environment Variables:
PATH=C:\Program Files\Eclipse Adoptium\jdk-21.0.12.101-hotspot\bin;C:\WINDOWS\system32;C:\WINDOWS;C:\WINDOWS\System32\Wbem;C:\WINDOWS\System32\WindowsPowerShell\v1.0;C:\WINDOWS\System32\OpenSSH;C:\Program Files\Microsoft SQL Server\150\Tools\Binn;C:\Program Files\Microsoft SQL Server\Client SDK\ODBC\170\Tools\Binn;C:\Program Files\dotnet;C:\Program Files (x86)\Microsoft SQL Server\150\Tools\Binn;C:\Program Files (x86)\Microsoft SQL Server\150\DTS\Binn;C:\Program Files\Microsoft SQL Server\150\DTS\Binn;C:\Program Files\nodejs;D:\Git\cmd;C:\Program Files\GitHub CLI;C:\Program Files (x86)\AOMEI Partition Assistant;C:\Users\User\AppData\Local\Programs\Python\Python313\Scripts\;C:\Users\User\AppData\Local\Programs\Python\Python313\;C:\Users\User\AppData\Local\Programs\Python\Launcher\;C:\Users\User\.local\bin;C:\Users\User\AppData\Local\Microsoft\WindowsApps;H:\Microsoft VS Code\bin;C:\Users\User\.dotnet\tools;C:\Program Files\Azure Data Studio\bin;C:\Users\User\AppData\Roaming\npm
USERNAME=User
OS=Windows_NT
PROCESSOR_IDENTIFIER=Intel64 Family 6 Model 140 Stepping 1, GenuineIntel
TMP=C:\Users\User\AppData\Local\Temp
TEMP=C:\Users\User\AppData\Local\Temp




Periodic native trim disabled

---------------  S Y S T E M  ---------------

OS:
 Windows 11 , 64 bit Build 26100 (10.0.26100.9549)
OS uptime: 0 days 3:22 hours
Hyper-V role detected

CPU: total 8 (initial active 8) (4 cores per cpu, 2 threads per core) family 6 model 140 stepping 1 microcode 0xac, cx8, cmov, fxsr, ht, mmx, 3dnowpref, sse, sse2, sse3, ssse3, sse4.1, sse4.2, popcnt, lzcnt, tsc, tscinvbit, avx, avx2, aes, erms, clmul, bmi1, bmi2, adx, avx512f, avx512dq, avx512cd, avx512bw, avx512vl, sha, fma, vzeroupper, avx512_vpopcntdq, avx512_vpclmulqdq, avx512_vaes, avx512_vnni, clflush, clflushopt, clwb, avx512_vbmi2, avx512_vbmi, hv, rdtscp, rdpid, fsrm, gfni, avx512_bitalg, f16c, cet_ibt, cet_ss, avx512_ifma
Processor Information for processor 0
  Max Mhz: 2419, Current Mhz: 1007, Mhz Limit: 2419
Processor Information for processor 1
  Max Mhz: 2419, Current Mhz: 2419, Mhz Limit: 2419
Processor Information for processor 2
  Max Mhz: 2419, Current Mhz: 1007, Mhz Limit: 2419
Processor Information for processor 3
  Max Mhz: 2419, Current Mhz: 1007, Mhz Limit: 2419
Processor Information for processor 4
  Max Mhz: 2419, Current Mhz: 2419, Mhz Limit: 2419
Processor Information for processor 5
  Max Mhz: 2419, Current Mhz: 1007, Mhz Limit: 2419
Processor Information for processor 6
  Max Mhz: 2419, Current Mhz: 1007, Mhz Limit: 2419
Processor Information for processor 7
  Max Mhz: 2419, Current Mhz: 2419, Mhz Limit: 2419

Memory: 4k page, system-wide physical 7932M (391M free)
TotalPageFile size 32508M (AvailPageFile size 2M)
current process WorkingSet (physical memory assigned to process): 84M, peak: 236M
current process commit charge ("private bytes"): 466M, peak: 470M

vm_info: OpenJDK 64-Bit Server VM (21.0.12.1+1-LTS) for windows-amd64 JRE (21.0.12.1+1-LTS), built on 2026-08-18T00:00:00Z by "admin" with MS VC++ 17.12 (VS2022)

END.
